2025-08-21T12:23:13.4620456Z Current runner version: '2.328.0'
2025-08-21T12:23:13.4643900Z ##[group]Runner Image Provisioner
2025-08-21T12:23:13.4644786Z Hosted Compute Agent
2025-08-21T12:23:13.4645325Z Version: 20250818.377
2025-08-21T12:23:13.4646014Z Commit: 3c593e9f75fe0b87e893bca80d6e12ba089c61fc
2025-08-21T12:23:13.4646795Z Build Date: 2025-08-18T14:52:18Z
2025-08-21T12:23:13.4647414Z ##[endgroup]
2025-08-21T12:23:13.4647904Z ##[group]Operating System
2025-08-21T12:23:13.4648576Z Ubuntu
2025-08-21T12:23:13.4649072Z 24.04.2
2025-08-21T12:23:13.4649498Z LTS
2025-08-21T12:23:13.4650101Z ##[endgroup]
2025-08-21T12:23:13.4650576Z ##[group]Runner Image
2025-08-21T12:23:13.4651120Z Image: ubuntu-24.04
2025-08-21T12:23:13.4651688Z Version: 20250818.1.0
2025-08-21T12:23:13.4652704Z Included Software: https://github.com/actions/runner-images/blob/ubuntu24/20250818.1/images/ubuntu/Ubuntu2404-Readme.md
2025-08-21T12:23:13.4654585Z Image Release: https://github.com/actions/runner-images/releases/tag/ubuntu24%2F20250818.1
2025-08-21T12:23:13.4655618Z ##[endgroup]
2025-08-21T12:23:13.4656722Z ##[group]GITHUB_TOKEN Permissions
2025-08-21T12:23:13.4658529Z Contents: read
2025-08-21T12:23:13.4659098Z Metadata: read
2025-08-21T12:23:13.4659698Z Packages: read
2025-08-21T12:23:13.4660273Z ##[endgroup]
2025-08-21T12:23:13.4662375Z Secret source: Actions
2025-08-21T12:23:13.4663108Z Prepare workflow directory
2025-08-21T12:23:13.5135967Z Prepare all required actions
2025-08-21T12:23:13.5172555Z Getting action download info
2025-08-21T12:23:13.9189193Z Download action repository 'actions/checkout@v4' (SHA:08eba0b27e820071cde6df949e0beb9ba4906955)
2025-08-21T12:23:13.9888996Z Download action repository 'actions/setup-python@v5' (SHA:a26af69be951a213d495a4c3e4e4022e16d87065)
2025-08-21T12:23:14.3693267Z Complete job name: test
2025-08-21T12:23:14.4168923Z ##[group]Checking docker version
2025-08-21T12:23:14.4182414Z ##[command]/usr/bin/docker version --format '{{.Server.APIVersion}}'
2025-08-21T12:23:15.5597463Z '1.48'
2025-08-21T12:23:15.5611995Z Docker daemon API version: '1.48'
2025-08-21T12:23:15.5612828Z ##[command]/usr/bin/docker version --format '{{.Client.APIVersion}}'
2025-08-21T12:23:15.5841957Z '1.48'
2025-08-21T12:23:15.5854878Z Docker client API version: '1.48'
2025-08-21T12:23:15.5861030Z ##[endgroup]
2025-08-21T12:23:15.5866059Z ##[group]Clean up resources from previous jobs
2025-08-21T12:23:15.5871793Z ##[command]/usr/bin/docker ps --all --quiet --no-trunc --filter "label=30271e"
2025-08-21T12:23:15.6006389Z ##[command]/usr/bin/docker network prune --force --filter "label=30271e"
2025-08-21T12:23:15.6126035Z ##[endgroup]
2025-08-21T12:23:15.6126559Z ##[group]Create local container network
2025-08-21T12:23:15.6136447Z ##[command]/usr/bin/docker network create --label 30271e github_network_88399263fbde45e1bf997f63cbee6725
2025-08-21T12:23:15.6609894Z 1f4c14d4de32301036288b67de1edb690c18ffaaf8ca7b96c25924c397ec4b7b
2025-08-21T12:23:15.6627072Z ##[endgroup]
2025-08-21T12:23:15.6650832Z ##[group]Starting postgres service container
2025-08-21T12:23:15.6670103Z ##[command]/usr/bin/docker pull pgvector/pgvector:pg16
2025-08-21T12:23:16.6025721Z pg16: Pulling from pgvector/pgvector
2025-08-21T12:23:16.8086332Z b1badc6e5066: Pulling fs layer
2025-08-21T12:23:16.8087868Z c9cbfca11d34: Pulling fs layer
2025-08-21T12:23:16.8089006Z a759c99e5d9c: Pulling fs layer
2025-08-21T12:23:16.8089973Z f40999643f83: Pulling fs layer
2025-08-21T12:23:16.8091061Z 2c9c8f27f94c: Pulling fs layer
2025-08-21T12:23:16.8091948Z 6019da469dd7: Pulling fs layer
2025-08-21T12:23:16.8092770Z 7960bd43e7e7: Pulling fs layer
2025-08-21T12:23:16.8093642Z f035bce43052: Pulling fs layer
2025-08-21T12:23:16.8094393Z b9daad206a85: Pulling fs layer
2025-08-21T12:23:16.8095083Z 84e9830491e9: Pulling fs layer
2025-08-21T12:23:16.8095792Z 659157e68c9d: Pulling fs layer
2025-08-21T12:23:16.8096474Z 374299179ba1: Pulling fs layer
2025-08-21T12:23:16.8097199Z 712cf9c20649: Pulling fs layer
2025-08-21T12:23:16.8097996Z b1f04bf0c6c5: Pulling fs layer
2025-08-21T12:23:16.8098776Z e75b76a6edac: Pulling fs layer
2025-08-21T12:23:16.8099880Z c658e1e5e610: Pulling fs layer
2025-08-21T12:23:16.8100593Z 7960bd43e7e7: Waiting
2025-08-21T12:23:16.8101308Z f035bce43052: Waiting
2025-08-21T12:23:16.8101979Z b9daad206a85: Waiting
2025-08-21T12:23:16.8102655Z 84e9830491e9: Waiting
2025-08-21T12:23:16.8103314Z 659157e68c9d: Waiting
2025-08-21T12:23:16.8104172Z e75b76a6edac: Waiting
2025-08-21T12:23:16.8104839Z 374299179ba1: Waiting
2025-08-21T12:23:16.8105498Z c658e1e5e610: Waiting
2025-08-21T12:23:16.8106197Z 712cf9c20649: Waiting
2025-08-21T12:23:16.8107126Z f40999643f83: Waiting
2025-08-21T12:23:16.8108050Z 6019da469dd7: Waiting
2025-08-21T12:23:16.8109041Z 2c9c8f27f94c: Waiting
2025-08-21T12:23:17.0964931Z c9cbfca11d34: Verifying Checksum
2025-08-21T12:23:17.0966399Z c9cbfca11d34: Download complete
2025-08-21T12:23:17.1784361Z a759c99e5d9c: Verifying Checksum
2025-08-21T12:23:17.1785721Z a759c99e5d9c: Download complete
2025-08-21T12:23:17.3312355Z b1badc6e5066: Verifying Checksum
2025-08-21T12:23:17.3314018Z b1badc6e5066: Download complete
2025-08-21T12:23:17.4404642Z f40999643f83: Download complete
2025-08-21T12:23:17.5895889Z 2c9c8f27f94c: Verifying Checksum
2025-08-21T12:23:17.5897542Z 2c9c8f27f94c: Download complete
2025-08-21T12:23:17.7110150Z 6019da469dd7: Verifying Checksum
2025-08-21T12:23:17.7111443Z 6019da469dd7: Download complete
2025-08-21T12:23:17.7254751Z 7960bd43e7e7: Verifying Checksum
2025-08-21T12:23:17.7255286Z 7960bd43e7e7: Download complete
2025-08-21T12:23:17.8611257Z f035bce43052: Verifying Checksum
2025-08-21T12:23:17.8615132Z f035bce43052: Download complete
2025-08-21T12:23:18.0196129Z 84e9830491e9: Download complete
2025-08-21T12:23:18.1475315Z 659157e68c9d: Download complete
2025-08-21T12:23:18.2978836Z 374299179ba1: Download complete
2025-08-21T12:23:18.4212925Z 712cf9c20649: Verifying Checksum
2025-08-21T12:23:18.4213648Z 712cf9c20649: Download complete
2025-08-21T12:23:18.4235464Z b1badc6e5066: Pull complete
2025-08-21T12:23:18.5737874Z b1f04bf0c6c5: Verifying Checksum
2025-08-21T12:23:18.5739337Z b1f04bf0c6c5: Download complete
2025-08-21T12:23:18.7224772Z e75b76a6edac: Verifying Checksum
2025-08-21T12:23:18.7240107Z e75b76a6edac: Download complete
2025-08-21T12:23:18.9316403Z c658e1e5e610: Download complete
2025-08-21T12:23:19.2282536Z c9cbfca11d34: Pull complete
2025-08-21T12:23:19.3235211Z b9daad206a85: Verifying Checksum
2025-08-21T12:23:19.3235694Z b9daad206a85: Download complete
2025-08-21T12:23:19.4796748Z a759c99e5d9c: Pull complete
2025-08-21T12:23:19.5259285Z f40999643f83: Pull complete
2025-08-21T12:23:19.8214546Z 2c9c8f27f94c: Pull complete
2025-08-21T12:23:19.9006861Z 6019da469dd7: Pull complete
2025-08-21T12:23:19.9098858Z 7960bd43e7e7: Pull complete
2025-08-21T12:23:19.9195416Z f035bce43052: Pull complete
2025-08-21T12:23:22.8374408Z b9daad206a85: Pull complete
2025-08-21T12:23:22.8523873Z 84e9830491e9: Pull complete
2025-08-21T12:23:22.8622160Z 659157e68c9d: Pull complete
2025-08-21T12:23:22.8736446Z 374299179ba1: Pull complete
2025-08-21T12:23:22.8840727Z 712cf9c20649: Pull complete
2025-08-21T12:23:22.8938104Z b1f04bf0c6c5: Pull complete
2025-08-21T12:23:22.9404694Z e75b76a6edac: Pull complete
2025-08-21T12:23:23.0116742Z c658e1e5e610: Pull complete
2025-08-21T12:23:23.0155301Z Digest: sha256:a132765ec351c65111b5b675928a3a0515a466a40f97277329db8b8209ad8bc9
2025-08-21T12:23:23.0168761Z Status: Downloaded newer image for pgvector/pgvector:pg16
2025-08-21T12:23:23.0178276Z docker.io/pgvector/pgvector:pg16
2025-08-21T12:23:23.0238304Z ##[command]/usr/bin/docker create --name d3987fda7257428794f72837f7da305d_pgvectorpgvectorpg16_61e3ce --label 30271e --network github_network_88399263fbde45e1bf997f63cbee6725 --network-alias postgres -p 5432:5432 --health-cmd="pg_isready -U postgres" --health-interval=10s --health-timeout=5s --health-retries=5 -e "POSTGRES_USER=postgres" -e "POSTGRES_PASSWORD=postgres" -e "POSTGRES_DB=testdb" -e GITHUB_ACTIONS=true -e CI=true pgvector/pgvector:pg16
2025-08-21T12:23:23.0522387Z 0147443330d913550dc4a992a06c60a42989b697cc02329b481442e098b1c5be
2025-08-21T12:23:23.0544780Z ##[command]/usr/bin/docker start 0147443330d913550dc4a992a06c60a42989b697cc02329b481442e098b1c5be
2025-08-21T12:23:23.8682631Z 0147443330d913550dc4a992a06c60a42989b697cc02329b481442e098b1c5be
2025-08-21T12:23:23.8707004Z ##[command]/usr/bin/docker ps --all --filter id=0147443330d913550dc4a992a06c60a42989b697cc02329b481442e098b1c5be --filter status=running --no-trunc --format "{{.ID}} {{.Status}}"
2025-08-21T12:23:23.8832419Z 0147443330d913550dc4a992a06c60a42989b697cc02329b481442e098b1c5be Up Less than a second (health: starting)
2025-08-21T12:23:23.8851357Z ##[command]/usr/bin/docker port 0147443330d913550dc4a992a06c60a42989b697cc02329b481442e098b1c5be
2025-08-21T12:23:23.8979103Z 5432/tcp -> 0.0.0.0:5432
2025-08-21T12:23:23.8979632Z 5432/tcp -> [::]:5432
2025-08-21T12:23:23.9025655Z ##[endgroup]
2025-08-21T12:23:23.9034711Z ##[group]Waiting for all services to be ready
2025-08-21T12:23:23.9047749Z ##[command]/usr/bin/docker inspect --format="{{if .Config.Healthcheck}}{{print .State.Health.Status}}{{end}}" 0147443330d913550dc4a992a06c60a42989b697cc02329b481442e098b1c5be
2025-08-21T12:23:23.9180173Z starting
2025-08-21T12:23:23.9201183Z postgres service is starting, waiting 2 seconds before checking again.
2025-08-21T12:23:25.9200944Z ##[command]/usr/bin/docker inspect --format="{{if .Config.Healthcheck}}{{print .State.Health.Status}}{{end}}" 0147443330d913550dc4a992a06c60a42989b697cc02329b481442e098b1c5be
2025-08-21T12:23:25.9317436Z starting
2025-08-21T12:23:25.9330755Z postgres service is starting, waiting 4 seconds before checking again.
2025-08-21T12:23:30.0820903Z ##[command]/usr/bin/docker inspect --format="{{if .Config.Healthcheck}}{{print .State.Health.Status}}{{end}}" 0147443330d913550dc4a992a06c60a42989b697cc02329b481442e098b1c5be
2025-08-21T12:23:30.0940239Z starting
2025-08-21T12:23:30.0953194Z postgres service is starting, waiting 6 seconds before checking again.
2025-08-21T12:23:37.0607743Z ##[command]/usr/bin/docker inspect --format="{{if .Config.Healthcheck}}{{print .State.Health.Status}}{{end}}" 0147443330d913550dc4a992a06c60a42989b697cc02329b481442e098b1c5be
2025-08-21T12:23:37.0726454Z healthy
2025-08-21T12:23:37.0744063Z postgres service is healthy.
2025-08-21T12:23:37.0744813Z ##[endgroup]
2025-08-21T12:23:37.0985612Z ##[group]Run actions/checkout@v4
2025-08-21T12:23:37.0986128Z with:
2025-08-21T12:23:37.0986316Z   repository: yangnana7/newspaper
2025-08-21T12:23:37.0986683Z   token: ***
2025-08-21T12:23:37.0986851Z   ssh-strict: true
2025-08-21T12:23:37.0987027Z   ssh-user: git
2025-08-21T12:23:37.0987206Z   persist-credentials: true
2025-08-21T12:23:37.0987404Z   clean: true
2025-08-21T12:23:37.0987594Z   sparse-checkout-cone-mode: true
2025-08-21T12:23:37.0987812Z   fetch-depth: 1
2025-08-21T12:23:37.0987979Z   fetch-tags: false
2025-08-21T12:23:37.0988149Z   show-progress: true
2025-08-21T12:23:37.0988326Z   lfs: false
2025-08-21T12:23:37.0988482Z   submodules: false
2025-08-21T12:23:37.0988661Z   set-safe-directory: true
2025-08-21T12:23:37.0989013Z env:
2025-08-21T12:23:37.0989390Z   DATABASE_URL: ***localhost:5432/testdb
2025-08-21T12:23:37.0989615Z   EMBED_SPACE: bge-m3
2025-08-21T12:23:37.0989803Z   ENABLE_SERVER_EMBEDDING: 0
2025-08-21T12:23:37.0989991Z ##[endgroup]
2025-08-21T12:23:37.2019929Z Syncing repository: yangnana7/newspaper
2025-08-21T12:23:37.2021282Z ##[group]Getting Git version info
2025-08-21T12:23:37.2021652Z Working directory is '/home/runner/work/newspaper/newspaper'
2025-08-21T12:23:37.2022168Z [command]/usr/bin/git version
2025-08-21T12:23:37.2057571Z git version 2.51.0
2025-08-21T12:23:37.2082791Z ##[endgroup]
2025-08-21T12:23:37.2096517Z Temporarily overriding HOME='/home/runner/work/_temp/6e822566-1943-4fee-9793-0f610cbd33c6' before making global git config changes
2025-08-21T12:23:37.2097235Z Adding repository directory to the temporary git global config as a safe directory
2025-08-21T12:23:37.2101629Z [command]/usr/bin/git config --global --add safe.directory /home/runner/work/newspaper/newspaper
2025-08-21T12:23:37.2134649Z Deleting the contents of '/home/runner/work/newspaper/newspaper'
2025-08-21T12:23:37.2138084Z ##[group]Initializing the repository
2025-08-21T12:23:37.2141755Z [command]/usr/bin/git init /home/runner/work/newspaper/newspaper
2025-08-21T12:23:37.2197186Z hint: Using 'master' as the name for the initial branch. This default branch name
2025-08-21T12:23:37.2261850Z hint: is subject to change. To configure the initial branch name to use in all
2025-08-21T12:23:37.2262591Z hint: of your new repositories, which will suppress this warning, call:
2025-08-21T12:23:37.2263091Z hint:
2025-08-21T12:23:37.2263637Z hint: 	git config --global init.defaultBranch <name>
2025-08-21T12:23:37.2264081Z hint:
2025-08-21T12:23:37.2264495Z hint: Names commonly chosen instead of 'master' are 'main', 'trunk' and
2025-08-21T12:23:37.2265192Z hint: 'development'. The just-created branch can be renamed via this command:
2025-08-21T12:23:37.2265792Z hint:
2025-08-21T12:23:37.2266135Z hint: 	git branch -m <name>
2025-08-21T12:23:37.2266523Z hint:
2025-08-21T12:23:37.2267071Z hint: Disable this message with "git config set advice.defaultBranchName false"
2025-08-21T12:23:37.2267883Z Initialized empty Git repository in /home/runner/work/newspaper/newspaper/.git/
2025-08-21T12:23:37.2269382Z [command]/usr/bin/git remote add origin https://github.com/yangnana7/newspaper
2025-08-21T12:23:37.2270823Z ##[endgroup]
2025-08-21T12:23:37.2271415Z ##[group]Disabling automatic garbage collection
2025-08-21T12:23:37.2271933Z [command]/usr/bin/git config --local gc.auto 0
2025-08-21T12:23:37.2277585Z ##[endgroup]
2025-08-21T12:23:37.2278252Z ##[group]Setting up auth
2025-08-21T12:23:37.2285259Z [command]/usr/bin/git config --local --name-only --get-regexp core\.sshCommand
2025-08-21T12:23:37.2313915Z [command]/usr/bin/git submodule foreach --recursive sh -c "git config --local --name-only --get-regexp 'core\.sshCommand' && git config --local --unset-all 'core.sshCommand' || :"
2025-08-21T12:23:37.2575877Z [command]/usr/bin/git config --local --name-only --get-regexp http\.https\:\/\/github\.com\/\.extraheader
2025-08-21T12:23:37.2606796Z [command]/usr/bin/git submodule foreach --recursive sh -c "git config --local --name-only --get-regexp 'http\.https\:\/\/github\.com\/\.extraheader' && git config --local --unset-all 'http.https://github.com/.extraheader' || :"
2025-08-21T12:23:37.2824417Z [command]/usr/bin/git config --local http.https://github.com/.extraheader AUTHORIZATION: basic ***
2025-08-21T12:23:37.2867054Z ##[endgroup]
2025-08-21T12:23:37.2867526Z ##[group]Fetching the repository
2025-08-21T12:23:37.2875175Z [command]/usr/bin/git -c protocol.version=2 fetch --no-tags --prune --no-recurse-submodules --depth=1 origin +f898a78e8e59098b5ef15f7039594d41564dc0b0:refs/remotes/pull/1/merge
2025-08-21T12:23:37.7864609Z From https://github.com/yangnana7/newspaper
2025-08-21T12:23:37.7865316Z  * [new ref]         f898a78e8e59098b5ef15f7039594d41564dc0b0 -> pull/1/merge
2025-08-21T12:23:37.7893113Z ##[endgroup]
2025-08-21T12:23:37.7893944Z ##[group]Determining the checkout info
2025-08-21T12:23:37.7896248Z ##[endgroup]
2025-08-21T12:23:37.7901213Z [command]/usr/bin/git sparse-checkout disable
2025-08-21T12:23:37.7938843Z [command]/usr/bin/git config --local --unset-all extensions.worktreeConfig
2025-08-21T12:23:37.7969297Z ##[group]Checking out the ref
2025-08-21T12:23:37.7972737Z [command]/usr/bin/git checkout --progress --force refs/remotes/pull/1/merge
2025-08-21T12:23:37.8068101Z Note: switching to 'refs/remotes/pull/1/merge'.
2025-08-21T12:23:37.8068601Z 
2025-08-21T12:23:37.8068987Z You are in 'detached HEAD' state. You can look around, make experimental
2025-08-21T12:23:37.8069819Z changes and commit them, and you can discard any commits you make in this
2025-08-21T12:23:37.8070765Z state without impacting any branches by switching back to a branch.
2025-08-21T12:23:37.8071303Z 
2025-08-21T12:23:37.8071657Z If you want to create a new branch to retain commits you create, you may
2025-08-21T12:23:37.8072452Z do so (now or later) by using -c with the switch command. Example:
2025-08-21T12:23:37.8073220Z 
2025-08-21T12:23:37.8073414Z   git switch -c <new-branch-name>
2025-08-21T12:23:37.8073947Z 
2025-08-21T12:23:37.8074127Z Or undo this operation with:
2025-08-21T12:23:37.8074411Z 
2025-08-21T12:23:37.8074511Z   git switch -
2025-08-21T12:23:37.8074756Z 
2025-08-21T12:23:37.8075184Z Turn off this advice by setting config variable advice.detachedHead to false
2025-08-21T12:23:37.8075778Z 
2025-08-21T12:23:37.8076473Z HEAD is now at f898a78 Merge a77c98aa175704a1cfe78d86cabcde9d95280430 into 134f5f7c6feb77bd120b503088bf5aac11ef1ca2
2025-08-21T12:23:37.8078456Z ##[endgroup]
2025-08-21T12:23:37.8113252Z [command]/usr/bin/git log -1 --format=%H
2025-08-21T12:23:37.8135392Z f898a78e8e59098b5ef15f7039594d41564dc0b0
2025-08-21T12:23:37.8348869Z ##[group]Run actions/setup-python@v5
2025-08-21T12:23:37.8349132Z with:
2025-08-21T12:23:37.8349295Z   python-version: 3.11
2025-08-21T12:23:37.8349490Z   check-latest: false
2025-08-21T12:23:37.8349813Z   token: ***
2025-08-21T12:23:37.8349995Z   update-environment: true
2025-08-21T12:23:37.8350220Z   allow-prereleases: false
2025-08-21T12:23:37.8350410Z   freethreaded: false
2025-08-21T12:23:37.8350593Z env:
2025-08-21T12:23:37.8350962Z   DATABASE_URL: ***localhost:5432/testdb
2025-08-21T12:23:37.8351202Z   EMBED_SPACE: bge-m3
2025-08-21T12:23:37.8351390Z   ENABLE_SERVER_EMBEDDING: 0
2025-08-21T12:23:37.8351587Z ##[endgroup]
2025-08-21T12:23:37.9962245Z ##[group]Installed versions
2025-08-21T12:23:38.0474817Z Successfully set up CPython (3.11.13)
2025-08-21T12:23:38.0475458Z ##[endgroup]
2025-08-21T12:23:38.0584334Z ##[group]Run sudo apt-get update
2025-08-21T12:23:38.0584657Z [36;1msudo apt-get update[0m
2025-08-21T12:23:38.0584929Z [36;1msudo apt-get install -y postgresql-client[0m
2025-08-21T12:23:38.0840162Z shell: /usr/bin/bash -e {0}
2025-08-21T12:23:38.0840396Z env:
2025-08-21T12:23:38.0840836Z   DATABASE_URL: ***localhost:5432/testdb
2025-08-21T12:23:38.0841082Z   EMBED_SPACE: bge-m3
2025-08-21T12:23:38.0841282Z   ENABLE_SERVER_EMBEDDING: 0
2025-08-21T12:23:38.0841577Z   pythonLocation: /opt/hostedtoolcache/Python/3.11.13/x64
2025-08-21T12:23:38.0841970Z   PKG_CONFIG_PATH: /opt/hostedtoolcache/Python/3.11.13/x64/lib/pkgconfig
2025-08-21T12:23:38.0842356Z   Python_ROOT_DIR: /opt/hostedtoolcache/Python/3.11.13/x64
2025-08-21T12:23:38.0842689Z   Python2_ROOT_DIR: /opt/hostedtoolcache/Python/3.11.13/x64
2025-08-21T12:23:38.0843025Z   Python3_ROOT_DIR: /opt/hostedtoolcache/Python/3.11.13/x64
2025-08-21T12:23:38.0843362Z   LD_LIBRARY_PATH: /opt/hostedtoolcache/Python/3.11.13/x64/lib
2025-08-21T12:23:38.0844030Z ##[endgroup]
2025-08-21T12:23:38.2274548Z Get:1 file:/etc/apt/apt-mirrors.txt Mirrorlist [144 B]
2025-08-21T12:23:38.3191914Z Hit:2 http://azure.archive.ubuntu.com/ubuntu noble InRelease
2025-08-21T12:23:38.3208862Z Get:3 http://azure.archive.ubuntu.com/ubuntu noble-updates InRelease [126 kB]
2025-08-21T12:23:38.3288982Z Get:4 http://azure.archive.ubuntu.com/ubuntu noble-backports InRelease [126 kB]
2025-08-21T12:23:38.3339556Z Get:5 http://azure.archive.ubuntu.com/ubuntu noble-security InRelease [126 kB]
2025-08-21T12:23:38.3668005Z Hit:6 https://packages.microsoft.com/repos/azure-cli noble InRelease
2025-08-21T12:23:38.3951938Z Get:7 https://packages.microsoft.com/ubuntu/24.04/prod noble InRelease [3600 B]
2025-08-21T12:23:38.4624671Z Get:8 http://azure.archive.ubuntu.com/ubuntu noble-updates/main amd64 Packages [1350 kB]
2025-08-21T12:23:38.4764280Z Get:9 http://azure.archive.ubuntu.com/ubuntu noble-updates/main Translation-en [268 kB]
2025-08-21T12:23:38.4788538Z Get:10 http://azure.archive.ubuntu.com/ubuntu noble-updates/main amd64 Components [175 kB]
2025-08-21T12:23:38.4812273Z Get:11 http://azure.archive.ubuntu.com/ubuntu noble-updates/universe amd64 Packages [1124 kB]
2025-08-21T12:23:38.4885481Z Get:12 http://azure.archive.ubuntu.com/ubuntu noble-updates/universe Translation-en [288 kB]
2025-08-21T12:23:38.4916352Z Get:13 http://azure.archive.ubuntu.com/ubuntu noble-updates/universe amd64 Components [377 kB]
2025-08-21T12:23:38.4948603Z Get:14 http://azure.archive.ubuntu.com/ubuntu noble-updates/restricted amd64 Packages [1728 kB]
2025-08-21T12:23:38.5182962Z Get:15 http://azure.archive.ubuntu.com/ubuntu noble-updates/restricted Translation-en [382 kB]
2025-08-21T12:23:38.5222669Z Get:16 http://azure.archive.ubuntu.com/ubuntu noble-updates/restricted amd64 Components [212 B]
2025-08-21T12:23:38.5232617Z Get:17 http://azure.archive.ubuntu.com/ubuntu noble-updates/multiverse amd64 Components [940 B]
2025-08-21T12:23:38.5694787Z Get:18 http://azure.archive.ubuntu.com/ubuntu noble-backports/main amd64 Components [7068 B]
2025-08-21T12:23:38.5709662Z Get:19 http://azure.archive.ubuntu.com/ubuntu noble-backports/universe amd64 Components [19.2 kB]
2025-08-21T12:23:38.5718331Z Get:20 http://azure.archive.ubuntu.com/ubuntu noble-backports/restricted amd64 Components [216 B]
2025-08-21T12:23:38.5730724Z Get:21 http://azure.archive.ubuntu.com/ubuntu noble-backports/multiverse amd64 Components [212 B]
2025-08-21T12:23:38.5843284Z Get:22 http://azure.archive.ubuntu.com/ubuntu noble-security/main amd64 Packages [1083 kB]
2025-08-21T12:23:38.5916527Z Get:23 http://azure.archive.ubuntu.com/ubuntu noble-security/main Translation-en [187 kB]
2025-08-21T12:23:38.5942800Z Get:24 http://azure.archive.ubuntu.com/ubuntu noble-security/main amd64 Components [21.6 kB]
2025-08-21T12:23:38.5952174Z Get:25 http://azure.archive.ubuntu.com/ubuntu noble-security/universe amd64 Packages [881 kB]
2025-08-21T12:23:38.6018619Z Get:26 http://azure.archive.ubuntu.com/ubuntu noble-security/universe Translation-en [195 kB]
2025-08-21T12:23:38.6050527Z Get:27 http://azure.archive.ubuntu.com/ubuntu noble-security/universe amd64 Components [52.2 kB]
2025-08-21T12:23:38.6078321Z Get:28 http://azure.archive.ubuntu.com/ubuntu noble-security/restricted amd64 Packages [1631 kB]
2025-08-21T12:23:38.6175112Z Get:29 http://azure.archive.ubuntu.com/ubuntu noble-security/restricted Translation-en [361 kB]
2025-08-21T12:23:38.6210886Z Get:30 http://azure.archive.ubuntu.com/ubuntu noble-security/restricted amd64 Components [212 B]
2025-08-21T12:23:38.6231900Z Get:31 http://azure.archive.ubuntu.com/ubuntu noble-security/multiverse amd64 Components [212 B]
2025-08-21T12:23:38.7282649Z Get:32 https://packages.microsoft.com/ubuntu/24.04/prod noble/main amd64 Packages [48.0 kB]
2025-08-21T12:23:38.7625079Z Get:33 https://packages.microsoft.com/ubuntu/24.04/prod noble/main armhf Packages [9870 B]
2025-08-21T12:23:38.7694987Z Get:34 https://packages.microsoft.com/ubuntu/24.04/prod noble/main arm64 Packages [33.2 kB]
2025-08-21T12:23:47.7870048Z Fetched 10.6 MB in 1s (7966 kB/s)
2025-08-21T12:23:48.4546398Z Reading package lists...
2025-08-21T12:23:48.4864295Z Reading package lists...
2025-08-21T12:23:48.6329792Z Building dependency tree...
2025-08-21T12:23:48.6337400Z Reading state information...
2025-08-21T12:23:48.7923411Z The following NEW packages will be installed:
2025-08-21T12:23:48.7924156Z   postgresql-client
2025-08-21T12:23:48.8086251Z 0 upgraded, 1 newly installed, 0 to remove and 21 not upgraded.
2025-08-21T12:23:48.8086889Z Need to get 11.6 kB of archives.
2025-08-21T12:23:48.8087415Z After this operation, 17.4 kB of additional disk space will be used.
2025-08-21T12:23:48.8087933Z Get:1 file:/etc/apt/apt-mirrors.txt Mirrorlist [144 B]
2025-08-21T12:23:48.8927702Z Get:2 http://azure.archive.ubuntu.com/ubuntu noble-updates/main amd64 postgresql-client all 16+257build1.1 [11.6 kB]
2025-08-21T12:23:49.1343598Z Fetched 11.6 kB in 0s (123 kB/s)
2025-08-21T12:23:49.1653980Z Selecting previously unselected package postgresql-client.
2025-08-21T12:23:49.2294148Z (Reading database ... 
2025-08-21T12:23:49.2294690Z (Reading database ... 5%
2025-08-21T12:23:49.2295120Z (Reading database ... 10%
2025-08-21T12:23:49.2295475Z (Reading database ... 15%
2025-08-21T12:23:49.2295754Z (Reading database ... 20%
2025-08-21T12:23:49.2296019Z (Reading database ... 25%
2025-08-21T12:23:49.2296289Z (Reading database ... 30%
2025-08-21T12:23:49.2296548Z (Reading database ... 35%
2025-08-21T12:23:49.2296811Z (Reading database ... 40%
2025-08-21T12:23:49.2297310Z (Reading database ... 45%
2025-08-21T12:23:49.2297578Z (Reading database ... 50%
2025-08-21T12:23:49.3107845Z (Reading database ... 55%
2025-08-21T12:23:49.7167341Z (Reading database ... 60%
2025-08-21T12:23:50.1864310Z (Reading database ... 65%
2025-08-21T12:23:50.2979996Z (Reading database ... 70%
2025-08-21T12:23:50.4755069Z (Reading database ... 75%
2025-08-21T12:23:50.7856048Z (Reading database ... 80%
2025-08-21T12:23:51.3840163Z (Reading database ... 85%
2025-08-21T12:23:51.9521395Z (Reading database ... 90%
2025-08-21T12:23:52.4614716Z (Reading database ... 95%
2025-08-21T12:23:52.4615300Z (Reading database ... 100%
2025-08-21T12:23:52.4615949Z (Reading database ... 219830 files and directories currently installed.)
2025-08-21T12:23:52.4662262Z Preparing to unpack .../postgresql-client_16+257build1.1_all.deb ...
2025-08-21T12:23:52.4683947Z Unpacking postgresql-client (16+257build1.1) ...
2025-08-21T12:23:52.5044553Z Setting up postgresql-client (16+257build1.1) ...
2025-08-21T12:23:54.6930102Z 
2025-08-21T12:23:54.6930595Z Running kernel seems to be up-to-date.
2025-08-21T12:23:54.6930894Z 
2025-08-21T12:23:54.6931006Z Restarting services...
2025-08-21T12:23:54.6998475Z 
2025-08-21T12:23:54.6998918Z Service restarts being deferred:
2025-08-21T12:23:54.7000987Z  systemctl restart hosted-compute-agent.service
2025-08-21T12:23:54.7001492Z 
2025-08-21T12:23:54.7001973Z No containers need to be restarted.
2025-08-21T12:23:54.7002319Z 
2025-08-21T12:23:54.7002943Z No user sessions are running outdated binaries.
2025-08-21T12:23:54.7003359Z 
2025-08-21T12:23:54.7003966Z No VM guests are running outdated hypervisor (qemu) binaries on this host.
2025-08-21T12:23:55.5182294Z ##[group]Run until psql "$DATABASE_URL" -c "SELECT 1" >/dev/null 2>&1; do
2025-08-21T12:23:55.5182794Z [36;1muntil psql "$DATABASE_URL" -c "SELECT 1" >/dev/null 2>&1; do[0m
2025-08-21T12:23:55.5183159Z [36;1m  echo 'waiting for postgres...'; sleep 2; done[0m
2025-08-21T12:23:55.5183820Z [36;1mpsql "$DATABASE_URL" -c 'CREATE EXTENSION IF NOT EXISTS vector;'[0m
2025-08-21T12:23:55.5225327Z shell: /usr/bin/bash -e {0}
2025-08-21T12:23:55.5225539Z env:
2025-08-21T12:23:55.5225984Z   DATABASE_URL: ***localhost:5432/testdb
2025-08-21T12:23:55.5226233Z   EMBED_SPACE: bge-m3
2025-08-21T12:23:55.5226427Z   ENABLE_SERVER_EMBEDDING: 0
2025-08-21T12:23:55.5226701Z   pythonLocation: /opt/hostedtoolcache/Python/3.11.13/x64
2025-08-21T12:23:55.5227076Z   PKG_CONFIG_PATH: /opt/hostedtoolcache/Python/3.11.13/x64/lib/pkgconfig
2025-08-21T12:23:55.5227447Z   Python_ROOT_DIR: /opt/hostedtoolcache/Python/3.11.13/x64
2025-08-21T12:23:55.5227812Z   Python2_ROOT_DIR: /opt/hostedtoolcache/Python/3.11.13/x64
2025-08-21T12:23:55.5228154Z   Python3_ROOT_DIR: /opt/hostedtoolcache/Python/3.11.13/x64
2025-08-21T12:23:55.5228496Z   LD_LIBRARY_PATH: /opt/hostedtoolcache/Python/3.11.13/x64/lib
2025-08-21T12:23:55.5228780Z ##[endgroup]
2025-08-21T12:23:55.8867957Z CREATE EXTENSION
2025-08-21T12:23:55.8905141Z ##[group]Run python -m pip install --upgrade pip
2025-08-21T12:23:55.8905538Z [36;1mpython -m pip install --upgrade pip[0m
2025-08-21T12:23:55.8905911Z [36;1mif [ -f requirements.txt ]; then pip install -r requirements.txt; fi[0m
2025-08-21T12:23:55.8906351Z [36;1m# Hardening: ensure critical deps even if requirements.txt changes[0m
2025-08-21T12:23:55.8906717Z [36;1mpip install psycopg[binary] pgvector[0m
2025-08-21T12:23:55.8906972Z [36;1mpip install pytest[0m
2025-08-21T12:23:55.8947490Z shell: /usr/bin/bash -e {0}
2025-08-21T12:23:55.8947714Z env:
2025-08-21T12:23:55.8948142Z   DATABASE_URL: ***localhost:5432/testdb
2025-08-21T12:23:55.8948401Z   EMBED_SPACE: bge-m3
2025-08-21T12:23:55.8948602Z   ENABLE_SERVER_EMBEDDING: 0
2025-08-21T12:23:55.8948879Z   pythonLocation: /opt/hostedtoolcache/Python/3.11.13/x64
2025-08-21T12:23:55.8949256Z   PKG_CONFIG_PATH: /opt/hostedtoolcache/Python/3.11.13/x64/lib/pkgconfig
2025-08-21T12:23:55.8949692Z   Python_ROOT_DIR: /opt/hostedtoolcache/Python/3.11.13/x64
2025-08-21T12:23:55.8950034Z   Python2_ROOT_DIR: /opt/hostedtoolcache/Python/3.11.13/x64
2025-08-21T12:23:55.8950646Z   Python3_ROOT_DIR: /opt/hostedtoolcache/Python/3.11.13/x64
2025-08-21T12:23:55.8950990Z   LD_LIBRARY_PATH: /opt/hostedtoolcache/Python/3.11.13/x64/lib
2025-08-21T12:23:55.8951293Z ##[endgroup]
2025-08-21T12:23:58.2826514Z Requirement already satisfied: pip in /opt/hostedtoolcache/Python/3.11.13/x64/lib/python3.11/site-packages (25.2)
2025-08-21T12:23:59.3614436Z Collecting mcp>=1.0.0 (from -r requirements.txt (line 1))
2025-08-21T12:23:59.4250881Z   Downloading mcp-1.13.0-py3-none-any.whl.metadata (68 kB)
2025-08-21T12:23:59.4685828Z Collecting psycopg>=3.2.1 (from psycopg[binary]>=3.2.1->-r requirements.txt (line 2))
2025-08-21T12:23:59.4785364Z   Downloading psycopg-3.2.9-py3-none-any.whl.metadata (4.5 kB)
2025-08-21T12:23:59.5008587Z Collecting pgvector>=0.2.5 (from -r requirements.txt (line 3))
2025-08-21T12:23:59.5116440Z   Downloading pgvector-0.4.1-py3-none-any.whl.metadata (18 kB)
2025-08-21T12:23:59.5325057Z Collecting feedparser>=6.0.11 (from -r requirements.txt (line 4))
2025-08-21T12:23:59.5426014Z   Downloading feedparser-6.0.11-py3-none-any.whl.metadata (2.4 kB)
2025-08-21T12:23:59.6765841Z Collecting pydantic>=2.7.0 (from -r requirements.txt (line 5))
2025-08-21T12:23:59.6865453Z   Downloading pydantic-2.11.7-py3-none-any.whl.metadata (67 kB)
2025-08-21T12:23:59.7175263Z Collecting sentence-transformers>=2.7.0 (from -r requirements.txt (line 6))
2025-08-21T12:23:59.7280658Z   Downloading sentence_transformers-5.1.0-py3-none-any.whl.metadata (16 kB)
2025-08-21T12:23:59.7551185Z Collecting httpx>=0.27.0 (from -r requirements.txt (line 7))
2025-08-21T12:23:59.7676073Z   Downloading httpx-0.28.1-py3-none-any.whl.metadata (7.1 kB)
2025-08-21T12:23:59.7933741Z Collecting anyio>=4.5 (from mcp>=1.0.0->-r requirements.txt (line 1))
2025-08-21T12:23:59.8033132Z   Downloading anyio-4.10.0-py3-none-any.whl.metadata (4.0 kB)
2025-08-21T12:23:59.8302440Z Collecting httpx-sse>=0.4 (from mcp>=1.0.0->-r requirements.txt (line 1))
2025-08-21T12:23:59.8401075Z   Downloading httpx_sse-0.4.1-py3-none-any.whl.metadata (9.4 kB)
2025-08-21T12:23:59.8724521Z Collecting jsonschema>=4.20.0 (from mcp>=1.0.0->-r requirements.txt (line 1))
2025-08-21T12:23:59.8825258Z   Downloading jsonschema-4.25.1-py3-none-any.whl.metadata (7.6 kB)
2025-08-21T12:23:59.9066149Z Collecting pydantic-settings>=2.5.2 (from mcp>=1.0.0->-r requirements.txt (line 1))
2025-08-21T12:23:59.9165817Z   Downloading pydantic_settings-2.10.1-py3-none-any.whl.metadata (3.4 kB)
2025-08-21T12:23:59.9448320Z Collecting python-multipart>=0.0.9 (from mcp>=1.0.0->-r requirements.txt (line 1))
2025-08-21T12:23:59.9549226Z   Downloading python_multipart-0.0.20-py3-none-any.whl.metadata (1.8 kB)
2025-08-21T12:23:59.9781490Z Collecting sse-starlette>=1.6.1 (from mcp>=1.0.0->-r requirements.txt (line 1))
2025-08-21T12:23:59.9881471Z   Downloading sse_starlette-3.0.2-py3-none-any.whl.metadata (11 kB)
2025-08-21T12:24:00.0234199Z Collecting starlette>=0.27 (from mcp>=1.0.0->-r requirements.txt (line 1))
2025-08-21T12:24:00.0338084Z   Downloading starlette-0.47.2-py3-none-any.whl.metadata (6.2 kB)
2025-08-21T12:24:00.0657982Z Collecting uvicorn>=0.31.1 (from mcp>=1.0.0->-r requirements.txt (line 1))
2025-08-21T12:24:00.0766084Z   Downloading uvicorn-0.35.0-py3-none-any.whl.metadata (6.5 kB)
2025-08-21T12:24:00.0952658Z Collecting annotated-types>=0.6.0 (from pydantic>=2.7.0->-r requirements.txt (line 5))
2025-08-21T12:24:00.1052520Z   Downloading annotated_types-0.7.0-py3-none-any.whl.metadata (15 kB)
2025-08-21T12:24:00.7116256Z Collecting pydantic-core==2.33.2 (from pydantic>=2.7.0->-r requirements.txt (line 5))
2025-08-21T12:24:00.7220798Z   Downloading pydantic_core-2.33.2-cp311-cp311-manylinux_2_17_x86_64.manylinux2014_x86_64.whl.metadata (6.8 kB)
2025-08-21T12:24:00.7449371Z Collecting typing-extensions>=4.12.2 (from pydantic>=2.7.0->-r requirements.txt (line 5))
2025-08-21T12:24:00.7549887Z   Downloading typing_extensions-4.14.1-py3-none-any.whl.metadata (3.0 kB)
2025-08-21T12:24:00.7712135Z Collecting typing-inspection>=0.4.0 (from pydantic>=2.7.0->-r requirements.txt (line 5))
2025-08-21T12:24:00.7811915Z   Downloading typing_inspection-0.4.1-py3-none-any.whl.metadata (2.6 kB)
2025-08-21T12:24:00.9691463Z Collecting numpy (from pgvector>=0.2.5->-r requirements.txt (line 3))
2025-08-21T12:24:00.9797075Z   Downloading numpy-2.3.2-cp311-cp311-manylinux_2_27_x86_64.manylinux_2_28_x86_64.whl.metadata (62 kB)
2025-08-21T12:24:01.0131600Z Collecting sgmllib3k (from feedparser>=6.0.11->-r requirements.txt (line 4))
2025-08-21T12:24:01.0230448Z   Downloading sgmllib3k-1.0.0.tar.gz (5.8 kB)
2025-08-21T12:24:01.0454190Z   Installing build dependencies: started
2025-08-21T12:24:02.3962652Z   Installing build dependencies: finished with status 'done'
2025-08-21T12:24:02.3967937Z   Getting requirements to build wheel: started
2025-08-21T12:24:02.8490586Z   Getting requirements to build wheel: finished with status 'done'
2025-08-21T12:24:02.8498767Z   Preparing metadata (pyproject.toml): started
2025-08-21T12:24:03.0537455Z   Preparing metadata (pyproject.toml): finished with status 'done'
2025-08-21T12:24:03.0996684Z Collecting transformers<5.0.0,>=4.41.0 (from sentence-transformers>=2.7.0->-r requirements.txt (line 6))
2025-08-21T12:24:03.1100244Z   Downloading transformers-4.55.3-py3-none-any.whl.metadata (41 kB)
2025-08-21T12:24:03.2956308Z Collecting tqdm (from sentence-transformers>=2.7.0->-r requirements.txt (line 6))
2025-08-21T12:24:03.3057971Z   Downloading tqdm-4.67.1-py3-none-any.whl.metadata (57 kB)
2025-08-21T12:24:03.3634900Z Collecting torch>=1.11.0 (from sentence-transformers>=2.7.0->-r requirements.txt (line 6))
2025-08-21T12:24:03.3736504Z   Downloading torch-2.8.0-cp311-cp311-manylinux_2_28_x86_64.whl.metadata (30 kB)
2025-08-21T12:24:03.4632129Z Collecting scikit-learn (from sentence-transformers>=2.7.0->-r requirements.txt (line 6))
2025-08-21T12:24:03.4732347Z   Downloading scikit_learn-1.7.1-cp311-cp311-manylinux2014_x86_64.manylinux_2_17_x86_64.whl.metadata (11 kB)
2025-08-21T12:24:03.5923344Z Collecting scipy (from sentence-transformers>=2.7.0->-r requirements.txt (line 6))
2025-08-21T12:24:03.6025653Z   Downloading scipy-1.16.1-cp311-cp311-manylinux2014_x86_64.manylinux_2_17_x86_64.whl.metadata (61 kB)
2025-08-21T12:24:03.6959026Z Collecting huggingface-hub>=0.20.0 (from sentence-transformers>=2.7.0->-r requirements.txt (line 6))
2025-08-21T12:24:03.7066364Z   Downloading huggingface_hub-0.34.4-py3-none-any.whl.metadata (14 kB)
2025-08-21T12:24:03.8783714Z Collecting Pillow (from sentence-transformers>=2.7.0->-r requirements.txt (line 6))
2025-08-21T12:24:03.8887848Z   Downloading pillow-11.3.0-cp311-cp311-manylinux_2_27_x86_64.manylinux_2_28_x86_64.whl.metadata (9.0 kB)
2025-08-21T12:24:03.9218792Z Collecting filelock (from transformers<5.0.0,>=4.41.0->sentence-transformers>=2.7.0->-r requirements.txt (line 6))
2025-08-21T12:24:03.9318886Z   Downloading filelock-3.19.1-py3-none-any.whl.metadata (2.1 kB)
2025-08-21T12:24:03.9711268Z Collecting packaging>=20.0 (from transformers<5.0.0,>=4.41.0->sentence-transformers>=2.7.0->-r requirements.txt (line 6))
2025-08-21T12:24:03.9812014Z   Downloading packaging-25.0-py3-none-any.whl.metadata (3.3 kB)
2025-08-21T12:24:04.0204199Z Collecting pyyaml>=5.1 (from transformers<5.0.0,>=4.41.0->sentence-transformers>=2.7.0->-r requirements.txt (line 6))
2025-08-21T12:24:04.0320002Z   Downloading PyYAML-6.0.2-cp311-cp311-manylinux_2_17_x86_64.manylinux2014_x86_64.whl.metadata (2.1 kB)
2025-08-21T12:24:04.3860734Z Collecting regex!=2019.12.17 (from transformers<5.0.0,>=4.41.0->sentence-transformers>=2.7.0->-r requirements.txt (line 6))
2025-08-21T12:24:04.3963125Z   Downloading regex-2025.7.34-cp311-cp311-manylinux2014_x86_64.manylinux_2_17_x86_64.manylinux_2_28_x86_64.whl.metadata (40 kB)
2025-08-21T12:24:04.4317581Z Collecting requests (from transformers<5.0.0,>=4.41.0->sentence-transformers>=2.7.0->-r requirements.txt (line 6))
2025-08-21T12:24:04.4418004Z   Downloading requests-2.32.5-py3-none-any.whl.metadata (4.9 kB)
2025-08-21T12:24:04.5987754Z Collecting tokenizers<0.22,>=0.21 (from transformers<5.0.0,>=4.41.0->sentence-transformers>=2.7.0->-r requirements.txt (line 6))
2025-08-21T12:24:04.6091476Z   Downloading tokenizers-0.21.4-cp39-abi3-manylinux_2_17_x86_64.manylinux2014_x86_64.whl.metadata (6.7 kB)
2025-08-21T12:24:04.7318734Z Collecting safetensors>=0.4.3 (from transformers<5.0.0,>=4.41.0->sentence-transformers>=2.7.0->-r requirements.txt (line 6))
2025-08-21T12:24:04.7422062Z   Downloading safetensors-0.6.2-cp38-abi3-manylinux_2_17_x86_64.manylinux2014_x86_64.whl.metadata (4.1 kB)
2025-08-21T12:24:04.7898010Z Collecting fsspec>=2023.5.0 (from huggingface-hub>=0.20.0->sentence-transformers>=2.7.0->-r requirements.txt (line 6))
2025-08-21T12:24:04.7998702Z   Downloading fsspec-2025.7.0-py3-none-any.whl.metadata (12 kB)
2025-08-21T12:24:04.8780530Z Collecting hf-xet<2.0.0,>=1.1.3 (from huggingface-hub>=0.20.0->sentence-transformers>=2.7.0->-r requirements.txt (line 6))
2025-08-21T12:24:04.8881983Z   Downloading hf_xet-1.1.8-cp37-abi3-manylinux_2_17_x86_64.manylinux2014_x86_64.whl.metadata (703 bytes)
2025-08-21T12:24:04.9289693Z Collecting certifi (from httpx>=0.27.0->-r requirements.txt (line 7))
2025-08-21T12:24:04.9390701Z   Downloading certifi-2025.8.3-py3-none-any.whl.metadata (2.4 kB)
2025-08-21T12:24:05.0202564Z Collecting httpcore==1.* (from httpx>=0.27.0->-r requirements.txt (line 7))
2025-08-21T12:24:05.0307691Z   Downloading httpcore-1.0.9-py3-none-any.whl.metadata (21 kB)
2025-08-21T12:24:05.0536537Z Collecting idna (from httpx>=0.27.0->-r requirements.txt (line 7))
2025-08-21T12:24:05.0634765Z   Downloading idna-3.10-py3-none-any.whl.metadata (10 kB)
2025-08-21T12:24:05.0836951Z Collecting h11>=0.16 (from httpcore==1.*->httpx>=0.27.0->-r requirements.txt (line 7))
2025-08-21T12:24:05.0937956Z   Downloading h11-0.16.0-py3-none-any.whl.metadata (8.3 kB)
2025-08-21T12:24:05.1134124Z Collecting sniffio>=1.1 (from anyio>=4.5->mcp>=1.0.0->-r requirements.txt (line 1))
2025-08-21T12:24:05.1233708Z   Downloading sniffio-1.3.1-py3-none-any.whl.metadata (3.9 kB)
2025-08-21T12:24:05.1480985Z Collecting attrs>=22.2.0 (from jsonschema>=4.20.0->mcp>=1.0.0->-r requirements.txt (line 1))
2025-08-21T12:24:05.1612242Z   Downloading attrs-25.3.0-py3-none-any.whl.metadata (10 kB)
2025-08-21T12:24:05.1860163Z Collecting jsonschema-specifications>=2023.03.6 (from jsonschema>=4.20.0->mcp>=1.0.0->-r requirements.txt (line 1))
2025-08-21T12:24:05.1959702Z   Downloading jsonschema_specifications-2025.4.1-py3-none-any.whl.metadata (2.9 kB)
2025-08-21T12:24:05.2262513Z Collecting referencing>=0.28.4 (from jsonschema>=4.20.0->mcp>=1.0.0->-r requirements.txt (line 1))
2025-08-21T12:24:05.2383973Z   Downloading referencing-0.36.2-py3-none-any.whl.metadata (2.8 kB)
2025-08-21T12:24:05.4799825Z Collecting rpds-py>=0.7.1 (from jsonschema>=4.20.0->mcp>=1.0.0->-r requirements.txt (line 1))
2025-08-21T12:24:05.4902938Z   Downloading rpds_py-0.27.0-cp311-cp311-manylinux_2_17_x86_64.manylinux2014_x86_64.whl.metadata (4.2 kB)
2025-08-21T12:24:05.6413093Z Collecting psycopg-binary==3.2.9 (from psycopg[binary]>=3.2.1->-r requirements.txt (line 2))
2025-08-21T12:24:05.6521731Z   Downloading psycopg_binary-3.2.9-cp311-cp311-manylinux_2_17_x86_64.manylinux2014_x86_64.whl.metadata (2.9 kB)
2025-08-21T12:24:05.6771615Z Collecting python-dotenv>=0.21.0 (from pydantic-settings>=2.5.2->mcp>=1.0.0->-r requirements.txt (line 1))
2025-08-21T12:24:05.6870873Z   Downloading python_dotenv-1.1.1-py3-none-any.whl.metadata (24 kB)
2025-08-21T12:24:05.7477973Z Collecting sympy>=1.13.3 (from torch>=1.11.0->sentence-transformers>=2.7.0->-r requirements.txt (line 6))
2025-08-21T12:24:05.7578718Z   Downloading sympy-1.14.0-py3-none-any.whl.metadata (12 kB)
2025-08-21T12:24:05.7866022Z Collecting networkx (from torch>=1.11.0->sentence-transformers>=2.7.0->-r requirements.txt (line 6))
2025-08-21T12:24:05.7967601Z   Downloading networkx-3.5-py3-none-any.whl.metadata (6.3 kB)
2025-08-21T12:24:05.8220862Z Collecting jinja2 (from torch>=1.11.0->sentence-transformers>=2.7.0->-r requirements.txt (line 6))
2025-08-21T12:24:05.8322568Z   Downloading jinja2-3.1.6-py3-none-any.whl.metadata (2.9 kB)
2025-08-21T12:24:05.8521319Z Collecting nvidia-cuda-nvrtc-cu12==12.8.93 (from torch>=1.11.0->sentence-transformers>=2.7.0->-r requirements.txt (line 6))
2025-08-21T12:24:05.8623176Z   Downloading nvidia_cuda_nvrtc_cu12-12.8.93-py3-none-manylinux2010_x86_64.manylinux_2_12_x86_64.whl.metadata (1.7 kB)
2025-08-21T12:24:05.8815355Z Collecting nvidia-cuda-runtime-cu12==12.8.90 (from torch>=1.11.0->sentence-transformers>=2.7.0->-r requirements.txt (line 6))
2025-08-21T12:24:05.8914366Z   Downloading nvidia_cuda_runtime_cu12-12.8.90-py3-none-manylinux2014_x86_64.manylinux_2_17_x86_64.whl.metadata (1.7 kB)
2025-08-21T12:24:05.9106894Z Collecting nvidia-cuda-cupti-cu12==12.8.90 (from torch>=1.11.0->sentence-transformers>=2.7.0->-r requirements.txt (line 6))
2025-08-21T12:24:05.9207996Z   Downloading nvidia_cuda_cupti_cu12-12.8.90-py3-none-manylinux2014_x86_64.manylinux_2_17_x86_64.whl.metadata (1.7 kB)
2025-08-21T12:24:05.9432118Z Collecting nvidia-cudnn-cu12==9.10.2.21 (from torch>=1.11.0->sentence-transformers>=2.7.0->-r requirements.txt (line 6))
2025-08-21T12:24:05.9531047Z   Downloading nvidia_cudnn_cu12-9.10.2.21-py3-none-manylinux_2_27_x86_64.whl.metadata (1.8 kB)
2025-08-21T12:24:05.9724745Z Collecting nvidia-cublas-cu12==12.8.4.1 (from torch>=1.11.0->sentence-transformers>=2.7.0->-r requirements.txt (line 6))
2025-08-21T12:24:05.9826670Z   Downloading nvidia_cublas_cu12-12.8.4.1-py3-none-manylinux_2_27_x86_64.whl.metadata (1.7 kB)
2025-08-21T12:24:06.0019476Z Collecting nvidia-cufft-cu12==11.3.3.83 (from torch>=1.11.0->sentence-transformers>=2.7.0->-r requirements.txt (line 6))
2025-08-21T12:24:06.0121210Z   Downloading nvidia_cufft_cu12-11.3.3.83-py3-none-manylinux2014_x86_64.manylinux_2_17_x86_64.whl.metadata (1.7 kB)
2025-08-21T12:24:06.0319174Z Collecting nvidia-curand-cu12==10.3.9.90 (from torch>=1.11.0->sentence-transformers>=2.7.0->-r requirements.txt (line 6))
2025-08-21T12:24:06.0420678Z   Downloading nvidia_curand_cu12-10.3.9.90-py3-none-manylinux_2_27_x86_64.whl.metadata (1.7 kB)
2025-08-21T12:24:06.0638201Z Collecting nvidia-cusolver-cu12==11.7.3.90 (from torch>=1.11.0->sentence-transformers>=2.7.0->-r requirements.txt (line 6))
2025-08-21T12:24:06.0738714Z   Downloading nvidia_cusolver_cu12-11.7.3.90-py3-none-manylinux_2_27_x86_64.whl.metadata (1.8 kB)
2025-08-21T12:24:06.0938538Z Collecting nvidia-cusparse-cu12==12.5.8.93 (from torch>=1.11.0->sentence-transformers>=2.7.0->-r requirements.txt (line 6))
2025-08-21T12:24:06.1039657Z   Downloading nvidia_cusparse_cu12-12.5.8.93-py3-none-manylinux2014_x86_64.manylinux_2_17_x86_64.whl.metadata (1.8 kB)
2025-08-21T12:24:06.1206387Z Collecting nvidia-cusparselt-cu12==0.7.1 (from torch>=1.11.0->sentence-transformers>=2.7.0->-r requirements.txt (line 6))
2025-08-21T12:24:06.1305827Z   Downloading nvidia_cusparselt_cu12-0.7.1-py3-none-manylinux2014_x86_64.whl.metadata (7.0 kB)
2025-08-21T12:24:06.1488154Z Collecting nvidia-nccl-cu12==2.27.3 (from torch>=1.11.0->sentence-transformers>=2.7.0->-r requirements.txt (line 6))
2025-08-21T12:24:06.1589924Z   Downloading nvidia_nccl_cu12-2.27.3-py3-none-manylinux2014_x86_64.manylinux_2_17_x86_64.whl.metadata (2.0 kB)
2025-08-21T12:24:06.1784249Z Collecting nvidia-nvtx-cu12==12.8.90 (from torch>=1.11.0->sentence-transformers>=2.7.0->-r requirements.txt (line 6))
2025-08-21T12:24:06.1882720Z   Downloading nvidia_nvtx_cu12-12.8.90-py3-none-manylinux2014_x86_64.manylinux_2_17_x86_64.whl.metadata (1.8 kB)
2025-08-21T12:24:06.2243169Z Collecting nvidia-nvjitlink-cu12==12.8.93 (from torch>=1.11.0->sentence-transformers>=2.7.0->-r requirements.txt (line 6))
2025-08-21T12:24:06.2342632Z   Downloading nvidia_nvjitlink_cu12-12.8.93-py3-none-manylinux2010_x86_64.manylinux_2_12_x86_64.whl.metadata (1.7 kB)
2025-08-21T12:24:06.2530487Z Collecting nvidia-cufile-cu12==1.13.1.3 (from torch>=1.11.0->sentence-transformers>=2.7.0->-r requirements.txt (line 6))
2025-08-21T12:24:06.2629425Z   Downloading nvidia_cufile_cu12-1.13.1.3-py3-none-manylinux2014_x86_64.manylinux_2_17_x86_64.whl.metadata (1.7 kB)
2025-08-21T12:24:06.2861279Z Collecting triton==3.4.0 (from torch>=1.11.0->sentence-transformers>=2.7.0->-r requirements.txt (line 6))
2025-08-21T12:24:06.2939990Z   Downloading triton-3.4.0-cp311-cp311-manylinux_2_27_x86_64.manylinux_2_28_x86_64.whl.metadata (1.7 kB)
2025-08-21T12:24:06.3161280Z Requirement already satisfied: setuptools>=40.8.0 in /opt/hostedtoolcache/Python/3.11.13/x64/lib/python3.11/site-packages (from triton==3.4.0->torch>=1.11.0->sentence-transformers>=2.7.0->-r requirements.txt (line 6)) (65.5.0)
2025-08-21T12:24:06.3388114Z Collecting mpmath<1.4,>=1.1.0 (from sympy>=1.13.3->torch>=1.11.0->sentence-transformers>=2.7.0->-r requirements.txt (line 6))
2025-08-21T12:24:06.3487241Z   Downloading mpmath-1.3.0-py3-none-any.whl.metadata (8.6 kB)
2025-08-21T12:24:06.3849025Z Collecting click>=7.0 (from uvicorn>=0.31.1->mcp>=1.0.0->-r requirements.txt (line 1))
2025-08-21T12:24:06.3947894Z   Downloading click-8.2.1-py3-none-any.whl.metadata (2.5 kB)
2025-08-21T12:24:06.4559613Z Collecting MarkupSafe>=2.0 (from jinja2->torch>=1.11.0->sentence-transformers>=2.7.0->-r requirements.txt (line 6))
2025-08-21T12:24:06.4660664Z   Downloading MarkupSafe-3.0.2-cp311-cp311-manylinux_2_17_x86_64.manylinux2014_x86_64.whl.metadata (4.0 kB)
2025-08-21T12:24:06.6272681Z Collecting charset_normalizer<4,>=2 (from requests->transformers<5.0.0,>=4.41.0->sentence-transformers>=2.7.0->-r requirements.txt (line 6))
2025-08-21T12:24:06.6376474Z   Downloading charset_normalizer-3.4.3-cp311-cp311-manylinux2014_x86_64.manylinux_2_17_x86_64.manylinux_2_28_x86_64.whl.metadata (36 kB)
2025-08-21T12:24:06.6803772Z Collecting urllib3<3,>=1.21.1 (from requests->transformers<5.0.0,>=4.41.0->sentence-transformers>=2.7.0->-r requirements.txt (line 6))
2025-08-21T12:24:06.6931020Z   Downloading urllib3-2.5.0-py3-none-any.whl.metadata (6.5 kB)
2025-08-21T12:24:06.7410582Z Collecting joblib>=1.2.0 (from scikit-learn->sentence-transformers>=2.7.0->-r requirements.txt (line 6))
2025-08-21T12:24:06.7518741Z   Downloading joblib-1.5.1-py3-none-any.whl.metadata (5.6 kB)
2025-08-21T12:24:06.7697008Z Collecting threadpoolctl>=3.1.0 (from scikit-learn->sentence-transformers>=2.7.0->-r requirements.txt (line 6))
2025-08-21T12:24:06.7796200Z   Downloading threadpoolctl-3.6.0-py3-none-any.whl.metadata (13 kB)
2025-08-21T12:24:06.8090976Z Downloading mcp-1.13.0-py3-none-any.whl (160 kB)
2025-08-21T12:24:06.8365697Z Downloading pydantic-2.11.7-py3-none-any.whl (444 kB)
2025-08-21T12:24:06.8861021Z Downloading pydantic_core-2.33.2-cp311-cp311-manylinux_2_17_x86_64.manylinux2014_x86_64.whl (2.0 MB)
2025-08-21T12:24:07.0210171Z    ━━━━━━━━━━━━━━━━━━━━━━━━━━━━━━━━━━━━━━━━ 2.0/2.0 MB 15.3 MB/s  0:00:00
2025-08-21T12:24:07.0309429Z Downloading psycopg-3.2.9-py3-none-any.whl (202 kB)
2025-08-21T12:24:07.0514012Z Downloading pgvector-0.4.1-py3-none-any.whl (27 kB)
2025-08-21T12:24:07.0629861Z Downloading feedparser-6.0.11-py3-none-any.whl (81 kB)
2025-08-21T12:24:07.0779338Z Downloading sentence_transformers-5.1.0-py3-none-any.whl (483 kB)
2025-08-21T12:24:07.1115926Z Downloading transformers-4.55.3-py3-none-any.whl (11.3 MB)
2025-08-21T12:24:07.3447217Z    ━━━━━━━━━━━━━━━━━━━━━━━━━━━━━━━━━━━━━━━━ 11.3/11.3 MB 49.4 MB/s  0:00:00
2025-08-21T12:24:07.3555799Z Downloading huggingface_hub-0.34.4-py3-none-any.whl (561 kB)
2025-08-21T12:24:07.3636800Z    ━━━━━━━━━━━━━━━━━━━━━━━━━━━━━━━━━━━━━━━━ 561.5/561.5 kB 62.0 MB/s  0:00:00
2025-08-21T12:24:07.3741190Z Downloading hf_xet-1.1.8-cp37-abi3-manylinux_2_17_x86_64.manylinux2014_x86_64.whl (3.2 MB)
2025-08-21T12:24:07.4122972Z    ━━━━━━━━━━━━━━━━━━━━━━━━━━━━━━━━━━━━━━━━ 3.2/3.2 MB 83.2 MB/s  0:00:00
2025-08-21T12:24:07.4252537Z Downloading tokenizers-0.21.4-cp39-abi3-manylinux_2_17_x86_64.manylinux2014_x86_64.whl (3.1 MB)
2025-08-21T12:24:07.4585139Z    ━━━━━━━━━━━━━━━━━━━━━━━━━━━━━━━━━━━━━━━━ 3.1/3.1 MB 93.9 MB/s  0:00:00
2025-08-21T12:24:07.4685908Z Downloading httpx-0.28.1-py3-none-any.whl (73 kB)
2025-08-21T12:24:07.4806821Z Downloading httpcore-1.0.9-py3-none-any.whl (78 kB)
2025-08-21T12:24:07.4925164Z Downloading annotated_types-0.7.0-py3-none-any.whl (13 kB)
2025-08-21T12:24:07.5061555Z Downloading anyio-4.10.0-py3-none-any.whl (107 kB)
2025-08-21T12:24:07.5185414Z Downloading fsspec-2025.7.0-py3-none-any.whl (199 kB)
2025-08-21T12:24:07.5310757Z Downloading h11-0.16.0-py3-none-any.whl (37 kB)
2025-08-21T12:24:07.5428442Z Downloading httpx_sse-0.4.1-py3-none-any.whl (8.1 kB)
2025-08-21T12:24:07.5544631Z Downloading idna-3.10-py3-none-any.whl (70 kB)
2025-08-21T12:24:07.5663080Z Downloading jsonschema-4.25.1-py3-none-any.whl (90 kB)
2025-08-21T12:24:07.5782171Z Downloading attrs-25.3.0-py3-none-any.whl (63 kB)
2025-08-21T12:24:07.5899326Z Downloading jsonschema_specifications-2025.4.1-py3-none-any.whl (18 kB)
2025-08-21T12:24:07.6020145Z Downloading numpy-2.3.2-cp311-cp311-manylinux_2_27_x86_64.manylinux_2_28_x86_64.whl (16.9 MB)
2025-08-21T12:24:07.7231557Z    ━━━━━━━━━━━━━━━━━━━━━━━━━━━━━━━━━━━━━━━━ 16.9/16.9 MB 141.5 MB/s  0:00:00
2025-08-21T12:24:07.7334776Z Downloading packaging-25.0-py3-none-any.whl (66 kB)
2025-08-21T12:24:07.7480266Z Downloading psycopg_binary-3.2.9-cp311-cp311-manylinux_2_17_x86_64.manylinux2014_x86_64.whl (4.5 MB)
2025-08-21T12:24:07.7751679Z    ━━━━━━━━━━━━━━━━━━━━━━━━━━━━━━━━━━━━━━━━ 4.5/4.5 MB 171.8 MB/s  0:00:00
2025-08-21T12:24:07.7851202Z Downloading pydantic_settings-2.10.1-py3-none-any.whl (45 kB)
2025-08-21T12:24:07.7971238Z Downloading python_dotenv-1.1.1-py3-none-any.whl (20 kB)
2025-08-21T12:24:07.8086160Z Downloading python_multipart-0.0.20-py3-none-any.whl (24 kB)
2025-08-21T12:24:07.8226769Z Downloading PyYAML-6.0.2-cp311-cp311-manylinux_2_17_x86_64.manylinux2014_x86_64.whl (762 kB)
2025-08-21T12:24:07.8308313Z    ━━━━━━━━━━━━━━━━━━━━━━━━━━━━━━━━━━━━━━━━ 763.0/763.0 kB 98.9 MB/s  0:00:00
2025-08-21T12:24:07.8406566Z Downloading referencing-0.36.2-py3-none-any.whl (26 kB)
2025-08-21T12:24:07.8524566Z Downloading regex-2025.7.34-cp311-cp311-manylinux2014_x86_64.manylinux_2_17_x86_64.manylinux_2_28_x86_64.whl (798 kB)
2025-08-21T12:24:07.8612584Z    ━━━━━━━━━━━━━━━━━━━━━━━━━━━━━━━━━━━━━━━━ 798.9/798.9 kB 98.0 MB/s  0:00:00
2025-08-21T12:24:07.8714020Z Downloading rpds_py-0.27.0-cp311-cp311-manylinux_2_17_x86_64.manylinux2014_x86_64.whl (383 kB)
2025-08-21T12:24:07.8857223Z Downloading safetensors-0.6.2-cp38-abi3-manylinux_2_17_x86_64.manylinux2014_x86_64.whl (485 kB)
2025-08-21T12:24:07.9012338Z Downloading sniffio-1.3.1-py3-none-any.whl (10 kB)
2025-08-21T12:24:07.9126934Z Downloading sse_starlette-3.0.2-py3-none-any.whl (11 kB)
2025-08-21T12:24:07.9243078Z Downloading starlette-0.47.2-py3-none-any.whl (72 kB)
2025-08-21T12:24:07.9379243Z Downloading torch-2.8.0-cp311-cp311-manylinux_2_28_x86_64.whl (888.1 MB)
2025-08-21T12:24:14.6592150Z    ━━━━━━━━━━━━━━━━━━━━━━━━━━━━━━━━━━━━━━━━ 888.1/888.1 MB 54.1 MB/s  0:00:06
2025-08-21T12:24:14.6699216Z Downloading nvidia_cublas_cu12-12.8.4.1-py3-none-manylinux_2_27_x86_64.whl (594.3 MB)
2025-08-21T12:24:19.6052252Z    ━━━━━━━━━━━━━━━━━━━━━━━━━━━━━━━━━━━━━━━━ 594.3/594.3 MB 70.1 MB/s  0:00:04
2025-08-21T12:24:19.6168497Z Downloading nvidia_cuda_cupti_cu12-12.8.90-py3-none-manylinux2014_x86_64.manylinux_2_17_x86_64.whl (10.2 MB)
2025-08-21T12:24:19.6731841Z    ━━━━━━━━━━━━━━━━━━━━━━━━━━━━━━━━━━━━━━━━ 10.2/10.2 MB 186.9 MB/s  0:00:00
2025-08-21T12:24:19.6832931Z Downloading nvidia_cuda_nvrtc_cu12-12.8.93-py3-none-manylinux2010_x86_64.manylinux_2_12_x86_64.whl (88.0 MB)
2025-08-21T12:24:20.1276030Z    ━━━━━━━━━━━━━━━━━━━━━━━━━━━━━━━━━━━━━━━━ 88.0/88.0 MB 199.4 MB/s  0:00:00
2025-08-21T12:24:20.1381180Z Downloading nvidia_cuda_runtime_cu12-12.8.90-py3-none-manylinux2014_x86_64.manylinux_2_17_x86_64.whl (954 kB)
2025-08-21T12:24:20.1464007Z    ━━━━━━━━━━━━━━━━━━━━━━━━━━━━━━━━━━━━━━━━ 954.8/954.8 kB 124.6 MB/s  0:00:00
2025-08-21T12:24:20.1564139Z Downloading nvidia_cudnn_cu12-9.10.2.21-py3-none-manylinux_2_27_x86_64.whl (706.8 MB)
2025-08-21T12:24:26.0255146Z    ━━━━━━━━━━━━━━━━━━━━━━━━━━━━━━━━━━━━━━━━ 706.8/706.8 MB 60.9 MB/s  0:00:05
2025-08-21T12:24:26.0364109Z Downloading nvidia_cufft_cu12-11.3.3.83-py3-none-manylinux2014_x86_64.manylinux_2_17_x86_64.whl (193.1 MB)
2025-08-21T12:24:27.0749024Z    ━━━━━━━━━━━━━━━━━━━━━━━━━━━━━━━━━━━━━━━━ 193.1/193.1 MB 186.3 MB/s  0:00:01
2025-08-21T12:24:27.0857163Z Downloading nvidia_cufile_cu12-1.13.1.3-py3-none-manylinux2014_x86_64.manylinux_2_17_x86_64.whl (1.2 MB)
2025-08-21T12:24:27.0948501Z    ━━━━━━━━━━━━━━━━━━━━━━━━━━━━━━━━━━━━━━━━ 1.2/1.2 MB 138.0 MB/s  0:00:00
2025-08-21T12:24:27.1049085Z Downloading nvidia_curand_cu12-10.3.9.90-py3-none-manylinux_2_27_x86_64.whl (63.6 MB)
2025-08-21T12:24:27.3902021Z    ━━━━━━━━━━━━━━━━━━━━━━━━━━━━━━━━━━━━━━━━ 63.6/63.6 MB 225.2 MB/s  0:00:00
2025-08-21T12:24:27.4042859Z Downloading nvidia_cusolver_cu12-11.7.3.90-py3-none-manylinux_2_27_x86_64.whl (267.5 MB)
2025-08-21T12:24:29.6770007Z    ━━━━━━━━━━━━━━━━━━━━━━━━━━━━━━━━━━━━━━━━ 267.5/267.5 MB 116.2 MB/s  0:00:02
2025-08-21T12:24:29.6872197Z Downloading nvidia_cusparse_cu12-12.5.8.93-py3-none-manylinux2014_x86_64.manylinux_2_17_x86_64.whl (288.2 MB)
2025-08-21T12:24:32.2334225Z    ━━━━━━━━━━━━━━━━━━━━━━━━━━━━━━━━━━━━━━━━ 288.2/288.2 MB 107.4 MB/s  0:00:02
2025-08-21T12:24:32.2440472Z Downloading nvidia_cusparselt_cu12-0.7.1-py3-none-manylinux2014_x86_64.whl (287.2 MB)
2025-08-21T12:24:33.8924564Z    ━━━━━━━━━━━━━━━━━━━━━━━━━━━━━━━━━━━━━━━━ 287.2/287.2 MB 167.3 MB/s  0:00:01
2025-08-21T12:24:33.9027905Z Downloading nvidia_nccl_cu12-2.27.3-py3-none-manylinux2014_x86_64.manylinux_2_17_x86_64.whl (322.4 MB)
2025-08-21T12:24:36.5932158Z    ━━━━━━━━━━━━━━━━━━━━━━━━━━━━━━━━━━━━━━━━ 322.4/322.4 MB 105.5 MB/s  0:00:02
2025-08-21T12:24:36.6056229Z Downloading nvidia_nvjitlink_cu12-12.8.93-py3-none-manylinux2010_x86_64.manylinux_2_12_x86_64.whl (39.3 MB)
2025-08-21T12:24:36.7932128Z    ━━━━━━━━━━━━━━━━━━━━━━━━━━━━━━━━━━━━━━━━ 39.3/39.3 MB 210.8 MB/s  0:00:00
2025-08-21T12:24:36.8034125Z Downloading nvidia_nvtx_cu12-12.8.90-py3-none-manylinux2014_x86_64.manylinux_2_17_x86_64.whl (89 kB)
2025-08-21T12:24:36.8180415Z Downloading triton-3.4.0-cp311-cp311-manylinux_2_27_x86_64.manylinux_2_28_x86_64.whl (155.5 MB)
2025-08-21T12:24:37.5548800Z    ━━━━━━━━━━━━━━━━━━━━━━━━━━━━━━━━━━━━━━━━ 155.5/155.5 MB 211.6 MB/s  0:00:00
2025-08-21T12:24:37.5652304Z Downloading sympy-1.14.0-py3-none-any.whl (6.3 MB)
2025-08-21T12:24:37.5964620Z    ━━━━━━━━━━━━━━━━━━━━━━━━━━━━━━━━━━━━━━━━ 6.3/6.3 MB 212.8 MB/s  0:00:00
2025-08-21T12:24:37.6066876Z Downloading mpmath-1.3.0-py3-none-any.whl (536 kB)
2025-08-21T12:24:37.6124026Z    ━━━━━━━━━━━━━━━━━━━━━━━━━━━━━━━━━━━━━━━━ 536.2/536.2 kB 84.8 MB/s  0:00:00
2025-08-21T12:24:37.6222868Z Downloading tqdm-4.67.1-py3-none-any.whl (78 kB)
2025-08-21T12:24:37.6342181Z Downloading typing_extensions-4.14.1-py3-none-any.whl (43 kB)
2025-08-21T12:24:37.6459881Z Downloading typing_inspection-0.4.1-py3-none-any.whl (14 kB)
2025-08-21T12:24:37.6576021Z Downloading uvicorn-0.35.0-py3-none-any.whl (66 kB)
2025-08-21T12:24:37.6720870Z Downloading click-8.2.1-py3-none-any.whl (102 kB)
2025-08-21T12:24:37.6841728Z Downloading certifi-2025.8.3-py3-none-any.whl (161 kB)
2025-08-21T12:24:37.6964526Z Downloading filelock-3.19.1-py3-none-any.whl (15 kB)
2025-08-21T12:24:37.7084097Z Downloading jinja2-3.1.6-py3-none-any.whl (134 kB)
2025-08-21T12:24:37.7205646Z Downloading MarkupSafe-3.0.2-cp311-cp311-manylinux_2_17_x86_64.manylinux2014_x86_64.whl (23 kB)
2025-08-21T12:24:37.7323063Z Downloading networkx-3.5-py3-none-any.whl (2.0 MB)
2025-08-21T12:24:37.7443194Z    ━━━━━━━━━━━━━━━━━━━━━━━━━━━━━━━━━━━━━━━━ 2.0/2.0 MB 184.7 MB/s  0:00:00
2025-08-21T12:24:37.7545977Z Downloading pillow-11.3.0-cp311-cp311-manylinux_2_27_x86_64.manylinux_2_28_x86_64.whl (6.6 MB)
2025-08-21T12:24:37.7888236Z    ━━━━━━━━━━━━━━━━━━━━━━━━━━━━━━━━━━━━━━━━ 6.6/6.6 MB 205.4 MB/s  0:00:00
2025-08-21T12:24:37.7989934Z Downloading requests-2.32.5-py3-none-any.whl (64 kB)
2025-08-21T12:24:37.8112338Z Downloading charset_normalizer-3.4.3-cp311-cp311-manylinux2014_x86_64.manylinux_2_17_x86_64.manylinux_2_28_x86_64.whl (150 kB)
2025-08-21T12:24:37.8235708Z Downloading urllib3-2.5.0-py3-none-any.whl (129 kB)
2025-08-21T12:24:37.8385506Z Downloading scikit_learn-1.7.1-cp311-cp311-manylinux2014_x86_64.manylinux_2_17_x86_64.whl (9.7 MB)
2025-08-21T12:24:37.8913276Z    ━━━━━━━━━━━━━━━━━━━━━━━━━━━━━━━━━━━━━━━━ 9.7/9.7 MB 189.2 MB/s  0:00:00
2025-08-21T12:24:37.9015734Z Downloading joblib-1.5.1-py3-none-any.whl (307 kB)
2025-08-21T12:24:37.9146500Z Downloading scipy-1.16.1-cp311-cp311-manylinux2014_x86_64.manylinux_2_17_x86_64.whl (35.4 MB)
2025-08-21T12:24:38.0751237Z    ━━━━━━━━━━━━━━━━━━━━━━━━━━━━━━━━━━━━━━━━ 35.4/35.4 MB 223.1 MB/s  0:00:00
2025-08-21T12:24:38.0853425Z Downloading threadpoolctl-3.6.0-py3-none-any.whl (18 kB)
2025-08-21T12:24:41.0310900Z Building wheels for collected packages: sgmllib3k
2025-08-21T12:24:41.0319229Z   Building wheel for sgmllib3k (pyproject.toml): started
2025-08-21T12:24:41.2187653Z   Building wheel for sgmllib3k (pyproject.toml): finished with status 'done'
2025-08-21T12:24:41.2193338Z   Created wheel for sgmllib3k: filename=sgmllib3k-1.0.0-py3-none-any.whl size=6089 sha256=97c6b917f9f3f7d939d1dfe28a5092b2bca71e66f9921f9e2e8ac184df54e99d
2025-08-21T12:24:41.2195012Z   Stored in directory: /home/runner/.cache/pip/wheels/3b/25/2a/105d6a15df6914f4d15047691c6c28f9052cc1173e40285d03
2025-08-21T12:24:41.2209544Z Successfully built sgmllib3k
2025-08-21T12:24:41.4198493Z Installing collected packages: sgmllib3k, nvidia-cusparselt-cu12, mpmath, urllib3, typing-extensions, triton, tqdm, threadpoolctl, sympy, sniffio, safetensors, rpds-py, regex, pyyaml, python-multipart, python-dotenv, psycopg-binary, Pillow, packaging, nvidia-nvtx-cu12, nvidia-nvjitlink-cu12, nvidia-nccl-cu12, nvidia-curand-cu12, nvidia-cufile-cu12, nvidia-cuda-runtime-cu12, nvidia-cuda-nvrtc-cu12, nvidia-cuda-cupti-cu12, nvidia-cublas-cu12, numpy, networkx, MarkupSafe, joblib, idna, httpx-sse, hf-xet, h11, fsspec, filelock, feedparser, click, charset_normalizer, certifi, attrs, annotated-types, uvicorn, typing-inspection, scipy, requests, referencing, pydantic-core, psycopg, pgvector, nvidia-cusparse-cu12, nvidia-cufft-cu12, nvidia-cudnn-cu12, jinja2, httpcore, anyio, starlette, sse-starlette, scikit-learn, pydantic, nvidia-cusolver-cu12, jsonschema-specifications, huggingface-hub, httpx, torch, tokenizers, pydantic-settings, jsonschema, transformers, mcp, sentence-transformers
2025-08-21T12:25:47.1384265Z 
2025-08-21T12:25:47.1425421Z Successfully installed MarkupSafe-3.0.2 Pillow-11.3.0 annotated-types-0.7.0 anyio-4.10.0 attrs-25.3.0 certifi-2025.8.3 charset_normalizer-3.4.3 click-8.2.1 feedparser-6.0.11 filelock-3.19.1 fsspec-2025.7.0 h11-0.16.0 hf-xet-1.1.8 httpcore-1.0.9 httpx-0.28.1 httpx-sse-0.4.1 huggingface-hub-0.34.4 idna-3.10 jinja2-3.1.6 joblib-1.5.1 jsonschema-4.25.1 jsonschema-specifications-2025.4.1 mcp-1.13.0 mpmath-1.3.0 networkx-3.5 numpy-2.3.2 nvidia-cublas-cu12-12.8.4.1 nvidia-cuda-cupti-cu12-12.8.90 nvidia-cuda-nvrtc-cu12-12.8.93 nvidia-cuda-runtime-cu12-12.8.90 nvidia-cudnn-cu12-9.10.2.21 nvidia-cufft-cu12-11.3.3.83 nvidia-cufile-cu12-1.13.1.3 nvidia-curand-cu12-10.3.9.90 nvidia-cusolver-cu12-11.7.3.90 nvidia-cusparse-cu12-12.5.8.93 nvidia-cusparselt-cu12-0.7.1 nvidia-nccl-cu12-2.27.3 nvidia-nvjitlink-cu12-12.8.93 nvidia-nvtx-cu12-12.8.90 packaging-25.0 pgvector-0.4.1 psycopg-3.2.9 psycopg-binary-3.2.9 pydantic-2.11.7 pydantic-core-2.33.2 pydantic-settings-2.10.1 python-dotenv-1.1.1 python-multipart-0.0.20 pyyaml-6.0.2 referencing-0.36.2 regex-2025.7.34 requests-2.32.5 rpds-py-0.27.0 safetensors-0.6.2 scikit-learn-1.7.1 scipy-1.16.1 sentence-transformers-5.1.0 sgmllib3k-1.0.0 sniffio-1.3.1 sse-starlette-3.0.2 starlette-0.47.2 sympy-1.14.0 threadpoolctl-3.6.0 tokenizers-0.21.4 torch-2.8.0 tqdm-4.67.1 transformers-4.55.3 triton-3.4.0 typing-extensions-4.14.1 typing-inspection-0.4.1 urllib3-2.5.0 uvicorn-0.35.0
2025-08-21T12:25:48.9336320Z Requirement already satisfied: pgvector in /opt/hostedtoolcache/Python/3.11.13/x64/lib/python3.11/site-packages (0.4.1)
2025-08-21T12:25:48.9339606Z Requirement already satisfied: psycopg[binary] in /opt/hostedtoolcache/Python/3.11.13/x64/lib/python3.11/site-packages (3.2.9)
2025-08-21T12:25:48.9356672Z Requirement already satisfied: typing-extensions>=4.6 in /opt/hostedtoolcache/Python/3.11.13/x64/lib/python3.11/site-packages (from psycopg[binary]) (4.14.1)
2025-08-21T12:25:48.9367130Z Requirement already satisfied: psycopg-binary==3.2.9 in /opt/hostedtoolcache/Python/3.11.13/x64/lib/python3.11/site-packages (from psycopg[binary]) (3.2.9)
2025-08-21T12:25:48.9410251Z Requirement already satisfied: numpy in /opt/hostedtoolcache/Python/3.11.13/x64/lib/python3.11/site-packages (from pgvector) (2.3.2)
2025-08-21T12:25:50.0193172Z Collecting pytest
2025-08-21T12:25:50.0910931Z   Downloading pytest-8.4.1-py3-none-any.whl.metadata (7.7 kB)
2025-08-21T12:25:50.1100192Z Collecting iniconfig>=1 (from pytest)
2025-08-21T12:25:50.1200629Z   Downloading iniconfig-2.1.0-py3-none-any.whl.metadata (2.7 kB)
2025-08-21T12:25:50.1232931Z Requirement already satisfied: packaging>=20 in /opt/hostedtoolcache/Python/3.11.13/x64/lib/python3.11/site-packages (from pytest) (25.0)
2025-08-21T12:25:50.1388526Z Collecting pluggy<2,>=1.5 (from pytest)
2025-08-21T12:25:50.1492785Z   Downloading pluggy-1.6.0-py3-none-any.whl.metadata (4.8 kB)
2025-08-21T12:25:50.1759085Z Collecting pygments>=2.7.2 (from pytest)
2025-08-21T12:25:50.1860018Z   Downloading pygments-2.19.2-py3-none-any.whl.metadata (2.5 kB)
2025-08-21T12:25:50.2005976Z Downloading pytest-8.4.1-py3-none-any.whl (365 kB)
2025-08-21T12:25:50.2389977Z Downloading pluggy-1.6.0-py3-none-any.whl (20 kB)
2025-08-21T12:25:50.2509061Z Downloading iniconfig-2.1.0-py3-none-any.whl (6.0 kB)
2025-08-21T12:25:50.2622910Z Downloading pygments-2.19.2-py3-none-any.whl (1.2 MB)
2025-08-21T12:25:50.2803098Z    ━━━━━━━━━━━━━━━━━━━━━━━━━━━━━━━━━━━━━━━━ 1.2/1.2 MB 68.8 MB/s  0:00:00
2025-08-21T12:25:50.4312988Z Installing collected packages: pygments, pluggy, iniconfig, pytest
2025-08-21T12:25:51.3132609Z 
2025-08-21T12:25:51.3166981Z Successfully installed iniconfig-2.1.0 pluggy-1.6.0 pygments-2.19.2 pytest-8.4.1
2025-08-21T12:25:51.3730227Z ##[group]Run if [ -f db/schema_v2.sql ]; then
2025-08-21T12:25:51.3730589Z [36;1mif [ -f db/schema_v2.sql ]; then[0m
2025-08-21T12:25:51.3731061Z [36;1m  psql "$DATABASE_URL" -f db/schema_v2.sql[0m
2025-08-21T12:25:51.3731317Z [36;1melse[0m
2025-08-21T12:25:51.3731515Z [36;1m  echo "schema_v2.sql not found; skipping"[0m
2025-08-21T12:25:51.3731756Z [36;1mfi[0m
2025-08-21T12:25:51.3800294Z shell: /usr/bin/bash -e {0}
2025-08-21T12:25:51.3800513Z env:
2025-08-21T12:25:51.3800998Z   DATABASE_URL: ***localhost:5432/testdb
2025-08-21T12:25:51.3801247Z   EMBED_SPACE: bge-m3
2025-08-21T12:25:51.3801440Z   ENABLE_SERVER_EMBEDDING: 0
2025-08-21T12:25:51.3801711Z   pythonLocation: /opt/hostedtoolcache/Python/3.11.13/x64
2025-08-21T12:25:51.3802111Z   PKG_CONFIG_PATH: /opt/hostedtoolcache/Python/3.11.13/x64/lib/pkgconfig
2025-08-21T12:25:51.3802479Z   Python_ROOT_DIR: /opt/hostedtoolcache/Python/3.11.13/x64
2025-08-21T12:25:51.3802844Z   Python2_ROOT_DIR: /opt/hostedtoolcache/Python/3.11.13/x64
2025-08-21T12:25:51.3803184Z   Python3_ROOT_DIR: /opt/hostedtoolcache/Python/3.11.13/x64
2025-08-21T12:25:51.3803751Z   LD_LIBRARY_PATH: /opt/hostedtoolcache/Python/3.11.13/x64/lib
2025-08-21T12:25:51.3804036Z ##[endgroup]
2025-08-21T12:25:51.4247895Z psql:db/schema_v2.sql:4: NOTICE:  extension "vector" already exists, skipping
2025-08-21T12:25:51.4248357Z CREATE EXTENSION
2025-08-21T12:25:51.4434371Z CREATE TABLE
2025-08-21T12:25:51.4444459Z CREATE INDEX
2025-08-21T12:25:51.4458598Z CREATE INDEX
2025-08-21T12:25:51.4488898Z CREATE TABLE
2025-08-21T12:25:51.4504537Z DO
2025-08-21T12:25:51.4513741Z CREATE INDEX
2025-08-21T12:25:51.4537517Z CREATE TABLE
2025-08-21T12:25:51.4546134Z CREATE INDEX
2025-08-21T12:25:51.4552047Z CREATE INDEX
2025-08-21T12:25:51.4578956Z CREATE TABLE
2025-08-21T12:25:51.4602739Z CREATE TABLE
2025-08-21T12:25:51.4626521Z CREATE TABLE
2025-08-21T12:25:51.4649384Z CREATE TABLE
2025-08-21T12:25:51.4666429Z CREATE TABLE
2025-08-21T12:25:51.4690582Z CREATE TABLE
2025-08-21T12:25:51.4702336Z CREATE INDEX
2025-08-21T12:25:51.4711628Z CREATE INDEX
2025-08-21T12:25:51.4721064Z CREATE INDEX
2025-08-21T12:25:51.4724272Z psql:db/schema_v2.sql:120: NOTICE:  column "author" of relation "doc" already exists, skipping
2025-08-21T12:25:51.4724924Z DO
2025-08-21T12:25:51.4761946Z ##[group]Run python -m compileall -q .
2025-08-21T12:25:51.4762270Z [36;1mpython -m compileall -q .[0m
2025-08-21T12:25:51.4801220Z shell: /usr/bin/bash -e {0}
2025-08-21T12:25:51.4801443Z env:
2025-08-21T12:25:51.4801884Z   DATABASE_URL: ***localhost:5432/testdb
2025-08-21T12:25:51.4802138Z   EMBED_SPACE: bge-m3
2025-08-21T12:25:51.4802334Z   ENABLE_SERVER_EMBEDDING: 0
2025-08-21T12:25:51.4802611Z   pythonLocation: /opt/hostedtoolcache/Python/3.11.13/x64
2025-08-21T12:25:51.4802997Z   PKG_CONFIG_PATH: /opt/hostedtoolcache/Python/3.11.13/x64/lib/pkgconfig
2025-08-21T12:25:51.4803370Z   Python_ROOT_DIR: /opt/hostedtoolcache/Python/3.11.13/x64
2025-08-21T12:25:51.4803935Z   Python2_ROOT_DIR: /opt/hostedtoolcache/Python/3.11.13/x64
2025-08-21T12:25:51.4804272Z   Python3_ROOT_DIR: /opt/hostedtoolcache/Python/3.11.13/x64
2025-08-21T12:25:51.4804617Z   LD_LIBRARY_PATH: /opt/hostedtoolcache/Python/3.11.13/x64/lib
2025-08-21T12:25:51.4804891Z ##[endgroup]
2025-08-21T12:25:51.5449985Z ##[group]Run PYTHONPATH=. pytest -q
2025-08-21T12:25:51.5450279Z [36;1mPYTHONPATH=. pytest -q[0m
2025-08-21T12:25:51.5486996Z shell: /usr/bin/bash -e {0}
2025-08-21T12:25:51.5487209Z env:
2025-08-21T12:25:51.5487768Z   DATABASE_URL: ***localhost:5432/testdb
2025-08-21T12:25:51.5488016Z   EMBED_SPACE: bge-m3
2025-08-21T12:25:51.5488213Z   ENABLE_SERVER_EMBEDDING: 0
2025-08-21T12:25:51.5488481Z   pythonLocation: /opt/hostedtoolcache/Python/3.11.13/x64
2025-08-21T12:25:51.5488856Z   PKG_CONFIG_PATH: /opt/hostedtoolcache/Python/3.11.13/x64/lib/pkgconfig
2025-08-21T12:25:51.5489237Z   Python_ROOT_DIR: /opt/hostedtoolcache/Python/3.11.13/x64
2025-08-21T12:25:51.5489620Z   Python2_ROOT_DIR: /opt/hostedtoolcache/Python/3.11.13/x64
2025-08-21T12:25:51.5489956Z   Python3_ROOT_DIR: /opt/hostedtoolcache/Python/3.11.13/x64
2025-08-21T12:25:51.5490295Z   LD_LIBRARY_PATH: /opt/hostedtoolcache/Python/3.11.13/x64/lib
2025-08-21T12:25:51.5490771Z ##[endgroup]
2025-08-21T12:25:53.2332454Z 
2025-08-21T12:25:53.2333148Z ==================================== ERRORS ====================================
2025-08-21T12:25:53.2334215Z _____________________ ERROR collecting tests/test_smoke.py _____________________
2025-08-21T12:25:53.2334835Z import file mismatch:
2025-08-21T12:25:53.2335361Z imported module 'test_smoke' has this __file__ attribute:
2025-08-21T12:25:53.2336223Z   /home/runner/work/newspaper/newspaper/docs/ci_pack/tests/test_smoke.py
2025-08-21T12:25:53.2337082Z which is not the same as the test file we want to collect:
2025-08-21T12:25:53.2337810Z   /home/runner/work/newspaper/newspaper/tests/test_smoke.py
2025-08-21T12:25:53.2338734Z HINT: remove __pycache__ / .pyc files and/or use a unique basename for your test file modules
2025-08-21T12:25:53.2339706Z ___________________ ERROR collecting tests/test_urlcanon.py ____________________
2025-08-21T12:25:53.2340260Z import file mismatch:
2025-08-21T12:25:53.2340624Z imported module 'test_urlcanon' has this __file__ attribute:
2025-08-21T12:25:53.2341195Z   /home/runner/work/newspaper/newspaper/docs/ci_pack/tests/test_urlcanon.py
2025-08-21T12:25:53.2341757Z which is not the same as the test file we want to collect:
2025-08-21T12:25:53.2342237Z   /home/runner/work/newspaper/newspaper/tests/test_urlcanon.py
2025-08-21T12:25:53.2342844Z HINT: remove __pycache__ / .pyc files and/or use a unique basename for your test file modules
2025-08-21T12:25:53.2343402Z =========================== short test summary info ============================
2025-08-21T12:25:53.2344054Z ERROR tests/test_smoke.py
2025-08-21T12:25:53.2344346Z ERROR tests/test_urlcanon.py
2025-08-21T12:25:53.2344705Z !!!!!!!!!!!!!!!!!!! Interrupted: 2 errors during collection !!!!!!!!!!!!!!!!!!!!
2025-08-21T12:25:53.2345032Z 2 errors in 0.50s
2025-08-21T12:25:53.2724169Z ##[error]Process completed with exit code 2.
2025-08-21T12:25:53.2800111Z Post job cleanup.
2025-08-21T12:25:53.3756396Z [command]/usr/bin/git version
2025-08-21T12:25:53.3791868Z git version 2.51.0
2025-08-21T12:25:53.3842177Z Temporarily overriding HOME='/home/runner/work/_temp/4edf8881-b99a-4940-8d50-4aa7ff351524' before making global git config changes
2025-08-21T12:25:53.3843684Z Adding repository directory to the temporary git global config as a safe directory
2025-08-21T12:25:53.3848476Z [command]/usr/bin/git config --global --add safe.directory /home/runner/work/newspaper/newspaper
2025-08-21T12:25:53.3884185Z [command]/usr/bin/git config --local --name-only --get-regexp core\.sshCommand
2025-08-21T12:25:53.3916725Z [command]/usr/bin/git submodule foreach --recursive sh -c "git config --local --name-only --get-regexp 'core\.sshCommand' && git config --local --unset-all 'core.sshCommand' || :"
2025-08-21T12:25:53.4155239Z [command]/usr/bin/git config --local --name-only --get-regexp http\.https\:\/\/github\.com\/\.extraheader
2025-08-21T12:25:53.4176203Z http.https://github.com/.extraheader
2025-08-21T12:25:53.4188725Z [command]/usr/bin/git config --local --unset-all http.https://github.com/.extraheader
2025-08-21T12:25:53.4219604Z [command]/usr/bin/git submodule foreach --recursive sh -c "git config --local --name-only --get-regexp 'http\.https\:\/\/github\.com\/\.extraheader' && git config --local --unset-all 'http.https://github.com/.extraheader' || :"
2025-08-21T12:25:53.4525156Z Print service container logs: d3987fda7257428794f72837f7da305d_pgvectorpgvectorpg16_61e3ce
2025-08-21T12:25:53.4529555Z ##[command]/usr/bin/docker logs --details 0147443330d913550dc4a992a06c60a42989b697cc02329b481442e098b1c5be
2025-08-21T12:25:53.4644269Z  The files belonging to this database system will be owned by user "postgres".
2025-08-21T12:25:53.4644966Z  This user must also own the server process.
2025-08-21T12:25:53.4645415Z  
2025-08-21T12:25:53.4645845Z  The database cluster will be initialized with locale "en_US.utf8".
2025-08-21T12:25:53.4646544Z  The default database encoding has accordingly been set to "UTF8".
2025-08-21T12:25:53.4647498Z  The default text search configuration will be set to "english".
2025-08-21T12:25:53.4648995Z  initdb: warning: enabling "trust" authentication for local connections
2025-08-21T12:25:53.4650102Z  initdb: hint: You can change this by editing pg_hba.conf or using the option -A, or --auth-local and --auth-host, the next time you run initdb.
2025-08-21T12:25:53.4650986Z  
2025-08-21T12:25:53.4651847Z  2025-08-21 12:23:24.801 UTC [1] LOG:  starting PostgreSQL 16.10 (Debian 16.10-1.pgdg12+1) on x86_64-pc-linux-gnu, compiled by gcc (Debian 12.2.0-14+deb12u1) 12.2.0, 64-bit
2025-08-21T12:25:53.4652925Z  2025-08-21 12:23:24.801 UTC [1] LOG:  listening on IPv4 address "0.0.0.0", port 5432
2025-08-21T12:25:53.4653785Z  2025-08-21 12:23:24.801 UTC [1] LOG:  listening on IPv6 address "::", port 5432
2025-08-21T12:25:53.4654533Z  2025-08-21 12:23:24.804 UTC [1] LOG:  listening on Unix socket "/var/run/postgresql/.s.PGSQL.5432"
2025-08-21T12:25:53.4655349Z  2025-08-21 12:23:24.807 UTC [64] LOG:  database system was shut down at 2025-08-21 12:23:24 UTC
2025-08-21T12:25:53.4656098Z  2025-08-21 12:23:24.811 UTC [1] LOG:  database system is ready to accept connections
2025-08-21T12:25:53.4656658Z  Data page checksums are disabled.
2025-08-21T12:25:53.4657023Z  
2025-08-21T12:25:53.4657459Z  fixing permissions on existing directory /var/lib/postgresql/data ... ok
2025-08-21T12:25:53.4658049Z  creating subdirectories ... ok
2025-08-21T12:25:53.4658515Z  selecting dynamic shared memory implementation ... posix
2025-08-21T12:25:53.4659041Z  selecting default max_connections ... 100
2025-08-21T12:25:53.4659483Z  selecting default shared_buffers ... 128MB
2025-08-21T12:25:53.4659909Z  selecting default time zone ... Etc/UTC
2025-08-21T12:25:53.4660322Z  creating configuration files ... ok
2025-08-21T12:25:53.4660724Z  running bootstrap script ... ok
2025-08-21T12:25:53.4661160Z  performing post-bootstrap initialization ... ok
2025-08-21T12:25:53.4661620Z  syncing data to disk ... ok
2025-08-21T12:25:53.4661945Z  
2025-08-21T12:25:53.4662178Z  
2025-08-21T12:25:53.4662510Z  Success. You can now start the database server using:
2025-08-21T12:25:53.4662946Z  
2025-08-21T12:25:53.4663263Z      pg_ctl -D /var/lib/postgresql/data -l logfile start
2025-08-21T12:25:53.4663839Z  
2025-08-21T12:25:53.4664771Z  waiting for server to start....2025-08-21 12:23:24.494 UTC [48] LOG:  starting PostgreSQL 16.10 (Debian 16.10-1.pgdg12+1) on x86_64-pc-linux-gnu, compiled by gcc (Debian 12.2.0-14+deb12u1) 12.2.0, 64-bit
2025-08-21T12:25:53.4666250Z  2025-08-21 12:23:24.495 UTC [48] LOG:  listening on Unix socket "/var/run/postgresql/.s.PGSQL.5432"
2025-08-21T12:25:53.4666998Z  2025-08-21 12:23:24.498 UTC [51] LOG:  database system was shut down at 2025-08-21 12:23:24 UTC
2025-08-21T12:25:53.4667444Z  2025-08-21 12:23:24.502 UTC [48] LOG:  database system is ready to accept connections
2025-08-21T12:25:53.4667760Z   done
2025-08-21T12:25:53.4667909Z  server started
2025-08-21T12:25:53.4668078Z  CREATE DATABASE
2025-08-21T12:25:53.4668238Z  
2025-08-21T12:25:53.4668379Z  
2025-08-21T12:25:53.4668665Z  /usr/local/bin/docker-entrypoint.sh: ignoring /docker-entrypoint-initdb.d/*
2025-08-21T12:25:53.4669004Z  
2025-08-21T12:25:53.4669214Z  2025-08-21 12:23:24.680 UTC [48] LOG:  received fast shutdown request
2025-08-21T12:25:53.4669884Z  waiting for server to shut down....2025-08-21 12:23:24.681 UTC [48] LOG:  aborting any active transactions
2025-08-21T12:25:53.4670488Z  2025-08-21 12:23:24.682 UTC [48] LOG:  background worker "logical replication launcher" (PID 54) exited with exit code 1
2025-08-21T12:25:53.4670941Z  2025-08-21 12:23:24.683 UTC [49] LOG:  shutting down
2025-08-21T12:25:53.4671268Z  2025-08-21 12:23:24.683 UTC [49] LOG:  checkpoint starting: shutdown immediate
2025-08-21T12:25:53.4672143Z  2025-08-21 12:23:24.699 UTC [49] LOG:  checkpoint complete: wrote 922 buffers (5.6%); 0 WAL file(s) added, 0 removed, 0 recycled; write=0.013 s, sync=0.003 s, total=0.017 s; sync files=301, longest=0.001 s, average=0.001 s; distance=4255 kB, estimate=4255 kB; lsn=0/1912100, redo lsn=0/1912100
2025-08-21T12:25:53.4673128Z  2025-08-21 12:23:24.706 UTC [48] LOG:  database system is shut down
2025-08-21T12:25:53.4673398Z   done
2025-08-21T12:25:53.4673762Z  server stopped
2025-08-21T12:25:53.4673942Z  
2025-08-21T12:25:53.4674257Z  PostgreSQL init process complete; ready for start up.
2025-08-21T12:25:53.4674624Z  
2025-08-21T12:25:53.4679622Z Stop and remove container: d3987fda7257428794f72837f7da305d_pgvectorpgvectorpg16_61e3ce
2025-08-21T12:25:53.4684682Z ##[command]/usr/bin/docker rm --force 0147443330d913550dc4a992a06c60a42989b697cc02329b481442e098b1c5be
2025-08-21T12:25:56.6070420Z 0147443330d913550dc4a992a06c60a42989b697cc02329b481442e098b1c5be
2025-08-21T12:25:56.6097026Z Remove container network: github_network_88399263fbde45e1bf997f63cbee6725
2025-08-21T12:25:56.6101115Z ##[command]/usr/bin/docker network rm github_network_88399263fbde45e1bf997f63cbee6725
2025-08-21T12:25:56.7287209Z github_network_88399263fbde45e1bf997f63cbee6725
2025-08-21T12:25:56.7343267Z Cleaning up orphan processes
