2025-08-21T12:11:50.7769282Z Current runner version: '2.328.0'
2025-08-21T12:11:50.7803930Z ##[group]Runner Image Provisioner
2025-08-21T12:11:50.7805339Z Hosted Compute Agent
2025-08-21T12:11:50.7806263Z Version: 20250818.377
2025-08-21T12:11:50.7807328Z Commit: 3c593e9f75fe0b87e893bca80d6e12ba089c61fc
2025-08-21T12:11:50.7808687Z Build Date: 2025-08-18T14:52:18Z
2025-08-21T12:11:50.7809671Z ##[endgroup]
2025-08-21T12:11:50.7810457Z ##[group]Operating System
2025-08-21T12:11:50.7811474Z Ubuntu
2025-08-21T12:11:50.7812206Z 24.04.2
2025-08-21T12:11:50.7812921Z LTS
2025-08-21T12:11:50.7814084Z ##[endgroup]
2025-08-21T12:11:50.7814862Z ##[group]Runner Image
2025-08-21T12:11:50.7815876Z Image: ubuntu-24.04
2025-08-21T12:11:50.7816696Z Version: 20250818.1.0
2025-08-21T12:11:50.7818446Z Included Software: https://github.com/actions/runner-images/blob/ubuntu24/20250818.1/images/ubuntu/Ubuntu2404-Readme.md
2025-08-21T12:11:50.7821293Z Image Release: https://github.com/actions/runner-images/releases/tag/ubuntu24%2F20250818.1
2025-08-21T12:11:50.7823035Z ##[endgroup]
2025-08-21T12:11:50.7825307Z ##[group]GITHUB_TOKEN Permissions
2025-08-21T12:11:50.7827878Z Contents: read
2025-08-21T12:11:50.7828884Z Metadata: read
2025-08-21T12:11:50.7829765Z Packages: read
2025-08-21T12:11:50.7830511Z ##[endgroup]
2025-08-21T12:11:50.7833866Z Secret source: Actions
2025-08-21T12:11:50.7834981Z Prepare workflow directory
2025-08-21T12:11:50.8469521Z Prepare all required actions
2025-08-21T12:11:50.8527356Z Getting action download info
2025-08-21T12:11:51.0711402Z Download action repository 'actions/checkout@v4' (SHA:08eba0b27e820071cde6df949e0beb9ba4906955)
2025-08-21T12:11:51.1405192Z Download action repository 'actions/setup-python@v5' (SHA:a26af69be951a213d495a4c3e4e4022e16d87065)
2025-08-21T12:11:51.3374341Z Complete job name: test
2025-08-21T12:11:51.3854302Z ##[group]Checking docker version
2025-08-21T12:11:51.3867022Z ##[command]/usr/bin/docker version --format '{{.Server.APIVersion}}'
2025-08-21T12:11:51.4334369Z '1.48'
2025-08-21T12:11:51.4346718Z Docker daemon API version: '1.48'
2025-08-21T12:11:51.4347478Z ##[command]/usr/bin/docker version --format '{{.Client.APIVersion}}'
2025-08-21T12:11:51.4508855Z '1.48'
2025-08-21T12:11:51.4522304Z Docker client API version: '1.48'
2025-08-21T12:11:51.4528536Z ##[endgroup]
2025-08-21T12:11:51.4531353Z ##[group]Clean up resources from previous jobs
2025-08-21T12:11:51.4536548Z ##[command]/usr/bin/docker ps --all --quiet --no-trunc --filter "label=342e15"
2025-08-21T12:11:51.4680535Z ##[command]/usr/bin/docker network prune --force --filter "label=342e15"
2025-08-21T12:11:51.4816244Z ##[endgroup]
2025-08-21T12:11:51.4816745Z ##[group]Create local container network
2025-08-21T12:11:51.4827440Z ##[command]/usr/bin/docker network create --label 342e15 github_network_ee73cb85c7e44b539b7d74bb059924f2
2025-08-21T12:11:51.5423757Z 8bbd28cf0580ac8eb5f44f4da4cae28f218b85f3b190ec73d4978901b777999f
2025-08-21T12:11:51.5442834Z ##[endgroup]
2025-08-21T12:11:51.5466359Z ##[group]Starting postgres service container
2025-08-21T12:11:51.5486204Z ##[command]/usr/bin/docker pull pgvector/pgvector:pg16
2025-08-21T12:11:51.7666614Z pg16: Pulling from pgvector/pgvector
2025-08-21T12:11:51.8448432Z b1badc6e5066: Pulling fs layer
2025-08-21T12:11:51.8449391Z c9cbfca11d34: Pulling fs layer
2025-08-21T12:11:51.8450215Z a759c99e5d9c: Pulling fs layer
2025-08-21T12:11:51.8450832Z f40999643f83: Pulling fs layer
2025-08-21T12:11:51.8451426Z 2c9c8f27f94c: Pulling fs layer
2025-08-21T12:11:51.8452265Z 6019da469dd7: Pulling fs layer
2025-08-21T12:11:51.8453129Z 7960bd43e7e7: Pulling fs layer
2025-08-21T12:11:51.8454146Z f035bce43052: Pulling fs layer
2025-08-21T12:11:51.8454775Z b9daad206a85: Pulling fs layer
2025-08-21T12:11:51.8455350Z 84e9830491e9: Pulling fs layer
2025-08-21T12:11:51.8455915Z 659157e68c9d: Pulling fs layer
2025-08-21T12:11:51.8456443Z 374299179ba1: Pulling fs layer
2025-08-21T12:11:51.8456960Z 712cf9c20649: Pulling fs layer
2025-08-21T12:11:51.8457486Z b1f04bf0c6c5: Pulling fs layer
2025-08-21T12:11:51.8457968Z e75b76a6edac: Pulling fs layer
2025-08-21T12:11:51.8458814Z c658e1e5e610: Pulling fs layer
2025-08-21T12:11:51.8459337Z 84e9830491e9: Waiting
2025-08-21T12:11:51.8459754Z 659157e68c9d: Waiting
2025-08-21T12:11:51.8460167Z f40999643f83: Waiting
2025-08-21T12:11:51.8460575Z 712cf9c20649: Waiting
2025-08-21T12:11:51.8460988Z 374299179ba1: Waiting
2025-08-21T12:11:51.8461417Z b1f04bf0c6c5: Waiting
2025-08-21T12:11:51.8461836Z c658e1e5e610: Waiting
2025-08-21T12:11:51.8462251Z 2c9c8f27f94c: Waiting
2025-08-21T12:11:51.8462656Z e75b76a6edac: Waiting
2025-08-21T12:11:51.8463076Z 6019da469dd7: Waiting
2025-08-21T12:11:51.8463481Z 7960bd43e7e7: Waiting
2025-08-21T12:11:51.8464128Z f035bce43052: Waiting
2025-08-21T12:11:51.8464551Z b9daad206a85: Waiting
2025-08-21T12:11:51.9070799Z c9cbfca11d34: Download complete
2025-08-21T12:11:51.9460169Z a759c99e5d9c: Verifying Checksum
2025-08-21T12:11:51.9461317Z a759c99e5d9c: Download complete
2025-08-21T12:11:52.0033809Z f40999643f83: Download complete
2025-08-21T12:11:52.0884779Z 6019da469dd7: Verifying Checksum
2025-08-21T12:11:52.0886239Z 6019da469dd7: Download complete
2025-08-21T12:11:52.1364236Z 7960bd43e7e7: Verifying Checksum
2025-08-21T12:11:52.1365349Z 7960bd43e7e7: Download complete
2025-08-21T12:11:52.1568520Z 2c9c8f27f94c: Verifying Checksum
2025-08-21T12:11:52.1569908Z 2c9c8f27f94c: Download complete
2025-08-21T12:11:52.1968442Z f035bce43052: Download complete
2025-08-21T12:11:52.2437478Z 84e9830491e9: Verifying Checksum
2025-08-21T12:11:52.2439124Z 84e9830491e9: Download complete
2025-08-21T12:11:52.3174678Z 659157e68c9d: Download complete
2025-08-21T12:11:52.3759487Z 374299179ba1: Verifying Checksum
2025-08-21T12:11:52.3760603Z 374299179ba1: Download complete
2025-08-21T12:11:52.4715123Z 712cf9c20649: Verifying Checksum
2025-08-21T12:11:52.4716477Z 712cf9c20649: Download complete
2025-08-21T12:11:52.5360912Z b1f04bf0c6c5: Verifying Checksum
2025-08-21T12:11:52.5361473Z b1f04bf0c6c5: Download complete
2025-08-21T12:11:52.5860347Z e75b76a6edac: Verifying Checksum
2025-08-21T12:11:52.5861918Z e75b76a6edac: Download complete
2025-08-21T12:11:52.6109605Z b1badc6e5066: Verifying Checksum
2025-08-21T12:11:52.6110255Z b1badc6e5066: Download complete
2025-08-21T12:11:52.6514014Z c658e1e5e610: Verifying Checksum
2025-08-21T12:11:52.6514683Z c658e1e5e610: Download complete
2025-08-21T12:11:53.7321690Z b1badc6e5066: Pull complete
2025-08-21T12:11:53.9809442Z b9daad206a85: Verifying Checksum
2025-08-21T12:11:53.9810148Z b9daad206a85: Download complete
2025-08-21T12:11:55.2767606Z c9cbfca11d34: Pull complete
2025-08-21T12:11:55.4112560Z a759c99e5d9c: Pull complete
2025-08-21T12:11:55.4549281Z f40999643f83: Pull complete
2025-08-21T12:11:55.7680815Z 2c9c8f27f94c: Pull complete
2025-08-21T12:11:55.8495456Z 6019da469dd7: Pull complete
2025-08-21T12:11:55.8601264Z 7960bd43e7e7: Pull complete
2025-08-21T12:11:55.8707506Z f035bce43052: Pull complete
2025-08-21T12:11:58.7713233Z b9daad206a85: Pull complete
2025-08-21T12:11:58.7867693Z 84e9830491e9: Pull complete
2025-08-21T12:11:58.7992818Z 659157e68c9d: Pull complete
2025-08-21T12:11:58.8125184Z 374299179ba1: Pull complete
2025-08-21T12:11:58.8227135Z 712cf9c20649: Pull complete
2025-08-21T12:11:58.8337683Z b1f04bf0c6c5: Pull complete
2025-08-21T12:11:58.8831098Z e75b76a6edac: Pull complete
2025-08-21T12:11:58.9585283Z c658e1e5e610: Pull complete
2025-08-21T12:11:58.9627298Z Digest: sha256:a132765ec351c65111b5b675928a3a0515a466a40f97277329db8b8209ad8bc9
2025-08-21T12:11:58.9640902Z Status: Downloaded newer image for pgvector/pgvector:pg16
2025-08-21T12:11:58.9650407Z docker.io/pgvector/pgvector:pg16
2025-08-21T12:11:58.9712438Z ##[command]/usr/bin/docker create --name 572f39390e2a4a7abe60e21fcda70b8d_pgvectorpgvectorpg16_d1a106 --label 342e15 --network github_network_ee73cb85c7e44b539b7d74bb059924f2 --network-alias postgres -p 5432:5432 --health-cmd="pg_isready -U postgres" --health-interval=10s --health-timeout=5s --health-retries=5 -e "POSTGRES_USER=postgres" -e "POSTGRES_PASSWORD=postgres" -e "POSTGRES_DB=testdb" -e GITHUB_ACTIONS=true -e CI=true pgvector/pgvector:pg16
2025-08-21T12:11:58.9963939Z e5a198f63d124076b9158e230e65a2f0690d2a50ec0f94effe61d30f4259db42
2025-08-21T12:11:58.9988785Z ##[command]/usr/bin/docker start e5a198f63d124076b9158e230e65a2f0690d2a50ec0f94effe61d30f4259db42
2025-08-21T12:12:00.1455602Z e5a198f63d124076b9158e230e65a2f0690d2a50ec0f94effe61d30f4259db42
2025-08-21T12:12:00.1473747Z ##[command]/usr/bin/docker ps --all --filter id=e5a198f63d124076b9158e230e65a2f0690d2a50ec0f94effe61d30f4259db42 --filter status=running --no-trunc --format "{{.ID}} {{.Status}}"
2025-08-21T12:12:00.1605832Z e5a198f63d124076b9158e230e65a2f0690d2a50ec0f94effe61d30f4259db42 Up 1 second (health: starting)
2025-08-21T12:12:00.1629050Z ##[command]/usr/bin/docker port e5a198f63d124076b9158e230e65a2f0690d2a50ec0f94effe61d30f4259db42
2025-08-21T12:12:00.1796679Z 5432/tcp -> 0.0.0.0:5432
2025-08-21T12:12:00.1797266Z 5432/tcp -> [::]:5432
2025-08-21T12:12:00.1846888Z ##[endgroup]
2025-08-21T12:12:00.1855142Z ##[group]Waiting for all services to be ready
2025-08-21T12:12:00.1868276Z ##[command]/usr/bin/docker inspect --format="{{if .Config.Healthcheck}}{{print .State.Health.Status}}{{end}}" e5a198f63d124076b9158e230e65a2f0690d2a50ec0f94effe61d30f4259db42
2025-08-21T12:12:00.2007743Z starting
2025-08-21T12:12:00.2031965Z postgres service is starting, waiting 2 seconds before checking again.
2025-08-21T12:12:02.2030702Z ##[command]/usr/bin/docker inspect --format="{{if .Config.Healthcheck}}{{print .State.Health.Status}}{{end}}" e5a198f63d124076b9158e230e65a2f0690d2a50ec0f94effe61d30f4259db42
2025-08-21T12:12:02.2151403Z starting
2025-08-21T12:12:02.2166494Z postgres service is starting, waiting 4 seconds before checking again.
2025-08-21T12:12:06.4525466Z ##[command]/usr/bin/docker inspect --format="{{if .Config.Healthcheck}}{{print .State.Health.Status}}{{end}}" e5a198f63d124076b9158e230e65a2f0690d2a50ec0f94effe61d30f4259db42
2025-08-21T12:12:06.4658979Z starting
2025-08-21T12:12:06.4672989Z postgres service is starting, waiting 7 seconds before checking again.
2025-08-21T12:12:14.2683256Z ##[command]/usr/bin/docker inspect --format="{{if .Config.Healthcheck}}{{print .State.Health.Status}}{{end}}" e5a198f63d124076b9158e230e65a2f0690d2a50ec0f94effe61d30f4259db42
2025-08-21T12:12:14.2813069Z healthy
2025-08-21T12:12:14.2832574Z postgres service is healthy.
2025-08-21T12:12:14.2833225Z ##[endgroup]
2025-08-21T12:12:14.3078675Z ##[group]Run actions/checkout@v4
2025-08-21T12:12:14.3079224Z with:
2025-08-21T12:12:14.3079426Z   repository: yangnana7/newspaper
2025-08-21T12:12:14.3079849Z   token: ***
2025-08-21T12:12:14.3080055Z   ssh-strict: true
2025-08-21T12:12:14.3080245Z   ssh-user: git
2025-08-21T12:12:14.3080448Z   persist-credentials: true
2025-08-21T12:12:14.3080671Z   clean: true
2025-08-21T12:12:14.3080871Z   sparse-checkout-cone-mode: true
2025-08-21T12:12:14.3081111Z   fetch-depth: 1
2025-08-21T12:12:14.3081299Z   fetch-tags: false
2025-08-21T12:12:14.3081488Z   show-progress: true
2025-08-21T12:12:14.3081685Z   lfs: false
2025-08-21T12:12:14.3081856Z   submodules: false
2025-08-21T12:12:14.3082077Z   set-safe-directory: true
2025-08-21T12:12:14.3082460Z env:
2025-08-21T12:12:14.3082865Z   DATABASE_URL: ***localhost:5432/testdb
2025-08-21T12:12:14.3083124Z   EMBED_SPACE: bge-m3
2025-08-21T12:12:14.3083346Z   ENABLE_SERVER_EMBEDDING: 0
2025-08-21T12:12:14.3083719Z ##[endgroup]
2025-08-21T12:12:14.4197982Z Syncing repository: yangnana7/newspaper
2025-08-21T12:12:14.4199408Z ##[group]Getting Git version info
2025-08-21T12:12:14.4199798Z Working directory is '/home/runner/work/newspaper/newspaper'
2025-08-21T12:12:14.4200349Z [command]/usr/bin/git version
2025-08-21T12:12:14.4238766Z git version 2.51.0
2025-08-21T12:12:14.4265467Z ##[endgroup]
2025-08-21T12:12:14.4281759Z Temporarily overriding HOME='/home/runner/work/_temp/ad24dab4-9e6c-47e0-b181-9daa7c23b903' before making global git config changes
2025-08-21T12:12:14.4283087Z Adding repository directory to the temporary git global config as a safe directory
2025-08-21T12:12:14.4288667Z [command]/usr/bin/git config --global --add safe.directory /home/runner/work/newspaper/newspaper
2025-08-21T12:12:14.4326719Z Deleting the contents of '/home/runner/work/newspaper/newspaper'
2025-08-21T12:12:14.4411001Z ##[group]Initializing the repository
2025-08-21T12:12:14.4412264Z [command]/usr/bin/git init /home/runner/work/newspaper/newspaper
2025-08-21T12:12:14.4414914Z hint: Using 'master' as the name for the initial branch. This default branch name
2025-08-21T12:12:14.4415835Z hint: is subject to change. To configure the initial branch name to use in all
2025-08-21T12:12:14.4416584Z hint: of your new repositories, which will suppress this warning, call:
2025-08-21T12:12:14.4417100Z hint:
2025-08-21T12:12:14.4417529Z hint: 	git config --global init.defaultBranch <name>
2025-08-21T12:12:14.4418001Z hint:
2025-08-21T12:12:14.4418436Z hint: Names commonly chosen instead of 'master' are 'main', 'trunk' and
2025-08-21T12:12:14.4419228Z hint: 'development'. The just-created branch can be renamed via this command:
2025-08-21T12:12:14.4419785Z hint:
2025-08-21T12:12:14.4420091Z hint: 	git branch -m <name>
2025-08-21T12:12:14.4420438Z hint:
2025-08-21T12:12:14.4420936Z hint: Disable this message with "git config set advice.defaultBranchName false"
2025-08-21T12:12:14.4421458Z Initialized empty Git repository in /home/runner/work/newspaper/newspaper/.git/
2025-08-21T12:12:14.4422602Z [command]/usr/bin/git remote add origin https://github.com/yangnana7/newspaper
2025-08-21T12:12:14.4454599Z ##[endgroup]
2025-08-21T12:12:14.4455206Z ##[group]Disabling automatic garbage collection
2025-08-21T12:12:14.4460273Z [command]/usr/bin/git config --local gc.auto 0
2025-08-21T12:12:14.4491294Z ##[endgroup]
2025-08-21T12:12:14.4491814Z ##[group]Setting up auth
2025-08-21T12:12:14.4498505Z [command]/usr/bin/git config --local --name-only --get-regexp core\.sshCommand
2025-08-21T12:12:14.4530442Z [command]/usr/bin/git submodule foreach --recursive sh -c "git config --local --name-only --get-regexp 'core\.sshCommand' && git config --local --unset-all 'core.sshCommand' || :"
2025-08-21T12:12:14.4804960Z [command]/usr/bin/git config --local --name-only --get-regexp http\.https\:\/\/github\.com\/\.extraheader
2025-08-21T12:12:14.4836742Z [command]/usr/bin/git submodule foreach --recursive sh -c "git config --local --name-only --get-regexp 'http\.https\:\/\/github\.com\/\.extraheader' && git config --local --unset-all 'http.https://github.com/.extraheader' || :"
2025-08-21T12:12:14.5067574Z [command]/usr/bin/git config --local http.https://github.com/.extraheader AUTHORIZATION: basic ***
2025-08-21T12:12:14.5103871Z ##[endgroup]
2025-08-21T12:12:14.5104510Z ##[group]Fetching the repository
2025-08-21T12:12:14.5112415Z [command]/usr/bin/git -c protocol.version=2 fetch --no-tags --prune --no-recurse-submodules --depth=1 origin +3d5d942a0e60b7c5e5bb17c8cdd82a553aecec1f:refs/remotes/pull/1/merge
2025-08-21T12:12:14.7038584Z From https://github.com/yangnana7/newspaper
2025-08-21T12:12:14.7040502Z  * [new ref]         3d5d942a0e60b7c5e5bb17c8cdd82a553aecec1f -> pull/1/merge
2025-08-21T12:12:14.7071237Z ##[endgroup]
2025-08-21T12:12:14.7074820Z ##[group]Determining the checkout info
2025-08-21T12:12:14.7075912Z ##[endgroup]
2025-08-21T12:12:14.7081211Z [command]/usr/bin/git sparse-checkout disable
2025-08-21T12:12:14.7130956Z [command]/usr/bin/git config --local --unset-all extensions.worktreeConfig
2025-08-21T12:12:14.7164028Z ##[group]Checking out the ref
2025-08-21T12:12:14.7169076Z [command]/usr/bin/git checkout --progress --force refs/remotes/pull/1/merge
2025-08-21T12:12:14.7252131Z Note: switching to 'refs/remotes/pull/1/merge'.
2025-08-21T12:12:14.7252884Z 
2025-08-21T12:12:14.7253390Z You are in 'detached HEAD' state. You can look around, make experimental
2025-08-21T12:12:14.7254857Z changes and commit them, and you can discard any commits you make in this
2025-08-21T12:12:14.7255697Z state without impacting any branches by switching back to a branch.
2025-08-21T12:12:14.7256191Z 
2025-08-21T12:12:14.7256516Z If you want to create a new branch to retain commits you create, you may
2025-08-21T12:12:14.7257725Z do so (now or later) by using -c with the switch command. Example:
2025-08-21T12:12:14.7258137Z 
2025-08-21T12:12:14.7258309Z   git switch -c <new-branch-name>
2025-08-21T12:12:14.7258608Z 
2025-08-21T12:12:14.7258769Z Or undo this operation with:
2025-08-21T12:12:14.7259024Z 
2025-08-21T12:12:14.7259170Z   git switch -
2025-08-21T12:12:14.7259388Z 
2025-08-21T12:12:14.7259740Z Turn off this advice by setting config variable advice.detachedHead to false
2025-08-21T12:12:14.7260239Z 
2025-08-21T12:12:14.7260856Z HEAD is now at 3d5d942 Merge 8fc8497242acb30baf7d7aee2ac70e1589917d55 into 134f5f7c6feb77bd120b503088bf5aac11ef1ca2
2025-08-21T12:12:14.7262732Z ##[endgroup]
2025-08-21T12:12:14.7303167Z [command]/usr/bin/git log -1 --format=%H
2025-08-21T12:12:14.7328270Z 3d5d942a0e60b7c5e5bb17c8cdd82a553aecec1f
2025-08-21T12:12:14.7554034Z ##[group]Run actions/setup-python@v5
2025-08-21T12:12:14.7554313Z with:
2025-08-21T12:12:14.7554492Z   python-version: 3.11
2025-08-21T12:12:14.7554693Z   check-latest: false
2025-08-21T12:12:14.7555031Z   token: ***
2025-08-21T12:12:14.7555218Z   update-environment: true
2025-08-21T12:12:14.7555429Z   allow-prereleases: false
2025-08-21T12:12:14.7555627Z   freethreaded: false
2025-08-21T12:12:14.7555799Z env:
2025-08-21T12:12:14.7556178Z   DATABASE_URL: ***localhost:5432/testdb
2025-08-21T12:12:14.7556415Z   EMBED_SPACE: bge-m3
2025-08-21T12:12:14.7556606Z   ENABLE_SERVER_EMBEDDING: 0
2025-08-21T12:12:14.7556807Z ##[endgroup]
2025-08-21T12:12:14.9248602Z ##[group]Installed versions
2025-08-21T12:12:14.9350522Z Successfully set up CPython (3.11.13)
2025-08-21T12:12:14.9351296Z ##[endgroup]
2025-08-21T12:12:14.9470784Z ##[group]Run sudo apt-get update
2025-08-21T12:12:14.9471110Z [36;1msudo apt-get update[0m
2025-08-21T12:12:14.9471388Z [36;1msudo apt-get install -y postgresql-client[0m
2025-08-21T12:12:14.9533480Z shell: /usr/bin/bash -e {0}
2025-08-21T12:12:14.9534024Z env:
2025-08-21T12:12:14.9534556Z   DATABASE_URL: ***localhost:5432/testdb
2025-08-21T12:12:14.9534833Z   EMBED_SPACE: bge-m3
2025-08-21T12:12:14.9535032Z   ENABLE_SERVER_EMBEDDING: 0
2025-08-21T12:12:14.9535321Z   pythonLocation: /opt/hostedtoolcache/Python/3.11.13/x64
2025-08-21T12:12:14.9535733Z   PKG_CONFIG_PATH: /opt/hostedtoolcache/Python/3.11.13/x64/lib/pkgconfig
2025-08-21T12:12:14.9536153Z   Python_ROOT_DIR: /opt/hostedtoolcache/Python/3.11.13/x64
2025-08-21T12:12:14.9536514Z   Python2_ROOT_DIR: /opt/hostedtoolcache/Python/3.11.13/x64
2025-08-21T12:12:14.9536885Z   Python3_ROOT_DIR: /opt/hostedtoolcache/Python/3.11.13/x64
2025-08-21T12:12:14.9537254Z   LD_LIBRARY_PATH: /opt/hostedtoolcache/Python/3.11.13/x64/lib
2025-08-21T12:12:14.9537607Z ##[endgroup]
2025-08-21T12:12:15.0891256Z Hit:1 https://packages.microsoft.com/repos/azure-cli noble InRelease
2025-08-21T12:12:15.0892568Z Get:2 file:/etc/apt/apt-mirrors.txt Mirrorlist [144 B]
2025-08-21T12:12:15.0894221Z Get:3 https://packages.microsoft.com/ubuntu/24.04/prod noble InRelease [3600 B]
2025-08-21T12:12:15.1216746Z Hit:4 http://azure.archive.ubuntu.com/ubuntu noble InRelease
2025-08-21T12:12:15.1229773Z Get:5 http://azure.archive.ubuntu.com/ubuntu noble-updates InRelease [126 kB]
2025-08-21T12:12:15.1313982Z Get:6 http://azure.archive.ubuntu.com/ubuntu noble-backports InRelease [126 kB]
2025-08-21T12:12:15.1374169Z Get:7 http://azure.archive.ubuntu.com/ubuntu noble-security InRelease [126 kB]
2025-08-21T12:12:15.2480309Z Get:8 https://packages.microsoft.com/ubuntu/24.04/prod noble/main armhf Packages [9870 B]
2025-08-21T12:12:15.2701755Z Get:9 https://packages.microsoft.com/ubuntu/24.04/prod noble/main arm64 Packages [33.2 kB]
2025-08-21T12:12:15.2738035Z Get:10 https://packages.microsoft.com/ubuntu/24.04/prod noble/main amd64 Packages [48.0 kB]
2025-08-21T12:12:15.3759580Z Get:11 http://azure.archive.ubuntu.com/ubuntu noble-updates/main amd64 Packages [1350 kB]
2025-08-21T12:12:15.3851686Z Get:12 http://azure.archive.ubuntu.com/ubuntu noble-updates/main Translation-en [268 kB]
2025-08-21T12:12:15.3877999Z Get:13 http://azure.archive.ubuntu.com/ubuntu noble-updates/main amd64 Components [175 kB]
2025-08-21T12:12:15.3899658Z Get:14 http://azure.archive.ubuntu.com/ubuntu noble-updates/universe amd64 Packages [1124 kB]
2025-08-21T12:12:15.3977705Z Get:15 http://azure.archive.ubuntu.com/ubuntu noble-updates/universe Translation-en [288 kB]
2025-08-21T12:12:15.3999333Z Get:16 http://azure.archive.ubuntu.com/ubuntu noble-updates/universe amd64 Components [377 kB]
2025-08-21T12:12:15.4032894Z Get:17 http://azure.archive.ubuntu.com/ubuntu noble-updates/restricted amd64 Packages [1728 kB]
2025-08-21T12:12:15.4134429Z Get:18 http://azure.archive.ubuntu.com/ubuntu noble-updates/restricted Translation-en [382 kB]
2025-08-21T12:12:15.4169008Z Get:19 http://azure.archive.ubuntu.com/ubuntu noble-updates/restricted amd64 Components [212 B]
2025-08-21T12:12:15.4176824Z Get:20 http://azure.archive.ubuntu.com/ubuntu noble-updates/multiverse amd64 Components [940 B]
2025-08-21T12:12:15.4817222Z Get:21 http://azure.archive.ubuntu.com/ubuntu noble-backports/main amd64 Components [7068 B]
2025-08-21T12:12:15.4828852Z Get:22 http://azure.archive.ubuntu.com/ubuntu noble-backports/universe amd64 Components [19.2 kB]
2025-08-21T12:12:15.4836666Z Get:23 http://azure.archive.ubuntu.com/ubuntu noble-backports/restricted amd64 Components [216 B]
2025-08-21T12:12:15.4844369Z Get:24 http://azure.archive.ubuntu.com/ubuntu noble-backports/multiverse amd64 Components [212 B]
2025-08-21T12:12:15.4957418Z Get:25 http://azure.archive.ubuntu.com/ubuntu noble-security/main amd64 Packages [1083 kB]
2025-08-21T12:12:15.5031300Z Get:26 http://azure.archive.ubuntu.com/ubuntu noble-security/main Translation-en [187 kB]
2025-08-21T12:12:15.5055966Z Get:27 http://azure.archive.ubuntu.com/ubuntu noble-security/main amd64 Components [21.6 kB]
2025-08-21T12:12:15.5066895Z Get:28 http://azure.archive.ubuntu.com/ubuntu noble-security/universe amd64 Packages [881 kB]
2025-08-21T12:12:15.5120420Z Get:29 http://azure.archive.ubuntu.com/ubuntu noble-security/universe Translation-en [195 kB]
2025-08-21T12:12:15.5144003Z Get:30 http://azure.archive.ubuntu.com/ubuntu noble-security/universe amd64 Components [52.2 kB]
2025-08-21T12:12:15.5155915Z Get:31 http://azure.archive.ubuntu.com/ubuntu noble-security/restricted amd64 Packages [1631 kB]
2025-08-21T12:12:15.5249361Z Get:32 http://azure.archive.ubuntu.com/ubuntu noble-security/restricted Translation-en [361 kB]
2025-08-21T12:12:15.5280966Z Get:33 http://azure.archive.ubuntu.com/ubuntu noble-security/restricted amd64 Components [212 B]
2025-08-21T12:12:15.5291942Z Get:34 http://azure.archive.ubuntu.com/ubuntu noble-security/multiverse amd64 Components [212 B]
2025-08-21T12:12:24.9767285Z Fetched 10.6 MB in 1s (7602 kB/s)
2025-08-21T12:12:25.7270179Z Reading package lists...
2025-08-21T12:12:25.7599116Z Reading package lists...
2025-08-21T12:12:25.9599054Z Building dependency tree...
2025-08-21T12:12:25.9607519Z Reading state information...
2025-08-21T12:12:26.1650318Z The following NEW packages will be installed:
2025-08-21T12:12:26.1651053Z   postgresql-client
2025-08-21T12:12:26.1826977Z 0 upgraded, 1 newly installed, 0 to remove and 21 not upgraded.
2025-08-21T12:12:26.1827581Z Need to get 11.6 kB of archives.
2025-08-21T12:12:26.1828031Z After this operation, 17.4 kB of additional disk space will be used.
2025-08-21T12:12:26.2151309Z Get:1 file:/etc/apt/apt-mirrors.txt Mirrorlist [144 B]
2025-08-21T12:12:26.2152143Z Get:2 http://azure.archive.ubuntu.com/ubuntu noble-updates/main amd64 postgresql-client all 16+257build1.1 [11.6 kB]
2025-08-21T12:12:26.4881697Z Fetched 11.6 kB in 0s (269 kB/s)
2025-08-21T12:12:26.5217358Z Selecting previously unselected package postgresql-client.
2025-08-21T12:12:26.5749266Z (Reading database ... 
2025-08-21T12:12:26.5749909Z (Reading database ... 5%
2025-08-21T12:12:26.5750215Z (Reading database ... 10%
2025-08-21T12:12:26.5750505Z (Reading database ... 15%
2025-08-21T12:12:26.5750775Z (Reading database ... 20%
2025-08-21T12:12:26.5751047Z (Reading database ... 25%
2025-08-21T12:12:26.5751315Z (Reading database ... 30%
2025-08-21T12:12:26.5751844Z (Reading database ... 35%
2025-08-21T12:12:26.5752112Z (Reading database ... 40%
2025-08-21T12:12:26.5752369Z (Reading database ... 45%
2025-08-21T12:12:26.5752637Z (Reading database ... 50%
2025-08-21T12:12:26.8233519Z (Reading database ... 55%
2025-08-21T12:12:27.0145218Z (Reading database ... 60%
2025-08-21T12:12:27.2064811Z (Reading database ... 65%
2025-08-21T12:12:27.3174548Z (Reading database ... 70%
2025-08-21T12:12:27.4879710Z (Reading database ... 75%
2025-08-21T12:12:27.8011174Z (Reading database ... 80%
2025-08-21T12:12:28.4293736Z (Reading database ... 85%
2025-08-21T12:12:29.1166179Z (Reading database ... 90%
2025-08-21T12:12:30.0435831Z (Reading database ... 95%
2025-08-21T12:12:30.0436374Z (Reading database ... 100%
2025-08-21T12:12:30.0436947Z (Reading database ... 219830 files and directories currently installed.)
2025-08-21T12:12:30.0483315Z Preparing to unpack .../postgresql-client_16+257build1.1_all.deb ...
2025-08-21T12:12:30.0506633Z Unpacking postgresql-client (16+257build1.1) ...
2025-08-21T12:12:30.0898788Z Setting up postgresql-client (16+257build1.1) ...
2025-08-21T12:12:31.0751448Z 
2025-08-21T12:12:31.0752227Z Running kernel seems to be up-to-date.
2025-08-21T12:12:31.0752641Z 
2025-08-21T12:12:31.0752774Z Restarting services...
2025-08-21T12:12:31.0831340Z 
2025-08-21T12:12:31.0831826Z Service restarts being deferred:
2025-08-21T12:12:31.0833204Z  systemctl restart hosted-compute-agent.service
2025-08-21T12:12:31.0833885Z 
2025-08-21T12:12:31.0834513Z No containers need to be restarted.
2025-08-21T12:12:31.0835496Z 
2025-08-21T12:12:31.0836123Z No user sessions are running outdated binaries.
2025-08-21T12:12:31.0836468Z 
2025-08-21T12:12:31.0836778Z No VM guests are running outdated hypervisor (qemu) binaries on this host.
2025-08-21T12:12:32.1053361Z ##[group]Run until psql "$DATABASE_URL" -c "SELECT 1" >/dev/null 2>&1; do
2025-08-21T12:12:32.1054085Z [36;1muntil psql "$DATABASE_URL" -c "SELECT 1" >/dev/null 2>&1; do[0m
2025-08-21T12:12:32.1054440Z [36;1m  echo 'waiting for postgres...'; sleep 2; done[0m
2025-08-21T12:12:32.1054809Z [36;1mpsql "$DATABASE_URL" -c 'CREATE EXTENSION IF NOT EXISTS vector;'[0m
2025-08-21T12:12:32.1097082Z shell: /usr/bin/bash -e {0}
2025-08-21T12:12:32.1097296Z env:
2025-08-21T12:12:32.1097754Z   DATABASE_URL: ***localhost:5432/testdb
2025-08-21T12:12:32.1098000Z   EMBED_SPACE: bge-m3
2025-08-21T12:12:32.1098193Z   ENABLE_SERVER_EMBEDDING: 0
2025-08-21T12:12:32.1098466Z   pythonLocation: /opt/hostedtoolcache/Python/3.11.13/x64
2025-08-21T12:12:32.1098840Z   PKG_CONFIG_PATH: /opt/hostedtoolcache/Python/3.11.13/x64/lib/pkgconfig
2025-08-21T12:12:32.1099213Z   Python_ROOT_DIR: /opt/hostedtoolcache/Python/3.11.13/x64
2025-08-21T12:12:32.1099578Z   Python2_ROOT_DIR: /opt/hostedtoolcache/Python/3.11.13/x64
2025-08-21T12:12:32.1099931Z   Python3_ROOT_DIR: /opt/hostedtoolcache/Python/3.11.13/x64
2025-08-21T12:12:32.1100273Z   LD_LIBRARY_PATH: /opt/hostedtoolcache/Python/3.11.13/x64/lib
2025-08-21T12:12:32.1100550Z ##[endgroup]
2025-08-21T12:12:32.5934207Z CREATE EXTENSION
2025-08-21T12:12:32.5976478Z ##[group]Run python -m pip install --upgrade pip
2025-08-21T12:12:32.5976841Z [36;1mpython -m pip install --upgrade pip[0m
2025-08-21T12:12:32.5977209Z [36;1mif [ -f requirements.txt ]; then pip install -r requirements.txt; fi[0m
2025-08-21T12:12:32.5977670Z [36;1m# Hardening: ensure critical deps even if requirements.txt changes[0m
2025-08-21T12:12:32.5978035Z [36;1mpip install psycopg[binary] pgvector[0m
2025-08-21T12:12:32.5978291Z [36;1mpip install pytest[0m
2025-08-21T12:12:32.6019880Z shell: /usr/bin/bash -e {0}
2025-08-21T12:12:32.6020100Z env:
2025-08-21T12:12:32.6020556Z   DATABASE_URL: ***localhost:5432/testdb
2025-08-21T12:12:32.6020811Z   EMBED_SPACE: bge-m3
2025-08-21T12:12:32.6021006Z   ENABLE_SERVER_EMBEDDING: 0
2025-08-21T12:12:32.6021286Z   pythonLocation: /opt/hostedtoolcache/Python/3.11.13/x64
2025-08-21T12:12:32.6021687Z   PKG_CONFIG_PATH: /opt/hostedtoolcache/Python/3.11.13/x64/lib/pkgconfig
2025-08-21T12:12:32.6022310Z   Python_ROOT_DIR: /opt/hostedtoolcache/Python/3.11.13/x64
2025-08-21T12:12:32.6022660Z   Python2_ROOT_DIR: /opt/hostedtoolcache/Python/3.11.13/x64
2025-08-21T12:12:32.6023011Z   Python3_ROOT_DIR: /opt/hostedtoolcache/Python/3.11.13/x64
2025-08-21T12:12:32.6023359Z   LD_LIBRARY_PATH: /opt/hostedtoolcache/Python/3.11.13/x64/lib
2025-08-21T12:12:32.6023857Z ##[endgroup]
2025-08-21T12:12:33.1605624Z Requirement already satisfied: pip in /opt/hostedtoolcache/Python/3.11.13/x64/lib/python3.11/site-packages (25.2)
2025-08-21T12:12:33.7606527Z Collecting mcp>=1.0.0 (from -r requirements.txt (line 1))
2025-08-21T12:12:33.8001387Z   Downloading mcp-1.13.0-py3-none-any.whl.metadata (68 kB)
2025-08-21T12:12:33.8343374Z Collecting psycopg>=3.2.1 (from psycopg[binary]>=3.2.1->-r requirements.txt (line 2))
2025-08-21T12:12:33.8381918Z   Downloading psycopg-3.2.9-py3-none-any.whl.metadata (4.5 kB)
2025-08-21T12:12:33.8581830Z Collecting pgvector>=0.2.5 (from -r requirements.txt (line 3))
2025-08-21T12:12:33.8628966Z   Downloading pgvector-0.4.1-py3-none-any.whl.metadata (18 kB)
2025-08-21T12:12:33.8768782Z Collecting feedparser>=6.0.11 (from -r requirements.txt (line 4))
2025-08-21T12:12:33.8802837Z   Downloading feedparser-6.0.11-py3-none-any.whl.metadata (2.4 kB)
2025-08-21T12:12:34.0026390Z Collecting pydantic>=2.7.0 (from -r requirements.txt (line 5))
2025-08-21T12:12:34.0068038Z   Downloading pydantic-2.11.7-py3-none-any.whl.metadata (67 kB)
2025-08-21T12:12:34.0269212Z Collecting sentence-transformers>=2.7.0 (from -r requirements.txt (line 6))
2025-08-21T12:12:34.0303295Z   Downloading sentence_transformers-5.1.0-py3-none-any.whl.metadata (16 kB)
2025-08-21T12:12:34.0512639Z Collecting httpx>=0.27.0 (from -r requirements.txt (line 7))
2025-08-21T12:12:34.0571330Z   Downloading httpx-0.28.1-py3-none-any.whl.metadata (7.1 kB)
2025-08-21T12:12:34.0775207Z Collecting anyio>=4.5 (from mcp>=1.0.0->-r requirements.txt (line 1))
2025-08-21T12:12:34.0838729Z   Downloading anyio-4.10.0-py3-none-any.whl.metadata (4.0 kB)
2025-08-21T12:12:34.0939549Z Collecting httpx-sse>=0.4 (from mcp>=1.0.0->-r requirements.txt (line 1))
2025-08-21T12:12:34.0970544Z   Downloading httpx_sse-0.4.1-py3-none-any.whl.metadata (9.4 kB)
2025-08-21T12:12:34.1237138Z Collecting jsonschema>=4.20.0 (from mcp>=1.0.0->-r requirements.txt (line 1))
2025-08-21T12:12:34.1309019Z   Downloading jsonschema-4.25.1-py3-none-any.whl.metadata (7.6 kB)
2025-08-21T12:12:34.1572065Z Collecting pydantic-settings>=2.5.2 (from mcp>=1.0.0->-r requirements.txt (line 1))
2025-08-21T12:12:34.1603528Z   Downloading pydantic_settings-2.10.1-py3-none-any.whl.metadata (3.4 kB)
2025-08-21T12:12:34.1886322Z Collecting python-multipart>=0.0.9 (from mcp>=1.0.0->-r requirements.txt (line 1))
2025-08-21T12:12:34.1916623Z   Downloading python_multipart-0.0.20-py3-none-any.whl.metadata (1.8 kB)
2025-08-21T12:12:34.2078103Z Collecting sse-starlette>=1.6.1 (from mcp>=1.0.0->-r requirements.txt (line 1))
2025-08-21T12:12:34.2132403Z   Downloading sse_starlette-3.0.2-py3-none-any.whl.metadata (11 kB)
2025-08-21T12:12:34.2415255Z Collecting starlette>=0.27 (from mcp>=1.0.0->-r requirements.txt (line 1))
2025-08-21T12:12:34.2446341Z   Downloading starlette-0.47.2-py3-none-any.whl.metadata (6.2 kB)
2025-08-21T12:12:34.2704501Z Collecting uvicorn>=0.31.1 (from mcp>=1.0.0->-r requirements.txt (line 1))
2025-08-21T12:12:34.2737245Z   Downloading uvicorn-0.35.0-py3-none-any.whl.metadata (6.5 kB)
2025-08-21T12:12:34.2859478Z Collecting annotated-types>=0.6.0 (from pydantic>=2.7.0->-r requirements.txt (line 5))
2025-08-21T12:12:34.2892261Z   Downloading annotated_types-0.7.0-py3-none-any.whl.metadata (15 kB)
2025-08-21T12:12:34.9090369Z Collecting pydantic-core==2.33.2 (from pydantic>=2.7.0->-r requirements.txt (line 5))
2025-08-21T12:12:34.9128730Z   Downloading pydantic_core-2.33.2-cp311-cp311-manylinux_2_17_x86_64.manylinux2014_x86_64.whl.metadata (6.8 kB)
2025-08-21T12:12:34.9303952Z Collecting typing-extensions>=4.12.2 (from pydantic>=2.7.0->-r requirements.txt (line 5))
2025-08-21T12:12:34.9338356Z   Downloading typing_extensions-4.14.1-py3-none-any.whl.metadata (3.0 kB)
2025-08-21T12:12:34.9439974Z Collecting typing-inspection>=0.4.0 (from pydantic>=2.7.0->-r requirements.txt (line 5))
2025-08-21T12:12:34.9472219Z   Downloading typing_inspection-0.4.1-py3-none-any.whl.metadata (2.6 kB)
2025-08-21T12:12:35.1438809Z Collecting numpy (from pgvector>=0.2.5->-r requirements.txt (line 3))
2025-08-21T12:12:35.1477546Z   Downloading numpy-2.3.2-cp311-cp311-manylinux_2_27_x86_64.manylinux_2_28_x86_64.whl.metadata (62 kB)
2025-08-21T12:12:35.1673880Z Collecting sgmllib3k (from feedparser>=6.0.11->-r requirements.txt (line 4))
2025-08-21T12:12:35.1707326Z   Downloading sgmllib3k-1.0.0.tar.gz (5.8 kB)
2025-08-21T12:12:35.2271189Z   Installing build dependencies: started
2025-08-21T12:12:35.9771577Z   Installing build dependencies: finished with status 'done'
2025-08-21T12:12:35.9778312Z   Getting requirements to build wheel: started
2025-08-21T12:12:36.3169027Z   Getting requirements to build wheel: finished with status 'done'
2025-08-21T12:12:36.3178078Z   Preparing metadata (pyproject.toml): started
2025-08-21T12:12:36.4874859Z   Preparing metadata (pyproject.toml): finished with status 'done'
2025-08-21T12:12:36.5266908Z Collecting transformers<5.0.0,>=4.41.0 (from sentence-transformers>=2.7.0->-r requirements.txt (line 6))
2025-08-21T12:12:36.5303858Z   Downloading transformers-4.55.3-py3-none-any.whl.metadata (41 kB)
2025-08-21T12:12:36.7088016Z Collecting tqdm (from sentence-transformers>=2.7.0->-r requirements.txt (line 6))
2025-08-21T12:12:36.7123324Z   Downloading tqdm-4.67.1-py3-none-any.whl.metadata (57 kB)
2025-08-21T12:12:36.7615674Z Collecting torch>=1.11.0 (from sentence-transformers>=2.7.0->-r requirements.txt (line 6))
2025-08-21T12:12:36.7651364Z   Downloading torch-2.8.0-cp311-cp311-manylinux_2_28_x86_64.whl.metadata (30 kB)
2025-08-21T12:12:36.8476456Z Collecting scikit-learn (from sentence-transformers>=2.7.0->-r requirements.txt (line 6))
2025-08-21T12:12:36.8512597Z   Downloading scikit_learn-1.7.1-cp311-cp311-manylinux2014_x86_64.manylinux_2_17_x86_64.whl.metadata (11 kB)
2025-08-21T12:12:36.9676690Z Collecting scipy (from sentence-transformers>=2.7.0->-r requirements.txt (line 6))
2025-08-21T12:12:36.9712773Z   Downloading scipy-1.16.1-cp311-cp311-manylinux2014_x86_64.manylinux_2_17_x86_64.whl.metadata (61 kB)
2025-08-21T12:12:37.0667740Z Collecting huggingface-hub>=0.20.0 (from sentence-transformers>=2.7.0->-r requirements.txt (line 6))
2025-08-21T12:12:37.0703467Z   Downloading huggingface_hub-0.34.4-py3-none-any.whl.metadata (14 kB)
2025-08-21T12:12:37.2436994Z Collecting Pillow (from sentence-transformers>=2.7.0->-r requirements.txt (line 6))
2025-08-21T12:12:37.2473393Z   Downloading pillow-11.3.0-cp311-cp311-manylinux_2_27_x86_64.manylinux_2_28_x86_64.whl.metadata (9.0 kB)
2025-08-21T12:12:37.2740825Z Collecting filelock (from transformers<5.0.0,>=4.41.0->sentence-transformers>=2.7.0->-r requirements.txt (line 6))
2025-08-21T12:12:37.2775112Z   Downloading filelock-3.19.1-py3-none-any.whl.metadata (2.1 kB)
2025-08-21T12:12:37.3076731Z Collecting packaging>=20.0 (from transformers<5.0.0,>=4.41.0->sentence-transformers>=2.7.0->-r requirements.txt (line 6))
2025-08-21T12:12:37.3110840Z   Downloading packaging-25.0-py3-none-any.whl.metadata (3.3 kB)
2025-08-21T12:12:37.3448463Z Collecting pyyaml>=5.1 (from transformers<5.0.0,>=4.41.0->sentence-transformers>=2.7.0->-r requirements.txt (line 6))
2025-08-21T12:12:37.3481017Z   Downloading PyYAML-6.0.2-cp311-cp311-manylinux_2_17_x86_64.manylinux2014_x86_64.whl.metadata (2.1 kB)
2025-08-21T12:12:37.7100072Z Collecting regex!=2019.12.17 (from transformers<5.0.0,>=4.41.0->sentence-transformers>=2.7.0->-r requirements.txt (line 6))
2025-08-21T12:12:37.7141844Z   Downloading regex-2025.7.34-cp311-cp311-manylinux2014_x86_64.manylinux_2_17_x86_64.manylinux_2_28_x86_64.whl.metadata (40 kB)
2025-08-21T12:12:37.7444918Z Collecting requests (from transformers<5.0.0,>=4.41.0->sentence-transformers>=2.7.0->-r requirements.txt (line 6))
2025-08-21T12:12:37.7478201Z   Downloading requests-2.32.5-py3-none-any.whl.metadata (4.9 kB)
2025-08-21T12:12:37.9019470Z Collecting tokenizers<0.22,>=0.21 (from transformers<5.0.0,>=4.41.0->sentence-transformers>=2.7.0->-r requirements.txt (line 6))
2025-08-21T12:12:37.9055767Z   Downloading tokenizers-0.21.4-cp39-abi3-manylinux_2_17_x86_64.manylinux2014_x86_64.whl.metadata (6.7 kB)
2025-08-21T12:12:38.0207801Z Collecting safetensors>=0.4.3 (from transformers<5.0.0,>=4.41.0->sentence-transformers>=2.7.0->-r requirements.txt (line 6))
2025-08-21T12:12:38.0244774Z   Downloading safetensors-0.6.2-cp38-abi3-manylinux_2_17_x86_64.manylinux2014_x86_64.whl.metadata (4.1 kB)
2025-08-21T12:12:38.0670668Z Collecting fsspec>=2023.5.0 (from huggingface-hub>=0.20.0->sentence-transformers>=2.7.0->-r requirements.txt (line 6))
2025-08-21T12:12:38.0706064Z   Downloading fsspec-2025.7.0-py3-none-any.whl.metadata (12 kB)
2025-08-21T12:12:38.1473532Z Collecting hf-xet<2.0.0,>=1.1.3 (from huggingface-hub>=0.20.0->sentence-transformers>=2.7.0->-r requirements.txt (line 6))
2025-08-21T12:12:38.1509118Z   Downloading hf_xet-1.1.8-cp37-abi3-manylinux_2_17_x86_64.manylinux2014_x86_64.whl.metadata (703 bytes)
2025-08-21T12:12:38.1874671Z Collecting certifi (from httpx>=0.27.0->-r requirements.txt (line 7))
2025-08-21T12:12:38.1907876Z   Downloading certifi-2025.8.3-py3-none-any.whl.metadata (2.4 kB)
2025-08-21T12:12:38.2783224Z Collecting httpcore==1.* (from httpx>=0.27.0->-r requirements.txt (line 7))
2025-08-21T12:12:38.2820376Z   Downloading httpcore-1.0.9-py3-none-any.whl.metadata (21 kB)
2025-08-21T12:12:38.2973522Z Collecting idna (from httpx>=0.27.0->-r requirements.txt (line 7))
2025-08-21T12:12:38.3006879Z   Downloading idna-3.10-py3-none-any.whl.metadata (10 kB)
2025-08-21T12:12:38.3161636Z Collecting h11>=0.16 (from httpcore==1.*->httpx>=0.27.0->-r requirements.txt (line 7))
2025-08-21T12:12:38.3194864Z   Downloading h11-0.16.0-py3-none-any.whl.metadata (8.3 kB)
2025-08-21T12:12:38.3339432Z Collecting sniffio>=1.1 (from anyio>=4.5->mcp>=1.0.0->-r requirements.txt (line 1))
2025-08-21T12:12:38.3371499Z   Downloading sniffio-1.3.1-py3-none-any.whl.metadata (3.9 kB)
2025-08-21T12:12:38.3566074Z Collecting attrs>=22.2.0 (from jsonschema>=4.20.0->mcp>=1.0.0->-r requirements.txt (line 1))
2025-08-21T12:12:38.3599720Z   Downloading attrs-25.3.0-py3-none-any.whl.metadata (10 kB)
2025-08-21T12:12:38.3794688Z Collecting jsonschema-specifications>=2023.03.6 (from jsonschema>=4.20.0->mcp>=1.0.0->-r requirements.txt (line 1))
2025-08-21T12:12:38.3828842Z   Downloading jsonschema_specifications-2025.4.1-py3-none-any.whl.metadata (2.9 kB)
2025-08-21T12:12:38.4080237Z Collecting referencing>=0.28.4 (from jsonschema>=4.20.0->mcp>=1.0.0->-r requirements.txt (line 1))
2025-08-21T12:12:38.4115435Z   Downloading referencing-0.36.2-py3-none-any.whl.metadata (2.8 kB)
2025-08-21T12:12:38.6547849Z Collecting rpds-py>=0.7.1 (from jsonschema>=4.20.0->mcp>=1.0.0->-r requirements.txt (line 1))
2025-08-21T12:12:38.6584204Z   Downloading rpds_py-0.27.0-cp311-cp311-manylinux_2_17_x86_64.manylinux2014_x86_64.whl.metadata (4.2 kB)
2025-08-21T12:12:38.8085083Z Collecting psycopg-binary==3.2.9 (from psycopg[binary]>=3.2.1->-r requirements.txt (line 2))
2025-08-21T12:12:38.8128516Z   Downloading psycopg_binary-3.2.9-cp311-cp311-manylinux_2_17_x86_64.manylinux2014_x86_64.whl.metadata (2.9 kB)
2025-08-21T12:12:38.8315043Z Collecting python-dotenv>=0.21.0 (from pydantic-settings>=2.5.2->mcp>=1.0.0->-r requirements.txt (line 1))
2025-08-21T12:12:38.8350044Z   Downloading python_dotenv-1.1.1-py3-none-any.whl.metadata (24 kB)
2025-08-21T12:12:38.8876899Z Collecting sympy>=1.13.3 (from torch>=1.11.0->sentence-transformers>=2.7.0->-r requirements.txt (line 6))
2025-08-21T12:12:38.8910349Z   Downloading sympy-1.14.0-py3-none-any.whl.metadata (12 kB)
2025-08-21T12:12:38.9131178Z Collecting networkx (from torch>=1.11.0->sentence-transformers>=2.7.0->-r requirements.txt (line 6))
2025-08-21T12:12:38.9166611Z   Downloading networkx-3.5-py3-none-any.whl.metadata (6.3 kB)
2025-08-21T12:12:38.9378581Z Collecting jinja2 (from torch>=1.11.0->sentence-transformers>=2.7.0->-r requirements.txt (line 6))
2025-08-21T12:12:38.9413963Z   Downloading jinja2-3.1.6-py3-none-any.whl.metadata (2.9 kB)
2025-08-21T12:12:38.9550187Z Collecting nvidia-cuda-nvrtc-cu12==12.8.93 (from torch>=1.11.0->sentence-transformers>=2.7.0->-r requirements.txt (line 6))
2025-08-21T12:12:38.9589000Z   Downloading nvidia_cuda_nvrtc_cu12-12.8.93-py3-none-manylinux2010_x86_64.manylinux_2_12_x86_64.whl.metadata (1.7 kB)
2025-08-21T12:12:38.9735014Z Collecting nvidia-cuda-runtime-cu12==12.8.90 (from torch>=1.11.0->sentence-transformers>=2.7.0->-r requirements.txt (line 6))
2025-08-21T12:12:38.9771460Z   Downloading nvidia_cuda_runtime_cu12-12.8.90-py3-none-manylinux2014_x86_64.manylinux_2_17_x86_64.whl.metadata (1.7 kB)
2025-08-21T12:12:38.9907262Z Collecting nvidia-cuda-cupti-cu12==12.8.90 (from torch>=1.11.0->sentence-transformers>=2.7.0->-r requirements.txt (line 6))
2025-08-21T12:12:38.9943222Z   Downloading nvidia_cuda_cupti_cu12-12.8.90-py3-none-manylinux2014_x86_64.manylinux_2_17_x86_64.whl.metadata (1.7 kB)
2025-08-21T12:12:39.0092181Z Collecting nvidia-cudnn-cu12==9.10.2.21 (from torch>=1.11.0->sentence-transformers>=2.7.0->-r requirements.txt (line 6))
2025-08-21T12:12:39.0126020Z   Downloading nvidia_cudnn_cu12-9.10.2.21-py3-none-manylinux_2_27_x86_64.whl.metadata (1.8 kB)
2025-08-21T12:12:39.0257227Z Collecting nvidia-cublas-cu12==12.8.4.1 (from torch>=1.11.0->sentence-transformers>=2.7.0->-r requirements.txt (line 6))
2025-08-21T12:12:39.0290017Z   Downloading nvidia_cublas_cu12-12.8.4.1-py3-none-manylinux_2_27_x86_64.whl.metadata (1.7 kB)
2025-08-21T12:12:39.0415269Z Collecting nvidia-cufft-cu12==11.3.3.83 (from torch>=1.11.0->sentence-transformers>=2.7.0->-r requirements.txt (line 6))
2025-08-21T12:12:39.0447725Z   Downloading nvidia_cufft_cu12-11.3.3.83-py3-none-manylinux2014_x86_64.manylinux_2_17_x86_64.whl.metadata (1.7 kB)
2025-08-21T12:12:39.0572901Z Collecting nvidia-curand-cu12==10.3.9.90 (from torch>=1.11.0->sentence-transformers>=2.7.0->-r requirements.txt (line 6))
2025-08-21T12:12:39.0605565Z   Downloading nvidia_curand_cu12-10.3.9.90-py3-none-manylinux_2_27_x86_64.whl.metadata (1.7 kB)
2025-08-21T12:12:39.0734356Z Collecting nvidia-cusolver-cu12==11.7.3.90 (from torch>=1.11.0->sentence-transformers>=2.7.0->-r requirements.txt (line 6))
2025-08-21T12:12:39.0766860Z   Downloading nvidia_cusolver_cu12-11.7.3.90-py3-none-manylinux_2_27_x86_64.whl.metadata (1.8 kB)
2025-08-21T12:12:39.0890783Z Collecting nvidia-cusparse-cu12==12.5.8.93 (from torch>=1.11.0->sentence-transformers>=2.7.0->-r requirements.txt (line 6))
2025-08-21T12:12:39.0922884Z   Downloading nvidia_cusparse_cu12-12.5.8.93-py3-none-manylinux2014_x86_64.manylinux_2_17_x86_64.whl.metadata (1.8 kB)
2025-08-21T12:12:39.1023808Z Collecting nvidia-cusparselt-cu12==0.7.1 (from torch>=1.11.0->sentence-transformers>=2.7.0->-r requirements.txt (line 6))
2025-08-21T12:12:39.1064194Z   Downloading nvidia_cusparselt_cu12-0.7.1-py3-none-manylinux2014_x86_64.whl.metadata (7.0 kB)
2025-08-21T12:12:39.1268254Z Collecting nvidia-nccl-cu12==2.27.3 (from torch>=1.11.0->sentence-transformers>=2.7.0->-r requirements.txt (line 6))
2025-08-21T12:12:39.1304662Z   Downloading nvidia_nccl_cu12-2.27.3-py3-none-manylinux2014_x86_64.manylinux_2_17_x86_64.whl.metadata (2.0 kB)
2025-08-21T12:12:39.1435990Z Collecting nvidia-nvtx-cu12==12.8.90 (from torch>=1.11.0->sentence-transformers>=2.7.0->-r requirements.txt (line 6))
2025-08-21T12:12:39.1485212Z   Downloading nvidia_nvtx_cu12-12.8.90-py3-none-manylinux2014_x86_64.manylinux_2_17_x86_64.whl.metadata (1.8 kB)
2025-08-21T12:12:39.1614647Z Collecting nvidia-nvjitlink-cu12==12.8.93 (from torch>=1.11.0->sentence-transformers>=2.7.0->-r requirements.txt (line 6))
2025-08-21T12:12:39.1650407Z   Downloading nvidia_nvjitlink_cu12-12.8.93-py3-none-manylinux2010_x86_64.manylinux_2_12_x86_64.whl.metadata (1.7 kB)
2025-08-21T12:12:39.1753826Z Collecting nvidia-cufile-cu12==1.13.1.3 (from torch>=1.11.0->sentence-transformers>=2.7.0->-r requirements.txt (line 6))
2025-08-21T12:12:39.1787657Z   Downloading nvidia_cufile_cu12-1.13.1.3-py3-none-manylinux2014_x86_64.manylinux_2_17_x86_64.whl.metadata (1.7 kB)
2025-08-21T12:12:39.1938320Z Collecting triton==3.4.0 (from torch>=1.11.0->sentence-transformers>=2.7.0->-r requirements.txt (line 6))
2025-08-21T12:12:39.1977726Z   Downloading triton-3.4.0-cp311-cp311-manylinux_2_27_x86_64.manylinux_2_28_x86_64.whl.metadata (1.7 kB)
2025-08-21T12:12:39.2212679Z Requirement already satisfied: setuptools>=40.8.0 in /opt/hostedtoolcache/Python/3.11.13/x64/lib/python3.11/site-packages (from triton==3.4.0->torch>=1.11.0->sentence-transformers>=2.7.0->-r requirements.txt (line 6)) (65.5.0)
2025-08-21T12:12:39.2383165Z Collecting mpmath<1.4,>=1.1.0 (from sympy>=1.13.3->torch>=1.11.0->sentence-transformers>=2.7.0->-r requirements.txt (line 6))
2025-08-21T12:12:39.2416767Z   Downloading mpmath-1.3.0-py3-none-any.whl.metadata (8.6 kB)
2025-08-21T12:12:39.2726357Z Collecting click>=7.0 (from uvicorn>=0.31.1->mcp>=1.0.0->-r requirements.txt (line 1))
2025-08-21T12:12:39.2760260Z   Downloading click-8.2.1-py3-none-any.whl.metadata (2.5 kB)
2025-08-21T12:12:39.3333426Z Collecting MarkupSafe>=2.0 (from jinja2->torch>=1.11.0->sentence-transformers>=2.7.0->-r requirements.txt (line 6))
2025-08-21T12:12:39.3371008Z   Downloading MarkupSafe-3.0.2-cp311-cp311-manylinux_2_17_x86_64.manylinux2014_x86_64.whl.metadata (4.0 kB)
2025-08-21T12:12:39.5107881Z Collecting charset_normalizer<4,>=2 (from requests->transformers<5.0.0,>=4.41.0->sentence-transformers>=2.7.0->-r requirements.txt (line 6))
2025-08-21T12:12:39.5146959Z   Downloading charset_normalizer-3.4.3-cp311-cp311-manylinux2014_x86_64.manylinux_2_17_x86_64.manylinux_2_28_x86_64.whl.metadata (36 kB)
2025-08-21T12:12:39.5480534Z Collecting urllib3<3,>=1.21.1 (from requests->transformers<5.0.0,>=4.41.0->sentence-transformers>=2.7.0->-r requirements.txt (line 6))
2025-08-21T12:12:39.5517641Z   Downloading urllib3-2.5.0-py3-none-any.whl.metadata (6.5 kB)
2025-08-21T12:12:39.5963292Z Collecting joblib>=1.2.0 (from scikit-learn->sentence-transformers>=2.7.0->-r requirements.txt (line 6))
2025-08-21T12:12:39.6083281Z   Downloading joblib-1.5.1-py3-none-any.whl.metadata (5.6 kB)
2025-08-21T12:12:39.6200922Z Collecting threadpoolctl>=3.1.0 (from scikit-learn->sentence-transformers>=2.7.0->-r requirements.txt (line 6))
2025-08-21T12:12:39.6234403Z   Downloading threadpoolctl-3.6.0-py3-none-any.whl.metadata (13 kB)
2025-08-21T12:12:39.6477577Z Downloading mcp-1.13.0-py3-none-any.whl (160 kB)
2025-08-21T12:12:39.6552775Z Downloading pydantic-2.11.7-py3-none-any.whl (444 kB)
2025-08-21T12:12:39.6649196Z Downloading pydantic_core-2.33.2-cp311-cp311-manylinux_2_17_x86_64.manylinux2014_x86_64.whl (2.0 MB)
2025-08-21T12:12:39.6861898Z    ━━━━━━━━━━━━━━━━━━━━━━━━━━━━━━━━━━━━━━━━ 2.0/2.0 MB 103.1 MB/s  0:00:00
2025-08-21T12:12:39.6904192Z Downloading psycopg-3.2.9-py3-none-any.whl (202 kB)
2025-08-21T12:12:39.6964237Z Downloading pgvector-0.4.1-py3-none-any.whl (27 kB)
2025-08-21T12:12:39.7017617Z Downloading feedparser-6.0.11-py3-none-any.whl (81 kB)
2025-08-21T12:12:39.7072544Z Downloading sentence_transformers-5.1.0-py3-none-any.whl (483 kB)
2025-08-21T12:12:39.7155784Z Downloading transformers-4.55.3-py3-none-any.whl (11.3 MB)
2025-08-21T12:12:39.7837301Z    ━━━━━━━━━━━━━━━━━━━━━━━━━━━━━━━━━━━━━━━━ 11.3/11.3 MB 168.7 MB/s  0:00:00
2025-08-21T12:12:39.7874466Z Downloading huggingface_hub-0.34.4-py3-none-any.whl (561 kB)
2025-08-21T12:12:39.7935190Z    ━━━━━━━━━━━━━━━━━━━━━━━━━━━━━━━━━━━━━━━━ 561.5/561.5 kB 88.2 MB/s  0:00:00
2025-08-21T12:12:39.7971512Z Downloading hf_xet-1.1.8-cp37-abi3-manylinux_2_17_x86_64.manylinux2014_x86_64.whl (3.2 MB)
2025-08-21T12:12:39.8161439Z    ━━━━━━━━━━━━━━━━━━━━━━━━━━━━━━━━━━━━━━━━ 3.2/3.2 MB 179.9 MB/s  0:00:00
2025-08-21T12:12:39.8194177Z Downloading tokenizers-0.21.4-cp39-abi3-manylinux_2_17_x86_64.manylinux2014_x86_64.whl (3.1 MB)
2025-08-21T12:12:39.8391883Z    ━━━━━━━━━━━━━━━━━━━━━━━━━━━━━━━━━━━━━━━━ 3.1/3.1 MB 169.7 MB/s  0:00:00
2025-08-21T12:12:39.8426732Z Downloading httpx-0.28.1-py3-none-any.whl (73 kB)
2025-08-21T12:12:39.8476669Z Downloading httpcore-1.0.9-py3-none-any.whl (78 kB)
2025-08-21T12:12:39.8529155Z Downloading annotated_types-0.7.0-py3-none-any.whl (13 kB)
2025-08-21T12:12:39.8578228Z Downloading anyio-4.10.0-py3-none-any.whl (107 kB)
2025-08-21T12:12:39.8629596Z Downloading fsspec-2025.7.0-py3-none-any.whl (199 kB)
2025-08-21T12:12:39.8685955Z Downloading h11-0.16.0-py3-none-any.whl (37 kB)
2025-08-21T12:12:39.8737559Z Downloading httpx_sse-0.4.1-py3-none-any.whl (8.1 kB)
2025-08-21T12:12:39.8783962Z Downloading idna-3.10-py3-none-any.whl (70 kB)
2025-08-21T12:12:39.8835052Z Downloading jsonschema-4.25.1-py3-none-any.whl (90 kB)
2025-08-21T12:12:39.8889491Z Downloading attrs-25.3.0-py3-none-any.whl (63 kB)
2025-08-21T12:12:39.8943527Z Downloading jsonschema_specifications-2025.4.1-py3-none-any.whl (18 kB)
2025-08-21T12:12:39.8995379Z Downloading numpy-2.3.2-cp311-cp311-manylinux_2_27_x86_64.manylinux_2_28_x86_64.whl (16.9 MB)
2025-08-21T12:12:39.9860207Z    ━━━━━━━━━━━━━━━━━━━━━━━━━━━━━━━━━━━━━━━━ 16.9/16.9 MB 199.5 MB/s  0:00:00
2025-08-21T12:12:39.9896698Z Downloading packaging-25.0-py3-none-any.whl (66 kB)
2025-08-21T12:12:39.9954184Z Downloading psycopg_binary-3.2.9-cp311-cp311-manylinux_2_17_x86_64.manylinux2014_x86_64.whl (4.5 MB)
2025-08-21T12:12:40.0276688Z    ━━━━━━━━━━━━━━━━━━━━━━━━━━━━━━━━━━━━━━━━ 4.5/4.5 MB 147.9 MB/s  0:00:00
2025-08-21T12:12:40.0317491Z Downloading pydantic_settings-2.10.1-py3-none-any.whl (45 kB)
2025-08-21T12:12:40.0371055Z Downloading python_dotenv-1.1.1-py3-none-any.whl (20 kB)
2025-08-21T12:12:40.0427276Z Downloading python_multipart-0.0.20-py3-none-any.whl (24 kB)
2025-08-21T12:12:40.0483205Z Downloading PyYAML-6.0.2-cp311-cp311-manylinux_2_17_x86_64.manylinux2014_x86_64.whl (762 kB)
2025-08-21T12:12:40.0555522Z    ━━━━━━━━━━━━━━━━━━━━━━━━━━━━━━━━━━━━━━━━ 763.0/763.0 kB 119.3 MB/s  0:00:00
2025-08-21T12:12:40.0590562Z Downloading referencing-0.36.2-py3-none-any.whl (26 kB)
2025-08-21T12:12:40.0644332Z Downloading regex-2025.7.34-cp311-cp311-manylinux2014_x86_64.manylinux_2_17_x86_64.manylinux_2_28_x86_64.whl (798 kB)
2025-08-21T12:12:40.0718951Z    ━━━━━━━━━━━━━━━━━━━━━━━━━━━━━━━━━━━━━━━━ 798.9/798.9 kB 118.3 MB/s  0:00:00
2025-08-21T12:12:40.0752226Z Downloading rpds_py-0.27.0-cp311-cp311-manylinux_2_17_x86_64.manylinux2014_x86_64.whl (383 kB)
2025-08-21T12:12:40.0824571Z Downloading safetensors-0.6.2-cp38-abi3-manylinux_2_17_x86_64.manylinux2014_x86_64.whl (485 kB)
2025-08-21T12:12:40.0900397Z Downloading sniffio-1.3.1-py3-none-any.whl (10 kB)
2025-08-21T12:12:40.0950149Z Downloading sse_starlette-3.0.2-py3-none-any.whl (11 kB)
2025-08-21T12:12:40.0999468Z Downloading starlette-0.47.2-py3-none-any.whl (72 kB)
2025-08-21T12:12:40.1067355Z Downloading torch-2.8.0-cp311-cp311-manylinux_2_28_x86_64.whl (888.1 MB)
2025-08-21T12:12:46.7509174Z    ━━━━━━━━━━━━━━━━━━━━━━━━━━━━━━━━━━━━━━━━ 888.1/888.1 MB 59.1 MB/s  0:00:06
2025-08-21T12:12:46.7549417Z Downloading nvidia_cublas_cu12-12.8.4.1-py3-none-manylinux_2_27_x86_64.whl (594.3 MB)
2025-08-21T12:12:51.5374513Z    ━━━━━━━━━━━━━━━━━━━━━━━━━━━━━━━━━━━━━━━━ 594.3/594.3 MB 73.7 MB/s  0:00:04
2025-08-21T12:12:51.5414634Z Downloading nvidia_cuda_cupti_cu12-12.8.90-py3-none-manylinux2014_x86_64.manylinux_2_17_x86_64.whl (10.2 MB)
2025-08-21T12:12:51.5947649Z    ━━━━━━━━━━━━━━━━━━━━━━━━━━━━━━━━━━━━━━━━ 10.2/10.2 MB 197.5 MB/s  0:00:00
2025-08-21T12:12:51.5982432Z Downloading nvidia_cuda_nvrtc_cu12-12.8.93-py3-none-manylinux2010_x86_64.manylinux_2_12_x86_64.whl (88.0 MB)
2025-08-21T12:12:52.0158651Z    ━━━━━━━━━━━━━━━━━━━━━━━━━━━━━━━━━━━━━━━━ 88.0/88.0 MB 211.7 MB/s  0:00:00
2025-08-21T12:12:52.0198642Z Downloading nvidia_cuda_runtime_cu12-12.8.90-py3-none-manylinux2014_x86_64.manylinux_2_17_x86_64.whl (954 kB)
2025-08-21T12:12:52.0278131Z    ━━━━━━━━━━━━━━━━━━━━━━━━━━━━━━━━━━━━━━━━ 954.8/954.8 kB 138.1 MB/s  0:00:00
2025-08-21T12:12:52.0310398Z Downloading nvidia_cudnn_cu12-9.10.2.21-py3-none-manylinux_2_27_x86_64.whl (706.8 MB)
2025-08-21T12:12:58.3533384Z    ━━━━━━━━━━━━━━━━━━━━━━━━━━━━━━━━━━━━━━━━ 706.8/706.8 MB 55.6 MB/s  0:00:06
2025-08-21T12:12:58.3577221Z Downloading nvidia_cufft_cu12-11.3.3.83-py3-none-manylinux2014_x86_64.manylinux_2_17_x86_64.whl (193.1 MB)
2025-08-21T12:12:59.5121015Z    ━━━━━━━━━━━━━━━━━━━━━━━━━━━━━━━━━━━━━━━━ 193.1/193.1 MB 167.6 MB/s  0:00:01
2025-08-21T12:12:59.5162078Z Downloading nvidia_cufile_cu12-1.13.1.3-py3-none-manylinux2014_x86_64.manylinux_2_17_x86_64.whl (1.2 MB)
2025-08-21T12:12:59.5252879Z    ━━━━━━━━━━━━━━━━━━━━━━━━━━━━━━━━━━━━━━━━ 1.2/1.2 MB 144.2 MB/s  0:00:00
2025-08-21T12:12:59.5288316Z Downloading nvidia_curand_cu12-10.3.9.90-py3-none-manylinux_2_27_x86_64.whl (63.6 MB)
2025-08-21T12:12:59.8420124Z    ━━━━━━━━━━━━━━━━━━━━━━━━━━━━━━━━━━━━━━━━ 63.6/63.6 MB 204.4 MB/s  0:00:00
2025-08-21T12:12:59.8456795Z Downloading nvidia_cusolver_cu12-11.7.3.90-py3-none-manylinux_2_27_x86_64.whl (267.5 MB)
2025-08-21T12:13:01.5276383Z    ━━━━━━━━━━━━━━━━━━━━━━━━━━━━━━━━━━━━━━━━ 267.5/267.5 MB 157.9 MB/s  0:00:01
2025-08-21T12:13:01.5316575Z Downloading nvidia_cusparse_cu12-12.5.8.93-py3-none-manylinux2014_x86_64.manylinux_2_17_x86_64.whl (288.2 MB)
2025-08-21T12:13:03.8743806Z    ━━━━━━━━━━━━━━━━━━━━━━━━━━━━━━━━━━━━━━━━ 288.2/288.2 MB 116.6 MB/s  0:00:02
2025-08-21T12:13:03.8798734Z Downloading nvidia_cusparselt_cu12-0.7.1-py3-none-manylinux2014_x86_64.whl (287.2 MB)
2025-08-21T12:13:06.3770813Z    ━━━━━━━━━━━━━━━━━━━━━━━━━━━━━━━━━━━━━━━━ 287.2/287.2 MB 108.8 MB/s  0:00:02
2025-08-21T12:13:06.3810103Z Downloading nvidia_nccl_cu12-2.27.3-py3-none-manylinux2014_x86_64.manylinux_2_17_x86_64.whl (322.4 MB)
2025-08-21T12:13:09.4306716Z    ━━━━━━━━━━━━━━━━━━━━━━━━━━━━━━━━━━━━━━━━ 322.4/322.4 MB 92.7 MB/s  0:00:03
2025-08-21T12:13:09.4342275Z Downloading nvidia_nvjitlink_cu12-12.8.93-py3-none-manylinux2010_x86_64.manylinux_2_12_x86_64.whl (39.3 MB)
2025-08-21T12:13:09.6409699Z    ━━━━━━━━━━━━━━━━━━━━━━━━━━━━━━━━━━━━━━━━ 39.3/39.3 MB 191.1 MB/s  0:00:00
2025-08-21T12:13:09.6446666Z Downloading nvidia_nvtx_cu12-12.8.90-py3-none-manylinux2014_x86_64.manylinux_2_17_x86_64.whl (89 kB)
2025-08-21T12:13:09.6507243Z Downloading triton-3.4.0-cp311-cp311-manylinux_2_27_x86_64.manylinux_2_28_x86_64.whl (155.5 MB)
2025-08-21T12:13:10.5041459Z    ━━━━━━━━━━━━━━━━━━━━━━━━━━━━━━━━━━━━━━━━ 155.5/155.5 MB 182.5 MB/s  0:00:00
2025-08-21T12:13:10.5079675Z Downloading sympy-1.14.0-py3-none-any.whl (6.3 MB)
2025-08-21T12:13:10.5416636Z    ━━━━━━━━━━━━━━━━━━━━━━━━━━━━━━━━━━━━━━━━ 6.3/6.3 MB 193.9 MB/s  0:00:00
2025-08-21T12:13:10.5455433Z Downloading mpmath-1.3.0-py3-none-any.whl (536 kB)
2025-08-21T12:13:10.5510775Z    ━━━━━━━━━━━━━━━━━━━━━━━━━━━━━━━━━━━━━━━━ 536.2/536.2 kB 82.3 MB/s  0:00:00
2025-08-21T12:13:10.5544771Z Downloading tqdm-4.67.1-py3-none-any.whl (78 kB)
2025-08-21T12:13:10.5596035Z Downloading typing_extensions-4.14.1-py3-none-any.whl (43 kB)
2025-08-21T12:13:10.5645432Z Downloading typing_inspection-0.4.1-py3-none-any.whl (14 kB)
2025-08-21T12:13:10.5692174Z Downloading uvicorn-0.35.0-py3-none-any.whl (66 kB)
2025-08-21T12:13:10.5742913Z Downloading click-8.2.1-py3-none-any.whl (102 kB)
2025-08-21T12:13:10.5798856Z Downloading certifi-2025.8.3-py3-none-any.whl (161 kB)
2025-08-21T12:13:10.5862668Z Downloading filelock-3.19.1-py3-none-any.whl (15 kB)
2025-08-21T12:13:10.5923046Z Downloading jinja2-3.1.6-py3-none-any.whl (134 kB)
2025-08-21T12:13:10.5995603Z Downloading MarkupSafe-3.0.2-cp311-cp311-manylinux_2_17_x86_64.manylinux2014_x86_64.whl (23 kB)
2025-08-21T12:13:10.6059625Z Downloading networkx-3.5-py3-none-any.whl (2.0 MB)
2025-08-21T12:13:10.6224469Z    ━━━━━━━━━━━━━━━━━━━━━━━━━━━━━━━━━━━━━━━━ 2.0/2.0 MB 139.2 MB/s  0:00:00
2025-08-21T12:13:10.6271115Z Downloading pillow-11.3.0-cp311-cp311-manylinux_2_27_x86_64.manylinux_2_28_x86_64.whl (6.6 MB)
2025-08-21T12:13:10.6621746Z    ━━━━━━━━━━━━━━━━━━━━━━━━━━━━━━━━━━━━━━━━ 6.6/6.6 MB 202.9 MB/s  0:00:00
2025-08-21T12:13:10.6655889Z Downloading requests-2.32.5-py3-none-any.whl (64 kB)
2025-08-21T12:13:10.6711830Z Downloading charset_normalizer-3.4.3-cp311-cp311-manylinux2014_x86_64.manylinux_2_17_x86_64.manylinux_2_28_x86_64.whl (150 kB)
2025-08-21T12:13:10.6767333Z Downloading urllib3-2.5.0-py3-none-any.whl (129 kB)
2025-08-21T12:13:10.6820490Z Downloading scikit_learn-1.7.1-cp311-cp311-manylinux2014_x86_64.manylinux_2_17_x86_64.whl (9.7 MB)
2025-08-21T12:13:10.7400268Z    ━━━━━━━━━━━━━━━━━━━━━━━━━━━━━━━━━━━━━━━━ 9.7/9.7 MB 172.2 MB/s  0:00:00
2025-08-21T12:13:10.7437970Z Downloading joblib-1.5.1-py3-none-any.whl (307 kB)
2025-08-21T12:13:10.7502148Z Downloading scipy-1.16.1-cp311-cp311-manylinux2014_x86_64.manylinux_2_17_x86_64.whl (35.4 MB)
2025-08-21T12:13:10.9201838Z    ━━━━━━━━━━━━━━━━━━━━━━━━━━━━━━━━━━━━━━━━ 35.4/35.4 MB 210.0 MB/s  0:00:00
2025-08-21T12:13:10.9238775Z Downloading threadpoolctl-3.6.0-py3-none-any.whl (18 kB)
2025-08-21T12:13:13.8977693Z Building wheels for collected packages: sgmllib3k
2025-08-21T12:13:13.8986955Z   Building wheel for sgmllib3k (pyproject.toml): started
2025-08-21T12:13:14.0910839Z   Building wheel for sgmllib3k (pyproject.toml): finished with status 'done'
2025-08-21T12:13:14.0917380Z   Created wheel for sgmllib3k: filename=sgmllib3k-1.0.0-py3-none-any.whl size=6089 sha256=a4e8863e7fc837b9a254517ba88940421a506da29499aa372589fef65c7b1be7
2025-08-21T12:13:14.0918759Z   Stored in directory: /home/runner/.cache/pip/wheels/3b/25/2a/105d6a15df6914f4d15047691c6c28f9052cc1173e40285d03
2025-08-21T12:13:14.0934580Z Successfully built sgmllib3k
2025-08-21T12:13:14.2973316Z Installing collected packages: sgmllib3k, nvidia-cusparselt-cu12, mpmath, urllib3, typing-extensions, triton, tqdm, threadpoolctl, sympy, sniffio, safetensors, rpds-py, regex, pyyaml, python-multipart, python-dotenv, psycopg-binary, Pillow, packaging, nvidia-nvtx-cu12, nvidia-nvjitlink-cu12, nvidia-nccl-cu12, nvidia-curand-cu12, nvidia-cufile-cu12, nvidia-cuda-runtime-cu12, nvidia-cuda-nvrtc-cu12, nvidia-cuda-cupti-cu12, nvidia-cublas-cu12, numpy, networkx, MarkupSafe, joblib, idna, httpx-sse, hf-xet, h11, fsspec, filelock, feedparser, click, charset_normalizer, certifi, attrs, annotated-types, uvicorn, typing-inspection, scipy, requests, referencing, pydantic-core, psycopg, pgvector, nvidia-cusparse-cu12, nvidia-cufft-cu12, nvidia-cudnn-cu12, jinja2, httpcore, anyio, starlette, sse-starlette, scikit-learn, pydantic, nvidia-cusolver-cu12, jsonschema-specifications, huggingface-hub, httpx, torch, tokenizers, pydantic-settings, jsonschema, transformers, mcp, sentence-transformers
2025-08-21T12:14:21.4810381Z 
2025-08-21T12:14:21.4848502Z Successfully installed MarkupSafe-3.0.2 Pillow-11.3.0 annotated-types-0.7.0 anyio-4.10.0 attrs-25.3.0 certifi-2025.8.3 charset_normalizer-3.4.3 click-8.2.1 feedparser-6.0.11 filelock-3.19.1 fsspec-2025.7.0 h11-0.16.0 hf-xet-1.1.8 httpcore-1.0.9 httpx-0.28.1 httpx-sse-0.4.1 huggingface-hub-0.34.4 idna-3.10 jinja2-3.1.6 joblib-1.5.1 jsonschema-4.25.1 jsonschema-specifications-2025.4.1 mcp-1.13.0 mpmath-1.3.0 networkx-3.5 numpy-2.3.2 nvidia-cublas-cu12-12.8.4.1 nvidia-cuda-cupti-cu12-12.8.90 nvidia-cuda-nvrtc-cu12-12.8.93 nvidia-cuda-runtime-cu12-12.8.90 nvidia-cudnn-cu12-9.10.2.21 nvidia-cufft-cu12-11.3.3.83 nvidia-cufile-cu12-1.13.1.3 nvidia-curand-cu12-10.3.9.90 nvidia-cusolver-cu12-11.7.3.90 nvidia-cusparse-cu12-12.5.8.93 nvidia-cusparselt-cu12-0.7.1 nvidia-nccl-cu12-2.27.3 nvidia-nvjitlink-cu12-12.8.93 nvidia-nvtx-cu12-12.8.90 packaging-25.0 pgvector-0.4.1 psycopg-3.2.9 psycopg-binary-3.2.9 pydantic-2.11.7 pydantic-core-2.33.2 pydantic-settings-2.10.1 python-dotenv-1.1.1 python-multipart-0.0.20 pyyaml-6.0.2 referencing-0.36.2 regex-2025.7.34 requests-2.32.5 rpds-py-0.27.0 safetensors-0.6.2 scikit-learn-1.7.1 scipy-1.16.1 sentence-transformers-5.1.0 sgmllib3k-1.0.0 sniffio-1.3.1 sse-starlette-3.0.2 starlette-0.47.2 sympy-1.14.0 threadpoolctl-3.6.0 tokenizers-0.21.4 torch-2.8.0 tqdm-4.67.1 transformers-4.55.3 triton-3.4.0 typing-extensions-4.14.1 typing-inspection-0.4.1 urllib3-2.5.0 uvicorn-0.35.0
2025-08-21T12:14:22.9935524Z Requirement already satisfied: pgvector in /opt/hostedtoolcache/Python/3.11.13/x64/lib/python3.11/site-packages (0.4.1)
2025-08-21T12:14:22.9938806Z Requirement already satisfied: psycopg[binary] in /opt/hostedtoolcache/Python/3.11.13/x64/lib/python3.11/site-packages (3.2.9)
2025-08-21T12:14:22.9956505Z Requirement already satisfied: typing-extensions>=4.6 in /opt/hostedtoolcache/Python/3.11.13/x64/lib/python3.11/site-packages (from psycopg[binary]) (4.14.1)
2025-08-21T12:14:22.9966842Z Requirement already satisfied: psycopg-binary==3.2.9 in /opt/hostedtoolcache/Python/3.11.13/x64/lib/python3.11/site-packages (from psycopg[binary]) (3.2.9)
2025-08-21T12:14:23.0010828Z Requirement already satisfied: numpy in /opt/hostedtoolcache/Python/3.11.13/x64/lib/python3.11/site-packages (from pgvector) (2.3.2)
2025-08-21T12:14:23.6230757Z Collecting pytest
2025-08-21T12:14:23.6586784Z   Downloading pytest-8.4.1-py3-none-any.whl.metadata (7.7 kB)
2025-08-21T12:14:23.6716282Z Collecting iniconfig>=1 (from pytest)
2025-08-21T12:14:23.6754175Z   Downloading iniconfig-2.1.0-py3-none-any.whl.metadata (2.7 kB)
2025-08-21T12:14:23.6788259Z Requirement already satisfied: packaging>=20 in /opt/hostedtoolcache/Python/3.11.13/x64/lib/python3.11/site-packages (from pytest) (25.0)
2025-08-21T12:14:23.6888275Z Collecting pluggy<2,>=1.5 (from pytest)
2025-08-21T12:14:23.6976998Z   Downloading pluggy-1.6.0-py3-none-any.whl.metadata (4.8 kB)
2025-08-21T12:14:23.7182514Z Collecting pygments>=2.7.2 (from pytest)
2025-08-21T12:14:23.7221838Z   Downloading pygments-2.19.2-py3-none-any.whl.metadata (2.5 kB)
2025-08-21T12:14:23.7309842Z Downloading pytest-8.4.1-py3-none-any.whl (365 kB)
2025-08-21T12:14:23.7508919Z Downloading pluggy-1.6.0-py3-none-any.whl (20 kB)
2025-08-21T12:14:23.7562396Z Downloading iniconfig-2.1.0-py3-none-any.whl (6.0 kB)
2025-08-21T12:14:23.7615528Z Downloading pygments-2.19.2-py3-none-any.whl (1.2 MB)
2025-08-21T12:14:23.7804026Z    ━━━━━━━━━━━━━━━━━━━━━━━━━━━━━━━━━━━━━━━━ 1.2/1.2 MB 66.6 MB/s  0:00:00
2025-08-21T12:14:23.9334803Z Installing collected packages: pygments, pluggy, iniconfig, pytest
2025-08-21T12:14:24.8555209Z 
2025-08-21T12:14:24.8590178Z Successfully installed iniconfig-2.1.0 pluggy-1.6.0 pygments-2.19.2 pytest-8.4.1
2025-08-21T12:14:24.9205086Z ##[group]Run if [ -f db/schema_v2.sql ]; then
2025-08-21T12:14:24.9205471Z [36;1mif [ -f db/schema_v2.sql ]; then[0m
2025-08-21T12:14:24.9205765Z [36;1m  psql "$DATABASE_URL" -f db/schema_v2.sql[0m
2025-08-21T12:14:24.9206032Z [36;1melse[0m
2025-08-21T12:14:24.9206235Z [36;1m  echo "schema_v2.sql not found; skipping"[0m
2025-08-21T12:14:24.9206483Z [36;1mfi[0m
2025-08-21T12:14:24.9276332Z shell: /usr/bin/bash -e {0}
2025-08-21T12:14:24.9276546Z env:
2025-08-21T12:14:24.9277026Z   DATABASE_URL: ***localhost:5432/testdb
2025-08-21T12:14:24.9277277Z   EMBED_SPACE: bge-m3
2025-08-21T12:14:24.9277466Z   ENABLE_SERVER_EMBEDDING: 0
2025-08-21T12:14:24.9277734Z   pythonLocation: /opt/hostedtoolcache/Python/3.11.13/x64
2025-08-21T12:14:24.9278121Z   PKG_CONFIG_PATH: /opt/hostedtoolcache/Python/3.11.13/x64/lib/pkgconfig
2025-08-21T12:14:24.9278492Z   Python_ROOT_DIR: /opt/hostedtoolcache/Python/3.11.13/x64
2025-08-21T12:14:24.9278856Z   Python2_ROOT_DIR: /opt/hostedtoolcache/Python/3.11.13/x64
2025-08-21T12:14:24.9279202Z   Python3_ROOT_DIR: /opt/hostedtoolcache/Python/3.11.13/x64
2025-08-21T12:14:24.9279538Z   LD_LIBRARY_PATH: /opt/hostedtoolcache/Python/3.11.13/x64/lib
2025-08-21T12:14:24.9279825Z ##[endgroup]
2025-08-21T12:14:24.9736121Z psql:db/schema_v2.sql:4: NOTICE:  extension "vector" already exists, skipping
2025-08-21T12:14:24.9736787Z CREATE EXTENSION
2025-08-21T12:14:24.9814937Z CREATE TABLE
2025-08-21T12:14:24.9829859Z CREATE INDEX
2025-08-21T12:14:24.9842518Z CREATE INDEX
2025-08-21T12:14:24.9874442Z CREATE TABLE
2025-08-21T12:14:24.9898967Z DO
2025-08-21T12:14:24.9917469Z CREATE INDEX
2025-08-21T12:14:24.9935881Z CREATE TABLE
2025-08-21T12:14:24.9948036Z psql:db/schema_v2.sql:54: ERROR:  column does not have dimensions
2025-08-21T12:14:24.9954509Z psql:db/schema_v2.sql:58: ERROR:  column does not have dimensions
2025-08-21T12:14:24.9958371Z psql:db/schema_v2.sql:61: ERROR:  relation "hint" does not exist
2025-08-21T12:14:24.9959467Z psql:db/schema_v2.sql:62: ERROR:  relation "entity" does not exist
2025-08-21T12:14:24.9987236Z CREATE TABLE
2025-08-21T12:14:25.0011704Z CREATE TABLE
2025-08-21T12:14:25.0034812Z CREATE TABLE
2025-08-21T12:14:25.0057281Z CREATE TABLE
2025-08-21T12:14:25.0074266Z CREATE TABLE
2025-08-21T12:14:25.0097750Z CREATE TABLE
2025-08-21T12:14:25.0108144Z CREATE INDEX
2025-08-21T12:14:25.0111063Z psql:db/schema_v2.sql:119: NOTICE:  column "author" of relation "doc" already exists, skipping
2025-08-21T12:14:25.0112390Z DO
2025-08-21T12:14:25.0155243Z ##[group]Run python -m compileall -q .
2025-08-21T12:14:25.0155565Z [36;1mpython -m compileall -q .[0m
2025-08-21T12:14:25.0197649Z shell: /usr/bin/bash -e {0}
2025-08-21T12:14:25.0197869Z env:
2025-08-21T12:14:25.0198316Z   DATABASE_URL: ***localhost:5432/testdb
2025-08-21T12:14:25.0198567Z   EMBED_SPACE: bge-m3
2025-08-21T12:14:25.0198761Z   ENABLE_SERVER_EMBEDDING: 0
2025-08-21T12:14:25.0199032Z   pythonLocation: /opt/hostedtoolcache/Python/3.11.13/x64
2025-08-21T12:14:25.0199410Z   PKG_CONFIG_PATH: /opt/hostedtoolcache/Python/3.11.13/x64/lib/pkgconfig
2025-08-21T12:14:25.0199795Z   Python_ROOT_DIR: /opt/hostedtoolcache/Python/3.11.13/x64
2025-08-21T12:14:25.0200149Z   Python2_ROOT_DIR: /opt/hostedtoolcache/Python/3.11.13/x64
2025-08-21T12:14:25.0200503Z   Python3_ROOT_DIR: /opt/hostedtoolcache/Python/3.11.13/x64
2025-08-21T12:14:25.0200849Z   LD_LIBRARY_PATH: /opt/hostedtoolcache/Python/3.11.13/x64/lib
2025-08-21T12:14:25.0201127Z ##[endgroup]
2025-08-21T12:14:25.0851436Z ##[group]Run pytest -q
2025-08-21T12:14:25.0851687Z [36;1mpytest -q[0m
2025-08-21T12:14:25.0893129Z shell: /usr/bin/bash -e {0}
2025-08-21T12:14:25.0893346Z env:
2025-08-21T12:14:25.0894015Z   DATABASE_URL: ***localhost:5432/testdb
2025-08-21T12:14:25.0894380Z   EMBED_SPACE: bge-m3
2025-08-21T12:14:25.0894592Z   ENABLE_SERVER_EMBEDDING: 0
2025-08-21T12:14:25.0894862Z   pythonLocation: /opt/hostedtoolcache/Python/3.11.13/x64
2025-08-21T12:14:25.0895254Z   PKG_CONFIG_PATH: /opt/hostedtoolcache/Python/3.11.13/x64/lib/pkgconfig
2025-08-21T12:14:25.0895632Z   Python_ROOT_DIR: /opt/hostedtoolcache/Python/3.11.13/x64
2025-08-21T12:14:25.0896155Z   Python2_ROOT_DIR: /opt/hostedtoolcache/Python/3.11.13/x64
2025-08-21T12:14:25.0896603Z   Python3_ROOT_DIR: /opt/hostedtoolcache/Python/3.11.13/x64
2025-08-21T12:14:25.0896972Z   LD_LIBRARY_PATH: /opt/hostedtoolcache/Python/3.11.13/x64/lib
2025-08-21T12:14:25.0897247Z ##[endgroup]
2025-08-21T12:14:26.7681673Z 
2025-08-21T12:14:26.7682339Z ==================================== ERRORS ====================================
2025-08-21T12:14:26.7683147Z _____________ ERROR collecting docs/ci_pack/tests/test_urlcanon.py _____________
2025-08-21T12:14:26.7684622Z ImportError while importing test module '/home/runner/work/newspaper/newspaper/docs/ci_pack/tests/test_urlcanon.py'.
2025-08-21T12:14:26.7685754Z Hint: make sure your test modules/packages have valid Python names.
2025-08-21T12:14:26.7686369Z Traceback:
2025-08-21T12:14:26.7687034Z /opt/hostedtoolcache/Python/3.11.13/x64/lib/python3.11/importlib/__init__.py:126: in import_module
2025-08-21T12:14:26.7687660Z     return _bootstrap._gcd_import(name[level:], package, level)
2025-08-21T12:14:26.7688031Z            ^^^^^^^^^^^^^^^^^^^^^^^^^^^^^^^^^^^^^^^^^^^^^^^^^^^^
2025-08-21T12:14:26.7688352Z docs/ci_pack/tests/test_urlcanon.py:1: in <module>
2025-08-21T12:14:26.7688710Z     from scripts.ingest_rss import canonicalize_url
2025-08-21T12:14:26.7689066Z E   ModuleNotFoundError: No module named 'scripts'
2025-08-21T12:14:26.7689486Z _____________________ ERROR collecting tests/test_smoke.py _____________________
2025-08-21T12:14:26.7689868Z import file mismatch:
2025-08-21T12:14:26.7690155Z imported module 'test_smoke' has this __file__ attribute:
2025-08-21T12:14:26.7690640Z   /home/runner/work/newspaper/newspaper/docs/ci_pack/tests/test_smoke.py
2025-08-21T12:14:26.7691119Z which is not the same as the test file we want to collect:
2025-08-21T12:14:26.7691536Z   /home/runner/work/newspaper/newspaper/tests/test_smoke.py
2025-08-21T12:14:26.7692053Z HINT: remove __pycache__ / .pyc files and/or use a unique basename for your test file modules
2025-08-21T12:14:26.7692611Z ___________________ ERROR collecting tests/test_urlcanon.py ____________________
2025-08-21T12:14:26.7693253Z ImportError while importing test module '/home/runner/work/newspaper/newspaper/tests/test_urlcanon.py'.
2025-08-21T12:14:26.7694045Z Hint: make sure your test modules/packages have valid Python names.
2025-08-21T12:14:26.7694408Z Traceback:
2025-08-21T12:14:26.7694833Z /opt/hostedtoolcache/Python/3.11.13/x64/lib/python3.11/importlib/__init__.py:126: in import_module
2025-08-21T12:14:26.7695427Z     return _bootstrap._gcd_import(name[level:], package, level)
2025-08-21T12:14:26.7695799Z            ^^^^^^^^^^^^^^^^^^^^^^^^^^^^^^^^^^^^^^^^^^^^^^^^^^^^
2025-08-21T12:14:26.7696102Z tests/test_urlcanon.py:1: in <module>
2025-08-21T12:14:26.7696422Z     from scripts.ingest_rss import canonicalize_url
2025-08-21T12:14:26.7696725Z E   ModuleNotFoundError: No module named 'scripts'
2025-08-21T12:14:26.7697025Z =========================== short test summary info ============================
2025-08-21T12:14:26.7697319Z ERROR docs/ci_pack/tests/test_urlcanon.py
2025-08-21T12:14:26.7697564Z ERROR tests/test_smoke.py
2025-08-21T12:14:26.7697764Z ERROR tests/test_urlcanon.py
2025-08-21T12:14:26.7698038Z !!!!!!!!!!!!!!!!!!! Interrupted: 3 errors during collection !!!!!!!!!!!!!!!!!!!!
2025-08-21T12:14:26.7698324Z 3 errors in 0.46s
2025-08-21T12:14:26.8096616Z ##[error]Process completed with exit code 2.
2025-08-21T12:14:26.8174218Z Post job cleanup.
2025-08-21T12:14:26.9152418Z [command]/usr/bin/git version
2025-08-21T12:14:26.9189466Z git version 2.51.0
2025-08-21T12:14:26.9234522Z Temporarily overriding HOME='/home/runner/work/_temp/8a009224-2eb2-43d4-8eda-d578b8bfb32e' before making global git config changes
2025-08-21T12:14:26.9235866Z Adding repository directory to the temporary git global config as a safe directory
2025-08-21T12:14:26.9248945Z [command]/usr/bin/git config --global --add safe.directory /home/runner/work/newspaper/newspaper
2025-08-21T12:14:26.9288536Z [command]/usr/bin/git config --local --name-only --get-regexp core\.sshCommand
2025-08-21T12:14:26.9325246Z [command]/usr/bin/git submodule foreach --recursive sh -c "git config --local --name-only --get-regexp 'core\.sshCommand' && git config --local --unset-all 'core.sshCommand' || :"
2025-08-21T12:14:26.9580413Z [command]/usr/bin/git config --local --name-only --get-regexp http\.https\:\/\/github\.com\/\.extraheader
2025-08-21T12:14:26.9603115Z http.https://github.com/.extraheader
2025-08-21T12:14:26.9615811Z [command]/usr/bin/git config --local --unset-all http.https://github.com/.extraheader
2025-08-21T12:14:26.9647076Z [command]/usr/bin/git submodule foreach --recursive sh -c "git config --local --name-only --get-regexp 'http\.https\:\/\/github\.com\/\.extraheader' && git config --local --unset-all 'http.https://github.com/.extraheader' || :"
2025-08-21T12:14:26.9976091Z Print service container logs: 572f39390e2a4a7abe60e21fcda70b8d_pgvectorpgvectorpg16_d1a106
2025-08-21T12:14:26.9980604Z ##[command]/usr/bin/docker logs --details e5a198f63d124076b9158e230e65a2f0690d2a50ec0f94effe61d30f4259db42
2025-08-21T12:14:27.0113377Z  The files belonging to this database system will be owned by user "postgres".
2025-08-21T12:14:27.0114365Z  This user must also own the server process.
2025-08-21T12:14:27.0114999Z  
2025-08-21T12:14:27.0115562Z  The database cluster will be initialized with locale "en_US.utf8".
2025-08-21T12:14:27.0116282Z  The default database encoding has accordingly been set to "UTF8".
2025-08-21T12:14:27.0116927Z  The default text search configuration will be set to "english".
2025-08-21T12:14:27.0117431Z  
2025-08-21T12:14:27.0117708Z  Data page checksums are disabled.
2025-08-21T12:14:27.0118077Z  
2025-08-21T12:14:27.0118514Z  fixing permissions on existing directory /var/lib/postgresql/data ... ok
2025-08-21T12:14:27.0119210Z  creating subdirectories ... ok
2025-08-21T12:14:27.0119677Z  selecting dynamic shared memory implementation ... posix
2025-08-21T12:14:27.0120224Z  selecting default max_connections ... 100
2025-08-21T12:14:27.0120667Z  selecting default shared_buffers ... 128MB
2025-08-21T12:14:27.0121099Z  selecting default time zone ... Etc/UTC
2025-08-21T12:14:27.0121520Z  creating configuration files ... ok
2025-08-21T12:14:27.0121921Z  running bootstrap script ... ok
2025-08-21T12:14:27.0123900Z  initdb: warning: enabling "trust" authentication for local connections
2025-08-21T12:14:27.0124985Z  initdb: hint: You can change this by editing pg_hba.conf or using the option -A, or --auth-local and --auth-host, the next time you run initdb.
2025-08-21T12:14:27.0126356Z  2025-08-21 12:12:01.089 UTC [1] LOG:  starting PostgreSQL 16.10 (Debian 16.10-1.pgdg12+1) on x86_64-pc-linux-gnu, compiled by gcc (Debian 12.2.0-14+deb12u1) 12.2.0, 64-bit
2025-08-21T12:14:27.0127410Z  2025-08-21 12:12:01.089 UTC [1] LOG:  listening on IPv4 address "0.0.0.0", port 5432
2025-08-21T12:14:27.0128094Z  2025-08-21 12:12:01.089 UTC [1] LOG:  listening on IPv6 address "::", port 5432
2025-08-21T12:14:27.0128831Z  2025-08-21 12:12:01.090 UTC [1] LOG:  listening on Unix socket "/var/run/postgresql/.s.PGSQL.5432"
2025-08-21T12:14:27.0129643Z  2025-08-21 12:12:01.093 UTC [64] LOG:  database system was shut down at 2025-08-21 12:12:00 UTC
2025-08-21T12:14:27.0130380Z  2025-08-21 12:12:01.097 UTC [1] LOG:  database system is ready to accept connections
2025-08-21T12:14:27.0131059Z  2025-08-21 12:14:24.994 UTC [187] ERROR:  column does not have dimensions
2025-08-21T12:14:27.0131800Z  2025-08-21 12:14:24.994 UTC [187] STATEMENT:  CREATE INDEX IF NOT EXISTS idx_chunk_vec_hnsw_bge_m3
2025-08-21T12:14:27.0132467Z  	  ON chunk_vec USING hnsw (emb vector_l2_ops)
2025-08-21T12:14:27.0132907Z  	  WHERE embedding_space='bge-m3';
2025-08-21T12:14:27.0133400Z  2025-08-21 12:14:24.995 UTC [187] ERROR:  column does not have dimensions
2025-08-21T12:14:27.0134305Z  2025-08-21 12:14:24.995 UTC [187] STATEMENT:  CREATE INDEX IF NOT EXISTS idx_chunk_vec_hnsw_bge_m3_cos
2025-08-21T12:14:27.0135190Z  	  ON chunk_vec USING hnsw (emb vector_cosine_ops)
2025-08-21T12:14:27.0136023Z  	  WHERE embedding_space='bge-m3';
2025-08-21T12:14:27.0136503Z  2025-08-21 12:14:24.995 UTC [187] ERROR:  relation "hint" does not exist
2025-08-21T12:14:27.0137239Z  2025-08-21 12:14:24.995 UTC [187] STATEMENT:  CREATE INDEX IF NOT EXISTS idx_hint_genre ON hint (doc_id) WHERE key='genre_hint';
2025-08-21T12:14:27.0137752Z  2025-08-21 12:14:24.995 UTC [187] ERROR:  relation "entity" does not exist
2025-08-21T12:14:27.0138207Z  2025-08-21 12:14:24.995 UTC [187] STATEMENT:  CREATE INDEX IF NOT EXISTS idx_entity_ext ON entity (ext_id);
2025-08-21T12:14:27.0138647Z  performing post-bootstrap initialization ... ok
2025-08-21T12:14:27.0138933Z  syncing data to disk ... ok
2025-08-21T12:14:27.0139136Z  
2025-08-21T12:14:27.0139276Z  
2025-08-21T12:14:27.0139477Z  Success. You can now start the database server using:
2025-08-21T12:14:27.0139966Z  
2025-08-21T12:14:27.0140188Z      pg_ctl -D /var/lib/postgresql/data -l logfile start
2025-08-21T12:14:27.0140456Z  
2025-08-21T12:14:27.0141039Z  waiting for server to start....2025-08-21 12:12:00.778 UTC [48] LOG:  starting PostgreSQL 16.10 (Debian 16.10-1.pgdg12+1) on x86_64-pc-linux-gnu, compiled by gcc (Debian 12.2.0-14+deb12u1) 12.2.0, 64-bit
2025-08-21T12:14:27.0141884Z  2025-08-21 12:12:00.779 UTC [48] LOG:  listening on Unix socket "/var/run/postgresql/.s.PGSQL.5432"
2025-08-21T12:14:27.0142465Z  2025-08-21 12:12:00.782 UTC [51] LOG:  database system was shut down at 2025-08-21 12:12:00 UTC
2025-08-21T12:14:27.0143023Z  2025-08-21 12:12:00.786 UTC [48] LOG:  database system is ready to accept connections
2025-08-21T12:14:27.0143727Z   done
2025-08-21T12:14:27.0144068Z  server started
2025-08-21T12:14:27.0144383Z  CREATE DATABASE
2025-08-21T12:14:27.0144728Z  
2025-08-21T12:14:27.0144931Z  
2025-08-21T12:14:27.0145338Z  /usr/local/bin/docker-entrypoint.sh: ignoring /docker-entrypoint-initdb.d/*
2025-08-21T12:14:27.0145820Z  
2025-08-21T12:14:27.0146217Z  waiting for server to shut down...2025-08-21 12:12:00.967 UTC [48] LOG:  received fast shutdown request
2025-08-21T12:14:27.0156760Z  .2025-08-21 12:12:00.968 UTC [48] LOG:  aborting any active transactions
2025-08-21T12:14:27.0157642Z  2025-08-21 12:12:00.970 UTC [48] LOG:  background worker "logical replication launcher" (PID 54) exited with exit code 1
2025-08-21T12:14:27.0158374Z  2025-08-21 12:12:00.970 UTC [49] LOG:  shutting down
2025-08-21T12:14:27.0158943Z  2025-08-21 12:12:00.970 UTC [49] LOG:  checkpoint starting: shutdown immediate
2025-08-21T12:14:27.0159897Z  2025-08-21 12:12:00.988 UTC [49] LOG:  checkpoint complete: wrote 922 buffers (5.6%); 0 WAL file(s) added, 0 removed, 0 recycled; write=0.014 s, sync=0.003 s, total=0.018 s; sync files=301, longest=0.001 s, average=0.001 s; distance=4255 kB, estimate=4255 kB; lsn=0/1912100, redo lsn=0/1912100
2025-08-21T12:14:27.0160823Z  2025-08-21 12:12:00.994 UTC [48] LOG:  database system is shut down
2025-08-21T12:14:27.0161106Z   done
2025-08-21T12:14:27.0161275Z  server stopped
2025-08-21T12:14:27.0161449Z  
2025-08-21T12:14:27.0161669Z  PostgreSQL init process complete; ready for start up.
2025-08-21T12:14:27.0161941Z  
2025-08-21T12:14:27.0167650Z Stop and remove container: 572f39390e2a4a7abe60e21fcda70b8d_pgvectorpgvectorpg16_d1a106
2025-08-21T12:14:27.0172345Z ##[command]/usr/bin/docker rm --force e5a198f63d124076b9158e230e65a2f0690d2a50ec0f94effe61d30f4259db42
2025-08-21T12:14:30.4583213Z e5a198f63d124076b9158e230e65a2f0690d2a50ec0f94effe61d30f4259db42
2025-08-21T12:14:30.4611756Z Remove container network: github_network_ee73cb85c7e44b539b7d74bb059924f2
2025-08-21T12:14:30.4616753Z ##[command]/usr/bin/docker network rm github_network_ee73cb85c7e44b539b7d74bb059924f2
2025-08-21T12:14:30.5719356Z github_network_ee73cb85c7e44b539b7d74bb059924f2
2025-08-21T12:14:30.5777998Z Cleaning up orphan processes
