2025-08-21T12:47:22.0863302Z Current runner version: '2.328.0'
2025-08-21T12:47:22.0895330Z ##[group]Runner Image Provisioner
2025-08-21T12:47:22.0896442Z Hosted Compute Agent
2025-08-21T12:47:22.0897438Z Version: 20250818.377
2025-08-21T12:47:22.0898478Z Commit: 3c593e9f75fe0b87e893bca80d6e12ba089c61fc
2025-08-21T12:47:22.0899564Z Build Date: 2025-08-18T14:52:18Z
2025-08-21T12:47:22.0900897Z ##[endgroup]
2025-08-21T12:47:22.0901839Z ##[group]Operating System
2025-08-21T12:47:22.0902686Z Ubuntu
2025-08-21T12:47:22.0903575Z 24.04.2
2025-08-21T12:47:22.0904335Z LTS
2025-08-21T12:47:22.0905077Z ##[endgroup]
2025-08-21T12:47:22.0905933Z ##[group]Runner Image
2025-08-21T12:47:22.0906888Z Image: ubuntu-24.04
2025-08-21T12:47:22.0907809Z Version: 20250818.1.0
2025-08-21T12:47:22.0909526Z Included Software: https://github.com/actions/runner-images/blob/ubuntu24/20250818.1/images/ubuntu/Ubuntu2404-Readme.md
2025-08-21T12:47:22.0912317Z Image Release: https://github.com/actions/runner-images/releases/tag/ubuntu24%2F20250818.1
2025-08-21T12:47:22.0913977Z ##[endgroup]
2025-08-21T12:47:22.0915735Z ##[group]GITHUB_TOKEN Permissions
2025-08-21T12:47:22.0918270Z Contents: read
2025-08-21T12:47:22.0919053Z Metadata: read
2025-08-21T12:47:22.0919969Z Packages: read
2025-08-21T12:47:22.0920987Z ##[endgroup]
2025-08-21T12:47:22.0923843Z Secret source: Actions
2025-08-21T12:47:22.0924839Z Prepare workflow directory
2025-08-21T12:47:22.1526964Z Prepare all required actions
2025-08-21T12:47:22.1582432Z Getting action download info
2025-08-21T12:47:22.4274061Z Download action repository 'actions/checkout@v4' (SHA:08eba0b27e820071cde6df949e0beb9ba4906955)
2025-08-21T12:47:22.8372603Z Download action repository 'actions/setup-python@v5' (SHA:a26af69be951a213d495a4c3e4e4022e16d87065)
2025-08-21T12:47:23.2614465Z Complete job name: test
2025-08-21T12:47:23.3125917Z ##[group]Checking docker version
2025-08-21T12:47:23.3139336Z ##[command]/usr/bin/docker version --format '{{.Server.APIVersion}}'
2025-08-21T12:47:27.5195111Z '1.48'
2025-08-21T12:47:27.5207868Z Docker daemon API version: '1.48'
2025-08-21T12:47:27.5208574Z ##[command]/usr/bin/docker version --format '{{.Client.APIVersion}}'
2025-08-21T12:47:27.5368001Z '1.48'
2025-08-21T12:47:27.5381895Z Docker client API version: '1.48'
2025-08-21T12:47:27.5387584Z ##[endgroup]
2025-08-21T12:47:27.5390176Z ##[group]Clean up resources from previous jobs
2025-08-21T12:47:27.5395660Z ##[command]/usr/bin/docker ps --all --quiet --no-trunc --filter "label=b7d346"
2025-08-21T12:47:27.5534359Z ##[command]/usr/bin/docker network prune --force --filter "label=b7d346"
2025-08-21T12:47:27.5659046Z ##[endgroup]
2025-08-21T12:47:27.5659417Z ##[group]Create local container network
2025-08-21T12:47:27.5669826Z ##[command]/usr/bin/docker network create --label b7d346 github_network_f3e9d8fe796f441e876e2312eebd36b5
2025-08-21T12:47:27.6167680Z 0d86a425632766d15336b53c7853ada7a474c8a9f4a784f13ed037c822a3f2a2
2025-08-21T12:47:27.6187628Z ##[endgroup]
2025-08-21T12:47:27.6213343Z ##[group]Starting postgres service container
2025-08-21T12:47:27.6232804Z ##[command]/usr/bin/docker pull pgvector/pgvector:pg16
2025-08-21T12:47:27.9537026Z pg16: Pulling from pgvector/pgvector
2025-08-21T12:47:28.0145877Z b1badc6e5066: Pulling fs layer
2025-08-21T12:47:28.0146634Z c9cbfca11d34: Pulling fs layer
2025-08-21T12:47:28.0147285Z a759c99e5d9c: Pulling fs layer
2025-08-21T12:47:28.0147985Z f40999643f83: Pulling fs layer
2025-08-21T12:47:28.0148629Z 2c9c8f27f94c: Pulling fs layer
2025-08-21T12:47:28.0149342Z 6019da469dd7: Pulling fs layer
2025-08-21T12:47:28.0149974Z 7960bd43e7e7: Pulling fs layer
2025-08-21T12:47:28.0150889Z f035bce43052: Pulling fs layer
2025-08-21T12:47:28.0151549Z b9daad206a85: Pulling fs layer
2025-08-21T12:47:28.0152015Z 84e9830491e9: Pulling fs layer
2025-08-21T12:47:28.0152357Z 659157e68c9d: Pulling fs layer
2025-08-21T12:47:28.0152607Z 374299179ba1: Pulling fs layer
2025-08-21T12:47:28.0152871Z 712cf9c20649: Pulling fs layer
2025-08-21T12:47:28.0153147Z b1f04bf0c6c5: Pulling fs layer
2025-08-21T12:47:28.0153493Z e75b76a6edac: Pulling fs layer
2025-08-21T12:47:28.0154088Z c658e1e5e610: Pulling fs layer
2025-08-21T12:47:28.0154367Z f40999643f83: Waiting
2025-08-21T12:47:28.0154585Z 2c9c8f27f94c: Waiting
2025-08-21T12:47:28.0154800Z 712cf9c20649: Waiting
2025-08-21T12:47:28.0155027Z 84e9830491e9: Waiting
2025-08-21T12:47:28.0155239Z 6019da469dd7: Waiting
2025-08-21T12:47:28.0155439Z 659157e68c9d: Waiting
2025-08-21T12:47:28.0155650Z 7960bd43e7e7: Waiting
2025-08-21T12:47:28.0155912Z 374299179ba1: Waiting
2025-08-21T12:47:28.0156121Z f035bce43052: Waiting
2025-08-21T12:47:28.0156325Z b1f04bf0c6c5: Waiting
2025-08-21T12:47:28.0156538Z e75b76a6edac: Waiting
2025-08-21T12:47:28.0156741Z c658e1e5e610: Waiting
2025-08-21T12:47:28.0156969Z b9daad206a85: Waiting
2025-08-21T12:47:28.1648298Z c9cbfca11d34: Verifying Checksum
2025-08-21T12:47:28.1649059Z c9cbfca11d34: Download complete
2025-08-21T12:47:28.2574736Z a759c99e5d9c: Verifying Checksum
2025-08-21T12:47:28.2576203Z a759c99e5d9c: Download complete
2025-08-21T12:47:28.2630728Z f40999643f83: Verifying Checksum
2025-08-21T12:47:28.2631397Z f40999643f83: Download complete
2025-08-21T12:47:28.3998948Z 6019da469dd7: Verifying Checksum
2025-08-21T12:47:28.3999640Z 6019da469dd7: Download complete
2025-08-21T12:47:28.4402013Z 2c9c8f27f94c: Verifying Checksum
2025-08-21T12:47:28.4402756Z 2c9c8f27f94c: Download complete
2025-08-21T12:47:28.4747405Z 7960bd43e7e7: Download complete
2025-08-21T12:47:28.5104033Z f035bce43052: Verifying Checksum
2025-08-21T12:47:28.5104824Z f035bce43052: Download complete
2025-08-21T12:47:28.5903190Z 84e9830491e9: Verifying Checksum
2025-08-21T12:47:28.5903926Z 84e9830491e9: Download complete
2025-08-21T12:47:28.7143963Z 659157e68c9d: Verifying Checksum
2025-08-21T12:47:28.7144836Z 659157e68c9d: Download complete
2025-08-21T12:47:28.7826547Z 374299179ba1: Verifying Checksum
2025-08-21T12:47:28.7827495Z 374299179ba1: Download complete
2025-08-21T12:47:28.8799829Z 712cf9c20649: Verifying Checksum
2025-08-21T12:47:28.8805285Z 712cf9c20649: Download complete
2025-08-21T12:47:29.0403301Z b1badc6e5066: Verifying Checksum
2025-08-21T12:47:29.0404127Z b1badc6e5066: Download complete
2025-08-21T12:47:29.0451380Z b1f04bf0c6c5: Verifying Checksum
2025-08-21T12:47:29.0452231Z b1f04bf0c6c5: Download complete
2025-08-21T12:47:29.1408524Z c658e1e5e610: Verifying Checksum
2025-08-21T12:47:29.1409655Z c658e1e5e610: Download complete
2025-08-21T12:47:29.1518929Z e75b76a6edac: Verifying Checksum
2025-08-21T12:47:29.1519390Z e75b76a6edac: Download complete
2025-08-21T12:47:30.1899013Z b1badc6e5066: Pull complete
2025-08-21T12:47:30.4429244Z b9daad206a85: Verifying Checksum
2025-08-21T12:47:30.4430081Z b9daad206a85: Download complete
2025-08-21T12:47:30.4465723Z c9cbfca11d34: Pull complete
2025-08-21T12:47:30.5814058Z a759c99e5d9c: Pull complete
2025-08-21T12:47:30.6258176Z f40999643f83: Pull complete
2025-08-21T12:47:30.9283226Z 2c9c8f27f94c: Pull complete
2025-08-21T12:47:31.0187987Z 6019da469dd7: Pull complete
2025-08-21T12:47:31.0289455Z 7960bd43e7e7: Pull complete
2025-08-21T12:47:31.0410040Z f035bce43052: Pull complete
2025-08-21T12:47:34.0543261Z b9daad206a85: Pull complete
2025-08-21T12:47:34.0736847Z 84e9830491e9: Pull complete
2025-08-21T12:47:34.0879760Z 659157e68c9d: Pull complete
2025-08-21T12:47:34.0995978Z 374299179ba1: Pull complete
2025-08-21T12:47:34.1103412Z 712cf9c20649: Pull complete
2025-08-21T12:47:34.1203184Z b1f04bf0c6c5: Pull complete
2025-08-21T12:47:34.1682393Z e75b76a6edac: Pull complete
2025-08-21T12:47:34.2468322Z c658e1e5e610: Pull complete
2025-08-21T12:47:34.2512639Z Digest: sha256:a132765ec351c65111b5b675928a3a0515a466a40f97277329db8b8209ad8bc9
2025-08-21T12:47:34.2534138Z Status: Downloaded newer image for pgvector/pgvector:pg16
2025-08-21T12:47:34.2545904Z docker.io/pgvector/pgvector:pg16
2025-08-21T12:47:34.2606704Z ##[command]/usr/bin/docker create --name 1569f6f98ae3485ca068c5a89f6777c9_pgvectorpgvectorpg16_e574fd --label b7d346 --network github_network_f3e9d8fe796f441e876e2312eebd36b5 --network-alias postgres -p 5432:5432 --health-cmd="pg_isready -U postgres" --health-interval=10s --health-timeout=5s --health-retries=5 -e "POSTGRES_USER=postgres" -e "POSTGRES_PASSWORD=postgres" -e "POSTGRES_DB=testdb" -e GITHUB_ACTIONS=true -e CI=true pgvector/pgvector:pg16
2025-08-21T12:47:34.2918354Z 84e2015c25e2f68e5d843fba3986b7071dd5de766a492ff4e586559216605eae
2025-08-21T12:47:34.2944799Z ##[command]/usr/bin/docker start 84e2015c25e2f68e5d843fba3986b7071dd5de766a492ff4e586559216605eae
2025-08-21T12:47:36.9684520Z 84e2015c25e2f68e5d843fba3986b7071dd5de766a492ff4e586559216605eae
2025-08-21T12:47:36.9706325Z ##[command]/usr/bin/docker ps --all --filter id=84e2015c25e2f68e5d843fba3986b7071dd5de766a492ff4e586559216605eae --filter status=running --no-trunc --format "{{.ID}} {{.Status}}"
2025-08-21T12:47:36.9844691Z 84e2015c25e2f68e5d843fba3986b7071dd5de766a492ff4e586559216605eae Up 2 seconds (health: starting)
2025-08-21T12:47:36.9864532Z ##[command]/usr/bin/docker port 84e2015c25e2f68e5d843fba3986b7071dd5de766a492ff4e586559216605eae
2025-08-21T12:47:36.9996737Z 5432/tcp -> 0.0.0.0:5432
2025-08-21T12:47:36.9997256Z 5432/tcp -> [::]:5432
2025-08-21T12:47:37.0056008Z ##[endgroup]
2025-08-21T12:47:37.0064707Z ##[group]Waiting for all services to be ready
2025-08-21T12:47:37.0077679Z ##[command]/usr/bin/docker inspect --format="{{if .Config.Healthcheck}}{{print .State.Health.Status}}{{end}}" 84e2015c25e2f68e5d843fba3986b7071dd5de766a492ff4e586559216605eae
2025-08-21T12:47:37.0213880Z starting
2025-08-21T12:47:37.0235812Z postgres service is starting, waiting 2 seconds before checking again.
2025-08-21T12:47:39.0234230Z ##[command]/usr/bin/docker inspect --format="{{if .Config.Healthcheck}}{{print .State.Health.Status}}{{end}}" 84e2015c25e2f68e5d843fba3986b7071dd5de766a492ff4e586559216605eae
2025-08-21T12:47:39.0507130Z starting
2025-08-21T12:47:39.0522725Z postgres service is starting, waiting 4 seconds before checking again.
2025-08-21T12:47:43.3994492Z ##[command]/usr/bin/docker inspect --format="{{if .Config.Healthcheck}}{{print .State.Health.Status}}{{end}}" 84e2015c25e2f68e5d843fba3986b7071dd5de766a492ff4e586559216605eae
2025-08-21T12:47:43.4122168Z starting
2025-08-21T12:47:43.4136127Z postgres service is starting, waiting 7 seconds before checking again.
2025-08-21T12:47:51.2095103Z ##[command]/usr/bin/docker inspect --format="{{if .Config.Healthcheck}}{{print .State.Health.Status}}{{end}}" 84e2015c25e2f68e5d843fba3986b7071dd5de766a492ff4e586559216605eae
2025-08-21T12:47:51.2216209Z healthy
2025-08-21T12:47:51.2234112Z postgres service is healthy.
2025-08-21T12:47:51.2234833Z ##[endgroup]
2025-08-21T12:47:51.2485648Z ##[group]Run actions/checkout@v4
2025-08-21T12:47:51.2486271Z with:
2025-08-21T12:47:51.2486463Z   repository: yangnana7/newspaper
2025-08-21T12:47:51.2486840Z   token: ***
2025-08-21T12:47:51.2487023Z   ssh-strict: true
2025-08-21T12:47:51.2487208Z   ssh-user: git
2025-08-21T12:47:51.2487408Z   persist-credentials: true
2025-08-21T12:47:51.2487628Z   clean: true
2025-08-21T12:47:51.2487823Z   sparse-checkout-cone-mode: true
2025-08-21T12:47:51.2488048Z   fetch-depth: 1
2025-08-21T12:47:51.2488246Z   fetch-tags: false
2025-08-21T12:47:51.2488429Z   show-progress: true
2025-08-21T12:47:51.2488625Z   lfs: false
2025-08-21T12:47:51.2488785Z   submodules: false
2025-08-21T12:47:51.2488974Z   set-safe-directory: true
2025-08-21T12:47:51.2489343Z env:
2025-08-21T12:47:51.2489747Z   DATABASE_URL: ***localhost:5432/testdb
2025-08-21T12:47:51.2490001Z   EMBED_SPACE: bge-m3
2025-08-21T12:47:51.2490205Z   ENABLE_SERVER_EMBEDDING: 0
2025-08-21T12:47:51.2490573Z ##[endgroup]
2025-08-21T12:47:51.3564387Z Syncing repository: yangnana7/newspaper
2025-08-21T12:47:51.3565712Z ##[group]Getting Git version info
2025-08-21T12:47:51.3566081Z Working directory is '/home/runner/work/newspaper/newspaper'
2025-08-21T12:47:51.3566592Z [command]/usr/bin/git version
2025-08-21T12:47:51.4621392Z git version 2.51.0
2025-08-21T12:47:51.4651153Z ##[endgroup]
2025-08-21T12:47:51.4667140Z Temporarily overriding HOME='/home/runner/work/_temp/5e88535c-6530-4c68-af70-6bca2906872f' before making global git config changes
2025-08-21T12:47:51.4668803Z Adding repository directory to the temporary git global config as a safe directory
2025-08-21T12:47:51.4741940Z [command]/usr/bin/git config --global --add safe.directory /home/runner/work/newspaper/newspaper
2025-08-21T12:47:51.4755051Z Deleting the contents of '/home/runner/work/newspaper/newspaper'
2025-08-21T12:47:51.4759261Z ##[group]Initializing the repository
2025-08-21T12:47:51.4763778Z [command]/usr/bin/git init /home/runner/work/newspaper/newspaper
2025-08-21T12:47:51.5696656Z hint: Using 'master' as the name for the initial branch. This default branch name
2025-08-21T12:47:51.5697571Z hint: is subject to change. To configure the initial branch name to use in all
2025-08-21T12:47:51.5698409Z hint: of your new repositories, which will suppress this warning, call:
2025-08-21T12:47:51.5699013Z hint:
2025-08-21T12:47:51.5699464Z hint: 	git config --global init.defaultBranch <name>
2025-08-21T12:47:51.5699984Z hint:
2025-08-21T12:47:51.5700686Z hint: Names commonly chosen instead of 'master' are 'main', 'trunk' and
2025-08-21T12:47:51.5701536Z hint: 'development'. The just-created branch can be renamed via this command:
2025-08-21T12:47:51.5702157Z hint:
2025-08-21T12:47:51.5702491Z hint: 	git branch -m <name>
2025-08-21T12:47:51.5702867Z hint:
2025-08-21T12:47:51.5703386Z hint: Disable this message with "git config set advice.defaultBranchName false"
2025-08-21T12:47:51.5737831Z Initialized empty Git repository in /home/runner/work/newspaper/newspaper/.git/
2025-08-21T12:47:51.5754961Z [command]/usr/bin/git remote add origin https://github.com/yangnana7/newspaper
2025-08-21T12:47:51.5879728Z ##[endgroup]
2025-08-21T12:47:51.5880933Z ##[group]Disabling automatic garbage collection
2025-08-21T12:47:51.5886225Z [command]/usr/bin/git config --local gc.auto 0
2025-08-21T12:47:51.5916806Z ##[endgroup]
2025-08-21T12:47:51.5917490Z ##[group]Setting up auth
2025-08-21T12:47:51.5923972Z [command]/usr/bin/git config --local --name-only --get-regexp core\.sshCommand
2025-08-21T12:47:51.5953927Z [command]/usr/bin/git submodule foreach --recursive sh -c "git config --local --name-only --get-regexp 'core\.sshCommand' && git config --local --unset-all 'core.sshCommand' || :"
2025-08-21T12:47:51.7531322Z [command]/usr/bin/git config --local --name-only --get-regexp http\.https\:\/\/github\.com\/\.extraheader
2025-08-21T12:47:51.7562187Z [command]/usr/bin/git submodule foreach --recursive sh -c "git config --local --name-only --get-regexp 'http\.https\:\/\/github\.com\/\.extraheader' && git config --local --unset-all 'http.https://github.com/.extraheader' || :"
2025-08-21T12:47:51.7784416Z [command]/usr/bin/git config --local http.https://github.com/.extraheader AUTHORIZATION: basic ***
2025-08-21T12:47:51.7829837Z ##[endgroup]
2025-08-21T12:47:51.7830689Z ##[group]Fetching the repository
2025-08-21T12:47:51.7839929Z [command]/usr/bin/git -c protocol.version=2 fetch --no-tags --prune --no-recurse-submodules --depth=1 origin +a3deaa9c25e644ff8c413c5d06eb834614ffee7e:refs/remotes/pull/1/merge
2025-08-21T12:47:52.0939049Z From https://github.com/yangnana7/newspaper
2025-08-21T12:47:52.0940061Z  * [new ref]         a3deaa9c25e644ff8c413c5d06eb834614ffee7e -> pull/1/merge
2025-08-21T12:47:52.1017090Z ##[endgroup]
2025-08-21T12:47:52.1018161Z ##[group]Determining the checkout info
2025-08-21T12:47:52.1021298Z ##[endgroup]
2025-08-21T12:47:52.1027253Z [command]/usr/bin/git sparse-checkout disable
2025-08-21T12:47:52.1108013Z [command]/usr/bin/git config --local --unset-all extensions.worktreeConfig
2025-08-21T12:47:52.1135668Z ##[group]Checking out the ref
2025-08-21T12:47:52.1139620Z [command]/usr/bin/git checkout --progress --force refs/remotes/pull/1/merge
2025-08-21T12:47:52.1262879Z Note: switching to 'refs/remotes/pull/1/merge'.
2025-08-21T12:47:52.1263360Z 
2025-08-21T12:47:52.1263946Z You are in 'detached HEAD' state. You can look around, make experimental
2025-08-21T12:47:52.1264803Z changes and commit them, and you can discard any commits you make in this
2025-08-21T12:47:52.1265789Z state without impacting any branches by switching back to a branch.
2025-08-21T12:47:52.1266629Z 
2025-08-21T12:47:52.1266984Z If you want to create a new branch to retain commits you create, you may
2025-08-21T12:47:52.1267825Z do so (now or later) by using -c with the switch command. Example:
2025-08-21T12:47:52.1268283Z 
2025-08-21T12:47:52.1268469Z   git switch -c <new-branch-name>
2025-08-21T12:47:52.1268717Z 
2025-08-21T12:47:52.1268820Z Or undo this operation with:
2025-08-21T12:47:52.1268994Z 
2025-08-21T12:47:52.1269090Z   git switch -
2025-08-21T12:47:52.1269225Z 
2025-08-21T12:47:52.1269465Z Turn off this advice by setting config variable advice.detachedHead to false
2025-08-21T12:47:52.1269809Z 
2025-08-21T12:47:52.1270197Z HEAD is now at a3deaa9 Merge 9fadfd7837f86702ef9d966ad46b1616715f088e into 134f5f7c6feb77bd120b503088bf5aac11ef1ca2
2025-08-21T12:47:52.1273962Z ##[endgroup]
2025-08-21T12:47:52.1311334Z [command]/usr/bin/git log -1 --format=%H
2025-08-21T12:47:52.1332523Z a3deaa9c25e644ff8c413c5d06eb834614ffee7e
2025-08-21T12:47:52.1541388Z ##[group]Run actions/setup-python@v5
2025-08-21T12:47:52.1541683Z with:
2025-08-21T12:47:52.1541879Z   python-version: 3.11
2025-08-21T12:47:52.1542096Z   check-latest: false
2025-08-21T12:47:52.1542420Z   token: ***
2025-08-21T12:47:52.1542619Z   update-environment: true
2025-08-21T12:47:52.1542860Z   allow-prereleases: false
2025-08-21T12:47:52.1543085Z   freethreaded: false
2025-08-21T12:47:52.1543286Z env:
2025-08-21T12:47:52.1543669Z   DATABASE_URL: ***localhost:5432/testdb
2025-08-21T12:47:52.1544062Z   EMBED_SPACE: bge-m3
2025-08-21T12:47:52.1544312Z   ENABLE_SERVER_EMBEDDING: 0
2025-08-21T12:47:52.1544545Z ##[endgroup]
2025-08-21T12:47:52.3236937Z ##[group]Installed versions
2025-08-21T12:47:52.5181997Z Successfully set up CPython (3.11.13)
2025-08-21T12:47:52.5182976Z ##[endgroup]
2025-08-21T12:47:52.5297776Z ##[group]Run sudo apt-get update
2025-08-21T12:47:52.5298126Z [36;1msudo apt-get update[0m
2025-08-21T12:47:52.5298455Z [36;1msudo apt-get install -y postgresql-client[0m
2025-08-21T12:47:52.6129708Z shell: /usr/bin/bash -e {0}
2025-08-21T12:47:52.6129999Z env:
2025-08-21T12:47:52.6130698Z   DATABASE_URL: ***localhost:5432/testdb
2025-08-21T12:47:52.6131025Z   EMBED_SPACE: bge-m3
2025-08-21T12:47:52.6131273Z   ENABLE_SERVER_EMBEDDING: 0
2025-08-21T12:47:52.6131637Z   pythonLocation: /opt/hostedtoolcache/Python/3.11.13/x64
2025-08-21T12:47:52.6132174Z   PKG_CONFIG_PATH: /opt/hostedtoolcache/Python/3.11.13/x64/lib/pkgconfig
2025-08-21T12:47:52.6132681Z   Python_ROOT_DIR: /opt/hostedtoolcache/Python/3.11.13/x64
2025-08-21T12:47:52.6133130Z   Python2_ROOT_DIR: /opt/hostedtoolcache/Python/3.11.13/x64
2025-08-21T12:47:52.6133573Z   Python3_ROOT_DIR: /opt/hostedtoolcache/Python/3.11.13/x64
2025-08-21T12:47:52.6134022Z   LD_LIBRARY_PATH: /opt/hostedtoolcache/Python/3.11.13/x64/lib
2025-08-21T12:47:52.6134444Z ##[endgroup]
2025-08-21T12:47:52.8142779Z Get:1 file:/etc/apt/apt-mirrors.txt Mirrorlist [144 B]
2025-08-21T12:47:52.8538948Z Hit:6 https://packages.microsoft.com/repos/azure-cli noble InRelease
2025-08-21T12:47:52.8544428Z Get:7 https://packages.microsoft.com/ubuntu/24.04/prod noble InRelease [3600 B]
2025-08-21T12:47:52.9274396Z Hit:2 http://azure.archive.ubuntu.com/ubuntu noble InRelease
2025-08-21T12:47:52.9307799Z Get:3 http://azure.archive.ubuntu.com/ubuntu noble-updates InRelease [126 kB]
2025-08-21T12:47:52.9521365Z Get:4 http://azure.archive.ubuntu.com/ubuntu noble-backports InRelease [126 kB]
2025-08-21T12:47:52.9703257Z Get:5 http://azure.archive.ubuntu.com/ubuntu noble-security InRelease [126 kB]
2025-08-21T12:47:53.1096487Z Get:8 https://packages.microsoft.com/ubuntu/24.04/prod noble/main arm64 Packages [33.2 kB]
2025-08-21T12:47:53.1190645Z Get:9 https://packages.microsoft.com/ubuntu/24.04/prod noble/main amd64 Packages [48.6 kB]
2025-08-21T12:47:53.1233570Z Get:10 https://packages.microsoft.com/ubuntu/24.04/prod noble/main armhf Packages [9870 B]
2025-08-21T12:47:53.2583260Z Get:11 http://azure.archive.ubuntu.com/ubuntu noble-updates/main amd64 Packages [1350 kB]
2025-08-21T12:47:53.2690327Z Get:12 http://azure.archive.ubuntu.com/ubuntu noble-updates/main Translation-en [268 kB]
2025-08-21T12:47:53.2720034Z Get:13 http://azure.archive.ubuntu.com/ubuntu noble-updates/main amd64 Components [175 kB]
2025-08-21T12:47:53.2743720Z Get:14 http://azure.archive.ubuntu.com/ubuntu noble-updates/universe amd64 Packages [1124 kB]
2025-08-21T12:47:53.2823310Z Get:15 http://azure.archive.ubuntu.com/ubuntu noble-updates/universe Translation-en [288 kB]
2025-08-21T12:47:53.2870117Z Get:16 http://azure.archive.ubuntu.com/ubuntu noble-updates/universe amd64 Components [377 kB]
2025-08-21T12:47:53.2899947Z Get:17 http://azure.archive.ubuntu.com/ubuntu noble-updates/restricted amd64 Packages [1728 kB]
2025-08-21T12:47:53.3015247Z Get:18 http://azure.archive.ubuntu.com/ubuntu noble-updates/restricted Translation-en [382 kB]
2025-08-21T12:47:53.3053592Z Get:19 http://azure.archive.ubuntu.com/ubuntu noble-updates/restricted amd64 Components [212 B]
2025-08-21T12:47:53.3064990Z Get:20 http://azure.archive.ubuntu.com/ubuntu noble-updates/multiverse amd64 Components [940 B]
2025-08-21T12:47:53.3731666Z Get:21 http://azure.archive.ubuntu.com/ubuntu noble-backports/main amd64 Components [7068 B]
2025-08-21T12:47:53.3744102Z Get:22 http://azure.archive.ubuntu.com/ubuntu noble-backports/universe amd64 Components [19.2 kB]
2025-08-21T12:47:53.3751564Z Get:23 http://azure.archive.ubuntu.com/ubuntu noble-backports/restricted amd64 Components [216 B]
2025-08-21T12:47:53.3762291Z Get:24 http://azure.archive.ubuntu.com/ubuntu noble-backports/multiverse amd64 Components [212 B]
2025-08-21T12:47:53.3845945Z Get:25 http://azure.archive.ubuntu.com/ubuntu noble-security/main amd64 Packages [1083 kB]
2025-08-21T12:47:53.3929095Z Get:26 http://azure.archive.ubuntu.com/ubuntu noble-security/main Translation-en [187 kB]
2025-08-21T12:47:53.3963259Z Get:27 http://azure.archive.ubuntu.com/ubuntu noble-security/main amd64 Components [21.6 kB]
2025-08-21T12:47:53.3972193Z Get:28 http://azure.archive.ubuntu.com/ubuntu noble-security/universe amd64 Packages [881 kB]
2025-08-21T12:47:53.4038647Z Get:29 http://azure.archive.ubuntu.com/ubuntu noble-security/universe Translation-en [195 kB]
2025-08-21T12:47:53.4061985Z Get:30 http://azure.archive.ubuntu.com/ubuntu noble-security/universe amd64 Components [52.2 kB]
2025-08-21T12:47:53.4075483Z Get:31 http://azure.archive.ubuntu.com/ubuntu noble-security/restricted amd64 Packages [1631 kB]
2025-08-21T12:47:53.4180261Z Get:32 http://azure.archive.ubuntu.com/ubuntu noble-security/restricted Translation-en [361 kB]
2025-08-21T12:47:53.4215612Z Get:33 http://azure.archive.ubuntu.com/ubuntu noble-security/restricted amd64 Components [212 B]
2025-08-21T12:47:53.4223082Z Get:34 http://azure.archive.ubuntu.com/ubuntu noble-security/multiverse amd64 Components [212 B]
2025-08-21T12:48:10.8303425Z Fetched 10.6 MB in 2s (6920 kB/s)
2025-08-21T12:48:11.5252183Z Reading package lists...
2025-08-21T12:48:11.5574216Z Reading package lists...
2025-08-21T12:48:11.7209463Z Building dependency tree...
2025-08-21T12:48:11.7216412Z Reading state information...
2025-08-21T12:48:11.9225685Z The following NEW packages will be installed:
2025-08-21T12:48:11.9226306Z   postgresql-client
2025-08-21T12:48:11.9391250Z 0 upgraded, 1 newly installed, 0 to remove and 21 not upgraded.
2025-08-21T12:48:11.9391795Z Need to get 11.6 kB of archives.
2025-08-21T12:48:11.9392196Z After this operation, 17.4 kB of additional disk space will be used.
2025-08-21T12:48:11.9392676Z Get:1 file:/etc/apt/apt-mirrors.txt Mirrorlist [144 B]
2025-08-21T12:48:11.9756165Z Get:2 http://azure.archive.ubuntu.com/ubuntu noble-updates/main amd64 postgresql-client all 16+257build1.1 [11.6 kB]
2025-08-21T12:48:12.2308218Z Fetched 11.6 kB in 0s (248 kB/s)
2025-08-21T12:48:12.3048436Z Selecting previously unselected package postgresql-client.
2025-08-21T12:48:12.4768424Z (Reading database ... 
2025-08-21T12:48:12.4768855Z (Reading database ... 5%
2025-08-21T12:48:12.4769165Z (Reading database ... 10%
2025-08-21T12:48:12.4769394Z (Reading database ... 15%
2025-08-21T12:48:12.4769902Z (Reading database ... 20%
2025-08-21T12:48:12.4770119Z (Reading database ... 25%
2025-08-21T12:48:12.4770340Z (Reading database ... 30%
2025-08-21T12:48:12.4770748Z (Reading database ... 35%
2025-08-21T12:48:12.4770966Z (Reading database ... 40%
2025-08-21T12:48:12.4771179Z (Reading database ... 45%
2025-08-21T12:48:12.4771401Z (Reading database ... 50%
2025-08-21T12:48:12.8313826Z (Reading database ... 55%
2025-08-21T12:48:14.4765178Z (Reading database ... 60%
2025-08-21T12:48:15.1408312Z (Reading database ... 65%
2025-08-21T12:48:15.5410618Z (Reading database ... 70%
2025-08-21T12:48:16.2439606Z (Reading database ... 75%
2025-08-21T12:48:17.6114198Z (Reading database ... 80%
2025-08-21T12:48:20.1635670Z (Reading database ... 85%
2025-08-21T12:48:23.3781039Z (Reading database ... 90%
2025-08-21T12:48:25.4483686Z (Reading database ... 95%
2025-08-21T12:48:25.4484255Z (Reading database ... 100%
2025-08-21T12:48:25.4484979Z (Reading database ... 219830 files and directories currently installed.)
2025-08-21T12:48:25.4531853Z Preparing to unpack .../postgresql-client_16+257build1.1_all.deb ...
2025-08-21T12:48:25.4554620Z Unpacking postgresql-client (16+257build1.1) ...
2025-08-21T12:48:25.4916790Z Setting up postgresql-client (16+257build1.1) ...
2025-08-21T12:48:27.7492400Z 
2025-08-21T12:48:27.7492979Z Running kernel seems to be up-to-date.
2025-08-21T12:48:27.7493358Z 
2025-08-21T12:48:27.7493520Z Restarting services...
2025-08-21T12:48:27.7564314Z 
2025-08-21T12:48:27.7564553Z Service restarts being deferred:
2025-08-21T12:48:27.7566143Z  systemctl restart hosted-compute-agent.service
2025-08-21T12:48:27.7566528Z 
2025-08-21T12:48:27.7566710Z No containers need to be restarted.
2025-08-21T12:48:27.7567011Z 
2025-08-21T12:48:27.7567497Z No user sessions are running outdated binaries.
2025-08-21T12:48:27.7567872Z 
2025-08-21T12:48:27.7568225Z No VM guests are running outdated hypervisor (qemu) binaries on this host.
2025-08-21T12:48:28.5935028Z ##[group]Run until psql "$DATABASE_URL" -c "SELECT 1" >/dev/null 2>&1; do
2025-08-21T12:48:28.5935523Z [36;1muntil psql "$DATABASE_URL" -c "SELECT 1" >/dev/null 2>&1; do[0m
2025-08-21T12:48:28.5935882Z [36;1m  echo 'waiting for postgres...'; sleep 2; done[0m
2025-08-21T12:48:28.5936240Z [36;1mpsql "$DATABASE_URL" -c 'CREATE EXTENSION IF NOT EXISTS vector;'[0m
2025-08-21T12:48:28.5976925Z shell: /usr/bin/bash -e {0}
2025-08-21T12:48:28.5977146Z env:
2025-08-21T12:48:28.5977578Z   DATABASE_URL: ***localhost:5432/testdb
2025-08-21T12:48:28.5977837Z   EMBED_SPACE: bge-m3
2025-08-21T12:48:28.5978041Z   ENABLE_SERVER_EMBEDDING: 0
2025-08-21T12:48:28.5978321Z   pythonLocation: /opt/hostedtoolcache/Python/3.11.13/x64
2025-08-21T12:48:28.5978716Z   PKG_CONFIG_PATH: /opt/hostedtoolcache/Python/3.11.13/x64/lib/pkgconfig
2025-08-21T12:48:28.5979111Z   Python_ROOT_DIR: /opt/hostedtoolcache/Python/3.11.13/x64
2025-08-21T12:48:28.5979485Z   Python2_ROOT_DIR: /opt/hostedtoolcache/Python/3.11.13/x64
2025-08-21T12:48:28.5979828Z   Python3_ROOT_DIR: /opt/hostedtoolcache/Python/3.11.13/x64
2025-08-21T12:48:28.5980181Z   LD_LIBRARY_PATH: /opt/hostedtoolcache/Python/3.11.13/x64/lib
2025-08-21T12:48:28.5980672Z ##[endgroup]
2025-08-21T12:48:28.9602151Z CREATE EXTENSION
2025-08-21T12:48:28.9655466Z ##[group]Run python -m pip install --upgrade pip
2025-08-21T12:48:28.9656070Z [36;1mpython -m pip install --upgrade pip[0m
2025-08-21T12:48:28.9656727Z [36;1mif [ -f requirements.txt ]; then pip install -r requirements.txt; fi[0m
2025-08-21T12:48:28.9657580Z [36;1m# Hardening: ensure critical deps even if requirements.txt changes[0m
2025-08-21T12:48:28.9658257Z [36;1mpip install psycopg[binary] pgvector[0m
2025-08-21T12:48:28.9658804Z [36;1mpip install pytest[0m
2025-08-21T12:48:28.9716674Z shell: /usr/bin/bash -e {0}
2025-08-21T12:48:28.9717055Z env:
2025-08-21T12:48:28.9717682Z   DATABASE_URL: ***localhost:5432/testdb
2025-08-21T12:48:28.9718110Z   EMBED_SPACE: bge-m3
2025-08-21T12:48:28.9718448Z   ENABLE_SERVER_EMBEDDING: 0
2025-08-21T12:48:28.9719204Z   pythonLocation: /opt/hostedtoolcache/Python/3.11.13/x64
2025-08-21T12:48:28.9719887Z   PKG_CONFIG_PATH: /opt/hostedtoolcache/Python/3.11.13/x64/lib/pkgconfig
2025-08-21T12:48:28.9720885Z   Python_ROOT_DIR: /opt/hostedtoolcache/Python/3.11.13/x64
2025-08-21T12:48:28.9721512Z   Python2_ROOT_DIR: /opt/hostedtoolcache/Python/3.11.13/x64
2025-08-21T12:48:28.9722139Z   Python3_ROOT_DIR: /opt/hostedtoolcache/Python/3.11.13/x64
2025-08-21T12:48:28.9722777Z   LD_LIBRARY_PATH: /opt/hostedtoolcache/Python/3.11.13/x64/lib
2025-08-21T12:48:28.9723289Z ##[endgroup]
2025-08-21T12:48:36.3297405Z Requirement already satisfied: pip in /opt/hostedtoolcache/Python/3.11.13/x64/lib/python3.11/site-packages (25.2)
2025-08-21T12:48:37.4378431Z Collecting mcp>=1.0.0 (from -r requirements.txt (line 1))
2025-08-21T12:48:37.4879236Z   Downloading mcp-1.13.0-py3-none-any.whl.metadata (68 kB)
2025-08-21T12:48:37.5267948Z Collecting psycopg>=3.2.1 (from psycopg[binary]>=3.2.1->-r requirements.txt (line 2))
2025-08-21T12:48:37.5340918Z   Downloading psycopg-3.2.9-py3-none-any.whl.metadata (4.5 kB)
2025-08-21T12:48:37.5547163Z Collecting pgvector>=0.2.5 (from -r requirements.txt (line 3))
2025-08-21T12:48:37.5625304Z   Downloading pgvector-0.4.1-py3-none-any.whl.metadata (18 kB)
2025-08-21T12:48:37.5804048Z Collecting feedparser>=6.0.11 (from -r requirements.txt (line 4))
2025-08-21T12:48:37.5878646Z   Downloading feedparser-6.0.11-py3-none-any.whl.metadata (2.4 kB)
2025-08-21T12:48:37.7168644Z Collecting pydantic>=2.7.0 (from -r requirements.txt (line 5))
2025-08-21T12:48:37.7239934Z   Downloading pydantic-2.11.7-py3-none-any.whl.metadata (67 kB)
2025-08-21T12:48:37.7482589Z Collecting sentence-transformers>=2.7.0 (from -r requirements.txt (line 6))
2025-08-21T12:48:37.7555905Z   Downloading sentence_transformers-5.1.0-py3-none-any.whl.metadata (16 kB)
2025-08-21T12:48:37.7802821Z Collecting httpx>=0.27.0 (from -r requirements.txt (line 7))
2025-08-21T12:48:37.7871162Z   Downloading httpx-0.28.1-py3-none-any.whl.metadata (7.1 kB)
2025-08-21T12:48:37.8118434Z Collecting anyio>=4.5 (from mcp>=1.0.0->-r requirements.txt (line 1))
2025-08-21T12:48:37.8187994Z   Downloading anyio-4.10.0-py3-none-any.whl.metadata (4.0 kB)
2025-08-21T12:48:37.8336689Z Collecting httpx-sse>=0.4 (from mcp>=1.0.0->-r requirements.txt (line 1))
2025-08-21T12:48:37.8407472Z   Downloading httpx_sse-0.4.1-py3-none-any.whl.metadata (9.4 kB)
2025-08-21T12:48:37.8719136Z Collecting jsonschema>=4.20.0 (from mcp>=1.0.0->-r requirements.txt (line 1))
2025-08-21T12:48:37.8789317Z   Downloading jsonschema-4.25.1-py3-none-any.whl.metadata (7.6 kB)
2025-08-21T12:48:37.9005813Z Collecting pydantic-settings>=2.5.2 (from mcp>=1.0.0->-r requirements.txt (line 1))
2025-08-21T12:48:37.9074380Z   Downloading pydantic_settings-2.10.1-py3-none-any.whl.metadata (3.4 kB)
2025-08-21T12:48:37.9342751Z Collecting python-multipart>=0.0.9 (from mcp>=1.0.0->-r requirements.txt (line 1))
2025-08-21T12:48:37.9412843Z   Downloading python_multipart-0.0.20-py3-none-any.whl.metadata (1.8 kB)
2025-08-21T12:48:37.9629199Z Collecting sse-starlette>=1.6.1 (from mcp>=1.0.0->-r requirements.txt (line 1))
2025-08-21T12:48:37.9698063Z   Downloading sse_starlette-3.0.2-py3-none-any.whl.metadata (11 kB)
2025-08-21T12:48:38.0025586Z Collecting starlette>=0.27 (from mcp>=1.0.0->-r requirements.txt (line 1))
2025-08-21T12:48:38.0096053Z   Downloading starlette-0.47.2-py3-none-any.whl.metadata (6.2 kB)
2025-08-21T12:48:38.0401010Z Collecting uvicorn>=0.31.1 (from mcp>=1.0.0->-r requirements.txt (line 1))
2025-08-21T12:48:38.0471424Z   Downloading uvicorn-0.35.0-py3-none-any.whl.metadata (6.5 kB)
2025-08-21T12:48:38.0631452Z Collecting annotated-types>=0.6.0 (from pydantic>=2.7.0->-r requirements.txt (line 5))
2025-08-21T12:48:38.0704761Z   Downloading annotated_types-0.7.0-py3-none-any.whl.metadata (15 kB)
2025-08-21T12:48:38.7088495Z Collecting pydantic-core==2.33.2 (from pydantic>=2.7.0->-r requirements.txt (line 5))
2025-08-21T12:48:38.7163750Z   Downloading pydantic_core-2.33.2-cp311-cp311-manylinux_2_17_x86_64.manylinux2014_x86_64.whl.metadata (6.8 kB)
2025-08-21T12:48:38.7373252Z Collecting typing-extensions>=4.12.2 (from pydantic>=2.7.0->-r requirements.txt (line 5))
2025-08-21T12:48:38.7443311Z   Downloading typing_extensions-4.14.1-py3-none-any.whl.metadata (3.0 kB)
2025-08-21T12:48:38.7583201Z Collecting typing-inspection>=0.4.0 (from pydantic>=2.7.0->-r requirements.txt (line 5))
2025-08-21T12:48:38.7653020Z   Downloading typing_inspection-0.4.1-py3-none-any.whl.metadata (2.6 kB)
2025-08-21T12:48:38.9638537Z Collecting numpy (from pgvector>=0.2.5->-r requirements.txt (line 3))
2025-08-21T12:48:38.9711932Z   Downloading numpy-2.3.2-cp311-cp311-manylinux_2_27_x86_64.manylinux_2_28_x86_64.whl.metadata (62 kB)
2025-08-21T12:48:38.9949619Z Collecting sgmllib3k (from feedparser>=6.0.11->-r requirements.txt (line 4))
2025-08-21T12:48:39.0021720Z   Downloading sgmllib3k-1.0.0.tar.gz (5.8 kB)
2025-08-21T12:48:39.0247928Z   Installing build dependencies: started
2025-08-21T12:48:40.4038922Z   Installing build dependencies: finished with status 'done'
2025-08-21T12:48:40.4043720Z   Getting requirements to build wheel: started
2025-08-21T12:48:40.8781617Z   Getting requirements to build wheel: finished with status 'done'
2025-08-21T12:48:40.8790204Z   Preparing metadata (pyproject.toml): started
2025-08-21T12:48:41.0834937Z   Preparing metadata (pyproject.toml): finished with status 'done'
2025-08-21T12:48:41.1306443Z Collecting transformers<5.0.0,>=4.41.0 (from sentence-transformers>=2.7.0->-r requirements.txt (line 6))
2025-08-21T12:48:41.1381432Z   Downloading transformers-4.55.3-py3-none-any.whl.metadata (41 kB)
2025-08-21T12:48:41.3267045Z Collecting tqdm (from sentence-transformers>=2.7.0->-r requirements.txt (line 6))
2025-08-21T12:48:41.3366574Z   Downloading tqdm-4.67.1-py3-none-any.whl.metadata (57 kB)
2025-08-21T12:48:41.3896675Z Collecting torch>=1.11.0 (from sentence-transformers>=2.7.0->-r requirements.txt (line 6))
2025-08-21T12:48:41.3970062Z   Downloading torch-2.8.0-cp311-cp311-manylinux_2_28_x86_64.whl.metadata (30 kB)
2025-08-21T12:48:41.4829588Z Collecting scikit-learn (from sentence-transformers>=2.7.0->-r requirements.txt (line 6))
2025-08-21T12:48:41.4902788Z   Downloading scikit_learn-1.7.1-cp311-cp311-manylinux2014_x86_64.manylinux_2_17_x86_64.whl.metadata (11 kB)
2025-08-21T12:48:41.6110344Z Collecting scipy (from sentence-transformers>=2.7.0->-r requirements.txt (line 6))
2025-08-21T12:48:41.6188590Z   Downloading scipy-1.16.1-cp311-cp311-manylinux2014_x86_64.manylinux_2_17_x86_64.whl.metadata (61 kB)
2025-08-21T12:48:41.7084312Z Collecting huggingface-hub>=0.20.0 (from sentence-transformers>=2.7.0->-r requirements.txt (line 6))
2025-08-21T12:48:41.7155896Z   Downloading huggingface_hub-0.34.4-py3-none-any.whl.metadata (14 kB)
2025-08-21T12:48:41.8920058Z Collecting Pillow (from sentence-transformers>=2.7.0->-r requirements.txt (line 6))
2025-08-21T12:48:41.8994795Z   Downloading pillow-11.3.0-cp311-cp311-manylinux_2_27_x86_64.manylinux_2_28_x86_64.whl.metadata (9.0 kB)
2025-08-21T12:48:41.9325546Z Collecting filelock (from transformers<5.0.0,>=4.41.0->sentence-transformers>=2.7.0->-r requirements.txt (line 6))
2025-08-21T12:48:41.9395100Z   Downloading filelock-3.19.1-py3-none-any.whl.metadata (2.1 kB)
2025-08-21T12:48:41.9781141Z Collecting packaging>=20.0 (from transformers<5.0.0,>=4.41.0->sentence-transformers>=2.7.0->-r requirements.txt (line 6))
2025-08-21T12:48:41.9848794Z   Downloading packaging-25.0-py3-none-any.whl.metadata (3.3 kB)
2025-08-21T12:48:42.0247349Z Collecting pyyaml>=5.1 (from transformers<5.0.0,>=4.41.0->sentence-transformers>=2.7.0->-r requirements.txt (line 6))
2025-08-21T12:48:42.0319067Z   Downloading PyYAML-6.0.2-cp311-cp311-manylinux_2_17_x86_64.manylinux2014_x86_64.whl.metadata (2.1 kB)
2025-08-21T12:48:42.3861272Z Collecting regex!=2019.12.17 (from transformers<5.0.0,>=4.41.0->sentence-transformers>=2.7.0->-r requirements.txt (line 6))
2025-08-21T12:48:42.3939945Z   Downloading regex-2025.7.34-cp311-cp311-manylinux2014_x86_64.manylinux_2_17_x86_64.manylinux_2_28_x86_64.whl.metadata (40 kB)
2025-08-21T12:48:42.4257195Z Collecting requests (from transformers<5.0.0,>=4.41.0->sentence-transformers>=2.7.0->-r requirements.txt (line 6))
2025-08-21T12:48:42.4328846Z   Downloading requests-2.32.5-py3-none-any.whl.metadata (4.9 kB)
2025-08-21T12:48:42.5900167Z Collecting tokenizers<0.22,>=0.21 (from transformers<5.0.0,>=4.41.0->sentence-transformers>=2.7.0->-r requirements.txt (line 6))
2025-08-21T12:48:42.5978564Z   Downloading tokenizers-0.21.4-cp39-abi3-manylinux_2_17_x86_64.manylinux2014_x86_64.whl.metadata (6.7 kB)
2025-08-21T12:48:42.7149195Z Collecting safetensors>=0.4.3 (from transformers<5.0.0,>=4.41.0->sentence-transformers>=2.7.0->-r requirements.txt (line 6))
2025-08-21T12:48:42.7223703Z   Downloading safetensors-0.6.2-cp38-abi3-manylinux_2_17_x86_64.manylinux2014_x86_64.whl.metadata (4.1 kB)
2025-08-21T12:48:42.7682309Z Collecting fsspec>=2023.5.0 (from huggingface-hub>=0.20.0->sentence-transformers>=2.7.0->-r requirements.txt (line 6))
2025-08-21T12:48:42.7769430Z   Downloading fsspec-2025.7.0-py3-none-any.whl.metadata (12 kB)
2025-08-21T12:48:42.8551466Z Collecting hf-xet<2.0.0,>=1.1.3 (from huggingface-hub>=0.20.0->sentence-transformers>=2.7.0->-r requirements.txt (line 6))
2025-08-21T12:48:42.8625956Z   Downloading hf_xet-1.1.8-cp37-abi3-manylinux_2_17_x86_64.manylinux2014_x86_64.whl.metadata (703 bytes)
2025-08-21T12:48:42.9013402Z Collecting certifi (from httpx>=0.27.0->-r requirements.txt (line 7))
2025-08-21T12:48:42.9088170Z   Downloading certifi-2025.8.3-py3-none-any.whl.metadata (2.4 kB)
2025-08-21T12:48:42.9887824Z Collecting httpcore==1.* (from httpx>=0.27.0->-r requirements.txt (line 7))
2025-08-21T12:48:42.9961120Z   Downloading httpcore-1.0.9-py3-none-any.whl.metadata (21 kB)
2025-08-21T12:48:43.0150227Z Collecting idna (from httpx>=0.27.0->-r requirements.txt (line 7))
2025-08-21T12:48:43.0220820Z   Downloading idna-3.10-py3-none-any.whl.metadata (10 kB)
2025-08-21T12:48:43.0384828Z Collecting h11>=0.16 (from httpcore==1.*->httpx>=0.27.0->-r requirements.txt (line 7))
2025-08-21T12:48:43.0454212Z   Downloading h11-0.16.0-py3-none-any.whl.metadata (8.3 kB)
2025-08-21T12:48:43.0635854Z Collecting sniffio>=1.1 (from anyio>=4.5->mcp>=1.0.0->-r requirements.txt (line 1))
2025-08-21T12:48:43.0706773Z   Downloading sniffio-1.3.1-py3-none-any.whl.metadata (3.9 kB)
2025-08-21T12:48:43.0940631Z Collecting attrs>=22.2.0 (from jsonschema>=4.20.0->mcp>=1.0.0->-r requirements.txt (line 1))
2025-08-21T12:48:43.1010032Z   Downloading attrs-25.3.0-py3-none-any.whl.metadata (10 kB)
2025-08-21T12:48:43.1242391Z Collecting jsonschema-specifications>=2023.03.6 (from jsonschema>=4.20.0->mcp>=1.0.0->-r requirements.txt (line 1))
2025-08-21T12:48:43.1313381Z   Downloading jsonschema_specifications-2025.4.1-py3-none-any.whl.metadata (2.9 kB)
2025-08-21T12:48:43.1599676Z Collecting referencing>=0.28.4 (from jsonschema>=4.20.0->mcp>=1.0.0->-r requirements.txt (line 1))
2025-08-21T12:48:43.1669580Z   Downloading referencing-0.36.2-py3-none-any.whl.metadata (2.8 kB)
2025-08-21T12:48:43.4185631Z Collecting rpds-py>=0.7.1 (from jsonschema>=4.20.0->mcp>=1.0.0->-r requirements.txt (line 1))
2025-08-21T12:48:43.4258200Z   Downloading rpds_py-0.27.0-cp311-cp311-manylinux_2_17_x86_64.manylinux2014_x86_64.whl.metadata (4.2 kB)
2025-08-21T12:48:43.5872897Z Collecting psycopg-binary==3.2.9 (from psycopg[binary]>=3.2.1->-r requirements.txt (line 2))
2025-08-21T12:48:43.5953927Z   Downloading psycopg_binary-3.2.9-cp311-cp311-manylinux_2_17_x86_64.manylinux2014_x86_64.whl.metadata (2.9 kB)
2025-08-21T12:48:43.6175982Z Collecting python-dotenv>=0.21.0 (from pydantic-settings>=2.5.2->mcp>=1.0.0->-r requirements.txt (line 1))
2025-08-21T12:48:43.6247191Z   Downloading python_dotenv-1.1.1-py3-none-any.whl.metadata (24 kB)
2025-08-21T12:48:43.6838560Z Collecting sympy>=1.13.3 (from torch>=1.11.0->sentence-transformers>=2.7.0->-r requirements.txt (line 6))
2025-08-21T12:48:43.6906932Z   Downloading sympy-1.14.0-py3-none-any.whl.metadata (12 kB)
2025-08-21T12:48:43.7176236Z Collecting networkx (from torch>=1.11.0->sentence-transformers>=2.7.0->-r requirements.txt (line 6))
2025-08-21T12:48:43.7245771Z   Downloading networkx-3.5-py3-none-any.whl.metadata (6.3 kB)
2025-08-21T12:48:43.7485041Z Collecting jinja2 (from torch>=1.11.0->sentence-transformers>=2.7.0->-r requirements.txt (line 6))
2025-08-21T12:48:43.7555904Z   Downloading jinja2-3.1.6-py3-none-any.whl.metadata (2.9 kB)
2025-08-21T12:48:43.7732302Z Collecting nvidia-cuda-nvrtc-cu12==12.8.93 (from torch>=1.11.0->sentence-transformers>=2.7.0->-r requirements.txt (line 6))
2025-08-21T12:48:43.7806066Z   Downloading nvidia_cuda_nvrtc_cu12-12.8.93-py3-none-manylinux2010_x86_64.manylinux_2_12_x86_64.whl.metadata (1.7 kB)
2025-08-21T12:48:43.7987973Z Collecting nvidia-cuda-runtime-cu12==12.8.90 (from torch>=1.11.0->sentence-transformers>=2.7.0->-r requirements.txt (line 6))
2025-08-21T12:48:43.8060670Z   Downloading nvidia_cuda_runtime_cu12-12.8.90-py3-none-manylinux2014_x86_64.manylinux_2_17_x86_64.whl.metadata (1.7 kB)
2025-08-21T12:48:43.8227828Z Collecting nvidia-cuda-cupti-cu12==12.8.90 (from torch>=1.11.0->sentence-transformers>=2.7.0->-r requirements.txt (line 6))
2025-08-21T12:48:43.8298865Z   Downloading nvidia_cuda_cupti_cu12-12.8.90-py3-none-manylinux2014_x86_64.manylinux_2_17_x86_64.whl.metadata (1.7 kB)
2025-08-21T12:48:43.8473951Z Collecting nvidia-cudnn-cu12==9.10.2.21 (from torch>=1.11.0->sentence-transformers>=2.7.0->-r requirements.txt (line 6))
2025-08-21T12:48:43.8544293Z   Downloading nvidia_cudnn_cu12-9.10.2.21-py3-none-manylinux_2_27_x86_64.whl.metadata (1.8 kB)
2025-08-21T12:48:43.8713548Z Collecting nvidia-cublas-cu12==12.8.4.1 (from torch>=1.11.0->sentence-transformers>=2.7.0->-r requirements.txt (line 6))
2025-08-21T12:48:43.8782121Z   Downloading nvidia_cublas_cu12-12.8.4.1-py3-none-manylinux_2_27_x86_64.whl.metadata (1.7 kB)
2025-08-21T12:48:43.8943984Z Collecting nvidia-cufft-cu12==11.3.3.83 (from torch>=1.11.0->sentence-transformers>=2.7.0->-r requirements.txt (line 6))
2025-08-21T12:48:43.9054964Z   Downloading nvidia_cufft_cu12-11.3.3.83-py3-none-manylinux2014_x86_64.manylinux_2_17_x86_64.whl.metadata (1.7 kB)
2025-08-21T12:48:43.9218174Z Collecting nvidia-curand-cu12==10.3.9.90 (from torch>=1.11.0->sentence-transformers>=2.7.0->-r requirements.txt (line 6))
2025-08-21T12:48:43.9288281Z   Downloading nvidia_curand_cu12-10.3.9.90-py3-none-manylinux_2_27_x86_64.whl.metadata (1.7 kB)
2025-08-21T12:48:43.9467830Z Collecting nvidia-cusolver-cu12==11.7.3.90 (from torch>=1.11.0->sentence-transformers>=2.7.0->-r requirements.txt (line 6))
2025-08-21T12:48:43.9542472Z   Downloading nvidia_cusolver_cu12-11.7.3.90-py3-none-manylinux_2_27_x86_64.whl.metadata (1.8 kB)
2025-08-21T12:48:43.9714748Z Collecting nvidia-cusparse-cu12==12.5.8.93 (from torch>=1.11.0->sentence-transformers>=2.7.0->-r requirements.txt (line 6))
2025-08-21T12:48:43.9786037Z   Downloading nvidia_cusparse_cu12-12.5.8.93-py3-none-manylinux2014_x86_64.manylinux_2_17_x86_64.whl.metadata (1.8 kB)
2025-08-21T12:48:43.9964317Z Collecting nvidia-cusparselt-cu12==0.7.1 (from torch>=1.11.0->sentence-transformers>=2.7.0->-r requirements.txt (line 6))
2025-08-21T12:48:44.0083418Z   Downloading nvidia_cusparselt_cu12-0.7.1-py3-none-manylinux2014_x86_64.whl.metadata (7.0 kB)
2025-08-21T12:48:44.0257375Z Collecting nvidia-nccl-cu12==2.27.3 (from torch>=1.11.0->sentence-transformers>=2.7.0->-r requirements.txt (line 6))
2025-08-21T12:48:44.0330770Z   Downloading nvidia_nccl_cu12-2.27.3-py3-none-manylinux2014_x86_64.manylinux_2_17_x86_64.whl.metadata (2.0 kB)
2025-08-21T12:48:44.0504987Z Collecting nvidia-nvtx-cu12==12.8.90 (from torch>=1.11.0->sentence-transformers>=2.7.0->-r requirements.txt (line 6))
2025-08-21T12:48:44.0604269Z   Downloading nvidia_nvtx_cu12-12.8.90-py3-none-manylinux2014_x86_64.manylinux_2_17_x86_64.whl.metadata (1.8 kB)
2025-08-21T12:48:44.0770216Z Collecting nvidia-nvjitlink-cu12==12.8.93 (from torch>=1.11.0->sentence-transformers>=2.7.0->-r requirements.txt (line 6))
2025-08-21T12:48:44.0843910Z   Downloading nvidia_nvjitlink_cu12-12.8.93-py3-none-manylinux2010_x86_64.manylinux_2_12_x86_64.whl.metadata (1.7 kB)
2025-08-21T12:48:44.0982780Z Collecting nvidia-cufile-cu12==1.13.1.3 (from torch>=1.11.0->sentence-transformers>=2.7.0->-r requirements.txt (line 6))
2025-08-21T12:48:44.1091555Z   Downloading nvidia_cufile_cu12-1.13.1.3-py3-none-manylinux2014_x86_64.manylinux_2_17_x86_64.whl.metadata (1.7 kB)
2025-08-21T12:48:44.1274956Z Collecting triton==3.4.0 (from torch>=1.11.0->sentence-transformers>=2.7.0->-r requirements.txt (line 6))
2025-08-21T12:48:44.1370658Z   Downloading triton-3.4.0-cp311-cp311-manylinux_2_27_x86_64.manylinux_2_28_x86_64.whl.metadata (1.7 kB)
2025-08-21T12:48:44.1605866Z Requirement already satisfied: setuptools>=40.8.0 in /opt/hostedtoolcache/Python/3.11.13/x64/lib/python3.11/site-packages (from triton==3.4.0->torch>=1.11.0->sentence-transformers>=2.7.0->-r requirements.txt (line 6)) (65.5.0)
2025-08-21T12:48:44.1812435Z Collecting mpmath<1.4,>=1.1.0 (from sympy>=1.13.3->torch>=1.11.0->sentence-transformers>=2.7.0->-r requirements.txt (line 6))
2025-08-21T12:48:44.1883249Z   Downloading mpmath-1.3.0-py3-none-any.whl.metadata (8.6 kB)
2025-08-21T12:48:44.2223125Z Collecting click>=7.0 (from uvicorn>=0.31.1->mcp>=1.0.0->-r requirements.txt (line 1))
2025-08-21T12:48:44.2293120Z   Downloading click-8.2.1-py3-none-any.whl.metadata (2.5 kB)
2025-08-21T12:48:44.2886346Z Collecting MarkupSafe>=2.0 (from jinja2->torch>=1.11.0->sentence-transformers>=2.7.0->-r requirements.txt (line 6))
2025-08-21T12:48:44.2956026Z   Downloading MarkupSafe-3.0.2-cp311-cp311-manylinux_2_17_x86_64.manylinux2014_x86_64.whl.metadata (4.0 kB)
2025-08-21T12:48:44.4546423Z Collecting charset_normalizer<4,>=2 (from requests->transformers<5.0.0,>=4.41.0->sentence-transformers>=2.7.0->-r requirements.txt (line 6))
2025-08-21T12:48:44.4623693Z   Downloading charset_normalizer-3.4.3-cp311-cp311-manylinux2014_x86_64.manylinux_2_17_x86_64.manylinux_2_28_x86_64.whl.metadata (36 kB)
2025-08-21T12:48:44.4981034Z Collecting urllib3<3,>=1.21.1 (from requests->transformers<5.0.0,>=4.41.0->sentence-transformers>=2.7.0->-r requirements.txt (line 6))
2025-08-21T12:48:44.5048726Z   Downloading urllib3-2.5.0-py3-none-any.whl.metadata (6.5 kB)
2025-08-21T12:48:44.5517603Z Collecting joblib>=1.2.0 (from scikit-learn->sentence-transformers>=2.7.0->-r requirements.txt (line 6))
2025-08-21T12:48:44.5585877Z   Downloading joblib-1.5.1-py3-none-any.whl.metadata (5.6 kB)
2025-08-21T12:48:44.5731155Z Collecting threadpoolctl>=3.1.0 (from scikit-learn->sentence-transformers>=2.7.0->-r requirements.txt (line 6))
2025-08-21T12:48:44.5801220Z   Downloading threadpoolctl-3.6.0-py3-none-any.whl.metadata (13 kB)
2025-08-21T12:48:44.6074989Z Downloading mcp-1.13.0-py3-none-any.whl (160 kB)
2025-08-21T12:48:44.6224760Z Downloading pydantic-2.11.7-py3-none-any.whl (444 kB)
2025-08-21T12:48:44.6374903Z Downloading pydantic_core-2.33.2-cp311-cp311-manylinux_2_17_x86_64.manylinux2014_x86_64.whl (2.0 MB)
2025-08-21T12:48:44.6569190Z    ━━━━━━━━━━━━━━━━━━━━━━━━━━━━━━━━━━━━━━━━ 2.0/2.0 MB 110.3 MB/s  0:00:00
2025-08-21T12:48:44.6660613Z Downloading psycopg-3.2.9-py3-none-any.whl (202 kB)
2025-08-21T12:48:44.6763840Z Downloading pgvector-0.4.1-py3-none-any.whl (27 kB)
2025-08-21T12:48:44.6855162Z Downloading feedparser-6.0.11-py3-none-any.whl (81 kB)
2025-08-21T12:48:44.6945856Z Downloading sentence_transformers-5.1.0-py3-none-any.whl (483 kB)
2025-08-21T12:48:44.7075856Z Downloading transformers-4.55.3-py3-none-any.whl (11.3 MB)
2025-08-21T12:48:44.7800356Z    ━━━━━━━━━━━━━━━━━━━━━━━━━━━━━━━━━━━━━━━━ 11.3/11.3 MB 157.8 MB/s  0:00:00
2025-08-21T12:48:44.7872533Z Downloading huggingface_hub-0.34.4-py3-none-any.whl (561 kB)
2025-08-21T12:48:44.7936935Z    ━━━━━━━━━━━━━━━━━━━━━━━━━━━━━━━━━━━━━━━━ 561.5/561.5 kB 84.4 MB/s  0:00:00
2025-08-21T12:48:44.8008863Z Downloading hf_xet-1.1.8-cp37-abi3-manylinux_2_17_x86_64.manylinux2014_x86_64.whl (3.2 MB)
2025-08-21T12:48:44.8242804Z    ━━━━━━━━━━━━━━━━━━━━━━━━━━━━━━━━━━━━━━━━ 3.2/3.2 MB 143.7 MB/s  0:00:00
2025-08-21T12:48:44.8312865Z Downloading tokenizers-0.21.4-cp39-abi3-manylinux_2_17_x86_64.manylinux2014_x86_64.whl (3.1 MB)
2025-08-21T12:48:44.8541938Z    ━━━━━━━━━━━━━━━━━━━━━━━━━━━━━━━━━━━━━━━━ 3.1/3.1 MB 144.4 MB/s  0:00:00
2025-08-21T12:48:44.8616991Z Downloading httpx-0.28.1-py3-none-any.whl (73 kB)
2025-08-21T12:48:44.8709182Z Downloading httpcore-1.0.9-py3-none-any.whl (78 kB)
2025-08-21T12:48:44.8803024Z Downloading annotated_types-0.7.0-py3-none-any.whl (13 kB)
2025-08-21T12:48:44.8892026Z Downloading anyio-4.10.0-py3-none-any.whl (107 kB)
2025-08-21T12:48:44.8987273Z Downloading fsspec-2025.7.0-py3-none-any.whl (199 kB)
2025-08-21T12:48:44.9081933Z Downloading h11-0.16.0-py3-none-any.whl (37 kB)
2025-08-21T12:48:44.9171689Z Downloading httpx_sse-0.4.1-py3-none-any.whl (8.1 kB)
2025-08-21T12:48:44.9261985Z Downloading idna-3.10-py3-none-any.whl (70 kB)
2025-08-21T12:48:44.9356776Z Downloading jsonschema-4.25.1-py3-none-any.whl (90 kB)
2025-08-21T12:48:44.9450686Z Downloading attrs-25.3.0-py3-none-any.whl (63 kB)
2025-08-21T12:48:44.9545166Z Downloading jsonschema_specifications-2025.4.1-py3-none-any.whl (18 kB)
2025-08-21T12:48:44.9634578Z Downloading numpy-2.3.2-cp311-cp311-manylinux_2_27_x86_64.manylinux_2_28_x86_64.whl (16.9 MB)
2025-08-21T12:48:45.0801881Z    ━━━━━━━━━━━━━━━━━━━━━━━━━━━━━━━━━━━━━━━━ 16.9/16.9 MB 146.5 MB/s  0:00:00
2025-08-21T12:48:45.0881336Z Downloading packaging-25.0-py3-none-any.whl (66 kB)
2025-08-21T12:48:45.0981988Z Downloading psycopg_binary-3.2.9-cp311-cp311-manylinux_2_17_x86_64.manylinux2014_x86_64.whl (4.5 MB)
2025-08-21T12:48:45.1299870Z    ━━━━━━━━━━━━━━━━━━━━━━━━━━━━━━━━━━━━━━━━ 4.5/4.5 MB 146.2 MB/s  0:00:00
2025-08-21T12:48:45.1370796Z Downloading pydantic_settings-2.10.1-py3-none-any.whl (45 kB)
2025-08-21T12:48:45.1462802Z Downloading python_dotenv-1.1.1-py3-none-any.whl (20 kB)
2025-08-21T12:48:45.1559631Z Downloading python_multipart-0.0.20-py3-none-any.whl (24 kB)
2025-08-21T12:48:45.1645534Z Downloading PyYAML-6.0.2-cp311-cp311-manylinux_2_17_x86_64.manylinux2014_x86_64.whl (762 kB)
2025-08-21T12:48:45.1728663Z    ━━━━━━━━━━━━━━━━━━━━━━━━━━━━━━━━━━━━━━━━ 763.0/763.0 kB 90.5 MB/s  0:00:00
2025-08-21T12:48:45.1796561Z Downloading referencing-0.36.2-py3-none-any.whl (26 kB)
2025-08-21T12:48:45.1885254Z Downloading regex-2025.7.34-cp311-cp311-manylinux2014_x86_64.manylinux_2_17_x86_64.manylinux_2_28_x86_64.whl (798 kB)
2025-08-21T12:48:45.1976325Z    ━━━━━━━━━━━━━━━━━━━━━━━━━━━━━━━━━━━━━━━━ 798.9/798.9 kB 90.9 MB/s  0:00:00
2025-08-21T12:48:45.2044369Z Downloading rpds_py-0.27.0-cp311-cp311-manylinux_2_17_x86_64.manylinux2014_x86_64.whl (383 kB)
2025-08-21T12:48:45.2158716Z Downloading safetensors-0.6.2-cp38-abi3-manylinux_2_17_x86_64.manylinux2014_x86_64.whl (485 kB)
2025-08-21T12:48:45.2279196Z Downloading sniffio-1.3.1-py3-none-any.whl (10 kB)
2025-08-21T12:48:45.2364787Z Downloading sse_starlette-3.0.2-py3-none-any.whl (11 kB)
2025-08-21T12:48:45.2450597Z Downloading starlette-0.47.2-py3-none-any.whl (72 kB)
2025-08-21T12:48:45.2565016Z Downloading torch-2.8.0-cp311-cp311-manylinux_2_28_x86_64.whl (888.1 MB)
2025-08-21T12:48:52.6763531Z    ━━━━━━━━━━━━━━━━━━━━━━━━━━━━━━━━━━━━━━━━ 888.1/888.1 MB 56.0 MB/s  0:00:07
2025-08-21T12:48:52.6836583Z Downloading nvidia_cublas_cu12-12.8.4.1-py3-none-manylinux_2_27_x86_64.whl (594.3 MB)
2025-08-21T12:48:58.6098403Z    ━━━━━━━━━━━━━━━━━━━━━━━━━━━━━━━━━━━━━━━━ 594.3/594.3 MB 60.0 MB/s  0:00:05
2025-08-21T12:48:58.6203543Z Downloading nvidia_cuda_cupti_cu12-12.8.90-py3-none-manylinux2014_x86_64.manylinux_2_17_x86_64.whl (10.2 MB)
2025-08-21T12:48:58.6877272Z    ━━━━━━━━━━━━━━━━━━━━━━━━━━━━━━━━━━━━━━━━ 10.2/10.2 MB 155.1 MB/s  0:00:00
2025-08-21T12:48:58.6952320Z Downloading nvidia_cuda_nvrtc_cu12-12.8.93-py3-none-manylinux2010_x86_64.manylinux_2_12_x86_64.whl (88.0 MB)
2025-08-21T12:48:59.2321224Z    ━━━━━━━━━━━━━━━━━━━━━━━━━━━━━━━━━━━━━━━━ 88.0/88.0 MB 164.8 MB/s  0:00:00
2025-08-21T12:48:59.2395270Z Downloading nvidia_cuda_runtime_cu12-12.8.90-py3-none-manylinux2014_x86_64.manylinux_2_17_x86_64.whl (954 kB)
2025-08-21T12:48:59.2501729Z    ━━━━━━━━━━━━━━━━━━━━━━━━━━━━━━━━━━━━━━━━ 954.8/954.8 kB 89.9 MB/s  0:00:00
2025-08-21T12:48:59.2573734Z Downloading nvidia_cudnn_cu12-9.10.2.21-py3-none-manylinux_2_27_x86_64.whl (706.8 MB)
2025-08-21T12:49:05.3886930Z    ━━━━━━━━━━━━━━━━━━━━━━━━━━━━━━━━━━━━━━━━ 706.8/706.8 MB 63.4 MB/s  0:00:06
2025-08-21T12:49:05.3967347Z Downloading nvidia_cufft_cu12-11.3.3.83-py3-none-manylinux2014_x86_64.manylinux_2_17_x86_64.whl (193.1 MB)
2025-08-21T12:49:06.6924590Z    ━━━━━━━━━━━━━━━━━━━━━━━━━━━━━━━━━━━━━━━━ 193.1/193.1 MB 149.2 MB/s  0:00:01
2025-08-21T12:49:06.7006230Z Downloading nvidia_cufile_cu12-1.13.1.3-py3-none-manylinux2014_x86_64.manylinux_2_17_x86_64.whl (1.2 MB)
2025-08-21T12:49:06.7115160Z    ━━━━━━━━━━━━━━━━━━━━━━━━━━━━━━━━━━━━━━━━ 1.2/1.2 MB 115.2 MB/s  0:00:00
2025-08-21T12:49:06.7185691Z Downloading nvidia_curand_cu12-10.3.9.90-py3-none-manylinux_2_27_x86_64.whl (63.6 MB)
2025-08-21T12:49:07.0919964Z    ━━━━━━━━━━━━━━━━━━━━━━━━━━━━━━━━━━━━━━━━ 63.6/63.6 MB 171.1 MB/s  0:00:00
2025-08-21T12:49:07.1001907Z Downloading nvidia_cusolver_cu12-11.7.3.90-py3-none-manylinux_2_27_x86_64.whl (267.5 MB)
2025-08-21T12:49:09.3609450Z    ━━━━━━━━━━━━━━━━━━━━━━━━━━━━━━━━━━━━━━━━ 267.5/267.5 MB 117.3 MB/s  0:00:02
2025-08-21T12:49:09.3684260Z Downloading nvidia_cusparse_cu12-12.5.8.93-py3-none-manylinux2014_x86_64.manylinux_2_17_x86_64.whl (288.2 MB)
2025-08-21T12:49:11.7660876Z    ━━━━━━━━━━━━━━━━━━━━━━━━━━━━━━━━━━━━━━━━ 288.2/288.2 MB 115.3 MB/s  0:00:02
2025-08-21T12:49:11.7737687Z Downloading nvidia_cusparselt_cu12-0.7.1-py3-none-manylinux2014_x86_64.whl (287.2 MB)
2025-08-21T12:49:14.4040972Z    ━━━━━━━━━━━━━━━━━━━━━━━━━━━━━━━━━━━━━━━━ 287.2/287.2 MB 104.4 MB/s  0:00:02
2025-08-21T12:49:14.4113190Z Downloading nvidia_nccl_cu12-2.27.3-py3-none-manylinux2014_x86_64.manylinux_2_17_x86_64.whl (322.4 MB)
2025-08-21T12:49:17.5775778Z    ━━━━━━━━━━━━━━━━━━━━━━━━━━━━━━━━━━━━━━━━ 322.4/322.4 MB 91.3 MB/s  0:00:03
2025-08-21T12:49:17.5847983Z Downloading nvidia_nvjitlink_cu12-12.8.93-py3-none-manylinux2010_x86_64.manylinux_2_12_x86_64.whl (39.3 MB)
2025-08-21T12:49:17.8189466Z    ━━━━━━━━━━━━━━━━━━━━━━━━━━━━━━━━━━━━━━━━ 39.3/39.3 MB 169.0 MB/s  0:00:00
2025-08-21T12:49:17.8263411Z Downloading nvidia_nvtx_cu12-12.8.90-py3-none-manylinux2014_x86_64.manylinux_2_17_x86_64.whl (89 kB)
2025-08-21T12:49:17.8398933Z Downloading triton-3.4.0-cp311-cp311-manylinux_2_27_x86_64.manylinux_2_28_x86_64.whl (155.5 MB)
2025-08-21T12:49:18.8300244Z    ━━━━━━━━━━━━━━━━━━━━━━━━━━━━━━━━━━━━━━━━ 155.5/155.5 MB 157.3 MB/s  0:00:00
2025-08-21T12:49:18.8376288Z Downloading sympy-1.14.0-py3-none-any.whl (6.3 MB)
2025-08-21T12:49:18.8791631Z    ━━━━━━━━━━━━━━━━━━━━━━━━━━━━━━━━━━━━━━━━ 6.3/6.3 MB 156.5 MB/s  0:00:00
2025-08-21T12:49:18.8865238Z Downloading mpmath-1.3.0-py3-none-any.whl (536 kB)
2025-08-21T12:49:18.8943201Z    ━━━━━━━━━━━━━━━━━━━━━━━━━━━━━━━━━━━━━━━━ 536.2/536.2 kB 63.6 MB/s  0:00:00
2025-08-21T12:49:18.9014300Z Downloading tqdm-4.67.1-py3-none-any.whl (78 kB)
2025-08-21T12:49:18.9106454Z Downloading typing_extensions-4.14.1-py3-none-any.whl (43 kB)
2025-08-21T12:49:18.9195760Z Downloading typing_inspection-0.4.1-py3-none-any.whl (14 kB)
2025-08-21T12:49:18.9280560Z Downloading uvicorn-0.35.0-py3-none-any.whl (66 kB)
2025-08-21T12:49:18.9367201Z Downloading click-8.2.1-py3-none-any.whl (102 kB)
2025-08-21T12:49:18.9455818Z Downloading certifi-2025.8.3-py3-none-any.whl (161 kB)
2025-08-21T12:49:18.9577316Z Downloading filelock-3.19.1-py3-none-any.whl (15 kB)
2025-08-21T12:49:18.9664238Z Downloading jinja2-3.1.6-py3-none-any.whl (134 kB)
2025-08-21T12:49:18.9754943Z Downloading MarkupSafe-3.0.2-cp311-cp311-manylinux_2_17_x86_64.manylinux2014_x86_64.whl (23 kB)
2025-08-21T12:49:18.9839235Z Downloading networkx-3.5-py3-none-any.whl (2.0 MB)
2025-08-21T12:49:18.9985544Z    ━━━━━━━━━━━━━━━━━━━━━━━━━━━━━━━━━━━━━━━━ 2.0/2.0 MB 150.8 MB/s  0:00:00
2025-08-21T12:49:19.0058244Z Downloading pillow-11.3.0-cp311-cp311-manylinux_2_27_x86_64.manylinux_2_28_x86_64.whl (6.6 MB)
2025-08-21T12:49:19.0516075Z    ━━━━━━━━━━━━━━━━━━━━━━━━━━━━━━━━━━━━━━━━ 6.6/6.6 MB 147.4 MB/s  0:00:00
2025-08-21T12:49:19.0589126Z Downloading requests-2.32.5-py3-none-any.whl (64 kB)
2025-08-21T12:49:19.0682445Z Downloading charset_normalizer-3.4.3-cp311-cp311-manylinux2014_x86_64.manylinux_2_17_x86_64.manylinux_2_28_x86_64.whl (150 kB)
2025-08-21T12:49:19.0776364Z Downloading urllib3-2.5.0-py3-none-any.whl (129 kB)
2025-08-21T12:49:19.0880595Z Downloading scikit_learn-1.7.1-cp311-cp311-manylinux2014_x86_64.manylinux_2_17_x86_64.whl (9.7 MB)
2025-08-21T12:49:19.1530873Z    ━━━━━━━━━━━━━━━━━━━━━━━━━━━━━━━━━━━━━━━━ 9.7/9.7 MB 152.9 MB/s  0:00:00
2025-08-21T12:49:19.1601885Z Downloading joblib-1.5.1-py3-none-any.whl (307 kB)
2025-08-21T12:49:19.1712141Z Downloading scipy-1.16.1-cp311-cp311-manylinux2014_x86_64.manylinux_2_17_x86_64.whl (35.4 MB)
2025-08-21T12:49:19.3873153Z    ━━━━━━━━━━━━━━━━━━━━━━━━━━━━━━━━━━━━━━━━ 35.4/35.4 MB 165.0 MB/s  0:00:00
2025-08-21T12:49:19.3944708Z Downloading threadpoolctl-3.6.0-py3-none-any.whl (18 kB)
2025-08-21T12:49:22.3529111Z Building wheels for collected packages: sgmllib3k
2025-08-21T12:49:22.3537458Z   Building wheel for sgmllib3k (pyproject.toml): started
2025-08-21T12:49:22.5462945Z   Building wheel for sgmllib3k (pyproject.toml): finished with status 'done'
2025-08-21T12:49:22.5469360Z   Created wheel for sgmllib3k: filename=sgmllib3k-1.0.0-py3-none-any.whl size=6089 sha256=3b41b41adcdef7582527b8d4d6822c8459f37eee141d94c34330671aab1e5376
2025-08-21T12:49:22.5471374Z   Stored in directory: /home/runner/.cache/pip/wheels/3b/25/2a/105d6a15df6914f4d15047691c6c28f9052cc1173e40285d03
2025-08-21T12:49:22.5485834Z Successfully built sgmllib3k
2025-08-21T12:49:22.7495936Z Installing collected packages: sgmllib3k, nvidia-cusparselt-cu12, mpmath, urllib3, typing-extensions, triton, tqdm, threadpoolctl, sympy, sniffio, safetensors, rpds-py, regex, pyyaml, python-multipart, python-dotenv, psycopg-binary, Pillow, packaging, nvidia-nvtx-cu12, nvidia-nvjitlink-cu12, nvidia-nccl-cu12, nvidia-curand-cu12, nvidia-cufile-cu12, nvidia-cuda-runtime-cu12, nvidia-cuda-nvrtc-cu12, nvidia-cuda-cupti-cu12, nvidia-cublas-cu12, numpy, networkx, MarkupSafe, joblib, idna, httpx-sse, hf-xet, h11, fsspec, filelock, feedparser, click, charset_normalizer, certifi, attrs, annotated-types, uvicorn, typing-inspection, scipy, requests, referencing, pydantic-core, psycopg, pgvector, nvidia-cusparse-cu12, nvidia-cufft-cu12, nvidia-cudnn-cu12, jinja2, httpcore, anyio, starlette, sse-starlette, scikit-learn, pydantic, nvidia-cusolver-cu12, jsonschema-specifications, huggingface-hub, httpx, torch, tokenizers, pydantic-settings, jsonschema, transformers, mcp, sentence-transformers
2025-08-21T12:50:29.1509475Z 
2025-08-21T12:50:29.1549251Z Successfully installed MarkupSafe-3.0.2 Pillow-11.3.0 annotated-types-0.7.0 anyio-4.10.0 attrs-25.3.0 certifi-2025.8.3 charset_normalizer-3.4.3 click-8.2.1 feedparser-6.0.11 filelock-3.19.1 fsspec-2025.7.0 h11-0.16.0 hf-xet-1.1.8 httpcore-1.0.9 httpx-0.28.1 httpx-sse-0.4.1 huggingface-hub-0.34.4 idna-3.10 jinja2-3.1.6 joblib-1.5.1 jsonschema-4.25.1 jsonschema-specifications-2025.4.1 mcp-1.13.0 mpmath-1.3.0 networkx-3.5 numpy-2.3.2 nvidia-cublas-cu12-12.8.4.1 nvidia-cuda-cupti-cu12-12.8.90 nvidia-cuda-nvrtc-cu12-12.8.93 nvidia-cuda-runtime-cu12-12.8.90 nvidia-cudnn-cu12-9.10.2.21 nvidia-cufft-cu12-11.3.3.83 nvidia-cufile-cu12-1.13.1.3 nvidia-curand-cu12-10.3.9.90 nvidia-cusolver-cu12-11.7.3.90 nvidia-cusparse-cu12-12.5.8.93 nvidia-cusparselt-cu12-0.7.1 nvidia-nccl-cu12-2.27.3 nvidia-nvjitlink-cu12-12.8.93 nvidia-nvtx-cu12-12.8.90 packaging-25.0 pgvector-0.4.1 psycopg-3.2.9 psycopg-binary-3.2.9 pydantic-2.11.7 pydantic-core-2.33.2 pydantic-settings-2.10.1 python-dotenv-1.1.1 python-multipart-0.0.20 pyyaml-6.0.2 referencing-0.36.2 regex-2025.7.34 requests-2.32.5 rpds-py-0.27.0 safetensors-0.6.2 scikit-learn-1.7.1 scipy-1.16.1 sentence-transformers-5.1.0 sgmllib3k-1.0.0 sniffio-1.3.1 sse-starlette-3.0.2 starlette-0.47.2 sympy-1.14.0 threadpoolctl-3.6.0 tokenizers-0.21.4 torch-2.8.0 tqdm-4.67.1 transformers-4.55.3 triton-3.4.0 typing-extensions-4.14.1 typing-inspection-0.4.1 urllib3-2.5.0 uvicorn-0.35.0
2025-08-21T12:50:30.8651989Z Requirement already satisfied: pgvector in /opt/hostedtoolcache/Python/3.11.13/x64/lib/python3.11/site-packages (0.4.1)
2025-08-21T12:50:30.8655688Z Requirement already satisfied: psycopg[binary] in /opt/hostedtoolcache/Python/3.11.13/x64/lib/python3.11/site-packages (3.2.9)
2025-08-21T12:50:30.8674208Z Requirement already satisfied: typing-extensions>=4.6 in /opt/hostedtoolcache/Python/3.11.13/x64/lib/python3.11/site-packages (from psycopg[binary]) (4.14.1)
2025-08-21T12:50:30.8685305Z Requirement already satisfied: psycopg-binary==3.2.9 in /opt/hostedtoolcache/Python/3.11.13/x64/lib/python3.11/site-packages (from psycopg[binary]) (3.2.9)
2025-08-21T12:50:30.8731097Z Requirement already satisfied: numpy in /opt/hostedtoolcache/Python/3.11.13/x64/lib/python3.11/site-packages (from pgvector) (2.3.2)
2025-08-21T12:50:31.9560699Z Collecting pytest
2025-08-21T12:50:32.0015854Z   Downloading pytest-8.4.1-py3-none-any.whl.metadata (7.7 kB)
2025-08-21T12:50:32.0185277Z Collecting iniconfig>=1 (from pytest)
2025-08-21T12:50:32.0257716Z   Downloading iniconfig-2.1.0-py3-none-any.whl.metadata (2.7 kB)
2025-08-21T12:50:32.0290687Z Requirement already satisfied: packaging>=20 in /opt/hostedtoolcache/Python/3.11.13/x64/lib/python3.11/site-packages (from pytest) (25.0)
2025-08-21T12:50:32.0428923Z Collecting pluggy<2,>=1.5 (from pytest)
2025-08-21T12:50:32.0501976Z   Downloading pluggy-1.6.0-py3-none-any.whl.metadata (4.8 kB)
2025-08-21T12:50:32.0788986Z Collecting pygments>=2.7.2 (from pytest)
2025-08-21T12:50:32.0863099Z   Downloading pygments-2.19.2-py3-none-any.whl.metadata (2.5 kB)
2025-08-21T12:50:32.0983475Z Downloading pytest-8.4.1-py3-none-any.whl (365 kB)
2025-08-21T12:50:32.1267329Z Downloading pluggy-1.6.0-py3-none-any.whl (20 kB)
2025-08-21T12:50:32.1353536Z Downloading iniconfig-2.1.0-py3-none-any.whl (6.0 kB)
2025-08-21T12:50:32.1441356Z Downloading pygments-2.19.2-py3-none-any.whl (1.2 MB)
2025-08-21T12:50:32.1610080Z    ━━━━━━━━━━━━━━━━━━━━━━━━━━━━━━━━━━━━━━━━ 1.2/1.2 MB 70.0 MB/s  0:00:00
2025-08-21T12:50:32.3159499Z Installing collected packages: pygments, pluggy, iniconfig, pytest
2025-08-21T12:50:33.1948429Z 
2025-08-21T12:50:33.1983478Z Successfully installed iniconfig-2.1.0 pluggy-1.6.0 pygments-2.19.2 pytest-8.4.1
2025-08-21T12:50:33.2554883Z ##[group]Run if [ -f db/schema_v2.sql ]; then
2025-08-21T12:50:33.2555241Z [36;1mif [ -f db/schema_v2.sql ]; then[0m
2025-08-21T12:50:33.2555536Z [36;1m  psql "$DATABASE_URL" -f db/schema_v2.sql[0m
2025-08-21T12:50:33.2555796Z [36;1melse[0m
2025-08-21T12:50:33.2556001Z [36;1m  echo "schema_v2.sql not found; skipping"[0m
2025-08-21T12:50:33.2556252Z [36;1mfi[0m
2025-08-21T12:50:33.2899852Z shell: /usr/bin/bash -e {0}
2025-08-21T12:50:33.2900077Z env:
2025-08-21T12:50:33.2901348Z   DATABASE_URL: ***localhost:5432/testdb
2025-08-21T12:50:33.2901638Z   EMBED_SPACE: bge-m3
2025-08-21T12:50:33.2901840Z   ENABLE_SERVER_EMBEDDING: 0
2025-08-21T12:50:33.2902135Z   pythonLocation: /opt/hostedtoolcache/Python/3.11.13/x64
2025-08-21T12:50:33.2902549Z   PKG_CONFIG_PATH: /opt/hostedtoolcache/Python/3.11.13/x64/lib/pkgconfig
2025-08-21T12:50:33.2902958Z   Python_ROOT_DIR: /opt/hostedtoolcache/Python/3.11.13/x64
2025-08-21T12:50:33.2903319Z   Python2_ROOT_DIR: /opt/hostedtoolcache/Python/3.11.13/x64
2025-08-21T12:50:33.2903666Z   Python3_ROOT_DIR: /opt/hostedtoolcache/Python/3.11.13/x64
2025-08-21T12:50:33.2904003Z   LD_LIBRARY_PATH: /opt/hostedtoolcache/Python/3.11.13/x64/lib
2025-08-21T12:50:33.2904282Z ##[endgroup]
2025-08-21T12:50:33.3410811Z psql:db/schema_v2.sql:4: NOTICE:  extension "vector" already exists, skipping
2025-08-21T12:50:33.3411470Z CREATE EXTENSION
2025-08-21T12:50:33.3547492Z CREATE TABLE
2025-08-21T12:50:33.3561521Z CREATE INDEX
2025-08-21T12:50:33.3576161Z CREATE INDEX
2025-08-21T12:50:33.3621629Z CREATE TABLE
2025-08-21T12:50:33.3654625Z DO
2025-08-21T12:50:33.3675828Z CREATE INDEX
2025-08-21T12:50:33.3701592Z CREATE TABLE
2025-08-21T12:50:33.3727197Z CREATE INDEX
2025-08-21T12:50:33.3733311Z CREATE INDEX
2025-08-21T12:50:33.3773793Z CREATE TABLE
2025-08-21T12:50:33.3798538Z CREATE TABLE
2025-08-21T12:50:33.3826428Z CREATE TABLE
2025-08-21T12:50:33.3854383Z CREATE TABLE
2025-08-21T12:50:33.3872984Z CREATE TABLE
2025-08-21T12:50:33.3898053Z CREATE TABLE
2025-08-21T12:50:33.3928094Z CREATE INDEX
2025-08-21T12:50:33.3953060Z CREATE INDEX
2025-08-21T12:50:33.3971519Z CREATE INDEX
2025-08-21T12:50:33.3974460Z psql:db/schema_v2.sql:120: NOTICE:  column "author" of relation "doc" already exists, skipping
2025-08-21T12:50:33.3975553Z DO
2025-08-21T12:50:33.4014959Z ##[group]Run python -m compileall -q .
2025-08-21T12:50:33.4015280Z [36;1mpython -m compileall -q .[0m
2025-08-21T12:50:33.4054752Z shell: /usr/bin/bash -e {0}
2025-08-21T12:50:33.4054973Z env:
2025-08-21T12:50:33.4055375Z   DATABASE_URL: ***localhost:5432/testdb
2025-08-21T12:50:33.4055627Z   EMBED_SPACE: bge-m3
2025-08-21T12:50:33.4055846Z   ENABLE_SERVER_EMBEDDING: 0
2025-08-21T12:50:33.4056130Z   pythonLocation: /opt/hostedtoolcache/Python/3.11.13/x64
2025-08-21T12:50:33.4056510Z   PKG_CONFIG_PATH: /opt/hostedtoolcache/Python/3.11.13/x64/lib/pkgconfig
2025-08-21T12:50:33.4056900Z   Python_ROOT_DIR: /opt/hostedtoolcache/Python/3.11.13/x64
2025-08-21T12:50:33.4057226Z   Python2_ROOT_DIR: /opt/hostedtoolcache/Python/3.11.13/x64
2025-08-21T12:50:33.4057560Z   Python3_ROOT_DIR: /opt/hostedtoolcache/Python/3.11.13/x64
2025-08-21T12:50:33.4057908Z   LD_LIBRARY_PATH: /opt/hostedtoolcache/Python/3.11.13/x64/lib
2025-08-21T12:50:33.4058195Z ##[endgroup]
2025-08-21T12:50:33.4737405Z ##[group]Run # Limit collection to repo tests to avoid duplicate names in docs/ci_pack
2025-08-21T12:50:33.4737940Z [36;1m# Limit collection to repo tests to avoid duplicate names in docs/ci_pack[0m
2025-08-21T12:50:33.4738309Z [36;1mPYTHONPATH=. pytest -q tests[0m
2025-08-21T12:50:33.4777372Z shell: /usr/bin/bash -e {0}
2025-08-21T12:50:33.4777601Z env:
2025-08-21T12:50:33.4778018Z   DATABASE_URL: ***localhost:5432/testdb
2025-08-21T12:50:33.4778268Z   EMBED_SPACE: bge-m3
2025-08-21T12:50:33.4778471Z   ENABLE_SERVER_EMBEDDING: 0
2025-08-21T12:50:33.4778742Z   pythonLocation: /opt/hostedtoolcache/Python/3.11.13/x64
2025-08-21T12:50:33.4779331Z   PKG_CONFIG_PATH: /opt/hostedtoolcache/Python/3.11.13/x64/lib/pkgconfig
2025-08-21T12:50:33.4779753Z   Python_ROOT_DIR: /opt/hostedtoolcache/Python/3.11.13/x64
2025-08-21T12:50:33.4780111Z   Python2_ROOT_DIR: /opt/hostedtoolcache/Python/3.11.13/x64
2025-08-21T12:50:33.4780634Z   Python3_ROOT_DIR: /opt/hostedtoolcache/Python/3.11.13/x64
2025-08-21T12:50:33.4781007Z   LD_LIBRARY_PATH: /opt/hostedtoolcache/Python/3.11.13/x64/lib
2025-08-21T12:50:33.4781291Z ##[endgroup]
2025-08-21T12:50:48.5536396Z FF.FF.                                                                   [100%]
2025-08-21T12:50:48.5536953Z =================================== FAILURES ===================================
2025-08-21T12:50:48.5537525Z ____________________ test_entity_link_stub_inserts_mentions ____________________
2025-08-21T12:50:48.5537826Z 
2025-08-21T12:50:48.5537977Z     def test_entity_link_stub_inserts_mentions():
2025-08-21T12:50:48.5538348Z         from scripts import entity_link_stub
2025-08-21T12:50:48.5538813Z     
2025-08-21T12:50:48.5539063Z         with _conn() as conn:
2025-08-21T12:50:48.5539470Z             cur = conn.cursor()
2025-08-21T12:50:48.5539921Z             # Insert a fresh doc + chunk
2025-08-21T12:50:48.5540340Z             now = datetime.now(timezone.utc)
2025-08-21T12:50:48.5541055Z             url = "https://example.com/entity-stub-test"
2025-08-21T12:50:48.5541503Z >           cur.execute(
2025-08-21T12:50:48.5541759Z                 """
2025-08-21T12:50:48.5542076Z                 INSERT INTO doc (source, url_canon, title_raw, published_at, first_seen_at, raw)
2025-08-21T12:50:48.5542449Z                 VALUES (%s,%s,%s,%s, now(), %s)
2025-08-21T12:50:48.5542875Z                 ON CONFLICT (url_canon) DO NOTHING
2025-08-21T12:50:48.5543323Z                 RETURNING doc_id
2025-08-21T12:50:48.5543700Z                 """,
2025-08-21T12:50:48.5544116Z                 ("test://entity", url, "Entity Stub Title", now, {"k": "v"}),
2025-08-21T12:50:48.5544618Z             )
2025-08-21T12:50:48.5544781Z 
2025-08-21T12:50:48.5544925Z tests/test_entity_stub.py:21: 
2025-08-21T12:50:48.5545347Z _ _ _ _ _ _ _ _ _ _ _ _ _ _ _ _ _ _ _ _ _ _ _ _ _ _ _ _ _ _ _ _ _ _ _ _ _ _ _ _ 
2025-08-21T12:50:48.5545679Z 
2025-08-21T12:50:48.5545906Z self = <psycopg.Cursor [no result] [BAD] at 0x7f9000328720>
2025-08-21T12:50:48.5546898Z query = '\n            INSERT INTO doc (source, url_canon, title_raw, published_at, first_seen_at, raw)\n            VALUES (%s,%s,%s,%s, now(), %s)\n            ON CONFLICT (url_canon) DO NOTHING\n            RETURNING doc_id\n            '
2025-08-21T12:50:48.5547958Z params = ('test://entity', 'https://example.com/entity-stub-test', 'Entity Stub Title', datetime.datetime(2025, 8, 21, 12, 50, 35, 154517, tzinfo=datetime.timezone.utc), {'k': 'v'})
2025-08-21T12:50:48.5548501Z 
2025-08-21T12:50:48.5548572Z     def execute(
2025-08-21T12:50:48.5548740Z         self,
2025-08-21T12:50:48.5548909Z         query: Query,
2025-08-21T12:50:48.5549110Z         params: Params | None = None,
2025-08-21T12:50:48.5549339Z         *,
2025-08-21T12:50:48.5549512Z         prepare: bool | None = None,
2025-08-21T12:50:48.5549746Z         binary: bool | None = None,
2025-08-21T12:50:48.5549962Z     ) -> Self:
2025-08-21T12:50:48.5550123Z         """
2025-08-21T12:50:48.5550313Z         Execute a query or command to the database.
2025-08-21T12:50:48.5551054Z         """
2025-08-21T12:50:48.5551242Z         try:
2025-08-21T12:50:48.5551410Z             with self._conn.lock:
2025-08-21T12:50:48.5551630Z                 self._conn.wait(
2025-08-21T12:50:48.5551927Z                     self._execute_gen(query, params, prepare=prepare, binary=binary)
2025-08-21T12:50:48.5552243Z                 )
2025-08-21T12:50:48.5552426Z         except e._NO_TRACEBACK as ex:
2025-08-21T12:50:48.5552664Z >           raise ex.with_traceback(None)
2025-08-21T12:50:48.5553063Z E           psycopg.ProgrammingError: cannot adapt type 'dict' using placeholder '%s' (format: AUTO)
2025-08-21T12:50:48.5553551Z 
2025-08-21T12:50:48.5553861Z /opt/hostedtoolcache/Python/3.11.13/x64/lib/python3.11/site-packages/psycopg/cursor.py:97: ProgrammingError
2025-08-21T12:50:48.5554413Z ______________ test_event_extract_stub_creates_event_and_evidence ______________
2025-08-21T12:50:48.5554662Z 
2025-08-21T12:50:48.5554793Z     def test_event_extract_stub_creates_event_and_evidence():
2025-08-21T12:50:48.5555104Z         from scripts import event_extract_stub
2025-08-21T12:50:48.5555338Z     
2025-08-21T12:50:48.5555499Z         with _conn() as conn:
2025-08-21T12:50:48.5555709Z             cur = conn.cursor()
2025-08-21T12:50:48.5555941Z             # Insert doc + chunk with no evidence
2025-08-21T12:50:48.5556207Z             now = datetime.now(timezone.utc)
2025-08-21T12:50:48.5556485Z             url = "https://example.com/event-stub-test"
2025-08-21T12:50:48.5556749Z >           cur.execute(
2025-08-21T12:50:48.5556927Z                 """
2025-08-21T12:50:48.5557226Z                 INSERT INTO doc (source, url_canon, title_raw, published_at, first_seen_at, raw)
2025-08-21T12:50:48.5557593Z                 VALUES (%s,%s,%s,%s, now(), %s)
2025-08-21T12:50:48.5557851Z                 ON CONFLICT (url_canon) DO NOTHING
2025-08-21T12:50:48.5558095Z                 RETURNING doc_id
2025-08-21T12:50:48.5558296Z                 """,
2025-08-21T12:50:48.5558558Z                 ("test://event", url, "Event Stub Title", now, {"k": "v"}),
2025-08-21T12:50:48.5558830Z             )
2025-08-21T12:50:48.5558924Z 
2025-08-21T12:50:48.5559012Z tests/test_event_stub.py:21: 
2025-08-21T12:50:48.5559250Z _ _ _ _ _ _ _ _ _ _ _ _ _ _ _ _ _ _ _ _ _ _ _ _ _ _ _ _ _ _ _ _ _ _ _ _ _ _ _ _ 
2025-08-21T12:50:48.5559456Z 
2025-08-21T12:50:48.5559588Z self = <psycopg.Cursor [no result] [BAD] at 0x7f9000328b40>
2025-08-21T12:50:48.5560273Z query = '\n            INSERT INTO doc (source, url_canon, title_raw, published_at, first_seen_at, raw)\n            VALUES (%s,%s,%s,%s, now(), %s)\n            ON CONFLICT (url_canon) DO NOTHING\n            RETURNING doc_id\n            '
2025-08-21T12:50:48.5561512Z params = ('test://event', 'https://example.com/event-stub-test', 'Event Stub Title', datetime.datetime(2025, 8, 21, 12, 50, 35, 191139, tzinfo=datetime.timezone.utc), {'k': 'v'})
2025-08-21T12:50:48.5562036Z 
2025-08-21T12:50:48.5562103Z     def execute(
2025-08-21T12:50:48.5562264Z         self,
2025-08-21T12:50:48.5562438Z         query: Query,
2025-08-21T12:50:48.5562639Z         params: Params | None = None,
2025-08-21T12:50:48.5562852Z         *,
2025-08-21T12:50:48.5563023Z         prepare: bool | None = None,
2025-08-21T12:50:48.5563246Z         binary: bool | None = None,
2025-08-21T12:50:48.5563461Z     ) -> Self:
2025-08-21T12:50:48.5563620Z         """
2025-08-21T12:50:48.5563814Z         Execute a query or command to the database.
2025-08-21T12:50:48.5564048Z         """
2025-08-21T12:50:48.5564196Z         try:
2025-08-21T12:50:48.5564360Z             with self._conn.lock:
2025-08-21T12:50:48.5564578Z                 self._conn.wait(
2025-08-21T12:50:48.5564884Z                     self._execute_gen(query, params, prepare=prepare, binary=binary)
2025-08-21T12:50:48.5565188Z                 )
2025-08-21T12:50:48.5565375Z         except e._NO_TRACEBACK as ex:
2025-08-21T12:50:48.5565609Z >           raise ex.with_traceback(None)
2025-08-21T12:50:48.5566156Z E           psycopg.ProgrammingError: cannot adapt type 'dict' using placeholder '%s' (format: AUTO)
2025-08-21T12:50:48.5566487Z 
2025-08-21T12:50:48.5566793Z /opt/hostedtoolcache/Python/3.11.13/x64/lib/python3.11/site-packages/psycopg/cursor.py:97: ProgrammingError
2025-08-21T12:50:48.5567323Z ___________________________ test_insert_and_doc_head ___________________________
2025-08-21T12:50:48.5567547Z 
2025-08-21T12:50:48.5567632Z     def test_insert_and_doc_head():
2025-08-21T12:50:48.5567855Z >       from mcp_news import server
2025-08-21T12:50:48.5568002Z 
2025-08-21T12:50:48.5568081Z tests/test_smoke.py:21: 
2025-08-21T12:50:48.5568306Z _ _ _ _ _ _ _ _ _ _ _ _ _ _ _ _ _ _ _ _ _ _ _ _ _ _ _ _ _ _ _ _ _ _ _ _ _ _ _ _ 
2025-08-21T12:50:48.5568686Z mcp_news/server.py:78: in <module>
2025-08-21T12:50:48.5568896Z     @mcp.tool()
2025-08-21T12:50:48.5569061Z      ^^^^^^^^^^
2025-08-21T12:50:48.5569491Z /opt/hostedtoolcache/Python/3.11.13/x64/lib/python3.11/site-packages/mcp/server/fastmcp/server.py:421: in decorator
2025-08-21T12:50:48.5569964Z     self.add_tool(
2025-08-21T12:50:48.5570546Z /opt/hostedtoolcache/Python/3.11.13/x64/lib/python3.11/site-packages/mcp/server/fastmcp/server.py:366: in add_tool
2025-08-21T12:50:48.5571059Z     self._tool_manager.add_tool(
2025-08-21T12:50:48.5571562Z /opt/hostedtoolcache/Python/3.11.13/x64/lib/python3.11/site-packages/mcp/server/fastmcp/tools/tool_manager.py:55: in add_tool
2025-08-21T12:50:48.5572089Z     tool = Tool.from_function(
2025-08-21T12:50:48.5572566Z /opt/hostedtoolcache/Python/3.11.13/x64/lib/python3.11/site-packages/mcp/server/fastmcp/tools/base.py:71: in from_function
2025-08-21T12:50:48.5573075Z     func_arg_metadata = func_metadata(
2025-08-21T12:50:48.5573637Z /opt/hostedtoolcache/Python/3.11.13/x64/lib/python3.11/site-packages/mcp/server/fastmcp/utilities/func_metadata.py:271: in func_metadata
2025-08-21T12:50:48.5574399Z     output_model, output_schema, wrap_output = _try_create_model_and_schema(annotation, func.__name__, output_info)
2025-08-21T12:50:48.5574854Z                                                ^^^^^^^^^^^^^^^^^^^^^^^^^^^^^^^^^^^^^^^^^^^^^^^^^^^^^^^^^^^^^^^^^^^^
2025-08-21T12:50:48.5575493Z /opt/hostedtoolcache/Python/3.11.13/x64/lib/python3.11/site-packages/mcp/server/fastmcp/utilities/func_metadata.py:352: in _try_create_model_and_schema
2025-08-21T12:50:48.5576177Z     model = _create_wrapped_model(func_name, annotation, field_info)
2025-08-21T12:50:48.5576483Z             ^^^^^^^^^^^^^^^^^^^^^^^^^^^^^^^^^^^^^^^^^^^^^^^^^^^^^^^^
2025-08-21T12:50:48.5577078Z /opt/hostedtoolcache/Python/3.11.13/x64/lib/python3.11/site-packages/mcp/server/fastmcp/utilities/func_metadata.py:436: in _create_wrapped_model
2025-08-21T12:50:48.5577808Z     return create_model(model_name, result=(annotation, field_info), __base__=BaseModel)
2025-08-21T12:50:48.5578177Z            ^^^^^^^^^^^^^^^^^^^^^^^^^^^^^^^^^^^^^^^^^^^^^^^^^^^^^^^^^^^^^^^^^^^^^^^^^^^^^
2025-08-21T12:50:48.5578640Z /opt/hostedtoolcache/Python/3.11.13/x64/lib/python3.11/site-packages/pydantic/main.py:1763: in create_model
2025-08-21T12:50:48.5579080Z     return meta(
2025-08-21T12:50:48.5579541Z /opt/hostedtoolcache/Python/3.11.13/x64/lib/python3.11/site-packages/pydantic/_internal/_model_construction.py:237: in __new__
2025-08-21T12:50:48.5580052Z     complete_model_class(
2025-08-21T12:50:48.5580767Z /opt/hostedtoolcache/Python/3.11.13/x64/lib/python3.11/site-packages/pydantic/_internal/_model_construction.py:597: in complete_model_class
2025-08-21T12:50:48.5581350Z     schema = gen_schema.generate_schema(cls)
2025-08-21T12:50:48.5581587Z              ^^^^^^^^^^^^^^^^^^^^^^^^^^^^^^^
2025-08-21T12:50:48.5582108Z /opt/hostedtoolcache/Python/3.11.13/x64/lib/python3.11/site-packages/pydantic/_internal/_generate_schema.py:711: in generate_schema
2025-08-21T12:50:48.5582658Z     schema = self._generate_schema_inner(obj)
2025-08-21T12:50:48.5582899Z              ^^^^^^^^^^^^^^^^^^^^^^^^^^^^^^^^
2025-08-21T12:50:48.5583434Z /opt/hostedtoolcache/Python/3.11.13/x64/lib/python3.11/site-packages/pydantic/_internal/_generate_schema.py:1004: in _generate_schema_inner
2025-08-21T12:50:48.5584119Z     return self._model_schema(obj)
2025-08-21T12:50:48.5584345Z            ^^^^^^^^^^^^^^^^^^^^^^^
2025-08-21T12:50:48.5584834Z /opt/hostedtoolcache/Python/3.11.13/x64/lib/python3.11/site-packages/pydantic/_internal/_generate_schema.py:837: in _model_schema
2025-08-21T12:50:48.5585468Z     {k: self._generate_md_field_schema(k, v, decorators) for k, v in fields.items()},
2025-08-21T12:50:48.5585821Z     ^^^^^^^^^^^^^^^^^^^^^^^^^^^^^^^^^^^^^^^^^^^^^^^^^^^^^^^^^^^^^^^^^^^^^^^^^^^^^^^^
2025-08-21T12:50:48.5586371Z /opt/hostedtoolcache/Python/3.11.13/x64/lib/python3.11/site-packages/pydantic/_internal/_generate_schema.py:837: in <dictcomp>
2025-08-21T12:50:48.5587100Z     {k: self._generate_md_field_schema(k, v, decorators) for k, v in fields.items()},
2025-08-21T12:50:48.5587444Z         ^^^^^^^^^^^^^^^^^^^^^^^^^^^^^^^^^^^^^^^^^^^^^^^^
2025-08-21T12:50:48.5588008Z /opt/hostedtoolcache/Python/3.11.13/x64/lib/python3.11/site-packages/pydantic/_internal/_generate_schema.py:1206: in _generate_md_field_schema
2025-08-21T12:50:48.5588655Z     common_field = self._common_field_schema(name, field_info, decorators)
2025-08-21T12:50:48.5588989Z                    ^^^^^^^^^^^^^^^^^^^^^^^^^^^^^^^^^^^^^^^^^^^^^^^^^^^^^^^
2025-08-21T12:50:48.5589567Z /opt/hostedtoolcache/Python/3.11.13/x64/lib/python3.11/site-packages/pydantic/_internal/_generate_schema.py:1372: in _common_field_schema
2025-08-21T12:50:48.5590155Z     schema = self._apply_annotations(
2025-08-21T12:50:48.5590988Z /opt/hostedtoolcache/Python/3.11.13/x64/lib/python3.11/site-packages/pydantic/_internal/_generate_schema.py:2297: in _apply_annotations
2025-08-21T12:50:48.5591562Z     schema = get_inner_schema(source_type)
2025-08-21T12:50:48.5591797Z              ^^^^^^^^^^^^^^^^^^^^^^^^^^^^^
2025-08-21T12:50:48.5592315Z /opt/hostedtoolcache/Python/3.11.13/x64/lib/python3.11/site-packages/pydantic/_internal/_schema_generation_shared.py:83: in __call__
2025-08-21T12:50:48.5592857Z     schema = self._handler(source_type)
2025-08-21T12:50:48.5593084Z              ^^^^^^^^^^^^^^^^^^^^^^^^^^
2025-08-21T12:50:48.5593589Z /opt/hostedtoolcache/Python/3.11.13/x64/lib/python3.11/site-packages/pydantic/_internal/_generate_schema.py:2279: in inner_handler
2025-08-21T12:50:48.5594129Z     schema = self._generate_schema_inner(obj)
2025-08-21T12:50:48.5594369Z              ^^^^^^^^^^^^^^^^^^^^^^^^^^^^^^^^
2025-08-21T12:50:48.5594911Z /opt/hostedtoolcache/Python/3.11.13/x64/lib/python3.11/site-packages/pydantic/_internal/_generate_schema.py:1009: in _generate_schema_inner
2025-08-21T12:50:48.5595467Z     return self.match_type(obj)
2025-08-21T12:50:48.5595677Z            ^^^^^^^^^^^^^^^^^^^^
2025-08-21T12:50:48.5596166Z /opt/hostedtoolcache/Python/3.11.13/x64/lib/python3.11/site-packages/pydantic/_internal/_generate_schema.py:1123: in match_type
2025-08-21T12:50:48.5596702Z     return self._match_generic_type(obj, origin)
2025-08-21T12:50:48.5596972Z            ^^^^^^^^^^^^^^^^^^^^^^^^^^^^^^^^^^^^^
2025-08-21T12:50:48.5597506Z /opt/hostedtoolcache/Python/3.11.13/x64/lib/python3.11/site-packages/pydantic/_internal/_generate_schema.py:1150: in _match_generic_type
2025-08-21T12:50:48.5598106Z     return self._list_schema(self._get_first_arg_or_any(obj))
2025-08-21T12:50:48.5598396Z            ^^^^^^^^^^^^^^^^^^^^^^^^^^^^^^^^^^^^^^^^^^^^^^^^^^
2025-08-21T12:50:48.5598917Z /opt/hostedtoolcache/Python/3.11.13/x64/lib/python3.11/site-packages/pydantic/_internal/_generate_schema.py:372: in _list_schema
2025-08-21T12:50:48.5599514Z     return core_schema.list_schema(self.generate_schema(items_type))
2025-08-21T12:50:48.5599834Z                                    ^^^^^^^^^^^^^^^^^^^^^^^^^^^^^^^^
2025-08-21T12:50:48.5600531Z /opt/hostedtoolcache/Python/3.11.13/x64/lib/python3.11/site-packages/pydantic/_internal/_generate_schema.py:711: in generate_schema
2025-08-21T12:50:48.5601127Z     schema = self._generate_schema_inner(obj)
2025-08-21T12:50:48.5601369Z              ^^^^^^^^^^^^^^^^^^^^^^^^^^^^^^^^
2025-08-21T12:50:48.5602044Z /opt/hostedtoolcache/Python/3.11.13/x64/lib/python3.11/site-packages/pydantic/_internal/_generate_schema.py:1009: in _generate_schema_inner
2025-08-21T12:50:48.5602603Z     return self.match_type(obj)
2025-08-21T12:50:48.5602807Z            ^^^^^^^^^^^^^^^^^^^^
2025-08-21T12:50:48.5603282Z /opt/hostedtoolcache/Python/3.11.13/x64/lib/python3.11/site-packages/pydantic/_internal/_generate_schema.py:1091: in match_type
2025-08-21T12:50:48.5603835Z     return self._typed_dict_schema(obj, None)
2025-08-21T12:50:48.5604067Z            ^^^^^^^^^^^^^^^^^^^^^^^^^^^^^^^^^^
2025-08-21T12:50:48.5604320Z _ _ _ _ _ _ _ _ _ _ _ _ _ _ _ _ _ _ _ _ _ _ _ _ _ _ _ _ _ _ _ _ _ _ _ _ _ _ _ _ 
2025-08-21T12:50:48.5604630Z 
2025-08-21T12:50:48.5604850Z self = <pydantic._internal._generate_schema.GenerateSchema object at 0x7f8ed411fce0>
2025-08-21T12:50:48.5605289Z typed_dict_cls = <class 'mcp_news.server.Bundle'>, origin = None
2025-08-21T12:50:48.5605521Z 
2025-08-21T12:50:48.5605736Z     def _typed_dict_schema(self, typed_dict_cls: Any, origin: Any) -> core_schema.CoreSchema:
2025-08-21T12:50:48.5606160Z         """Generate a core schema for a `TypedDict` class.
2025-08-21T12:50:48.5606423Z     
2025-08-21T12:50:48.5606745Z         To be able to build a `DecoratorInfos` instance for the `TypedDict` class (which will include
2025-08-21T12:50:48.5607272Z         validators, serializers, etc.), we need to have access to the original bases of the class
2025-08-21T12:50:48.5607779Z         (see https://docs.python.org/3/library/types.html#types.get_original_bases).
2025-08-21T12:50:48.5608335Z         However, the `__orig_bases__` attribute was only added in 3.12 (https://github.com/python/cpython/pull/103698).
2025-08-21T12:50:48.5608755Z     
2025-08-21T12:50:48.5609032Z         For this reason, we require Python 3.12 (or using the `typing_extensions` backport).
2025-08-21T12:50:48.5609377Z         """
2025-08-21T12:50:48.5609562Z         FieldInfo = import_cached_field_info()
2025-08-21T12:50:48.5609790Z     
2025-08-21T12:50:48.5609934Z         with (
2025-08-21T12:50:48.5610138Z             self.model_type_stack.push(typed_dict_cls),
2025-08-21T12:50:48.5610647Z             self.defs.get_schema_or_ref(typed_dict_cls) as (
2025-08-21T12:50:48.5610923Z                 typed_dict_ref,
2025-08-21T12:50:48.5611131Z                 maybe_schema,
2025-08-21T12:50:48.5611317Z             ),
2025-08-21T12:50:48.5611474Z         ):
2025-08-21T12:50:48.5611646Z             if maybe_schema is not None:
2025-08-21T12:50:48.5611882Z                 return maybe_schema
2025-08-21T12:50:48.5612090Z     
2025-08-21T12:50:48.5612304Z             typevars_map = get_standard_typevars_map(typed_dict_cls)
2025-08-21T12:50:48.5612610Z             if origin is not None:
2025-08-21T12:50:48.5612831Z                 typed_dict_cls = origin
2025-08-21T12:50:48.5613046Z     
2025-08-21T12:50:48.5613303Z             if not _SUPPORTS_TYPEDDICT and type(typed_dict_cls).__module__ == 'typing':
2025-08-21T12:50:48.5613655Z >               raise PydanticUserError(
2025-08-21T12:50:48.5614067Z                     'Please use `typing_extensions.TypedDict` instead of `typing.TypedDict` on Python < 3.12.',
2025-08-21T12:50:48.5614482Z                     code='typed-dict-version',
2025-08-21T12:50:48.5614713Z                 )
2025-08-21T12:50:48.5615174Z E               pydantic.errors.PydanticUserError: Please use `typing_extensions.TypedDict` instead of `typing.TypedDict` on Python < 3.12.
2025-08-21T12:50:48.5615688Z E               
2025-08-21T12:50:48.5616011Z E               For further information visit https://errors.pydantic.dev/2.11/u/typed-dict-version
2025-08-21T12:50:48.5616328Z 
2025-08-21T12:50:48.5616708Z /opt/hostedtoolcache/Python/3.11.13/x64/lib/python3.11/site-packages/pydantic/_internal/_generate_schema.py:1511: PydanticUserError
2025-08-21T12:50:48.5617330Z ________________________ test_semantic_search_fallback _________________________
2025-08-21T12:50:48.5617563Z 
2025-08-21T12:50:48.5617648Z     def test_semantic_search_fallback():
2025-08-21T12:50:48.5617890Z >       from mcp_news import server
2025-08-21T12:50:48.5618161Z 
2025-08-21T12:50:48.5618245Z tests/test_smoke.py:48: 
2025-08-21T12:50:48.5618476Z _ _ _ _ _ _ _ _ _ _ _ _ _ _ _ _ _ _ _ _ _ _ _ _ _ _ _ _ _ _ _ _ _ _ _ _ _ _ _ _ 
2025-08-21T12:50:48.5618749Z mcp_news/server.py:78: in <module>
2025-08-21T12:50:48.5618960Z     @mcp.tool()
2025-08-21T12:50:48.5619161Z      ^^^^^^^^^^
2025-08-21T12:50:48.5619579Z /opt/hostedtoolcache/Python/3.11.13/x64/lib/python3.11/site-packages/mcp/server/fastmcp/server.py:421: in decorator
2025-08-21T12:50:48.5620055Z     self.add_tool(
2025-08-21T12:50:48.5620666Z /opt/hostedtoolcache/Python/3.11.13/x64/lib/python3.11/site-packages/mcp/server/fastmcp/server.py:366: in add_tool
2025-08-21T12:50:48.5621321Z     self._tool_manager.add_tool(
2025-08-21T12:50:48.5621838Z /opt/hostedtoolcache/Python/3.11.13/x64/lib/python3.11/site-packages/mcp/server/fastmcp/tools/tool_manager.py:55: in add_tool
2025-08-21T12:50:48.5622364Z     tool = Tool.from_function(
2025-08-21T12:50:48.5622867Z /opt/hostedtoolcache/Python/3.11.13/x64/lib/python3.11/site-packages/mcp/server/fastmcp/tools/base.py:71: in from_function
2025-08-21T12:50:48.5623381Z     func_arg_metadata = func_metadata(
2025-08-21T12:50:48.5623947Z /opt/hostedtoolcache/Python/3.11.13/x64/lib/python3.11/site-packages/mcp/server/fastmcp/utilities/func_metadata.py:271: in func_metadata
2025-08-21T12:50:48.5624710Z     output_model, output_schema, wrap_output = _try_create_model_and_schema(annotation, func.__name__, output_info)
2025-08-21T12:50:48.5625168Z                                                ^^^^^^^^^^^^^^^^^^^^^^^^^^^^^^^^^^^^^^^^^^^^^^^^^^^^^^^^^^^^^^^^^^^^
2025-08-21T12:50:48.5625815Z /opt/hostedtoolcache/Python/3.11.13/x64/lib/python3.11/site-packages/mcp/server/fastmcp/utilities/func_metadata.py:352: in _try_create_model_and_schema
2025-08-21T12:50:48.5626508Z     model = _create_wrapped_model(func_name, annotation, field_info)
2025-08-21T12:50:48.5626822Z             ^^^^^^^^^^^^^^^^^^^^^^^^^^^^^^^^^^^^^^^^^^^^^^^^^^^^^^^^
2025-08-21T12:50:48.5627430Z /opt/hostedtoolcache/Python/3.11.13/x64/lib/python3.11/site-packages/mcp/server/fastmcp/utilities/func_metadata.py:436: in _create_wrapped_model
2025-08-21T12:50:48.5628143Z     return create_model(model_name, result=(annotation, field_info), __base__=BaseModel)
2025-08-21T12:50:48.5628522Z            ^^^^^^^^^^^^^^^^^^^^^^^^^^^^^^^^^^^^^^^^^^^^^^^^^^^^^^^^^^^^^^^^^^^^^^^^^^^^^
2025-08-21T12:50:48.5628989Z /opt/hostedtoolcache/Python/3.11.13/x64/lib/python3.11/site-packages/pydantic/main.py:1763: in create_model
2025-08-21T12:50:48.5629431Z     return meta(
2025-08-21T12:50:48.5629890Z /opt/hostedtoolcache/Python/3.11.13/x64/lib/python3.11/site-packages/pydantic/_internal/_model_construction.py:237: in __new__
2025-08-21T12:50:48.5630575Z     complete_model_class(
2025-08-21T12:50:48.5631356Z /opt/hostedtoolcache/Python/3.11.13/x64/lib/python3.11/site-packages/pydantic/_internal/_model_construction.py:597: in complete_model_class
2025-08-21T12:50:48.5632010Z     schema = gen_schema.generate_schema(cls)
2025-08-21T12:50:48.5632322Z              ^^^^^^^^^^^^^^^^^^^^^^^^^^^^^^^
2025-08-21T12:50:48.5633094Z /opt/hostedtoolcache/Python/3.11.13/x64/lib/python3.11/site-packages/pydantic/_internal/_generate_schema.py:711: in generate_schema
2025-08-21T12:50:48.5633744Z     schema = self._generate_schema_inner(obj)
2025-08-21T12:50:48.5634033Z              ^^^^^^^^^^^^^^^^^^^^^^^^^^^^^^^^
2025-08-21T12:50:48.5634782Z /opt/hostedtoolcache/Python/3.11.13/x64/lib/python3.11/site-packages/pydantic/_internal/_generate_schema.py:1004: in _generate_schema_inner
2025-08-21T12:50:48.5635406Z     return self._model_schema(obj)
2025-08-21T12:50:48.5635712Z            ^^^^^^^^^^^^^^^^^^^^^^^
2025-08-21T12:50:48.5636340Z /opt/hostedtoolcache/Python/3.11.13/x64/lib/python3.11/site-packages/pydantic/_internal/_generate_schema.py:837: in _model_schema
2025-08-21T12:50:48.5637072Z     {k: self._generate_md_field_schema(k, v, decorators) for k, v in fields.items()},
2025-08-21T12:50:48.5637638Z     ^^^^^^^^^^^^^^^^^^^^^^^^^^^^^^^^^^^^^^^^^^^^^^^^^^^^^^^^^^^^^^^^^^^^^^^^^^^^^^^^
2025-08-21T12:50:48.5638351Z /opt/hostedtoolcache/Python/3.11.13/x64/lib/python3.11/site-packages/pydantic/_internal/_generate_schema.py:837: in <dictcomp>
2025-08-21T12:50:48.5639072Z     {k: self._generate_md_field_schema(k, v, decorators) for k, v in fields.items()},
2025-08-21T12:50:48.5639487Z         ^^^^^^^^^^^^^^^^^^^^^^^^^^^^^^^^^^^^^^^^^^^^^^^^
2025-08-21T12:50:48.5691188Z /opt/hostedtoolcache/Python/3.11.13/x64/lib/python3.11/site-packages/pydantic/_internal/_generate_schema.py:1206: in _generate_md_field_schema
2025-08-21T12:50:48.5691939Z     common_field = self._common_field_schema(name, field_info, decorators)
2025-08-21T12:50:48.5692489Z                    ^^^^^^^^^^^^^^^^^^^^^^^^^^^^^^^^^^^^^^^^^^^^^^^^^^^^^^^
2025-08-21T12:50:49.3605276Z /opt/hostedtoolcache/Python/3.11.13/x64/lib/python3.11/site-packages/pydantic/_internal/_generate_schema.py:1372: in _common_field_schema
2025-08-21T12:50:49.3607255Z     schema = self._apply_annotations(
2025-08-21T12:50:49.3609041Z /opt/hostedtoolcache/Python/3.11.13/x64/lib/python3.11/site-packages/pydantic/_internal/_generate_schema.py:2297: in _apply_annotations
2025-08-21T12:50:49.3611295Z     schema = get_inner_schema(source_type)
2025-08-21T12:50:49.3612101Z              ^^^^^^^^^^^^^^^^^^^^^^^^^^^^^
2025-08-21T12:50:49.3613855Z /opt/hostedtoolcache/Python/3.11.13/x64/lib/python3.11/site-packages/pydantic/_internal/_schema_generation_shared.py:83: in __call__
2025-08-21T12:50:49.3615186Z     schema = self._handler(source_type)
2025-08-21T12:50:49.3615625Z              ^^^^^^^^^^^^^^^^^^^^^^^^^^
2025-08-21T12:50:49.3616679Z /opt/hostedtoolcache/Python/3.11.13/x64/lib/python3.11/site-packages/pydantic/_internal/_generate_schema.py:2279: in inner_handler
2025-08-21T12:50:49.3617828Z     schema = self._generate_schema_inner(obj)
2025-08-21T12:50:49.3618322Z              ^^^^^^^^^^^^^^^^^^^^^^^^^^^^^^^^
2025-08-21T12:50:49.3619495Z /opt/hostedtoolcache/Python/3.11.13/x64/lib/python3.11/site-packages/pydantic/_internal/_generate_schema.py:1009: in _generate_schema_inner
2025-08-21T12:50:49.3620879Z     return self.match_type(obj)
2025-08-21T12:50:49.3621360Z            ^^^^^^^^^^^^^^^^^^^^
2025-08-21T12:50:49.3622420Z /opt/hostedtoolcache/Python/3.11.13/x64/lib/python3.11/site-packages/pydantic/_internal/_generate_schema.py:1123: in match_type
2025-08-21T12:50:49.3623640Z     return self._match_generic_type(obj, origin)
2025-08-21T12:50:49.3624200Z            ^^^^^^^^^^^^^^^^^^^^^^^^^^^^^^^^^^^^^
2025-08-21T12:50:49.3625261Z /opt/hostedtoolcache/Python/3.11.13/x64/lib/python3.11/site-packages/pydantic/_internal/_generate_schema.py:1150: in _match_generic_type
2025-08-21T12:50:49.3626369Z     return self._list_schema(self._get_first_arg_or_any(obj))
2025-08-21T12:50:49.3626880Z            ^^^^^^^^^^^^^^^^^^^^^^^^^^^^^^^^^^^^^^^^^^^^^^^^^^
2025-08-21T12:50:49.3627838Z /opt/hostedtoolcache/Python/3.11.13/x64/lib/python3.11/site-packages/pydantic/_internal/_generate_schema.py:372: in _list_schema
2025-08-21T12:50:49.3628955Z     return core_schema.list_schema(self.generate_schema(items_type))
2025-08-21T12:50:49.3629556Z                                    ^^^^^^^^^^^^^^^^^^^^^^^^^^^^^^^^
2025-08-21T12:50:49.3630574Z /opt/hostedtoolcache/Python/3.11.13/x64/lib/python3.11/site-packages/pydantic/_internal/_generate_schema.py:711: in generate_schema
2025-08-21T12:50:49.3631742Z     schema = self._generate_schema_inner(obj)
2025-08-21T12:50:49.3632257Z              ^^^^^^^^^^^^^^^^^^^^^^^^^^^^^^^^
2025-08-21T12:50:49.3633265Z /opt/hostedtoolcache/Python/3.11.13/x64/lib/python3.11/site-packages/pydantic/_internal/_generate_schema.py:1009: in _generate_schema_inner
2025-08-21T12:50:49.3634344Z     return self.match_type(obj)
2025-08-21T12:50:49.3634708Z            ^^^^^^^^^^^^^^^^^^^^
2025-08-21T12:50:49.3635583Z /opt/hostedtoolcache/Python/3.11.13/x64/lib/python3.11/site-packages/pydantic/_internal/_generate_schema.py:1091: in match_type
2025-08-21T12:50:49.3636577Z     return self._typed_dict_schema(obj, None)
2025-08-21T12:50:49.3637337Z            ^^^^^^^^^^^^^^^^^^^^^^^^^^^^^^^^^^
2025-08-21T12:50:49.3637779Z _ _ _ _ _ _ _ _ _ _ _ _ _ _ _ _ _ _ _ _ _ _ _ _ _ _ _ _ _ _ _ _ _ _ _ _ _ _ _ _ 
2025-08-21T12:50:49.3638106Z 
2025-08-21T12:50:49.3638461Z self = <pydantic._internal._generate_schema.GenerateSchema object at 0x7f8ed416b970>
2025-08-21T12:50:49.3639336Z typed_dict_cls = <class 'mcp_news.server.Bundle'>, origin = None
2025-08-21T12:50:49.3639792Z 
2025-08-21T12:50:49.3640225Z     def _typed_dict_schema(self, typed_dict_cls: Any, origin: Any) -> core_schema.CoreSchema:
2025-08-21T12:50:49.3641142Z         """Generate a core schema for a `TypedDict` class.
2025-08-21T12:50:49.3641800Z     
2025-08-21T12:50:49.3642296Z         To be able to build a `DecoratorInfos` instance for the `TypedDict` class (which will include
2025-08-21T12:50:49.3643086Z         validators, serializers, etc.), we need to have access to the original bases of the class
2025-08-21T12:50:49.3643875Z         (see https://docs.python.org/3/library/types.html#types.get_original_bases).
2025-08-21T12:50:49.3644722Z         However, the `__orig_bases__` attribute was only added in 3.12 (https://github.com/python/cpython/pull/103698).
2025-08-21T12:50:49.3645340Z     
2025-08-21T12:50:49.3645756Z         For this reason, we require Python 3.12 (or using the `typing_extensions` backport).
2025-08-21T12:50:49.3646279Z         """
2025-08-21T12:50:49.3646555Z         FieldInfo = import_cached_field_info()
2025-08-21T12:50:49.3646903Z     
2025-08-21T12:50:49.3647124Z         with (
2025-08-21T12:50:49.3647422Z             self.model_type_stack.push(typed_dict_cls),
2025-08-21T12:50:49.3647885Z             self.defs.get_schema_or_ref(typed_dict_cls) as (
2025-08-21T12:50:49.3648287Z                 typed_dict_ref,
2025-08-21T12:50:49.3648603Z                 maybe_schema,
2025-08-21T12:50:49.3648889Z             ),
2025-08-21T12:50:49.3649125Z         ):
2025-08-21T12:50:49.3649375Z             if maybe_schema is not None:
2025-08-21T12:50:49.3649737Z                 return maybe_schema
2025-08-21T12:50:49.3650043Z     
2025-08-21T12:50:49.3650368Z             typevars_map = get_standard_typevars_map(typed_dict_cls)
2025-08-21T12:50:49.3650993Z             if origin is not None:
2025-08-21T12:50:49.3651328Z                 typed_dict_cls = origin
2025-08-21T12:50:49.3651652Z     
2025-08-21T12:50:49.3652043Z             if not _SUPPORTS_TYPEDDICT and type(typed_dict_cls).__module__ == 'typing':
2025-08-21T12:50:49.3652579Z >               raise PydanticUserError(
2025-08-21T12:50:49.3653182Z                     'Please use `typing_extensions.TypedDict` instead of `typing.TypedDict` on Python < 3.12.',
2025-08-21T12:50:49.3653830Z                     code='typed-dict-version',
2025-08-21T12:50:49.3654187Z                 )
2025-08-21T12:50:49.3654897Z E               pydantic.errors.PydanticUserError: Please use `typing_extensions.TypedDict` instead of `typing.TypedDict` on Python < 3.12.
2025-08-21T12:50:49.3655684Z E               
2025-08-21T12:50:49.3656192Z E               For further information visit https://errors.pydantic.dev/2.11/u/typed-dict-version
2025-08-21T12:50:49.3656675Z 
2025-08-21T12:50:49.3657258Z /opt/hostedtoolcache/Python/3.11.13/x64/lib/python3.11/site-packages/pydantic/_internal/_generate_schema.py:1511: PydanticUserError
2025-08-21T12:50:49.3658140Z =========================== short test summary info ============================
2025-08-21T12:50:49.3659285Z FAILED tests/test_entity_stub.py::test_entity_link_stub_inserts_mentions - psycopg.ProgrammingError: cannot adapt type 'dict' using placeholder '%s' (format: AUTO)
2025-08-21T12:50:49.3661016Z FAILED tests/test_event_stub.py::test_event_extract_stub_creates_event_and_evidence - psycopg.ProgrammingError: cannot adapt type 'dict' using placeholder '%s' (format: AUTO)
2025-08-21T12:50:49.3662705Z FAILED tests/test_smoke.py::test_insert_and_doc_head - pydantic.errors.PydanticUserError: Please use `typing_extensions.TypedDict` instead of `typing.TypedDict` on Python < 3.12.
2025-08-21T12:50:49.3663796Z 
2025-08-21T12:50:49.3664405Z For further information visit https://errors.pydantic.dev/2.11/u/typed-dict-version
2025-08-21T12:50:49.3666021Z FAILED tests/test_smoke.py::test_semantic_search_fallback - pydantic.errors.PydanticUserError: Please use `typing_extensions.TypedDict` instead of `typing.TypedDict` on Python < 3.12.
2025-08-21T12:50:49.3667081Z 
2025-08-21T12:50:49.3667434Z For further information visit https://errors.pydantic.dev/2.11/u/typed-dict-version
2025-08-21T12:50:49.3668064Z 4 failed, 2 passed in 13.88s
2025-08-21T12:50:50.0651912Z ##[error]Process completed with exit code 1.
2025-08-21T12:50:50.0730006Z Post job cleanup.
2025-08-21T12:50:50.1700168Z [command]/usr/bin/git version
2025-08-21T12:50:50.1739001Z git version 2.51.0
2025-08-21T12:50:50.1789607Z Temporarily overriding HOME='/home/runner/work/_temp/411a0d1e-55b5-4aa1-a9cb-ab034ef3af12' before making global git config changes
2025-08-21T12:50:50.1791270Z Adding repository directory to the temporary git global config as a safe directory
2025-08-21T12:50:50.1796057Z [command]/usr/bin/git config --global --add safe.directory /home/runner/work/newspaper/newspaper
2025-08-21T12:50:50.1831131Z [command]/usr/bin/git config --local --name-only --get-regexp core\.sshCommand
2025-08-21T12:50:50.1864123Z [command]/usr/bin/git submodule foreach --recursive sh -c "git config --local --name-only --get-regexp 'core\.sshCommand' && git config --local --unset-all 'core.sshCommand' || :"
2025-08-21T12:50:50.2111971Z [command]/usr/bin/git config --local --name-only --get-regexp http\.https\:\/\/github\.com\/\.extraheader
2025-08-21T12:50:50.2134500Z http.https://github.com/.extraheader
2025-08-21T12:50:50.2146401Z [command]/usr/bin/git config --local --unset-all http.https://github.com/.extraheader
2025-08-21T12:50:50.2176045Z [command]/usr/bin/git submodule foreach --recursive sh -c "git config --local --name-only --get-regexp 'http\.https\:\/\/github\.com\/\.extraheader' && git config --local --unset-all 'http.https://github.com/.extraheader' || :"
2025-08-21T12:50:50.2487642Z Print service container logs: 1569f6f98ae3485ca068c5a89f6777c9_pgvectorpgvectorpg16_e574fd
2025-08-21T12:50:50.2492234Z ##[command]/usr/bin/docker logs --details 84e2015c25e2f68e5d843fba3986b7071dd5de766a492ff4e586559216605eae
2025-08-21T12:50:50.2613957Z  The files belonging to this database system will be owned by user "postgres".
2025-08-21T12:50:50.2615012Z  This user must also own the server process.
2025-08-21T12:50:50.2615454Z  
2025-08-21T12:50:50.2615892Z  The database cluster will be initialized with locale "en_US.utf8".
2025-08-21T12:50:50.2616612Z  The default database encoding has accordingly been set to "UTF8".
2025-08-21T12:50:50.2617374Z  The default text search configuration will be set to "english".
2025-08-21T12:50:50.2617902Z  
2025-08-21T12:50:50.2618202Z  Data page checksums are disabled.
2025-08-21T12:50:50.2618576Z  
2025-08-21T12:50:50.2619018Z  fixing permissions on existing directory /var/lib/postgresql/data ... ok
2025-08-21T12:50:50.2619486Z  creating subdirectories ... ok
2025-08-21T12:50:50.2619792Z  selecting dynamic shared memory implementation ... posix
2025-08-21T12:50:50.2620126Z  selecting default max_connections ... 100
2025-08-21T12:50:50.2620603Z  selecting default shared_buffers ... 128MB
2025-08-21T12:50:50.2620918Z  selecting default time zone ... Etc/UTC
2025-08-21T12:50:50.2621179Z  creating configuration files ... ok
2025-08-21T12:50:50.2621417Z  running bootstrap script ... ok
2025-08-21T12:50:50.2621686Z  performing post-bootstrap initialization ... ok
2025-08-21T12:50:50.2623245Z  initdb: warning: enabling "trust" authentication for local connections
2025-08-21T12:50:50.2623923Z  initdb: hint: You can change this by editing pg_hba.conf or using the option -A, or --auth-local and --auth-host, the next time you run initdb.
2025-08-21T12:50:50.2624765Z  2025-08-21 12:47:37.961 UTC [1] LOG:  starting PostgreSQL 16.10 (Debian 16.10-1.pgdg12+1) on x86_64-pc-linux-gnu, compiled by gcc (Debian 12.2.0-14+deb12u1) 12.2.0, 64-bit
2025-08-21T12:50:50.2625409Z  2025-08-21 12:47:37.961 UTC [1] LOG:  listening on IPv4 address "0.0.0.0", port 5432
2025-08-21T12:50:50.2625828Z  2025-08-21 12:47:37.961 UTC [1] LOG:  listening on IPv6 address "::", port 5432
2025-08-21T12:50:50.2626280Z  2025-08-21 12:47:37.962 UTC [1] LOG:  listening on Unix socket "/var/run/postgresql/.s.PGSQL.5432"
2025-08-21T12:50:50.2626781Z  2025-08-21 12:47:37.965 UTC [64] LOG:  database system was shut down at 2025-08-21 12:47:37 UTC
2025-08-21T12:50:50.2627220Z  2025-08-21 12:47:37.970 UTC [1] LOG:  database system is ready to accept connections
2025-08-21T12:50:50.2627557Z  syncing data to disk ... ok
2025-08-21T12:50:50.2627985Z  
2025-08-21T12:50:50.2628131Z  
2025-08-21T12:50:50.2628329Z  Success. You can now start the database server using:
2025-08-21T12:50:50.2628590Z  
2025-08-21T12:50:50.2628792Z      pg_ctl -D /var/lib/postgresql/data -l logfile start
2025-08-21T12:50:50.2629057Z  
2025-08-21T12:50:50.2629618Z  waiting for server to start....2025-08-21 12:47:37.649 UTC [48] LOG:  starting PostgreSQL 16.10 (Debian 16.10-1.pgdg12+1) on x86_64-pc-linux-gnu, compiled by gcc (Debian 12.2.0-14+deb12u1) 12.2.0, 64-bit
2025-08-21T12:50:50.2631236Z  2025-08-21 12:47:37.650 UTC [48] LOG:  listening on Unix socket "/var/run/postgresql/.s.PGSQL.5432"
2025-08-21T12:50:50.2632093Z  2025-08-21 12:47:37.654 UTC [51] LOG:  database system was shut down at 2025-08-21 12:47:37 UTC
2025-08-21T12:50:50.2632863Z  2025-08-21 12:47:37.658 UTC [48] LOG:  database system is ready to accept connections
2025-08-21T12:50:50.2633225Z   done
2025-08-21T12:50:50.2633386Z  server started
2025-08-21T12:50:50.2633559Z  CREATE DATABASE
2025-08-21T12:50:50.2633737Z  
2025-08-21T12:50:50.2633881Z  
2025-08-21T12:50:50.2634170Z  /usr/local/bin/docker-entrypoint.sh: ignoring /docker-entrypoint-initdb.d/*
2025-08-21T12:50:50.2634525Z  
2025-08-21T12:50:50.2634739Z  2025-08-21 12:47:37.838 UTC [48] LOG:  received fast shutdown request
2025-08-21T12:50:50.2635389Z  waiting for server to shut down....2025-08-21 12:47:37.839 UTC [48] LOG:  aborting any active transactions
2025-08-21T12:50:50.2635997Z  2025-08-21 12:47:37.841 UTC [48] LOG:  background worker "logical replication launcher" (PID 54) exited with exit code 1
2025-08-21T12:50:50.2636458Z  2025-08-21 12:47:37.842 UTC [49] LOG:  shutting down
2025-08-21T12:50:50.2636793Z  2025-08-21 12:47:37.842 UTC [49] LOG:  checkpoint starting: shutdown immediate
2025-08-21T12:50:50.2637694Z  2025-08-21 12:47:37.860 UTC [49] LOG:  checkpoint complete: wrote 922 buffers (5.6%); 0 WAL file(s) added, 0 removed, 0 recycled; write=0.013 s, sync=0.004 s, total=0.019 s; sync files=301, longest=0.002 s, average=0.001 s; distance=4255 kB, estimate=4255 kB; lsn=0/1912100, redo lsn=0/1912100
2025-08-21T12:50:50.2638575Z  2025-08-21 12:47:37.867 UTC [48] LOG:  database system is shut down
2025-08-21T12:50:50.2638848Z   done
2025-08-21T12:50:50.2639005Z  server stopped
2025-08-21T12:50:50.2639166Z  
2025-08-21T12:50:50.2639374Z  PostgreSQL init process complete; ready for start up.
2025-08-21T12:50:50.2639644Z  
2025-08-21T12:50:50.2644883Z Stop and remove container: 1569f6f98ae3485ca068c5a89f6777c9_pgvectorpgvectorpg16_e574fd
2025-08-21T12:50:50.2649379Z ##[command]/usr/bin/docker rm --force 84e2015c25e2f68e5d843fba3986b7071dd5de766a492ff4e586559216605eae
2025-08-21T12:50:52.4733509Z 84e2015c25e2f68e5d843fba3986b7071dd5de766a492ff4e586559216605eae
2025-08-21T12:50:52.4761278Z Remove container network: github_network_f3e9d8fe796f441e876e2312eebd36b5
2025-08-21T12:50:52.4765901Z ##[command]/usr/bin/docker network rm github_network_f3e9d8fe796f441e876e2312eebd36b5
2025-08-21T12:50:52.5996910Z github_network_f3e9d8fe796f441e876e2312eebd36b5
2025-08-21T12:50:52.6054562Z Cleaning up orphan processes
