2025-08-21T13:35:36.2675394Z Current runner version: '2.328.0'
2025-08-21T13:35:36.2700898Z ##[group]Runner Image Provisioner
2025-08-21T13:35:36.2701687Z Hosted Compute Agent
2025-08-21T13:35:36.2702209Z Version: 20250818.377
2025-08-21T13:35:36.2702865Z Commit: 3c593e9f75fe0b87e893bca80d6e12ba089c61fc
2025-08-21T13:35:36.2703551Z Build Date: 2025-08-18T14:52:18Z
2025-08-21T13:35:36.2704110Z ##[endgroup]
2025-08-21T13:35:36.2705136Z ##[group]Operating System
2025-08-21T13:35:36.2705683Z Ubuntu
2025-08-21T13:35:36.2706191Z 24.04.2
2025-08-21T13:35:36.2706671Z LTS
2025-08-21T13:35:36.2707142Z ##[endgroup]
2025-08-21T13:35:36.2707597Z ##[group]Runner Image
2025-08-21T13:35:36.2708200Z Image: ubuntu-24.04
2025-08-21T13:35:36.2708721Z Version: 20250818.1.0
2025-08-21T13:35:36.2709667Z Included Software: https://github.com/actions/runner-images/blob/ubuntu24/20250818.1/images/ubuntu/Ubuntu2404-Readme.md
2025-08-21T13:35:36.2711226Z Image Release: https://github.com/actions/runner-images/releases/tag/ubuntu24%2F20250818.1
2025-08-21T13:35:36.2712196Z ##[endgroup]
2025-08-21T13:35:36.2713301Z ##[group]GITHUB_TOKEN Permissions
2025-08-21T13:35:36.2715714Z Contents: read
2025-08-21T13:35:36.2716213Z Metadata: read
2025-08-21T13:35:36.2716878Z Packages: read
2025-08-21T13:35:36.2717335Z ##[endgroup]
2025-08-21T13:35:36.2719817Z Secret source: Actions
2025-08-21T13:35:36.2720832Z Prepare workflow directory
2025-08-21T13:35:36.3146458Z Prepare all required actions
2025-08-21T13:35:36.3183893Z Getting action download info
2025-08-21T13:35:36.6180532Z Download action repository 'actions/checkout@v4' (SHA:08eba0b27e820071cde6df949e0beb9ba4906955)
2025-08-21T13:35:36.7106508Z Download action repository 'actions/setup-python@v5' (SHA:a26af69be951a213d495a4c3e4e4022e16d87065)
2025-08-21T13:35:36.9187337Z Complete job name: test
2025-08-21T13:35:36.9668884Z ##[group]Checking docker version
2025-08-21T13:35:36.9681777Z ##[command]/usr/bin/docker version --format '{{.Server.APIVersion}}'
2025-08-21T13:35:37.0431582Z '1.48'
2025-08-21T13:35:37.0443300Z Docker daemon API version: '1.48'
2025-08-21T13:35:37.0444082Z ##[command]/usr/bin/docker version --format '{{.Client.APIVersion}}'
2025-08-21T13:35:37.0604615Z '1.48'
2025-08-21T13:35:37.0617522Z Docker client API version: '1.48'
2025-08-21T13:35:37.0623093Z ##[endgroup]
2025-08-21T13:35:37.0627163Z ##[group]Clean up resources from previous jobs
2025-08-21T13:35:37.0632597Z ##[command]/usr/bin/docker ps --all --quiet --no-trunc --filter "label=3c91d9"
2025-08-21T13:35:37.0776160Z ##[command]/usr/bin/docker network prune --force --filter "label=3c91d9"
2025-08-21T13:35:37.0902615Z ##[endgroup]
2025-08-21T13:35:37.0903190Z ##[group]Create local container network
2025-08-21T13:35:37.0912925Z ##[command]/usr/bin/docker network create --label 3c91d9 github_network_2783030898a4413488f7057f5c58ad8f
2025-08-21T13:35:37.1407896Z ffbe3757d3412d998a6d9ccba808f27bf6f31c73a86c93884e56821ef141c0a9
2025-08-21T13:35:37.1425878Z ##[endgroup]
2025-08-21T13:35:37.1449877Z ##[group]Starting postgres service container
2025-08-21T13:35:37.1470136Z ##[command]/usr/bin/docker pull pgvector/pgvector:pg16
2025-08-21T13:35:37.4001995Z pg16: Pulling from pgvector/pgvector
2025-08-21T13:35:37.4701090Z b1badc6e5066: Pulling fs layer
2025-08-21T13:35:37.4701968Z c9cbfca11d34: Pulling fs layer
2025-08-21T13:35:37.4702792Z a759c99e5d9c: Pulling fs layer
2025-08-21T13:35:37.4703613Z f40999643f83: Pulling fs layer
2025-08-21T13:35:37.4704149Z 2c9c8f27f94c: Pulling fs layer
2025-08-21T13:35:37.4705042Z 6019da469dd7: Pulling fs layer
2025-08-21T13:35:37.4705526Z 7960bd43e7e7: Pulling fs layer
2025-08-21T13:35:37.4705999Z f035bce43052: Pulling fs layer
2025-08-21T13:35:37.4706493Z b9daad206a85: Pulling fs layer
2025-08-21T13:35:37.4706963Z 84e9830491e9: Pulling fs layer
2025-08-21T13:35:37.4707471Z 659157e68c9d: Pulling fs layer
2025-08-21T13:35:37.4707949Z 374299179ba1: Pulling fs layer
2025-08-21T13:35:37.4708416Z 712cf9c20649: Pulling fs layer
2025-08-21T13:35:37.4708885Z b1f04bf0c6c5: Pulling fs layer
2025-08-21T13:35:37.4709354Z e75b76a6edac: Pulling fs layer
2025-08-21T13:35:37.4710094Z c658e1e5e610: Pulling fs layer
2025-08-21T13:35:37.4710541Z 84e9830491e9: Waiting
2025-08-21T13:35:37.4710990Z f40999643f83: Waiting
2025-08-21T13:35:37.4711389Z 659157e68c9d: Waiting
2025-08-21T13:35:37.4711793Z 2c9c8f27f94c: Waiting
2025-08-21T13:35:37.4712190Z 374299179ba1: Waiting
2025-08-21T13:35:37.4712579Z 6019da469dd7: Waiting
2025-08-21T13:35:37.4712992Z 712cf9c20649: Waiting
2025-08-21T13:35:37.4713383Z 7960bd43e7e7: Waiting
2025-08-21T13:35:37.4713789Z b1f04bf0c6c5: Waiting
2025-08-21T13:35:37.4714327Z f035bce43052: Waiting
2025-08-21T13:35:37.4714767Z e75b76a6edac: Waiting
2025-08-21T13:35:37.4715168Z b9daad206a85: Waiting
2025-08-21T13:35:37.4715557Z c658e1e5e610: Waiting
2025-08-21T13:35:37.5614540Z c9cbfca11d34: Download complete
2025-08-21T13:35:37.6686700Z a759c99e5d9c: Verifying Checksum
2025-08-21T13:35:37.6688008Z a759c99e5d9c: Download complete
2025-08-21T13:35:37.6843014Z b1badc6e5066: Verifying Checksum
2025-08-21T13:35:37.6844512Z b1badc6e5066: Download complete
2025-08-21T13:35:37.6961504Z f40999643f83: Download complete
2025-08-21T13:35:37.7783118Z 7960bd43e7e7: Verifying Checksum
2025-08-21T13:35:37.7786240Z 7960bd43e7e7: Download complete
2025-08-21T13:35:37.8123075Z 6019da469dd7: Verifying Checksum
2025-08-21T13:35:37.8125518Z 6019da469dd7: Download complete
2025-08-21T13:35:37.8718554Z f035bce43052: Verifying Checksum
2025-08-21T13:35:37.8720190Z f035bce43052: Download complete
2025-08-21T13:35:37.8906748Z 2c9c8f27f94c: Verifying Checksum
2025-08-21T13:35:37.8908036Z 2c9c8f27f94c: Download complete
2025-08-21T13:35:37.9658402Z 84e9830491e9: Verifying Checksum
2025-08-21T13:35:37.9659765Z 84e9830491e9: Download complete
2025-08-21T13:35:37.9785833Z 659157e68c9d: Verifying Checksum
2025-08-21T13:35:37.9788394Z 659157e68c9d: Download complete
2025-08-21T13:35:38.0483460Z 374299179ba1: Verifying Checksum
2025-08-21T13:35:38.0487527Z 374299179ba1: Download complete
2025-08-21T13:35:38.1295592Z b1f04bf0c6c5: Download complete
2025-08-21T13:35:38.1752910Z 712cf9c20649: Verifying Checksum
2025-08-21T13:35:38.1755086Z 712cf9c20649: Download complete
2025-08-21T13:35:38.2229543Z e75b76a6edac: Verifying Checksum
2025-08-21T13:35:38.2230167Z e75b76a6edac: Download complete
2025-08-21T13:35:38.2722533Z c658e1e5e610: Verifying Checksum
2025-08-21T13:35:38.2723302Z c658e1e5e610: Download complete
2025-08-21T13:35:38.8505900Z b1badc6e5066: Pull complete
2025-08-21T13:35:39.0690370Z b9daad206a85: Verifying Checksum
2025-08-21T13:35:39.0691002Z b9daad206a85: Download complete
2025-08-21T13:35:39.1397935Z c9cbfca11d34: Pull complete
2025-08-21T13:35:39.2776764Z a759c99e5d9c: Pull complete
2025-08-21T13:35:39.3250348Z f40999643f83: Pull complete
2025-08-21T13:35:39.6214039Z 2c9c8f27f94c: Pull complete
2025-08-21T13:35:39.7095047Z 6019da469dd7: Pull complete
2025-08-21T13:35:39.7192602Z 7960bd43e7e7: Pull complete
2025-08-21T13:35:39.7316917Z f035bce43052: Pull complete
2025-08-21T13:35:42.6431603Z b9daad206a85: Pull complete
2025-08-21T13:35:42.6590889Z 84e9830491e9: Pull complete
2025-08-21T13:35:42.6714508Z 659157e68c9d: Pull complete
2025-08-21T13:35:42.6853441Z 374299179ba1: Pull complete
2025-08-21T13:35:42.6975429Z 712cf9c20649: Pull complete
2025-08-21T13:35:42.7081367Z b1f04bf0c6c5: Pull complete
2025-08-21T13:35:42.7571583Z e75b76a6edac: Pull complete
2025-08-21T13:35:42.8372198Z c658e1e5e610: Pull complete
2025-08-21T13:35:42.8417629Z Digest: sha256:a132765ec351c65111b5b675928a3a0515a466a40f97277329db8b8209ad8bc9
2025-08-21T13:35:42.8434880Z Status: Downloaded newer image for pgvector/pgvector:pg16
2025-08-21T13:35:42.8447090Z docker.io/pgvector/pgvector:pg16
2025-08-21T13:35:42.8508599Z ##[command]/usr/bin/docker create --name 23622b888d4f430aa87e989cd605d3b1_pgvectorpgvectorpg16_7e25d6 --label 3c91d9 --network github_network_2783030898a4413488f7057f5c58ad8f --network-alias postgres -p 5432:5432 --health-cmd="pg_isready -U postgres" --health-interval=10s --health-timeout=5s --health-retries=5 -e "POSTGRES_USER=postgres" -e "POSTGRES_PASSWORD=postgres" -e "POSTGRES_DB=testdb" -e GITHUB_ACTIONS=true -e CI=true pgvector/pgvector:pg16
2025-08-21T13:35:42.8823685Z 525f74c8f897b15e0dec441b1f85f461c2f5d8d8a938abbe986d0c5d5159e2cb
2025-08-21T13:35:42.8848695Z ##[command]/usr/bin/docker start 525f74c8f897b15e0dec441b1f85f461c2f5d8d8a938abbe986d0c5d5159e2cb
2025-08-21T13:35:43.0895220Z 525f74c8f897b15e0dec441b1f85f461c2f5d8d8a938abbe986d0c5d5159e2cb
2025-08-21T13:35:43.0927839Z ##[command]/usr/bin/docker ps --all --filter id=525f74c8f897b15e0dec441b1f85f461c2f5d8d8a938abbe986d0c5d5159e2cb --filter status=running --no-trunc --format "{{.ID}} {{.Status}}"
2025-08-21T13:35:43.1059268Z 525f74c8f897b15e0dec441b1f85f461c2f5d8d8a938abbe986d0c5d5159e2cb Up Less than a second (health: starting)
2025-08-21T13:35:43.1081783Z ##[command]/usr/bin/docker port 525f74c8f897b15e0dec441b1f85f461c2f5d8d8a938abbe986d0c5d5159e2cb
2025-08-21T13:35:43.1226917Z 5432/tcp -> 0.0.0.0:5432
2025-08-21T13:35:43.1228779Z 5432/tcp -> [::]:5432
2025-08-21T13:35:43.1276497Z ##[endgroup]
2025-08-21T13:35:43.1285197Z ##[group]Waiting for all services to be ready
2025-08-21T13:35:43.1298326Z ##[command]/usr/bin/docker inspect --format="{{if .Config.Healthcheck}}{{print .State.Health.Status}}{{end}}" 525f74c8f897b15e0dec441b1f85f461c2f5d8d8a938abbe986d0c5d5159e2cb
2025-08-21T13:35:43.1437821Z starting
2025-08-21T13:35:43.1462055Z postgres service is starting, waiting 2 seconds before checking again.
2025-08-21T13:35:45.1459857Z ##[command]/usr/bin/docker inspect --format="{{if .Config.Healthcheck}}{{print .State.Health.Status}}{{end}}" 525f74c8f897b15e0dec441b1f85f461c2f5d8d8a938abbe986d0c5d5159e2cb
2025-08-21T13:35:45.1579827Z starting
2025-08-21T13:35:45.1593395Z postgres service is starting, waiting 4 seconds before checking again.
2025-08-21T13:35:49.4509636Z ##[command]/usr/bin/docker inspect --format="{{if .Config.Healthcheck}}{{print .State.Health.Status}}{{end}}" 525f74c8f897b15e0dec441b1f85f461c2f5d8d8a938abbe986d0c5d5159e2cb
2025-08-21T13:35:49.4630783Z starting
2025-08-21T13:35:49.4645440Z postgres service is starting, waiting 8 seconds before checking again.
2025-08-21T13:35:57.8071774Z ##[command]/usr/bin/docker inspect --format="{{if .Config.Healthcheck}}{{print .State.Health.Status}}{{end}}" 525f74c8f897b15e0dec441b1f85f461c2f5d8d8a938abbe986d0c5d5159e2cb
2025-08-21T13:35:57.8197862Z healthy
2025-08-21T13:35:57.8215215Z postgres service is healthy.
2025-08-21T13:35:57.8215970Z ##[endgroup]
2025-08-21T13:35:57.8460150Z ##[group]Run actions/checkout@v4
2025-08-21T13:35:57.8460940Z with:
2025-08-21T13:35:57.8461233Z   repository: yangnana7/newspaper
2025-08-21T13:35:57.8461824Z   token: ***
2025-08-21T13:35:57.8462107Z   ssh-strict: true
2025-08-21T13:35:57.8462383Z   ssh-user: git
2025-08-21T13:35:57.8462580Z   persist-credentials: true
2025-08-21T13:35:57.8462814Z   clean: true
2025-08-21T13:35:57.8463011Z   sparse-checkout-cone-mode: true
2025-08-21T13:35:57.8463254Z   fetch-depth: 1
2025-08-21T13:35:57.8463430Z   fetch-tags: false
2025-08-21T13:35:57.8463617Z   show-progress: true
2025-08-21T13:35:57.8463822Z   lfs: false
2025-08-21T13:35:57.8463977Z   submodules: false
2025-08-21T13:35:57.8464159Z   set-safe-directory: true
2025-08-21T13:35:57.8465236Z env:
2025-08-21T13:35:57.8465645Z   DATABASE_URL: ***localhost:5432/testdb
2025-08-21T13:35:57.8465886Z   EMBED_SPACE: bge-m3
2025-08-21T13:35:57.8466077Z   ENABLE_SERVER_EMBEDDING: 0
2025-08-21T13:35:57.8466268Z ##[endgroup]
2025-08-21T13:35:57.9538205Z Syncing repository: yangnana7/newspaper
2025-08-21T13:35:57.9539432Z ##[group]Getting Git version info
2025-08-21T13:35:57.9539810Z Working directory is '/home/runner/work/newspaper/newspaper'
2025-08-21T13:35:57.9540328Z [command]/usr/bin/git version
2025-08-21T13:35:57.9636296Z git version 2.51.0
2025-08-21T13:35:57.9663434Z ##[endgroup]
2025-08-21T13:35:57.9679544Z Temporarily overriding HOME='/home/runner/work/_temp/41891f09-6bd8-4192-bfba-ac7a95bd6d4b' before making global git config changes
2025-08-21T13:35:57.9680825Z Adding repository directory to the temporary git global config as a safe directory
2025-08-21T13:35:57.9686419Z [command]/usr/bin/git config --global --add safe.directory /home/runner/work/newspaper/newspaper
2025-08-21T13:35:57.9727019Z Deleting the contents of '/home/runner/work/newspaper/newspaper'
2025-08-21T13:35:57.9806350Z ##[group]Initializing the repository
2025-08-21T13:35:57.9806948Z [command]/usr/bin/git init /home/runner/work/newspaper/newspaper
2025-08-21T13:35:57.9820911Z hint: Using 'master' as the name for the initial branch. This default branch name
2025-08-21T13:35:57.9821787Z hint: is subject to change. To configure the initial branch name to use in all
2025-08-21T13:35:57.9822610Z hint: of your new repositories, which will suppress this warning, call:
2025-08-21T13:35:57.9823193Z hint:
2025-08-21T13:35:57.9823644Z hint: 	git config --global init.defaultBranch <name>
2025-08-21T13:35:57.9824133Z hint:
2025-08-21T13:35:57.9824827Z hint: Names commonly chosen instead of 'master' are 'main', 'trunk' and
2025-08-21T13:35:57.9825609Z hint: 'development'. The just-created branch can be renamed via this command:
2025-08-21T13:35:57.9826229Z hint:
2025-08-21T13:35:57.9826512Z hint: 	git branch -m <name>
2025-08-21T13:35:57.9826871Z hint:
2025-08-21T13:35:57.9827323Z hint: Disable this message with "git config set advice.defaultBranchName false"
2025-08-21T13:35:57.9828025Z Initialized empty Git repository in /home/runner/work/newspaper/newspaper/.git/
2025-08-21T13:35:57.9838114Z [command]/usr/bin/git remote add origin https://github.com/yangnana7/newspaper
2025-08-21T13:35:57.9877396Z ##[endgroup]
2025-08-21T13:35:57.9877814Z ##[group]Disabling automatic garbage collection
2025-08-21T13:35:57.9881680Z [command]/usr/bin/git config --local gc.auto 0
2025-08-21T13:35:57.9910666Z ##[endgroup]
2025-08-21T13:35:57.9911031Z ##[group]Setting up auth
2025-08-21T13:35:57.9918166Z [command]/usr/bin/git config --local --name-only --get-regexp core\.sshCommand
2025-08-21T13:35:57.9948599Z [command]/usr/bin/git submodule foreach --recursive sh -c "git config --local --name-only --get-regexp 'core\.sshCommand' && git config --local --unset-all 'core.sshCommand' || :"
2025-08-21T13:35:58.0272735Z [command]/usr/bin/git config --local --name-only --get-regexp http\.https\:\/\/github\.com\/\.extraheader
2025-08-21T13:35:58.0304557Z [command]/usr/bin/git submodule foreach --recursive sh -c "git config --local --name-only --get-regexp 'http\.https\:\/\/github\.com\/\.extraheader' && git config --local --unset-all 'http.https://github.com/.extraheader' || :"
2025-08-21T13:35:58.0532911Z [command]/usr/bin/git config --local http.https://github.com/.extraheader AUTHORIZATION: basic ***
2025-08-21T13:35:58.0580660Z ##[endgroup]
2025-08-21T13:35:58.0581311Z ##[group]Fetching the repository
2025-08-21T13:35:58.0590681Z [command]/usr/bin/git -c protocol.version=2 fetch --no-tags --prune --no-recurse-submodules --depth=1 origin +18e76b230d3ed7e8ba023b5d90f60a8fb3444b7b:refs/remotes/pull/1/merge
2025-08-21T13:35:58.2903294Z From https://github.com/yangnana7/newspaper
2025-08-21T13:35:58.2905453Z  * [new ref]         18e76b230d3ed7e8ba023b5d90f60a8fb3444b7b -> pull/1/merge
2025-08-21T13:35:58.2938684Z ##[endgroup]
2025-08-21T13:35:58.2939679Z ##[group]Determining the checkout info
2025-08-21T13:35:58.2941435Z ##[endgroup]
2025-08-21T13:35:58.2947005Z [command]/usr/bin/git sparse-checkout disable
2025-08-21T13:35:58.2989820Z [command]/usr/bin/git config --local --unset-all extensions.worktreeConfig
2025-08-21T13:35:58.3019693Z ##[group]Checking out the ref
2025-08-21T13:35:58.3024867Z [command]/usr/bin/git checkout --progress --force refs/remotes/pull/1/merge
2025-08-21T13:35:58.3139459Z Note: switching to 'refs/remotes/pull/1/merge'.
2025-08-21T13:35:58.3140666Z 
2025-08-21T13:35:58.3141410Z You are in 'detached HEAD' state. You can look around, make experimental
2025-08-21T13:35:58.3142195Z changes and commit them, and you can discard any commits you make in this
2025-08-21T13:35:58.3142949Z state without impacting any branches by switching back to a branch.
2025-08-21T13:35:58.3143373Z 
2025-08-21T13:35:58.3143663Z If you want to create a new branch to retain commits you create, you may
2025-08-21T13:35:58.3144629Z do so (now or later) by using -c with the switch command. Example:
2025-08-21T13:35:58.3144870Z 
2025-08-21T13:35:58.3144974Z   git switch -c <new-branch-name>
2025-08-21T13:35:58.3145145Z 
2025-08-21T13:35:58.3145241Z Or undo this operation with:
2025-08-21T13:35:58.3145390Z 
2025-08-21T13:35:58.3145492Z   git switch -
2025-08-21T13:35:58.3145632Z 
2025-08-21T13:35:58.3145830Z Turn off this advice by setting config variable advice.detachedHead to false
2025-08-21T13:35:58.3146111Z 
2025-08-21T13:35:58.3146443Z HEAD is now at 18e76b2 Merge 03dcf0214e4474659b0777eac752c8d1cb7caad4 into 134f5f7c6feb77bd120b503088bf5aac11ef1ca2
2025-08-21T13:35:58.3149550Z ##[endgroup]
2025-08-21T13:35:58.3195064Z [command]/usr/bin/git log -1 --format=%H
2025-08-21T13:35:58.3220190Z 18e76b230d3ed7e8ba023b5d90f60a8fb3444b7b
2025-08-21T13:35:58.3452491Z ##[group]Run actions/setup-python@v5
2025-08-21T13:35:58.3452758Z with:
2025-08-21T13:35:58.3452946Z   python-version: 3.11
2025-08-21T13:35:58.3453146Z   check-latest: false
2025-08-21T13:35:58.3453473Z   token: ***
2025-08-21T13:35:58.3453652Z   update-environment: true
2025-08-21T13:35:58.3453872Z   allow-prereleases: false
2025-08-21T13:35:58.3454065Z   freethreaded: false
2025-08-21T13:35:58.3454409Z env:
2025-08-21T13:35:58.3454776Z   DATABASE_URL: ***localhost:5432/testdb
2025-08-21T13:35:58.3455010Z   EMBED_SPACE: bge-m3
2025-08-21T13:35:58.3455200Z   ENABLE_SERVER_EMBEDDING: 0
2025-08-21T13:35:58.3455400Z ##[endgroup]
2025-08-21T13:35:58.5155274Z ##[group]Installed versions
2025-08-21T13:35:58.5270248Z Successfully set up CPython (3.11.13)
2025-08-21T13:35:58.5271033Z ##[endgroup]
2025-08-21T13:35:58.5384833Z ##[group]Run sudo apt-get update
2025-08-21T13:35:58.5385186Z [36;1msudo apt-get update[0m
2025-08-21T13:35:58.5385471Z [36;1msudo apt-get install -y postgresql-client[0m
2025-08-21T13:35:58.5481660Z shell: /usr/bin/bash -e {0}
2025-08-21T13:35:58.5481904Z env:
2025-08-21T13:35:58.5482433Z   DATABASE_URL: ***localhost:5432/testdb
2025-08-21T13:35:58.5482703Z   EMBED_SPACE: bge-m3
2025-08-21T13:35:58.5482914Z   ENABLE_SERVER_EMBEDDING: 0
2025-08-21T13:35:58.5483208Z   pythonLocation: /opt/hostedtoolcache/Python/3.11.13/x64
2025-08-21T13:35:58.5483632Z   PKG_CONFIG_PATH: /opt/hostedtoolcache/Python/3.11.13/x64/lib/pkgconfig
2025-08-21T13:35:58.5484043Z   Python_ROOT_DIR: /opt/hostedtoolcache/Python/3.11.13/x64
2025-08-21T13:35:58.5484650Z   Python2_ROOT_DIR: /opt/hostedtoolcache/Python/3.11.13/x64
2025-08-21T13:35:58.5485008Z   Python3_ROOT_DIR: /opt/hostedtoolcache/Python/3.11.13/x64
2025-08-21T13:35:58.5485377Z   LD_LIBRARY_PATH: /opt/hostedtoolcache/Python/3.11.13/x64/lib
2025-08-21T13:35:58.5485734Z ##[endgroup]
2025-08-21T13:35:58.6699214Z Get:1 file:/etc/apt/apt-mirrors.txt Mirrorlist [144 B]
2025-08-21T13:35:58.7157424Z Hit:2 http://azure.archive.ubuntu.com/ubuntu noble InRelease
2025-08-21T13:35:58.7159058Z Hit:6 https://packages.microsoft.com/repos/azure-cli noble InRelease
2025-08-21T13:35:58.7160612Z Get:7 https://packages.microsoft.com/ubuntu/24.04/prod noble InRelease [3600 B]
2025-08-21T13:35:58.7198640Z Get:3 http://azure.archive.ubuntu.com/ubuntu noble-updates InRelease [126 kB]
2025-08-21T13:35:58.7341920Z Get:4 http://azure.archive.ubuntu.com/ubuntu noble-backports InRelease [126 kB]
2025-08-21T13:35:58.7407418Z Get:5 http://azure.archive.ubuntu.com/ubuntu noble-security InRelease [126 kB]
2025-08-21T13:35:58.9340653Z Get:8 https://packages.microsoft.com/ubuntu/24.04/prod noble/main amd64 Packages [48.6 kB]
2025-08-21T13:35:58.9445939Z Get:9 https://packages.microsoft.com/ubuntu/24.04/prod noble/main armhf Packages [9870 B]
2025-08-21T13:35:58.9469637Z Get:10 https://packages.microsoft.com/ubuntu/24.04/prod noble/main arm64 Packages [33.2 kB]
2025-08-21T13:35:58.9817231Z Get:11 http://azure.archive.ubuntu.com/ubuntu noble-updates/main amd64 Packages [1350 kB]
2025-08-21T13:35:58.9898175Z Get:12 http://azure.archive.ubuntu.com/ubuntu noble-updates/main Translation-en [268 kB]
2025-08-21T13:35:58.9927253Z Get:13 http://azure.archive.ubuntu.com/ubuntu noble-updates/main amd64 Components [175 kB]
2025-08-21T13:35:58.9948118Z Get:14 http://azure.archive.ubuntu.com/ubuntu noble-updates/universe amd64 Packages [1124 kB]
2025-08-21T13:35:59.0015091Z Get:15 http://azure.archive.ubuntu.com/ubuntu noble-updates/universe Translation-en [288 kB]
2025-08-21T13:35:59.0038046Z Get:16 http://azure.archive.ubuntu.com/ubuntu noble-updates/universe amd64 Components [377 kB]
2025-08-21T13:35:59.0068735Z Get:17 http://azure.archive.ubuntu.com/ubuntu noble-updates/restricted amd64 Packages [1728 kB]
2025-08-21T13:35:59.0161748Z Get:18 http://azure.archive.ubuntu.com/ubuntu noble-updates/restricted Translation-en [382 kB]
2025-08-21T13:35:59.0192393Z Get:19 http://azure.archive.ubuntu.com/ubuntu noble-updates/restricted amd64 Components [212 B]
2025-08-21T13:35:59.0200942Z Get:20 http://azure.archive.ubuntu.com/ubuntu noble-updates/multiverse amd64 Components [940 B]
2025-08-21T13:35:59.0859707Z Get:21 http://azure.archive.ubuntu.com/ubuntu noble-backports/main amd64 Components [7068 B]
2025-08-21T13:35:59.0874786Z Get:22 http://azure.archive.ubuntu.com/ubuntu noble-backports/universe amd64 Components [19.2 kB]
2025-08-21T13:35:59.0890716Z Get:23 http://azure.archive.ubuntu.com/ubuntu noble-backports/restricted amd64 Components [216 B]
2025-08-21T13:35:59.0898542Z Get:24 http://azure.archive.ubuntu.com/ubuntu noble-backports/multiverse amd64 Components [212 B]
2025-08-21T13:35:59.0998224Z Get:25 http://azure.archive.ubuntu.com/ubuntu noble-security/main amd64 Packages [1083 kB]
2025-08-21T13:35:59.1079544Z Get:26 http://azure.archive.ubuntu.com/ubuntu noble-security/main Translation-en [187 kB]
2025-08-21T13:35:59.1105277Z Get:27 http://azure.archive.ubuntu.com/ubuntu noble-security/main amd64 Components [21.6 kB]
2025-08-21T13:35:59.1117802Z Get:28 http://azure.archive.ubuntu.com/ubuntu noble-security/universe amd64 Packages [881 kB]
2025-08-21T13:35:59.1180464Z Get:29 http://azure.archive.ubuntu.com/ubuntu noble-security/universe Translation-en [195 kB]
2025-08-21T13:35:59.1204147Z Get:30 http://azure.archive.ubuntu.com/ubuntu noble-security/universe amd64 Components [52.2 kB]
2025-08-21T13:35:59.1218639Z Get:31 http://azure.archive.ubuntu.com/ubuntu noble-security/restricted amd64 Packages [1631 kB]
2025-08-21T13:35:59.1329650Z Get:32 http://azure.archive.ubuntu.com/ubuntu noble-security/restricted Translation-en [361 kB]
2025-08-21T13:35:59.1359600Z Get:33 http://azure.archive.ubuntu.com/ubuntu noble-security/restricted amd64 Components [212 B]
2025-08-21T13:35:59.1372136Z Get:34 http://azure.archive.ubuntu.com/ubuntu noble-security/multiverse amd64 Components [212 B]
2025-08-21T13:36:08.7737362Z Fetched 10.6 MB in 1s (7572 kB/s)
2025-08-21T13:36:09.4950429Z Reading package lists...
2025-08-21T13:36:09.5275896Z Reading package lists...
2025-08-21T13:36:09.7242437Z Building dependency tree...
2025-08-21T13:36:09.7250176Z Reading state information...
2025-08-21T13:36:09.9224334Z The following NEW packages will be installed:
2025-08-21T13:36:09.9224906Z   postgresql-client
2025-08-21T13:36:09.9405898Z 0 upgraded, 1 newly installed, 0 to remove and 21 not upgraded.
2025-08-21T13:36:09.9406302Z Need to get 11.6 kB of archives.
2025-08-21T13:36:09.9406690Z After this operation, 17.4 kB of additional disk space will be used.
2025-08-21T13:36:09.9407322Z Get:1 file:/etc/apt/apt-mirrors.txt Mirrorlist [144 B]
2025-08-21T13:36:09.9755327Z Get:2 http://azure.archive.ubuntu.com/ubuntu noble-updates/main amd64 postgresql-client all 16+257build1.1 [11.6 kB]
2025-08-21T13:36:10.2481122Z Fetched 11.6 kB in 0s (255 kB/s)
2025-08-21T13:36:10.2810045Z Selecting previously unselected package postgresql-client.
2025-08-21T13:36:10.3403255Z (Reading database ... 
2025-08-21T13:36:10.3403767Z (Reading database ... 5%
2025-08-21T13:36:10.3404345Z (Reading database ... 10%
2025-08-21T13:36:10.3404737Z (Reading database ... 15%
2025-08-21T13:36:10.3405053Z (Reading database ... 20%
2025-08-21T13:36:10.3405373Z (Reading database ... 25%
2025-08-21T13:36:10.3406109Z (Reading database ... 30%
2025-08-21T13:36:10.3406420Z (Reading database ... 35%
2025-08-21T13:36:10.3406719Z (Reading database ... 40%
2025-08-21T13:36:10.3407031Z (Reading database ... 45%
2025-08-21T13:36:10.3407308Z (Reading database ... 50%
2025-08-21T13:36:10.4335034Z (Reading database ... 55%
2025-08-21T13:36:10.5537313Z (Reading database ... 60%
2025-08-21T13:36:10.8811712Z (Reading database ... 65%
2025-08-21T13:36:11.1297098Z (Reading database ... 70%
2025-08-21T13:36:11.2581607Z (Reading database ... 75%
2025-08-21T13:36:11.6074511Z (Reading database ... 80%
2025-08-21T13:36:12.2695344Z (Reading database ... 85%
2025-08-21T13:36:12.8168730Z (Reading database ... 90%
2025-08-21T13:36:13.3489757Z (Reading database ... 95%
2025-08-21T13:36:13.3490283Z (Reading database ... 100%
2025-08-21T13:36:13.3490888Z (Reading database ... 219830 files and directories currently installed.)
2025-08-21T13:36:13.3537990Z Preparing to unpack .../postgresql-client_16+257build1.1_all.deb ...
2025-08-21T13:36:13.3561408Z Unpacking postgresql-client (16+257build1.1) ...
2025-08-21T13:36:13.3939222Z Setting up postgresql-client (16+257build1.1) ...
2025-08-21T13:36:14.4427853Z 
2025-08-21T13:36:14.4428420Z Running kernel seems to be up-to-date.
2025-08-21T13:36:14.4428830Z 
2025-08-21T13:36:14.4428981Z Restarting services...
2025-08-21T13:36:14.4503824Z 
2025-08-21T13:36:14.4504648Z Service restarts being deferred:
2025-08-21T13:36:14.4506423Z  systemctl restart hosted-compute-agent.service
2025-08-21T13:36:14.4506755Z 
2025-08-21T13:36:14.4507109Z No containers need to be restarted.
2025-08-21T13:36:14.4507398Z 
2025-08-21T13:36:14.4507946Z No user sessions are running outdated binaries.
2025-08-21T13:36:14.4508271Z 
2025-08-21T13:36:14.4508563Z No VM guests are running outdated hypervisor (qemu) binaries on this host.
2025-08-21T13:36:15.4702560Z ##[group]Run until psql "$DATABASE_URL" -c "SELECT 1" >/dev/null 2>&1; do
2025-08-21T13:36:15.4703062Z [36;1muntil psql "$DATABASE_URL" -c "SELECT 1" >/dev/null 2>&1; do[0m
2025-08-21T13:36:15.4703446Z [36;1m  echo 'waiting for postgres...'; sleep 2; done[0m
2025-08-21T13:36:15.4703798Z [36;1mpsql "$DATABASE_URL" -c 'CREATE EXTENSION IF NOT EXISTS vector;'[0m
2025-08-21T13:36:15.4746770Z shell: /usr/bin/bash -e {0}
2025-08-21T13:36:15.4746989Z env:
2025-08-21T13:36:15.4747461Z   DATABASE_URL: ***localhost:5432/testdb
2025-08-21T13:36:15.4747720Z   EMBED_SPACE: bge-m3
2025-08-21T13:36:15.4747913Z   ENABLE_SERVER_EMBEDDING: 0
2025-08-21T13:36:15.4748188Z   pythonLocation: /opt/hostedtoolcache/Python/3.11.13/x64
2025-08-21T13:36:15.4748575Z   PKG_CONFIG_PATH: /opt/hostedtoolcache/Python/3.11.13/x64/lib/pkgconfig
2025-08-21T13:36:15.4748972Z   Python_ROOT_DIR: /opt/hostedtoolcache/Python/3.11.13/x64
2025-08-21T13:36:15.4749349Z   Python2_ROOT_DIR: /opt/hostedtoolcache/Python/3.11.13/x64
2025-08-21T13:36:15.4749688Z   Python3_ROOT_DIR: /opt/hostedtoolcache/Python/3.11.13/x64
2025-08-21T13:36:15.4750036Z   LD_LIBRARY_PATH: /opt/hostedtoolcache/Python/3.11.13/x64/lib
2025-08-21T13:36:15.4750327Z ##[endgroup]
2025-08-21T13:36:15.6453027Z CREATE EXTENSION
2025-08-21T13:36:15.6495070Z ##[group]Run python -m pip install --upgrade pip
2025-08-21T13:36:15.6495472Z [36;1mpython -m pip install --upgrade pip[0m
2025-08-21T13:36:15.6495843Z [36;1mif [ -f requirements.txt ]; then pip install -r requirements.txt; fi[0m
2025-08-21T13:36:15.6496296Z [36;1m# Hardening: ensure critical deps even if requirements.txt changes[0m
2025-08-21T13:36:15.6496658Z [36;1mpip install psycopg[binary] pgvector[0m
2025-08-21T13:36:15.6496909Z [36;1mpip install pytest[0m
2025-08-21T13:36:15.6538693Z shell: /usr/bin/bash -e {0}
2025-08-21T13:36:15.6538911Z env:
2025-08-21T13:36:15.6539328Z   DATABASE_URL: ***localhost:5432/testdb
2025-08-21T13:36:15.6539582Z   EMBED_SPACE: bge-m3
2025-08-21T13:36:15.6539781Z   ENABLE_SERVER_EMBEDDING: 0
2025-08-21T13:36:15.6540053Z   pythonLocation: /opt/hostedtoolcache/Python/3.11.13/x64
2025-08-21T13:36:15.6540433Z   PKG_CONFIG_PATH: /opt/hostedtoolcache/Python/3.11.13/x64/lib/pkgconfig
2025-08-21T13:36:15.6541105Z   Python_ROOT_DIR: /opt/hostedtoolcache/Python/3.11.13/x64
2025-08-21T13:36:15.6541443Z   Python2_ROOT_DIR: /opt/hostedtoolcache/Python/3.11.13/x64
2025-08-21T13:36:15.6541777Z   Python3_ROOT_DIR: /opt/hostedtoolcache/Python/3.11.13/x64
2025-08-21T13:36:15.6542113Z   LD_LIBRARY_PATH: /opt/hostedtoolcache/Python/3.11.13/x64/lib
2025-08-21T13:36:15.6542386Z ##[endgroup]
2025-08-21T13:36:18.0161499Z Requirement already satisfied: pip in /opt/hostedtoolcache/Python/3.11.13/x64/lib/python3.11/site-packages (25.2)
2025-08-21T13:36:19.1014838Z Collecting mcp>=1.0.0 (from -r requirements.txt (line 1))
2025-08-21T13:36:19.1525572Z   Downloading mcp-1.13.0-py3-none-any.whl.metadata (68 kB)
2025-08-21T13:36:19.1922743Z Collecting psycopg>=3.2.1 (from psycopg[binary]>=3.2.1->-r requirements.txt (line 2))
2025-08-21T13:36:19.1996389Z   Downloading psycopg-3.2.9-py3-none-any.whl.metadata (4.5 kB)
2025-08-21T13:36:19.2196888Z Collecting pgvector>=0.2.5 (from -r requirements.txt (line 3))
2025-08-21T13:36:19.2284814Z   Downloading pgvector-0.4.1-py3-none-any.whl.metadata (18 kB)
2025-08-21T13:36:19.2476485Z Collecting feedparser>=6.0.11 (from -r requirements.txt (line 4))
2025-08-21T13:36:19.2562220Z   Downloading feedparser-6.0.11-py3-none-any.whl.metadata (2.4 kB)
2025-08-21T13:36:19.3875087Z Collecting pydantic>=2.7.0 (from -r requirements.txt (line 5))
2025-08-21T13:36:19.3952861Z   Downloading pydantic-2.11.7-py3-none-any.whl.metadata (67 kB)
2025-08-21T13:36:19.4204549Z Collecting sentence-transformers>=2.7.0 (from -r requirements.txt (line 6))
2025-08-21T13:36:19.4276055Z   Downloading sentence_transformers-5.1.0-py3-none-any.whl.metadata (16 kB)
2025-08-21T13:36:19.4526367Z Collecting httpx>=0.27.0 (from -r requirements.txt (line 7))
2025-08-21T13:36:19.4600687Z   Downloading httpx-0.28.1-py3-none-any.whl.metadata (7.1 kB)
2025-08-21T13:36:19.4846665Z Collecting anyio>=4.5 (from mcp>=1.0.0->-r requirements.txt (line 1))
2025-08-21T13:36:19.4919339Z   Downloading anyio-4.10.0-py3-none-any.whl.metadata (4.0 kB)
2025-08-21T13:36:19.5071462Z Collecting httpx-sse>=0.4 (from mcp>=1.0.0->-r requirements.txt (line 1))
2025-08-21T13:36:19.5142845Z   Downloading httpx_sse-0.4.1-py3-none-any.whl.metadata (9.4 kB)
2025-08-21T13:36:19.5457726Z Collecting jsonschema>=4.20.0 (from mcp>=1.0.0->-r requirements.txt (line 1))
2025-08-21T13:36:19.5533388Z   Downloading jsonschema-4.25.1-py3-none-any.whl.metadata (7.6 kB)
2025-08-21T13:36:19.5752595Z Collecting pydantic-settings>=2.5.2 (from mcp>=1.0.0->-r requirements.txt (line 1))
2025-08-21T13:36:19.5832424Z   Downloading pydantic_settings-2.10.1-py3-none-any.whl.metadata (3.4 kB)
2025-08-21T13:36:19.6107825Z Collecting python-multipart>=0.0.9 (from mcp>=1.0.0->-r requirements.txt (line 1))
2025-08-21T13:36:19.6180835Z   Downloading python_multipart-0.0.20-py3-none-any.whl.metadata (1.8 kB)
2025-08-21T13:36:19.6395590Z Collecting sse-starlette>=1.6.1 (from mcp>=1.0.0->-r requirements.txt (line 1))
2025-08-21T13:36:19.6467036Z   Downloading sse_starlette-3.0.2-py3-none-any.whl.metadata (11 kB)
2025-08-21T13:36:19.6806058Z Collecting starlette>=0.27 (from mcp>=1.0.0->-r requirements.txt (line 1))
2025-08-21T13:36:19.6878124Z   Downloading starlette-0.47.2-py3-none-any.whl.metadata (6.2 kB)
2025-08-21T13:36:19.7191333Z Collecting uvicorn>=0.31.1 (from mcp>=1.0.0->-r requirements.txt (line 1))
2025-08-21T13:36:19.7263935Z   Downloading uvicorn-0.35.0-py3-none-any.whl.metadata (6.5 kB)
2025-08-21T13:36:19.7423985Z Collecting annotated-types>=0.6.0 (from pydantic>=2.7.0->-r requirements.txt (line 5))
2025-08-21T13:36:19.7498083Z   Downloading annotated_types-0.7.0-py3-none-any.whl.metadata (15 kB)
2025-08-21T13:36:20.3761717Z Collecting pydantic-core==2.33.2 (from pydantic>=2.7.0->-r requirements.txt (line 5))
2025-08-21T13:36:20.3841064Z   Downloading pydantic_core-2.33.2-cp311-cp311-manylinux_2_17_x86_64.manylinux2014_x86_64.whl.metadata (6.8 kB)
2025-08-21T13:36:20.4052931Z Collecting typing-extensions>=4.12.2 (from pydantic>=2.7.0->-r requirements.txt (line 5))
2025-08-21T13:36:20.4125275Z   Downloading typing_extensions-4.14.1-py3-none-any.whl.metadata (3.0 kB)
2025-08-21T13:36:20.4271021Z Collecting typing-inspection>=0.4.0 (from pydantic>=2.7.0->-r requirements.txt (line 5))
2025-08-21T13:36:20.4344522Z   Downloading typing_inspection-0.4.1-py3-none-any.whl.metadata (2.6 kB)
2025-08-21T13:36:20.6389209Z Collecting numpy (from pgvector>=0.2.5->-r requirements.txt (line 3))
2025-08-21T13:36:20.6465971Z   Downloading numpy-2.3.2-cp311-cp311-manylinux_2_27_x86_64.manylinux_2_28_x86_64.whl.metadata (62 kB)
2025-08-21T13:36:20.6698317Z Collecting sgmllib3k (from feedparser>=6.0.11->-r requirements.txt (line 4))
2025-08-21T13:36:20.6771238Z   Downloading sgmllib3k-1.0.0.tar.gz (5.8 kB)
2025-08-21T13:36:20.6837759Z   Installing build dependencies: started
2025-08-21T13:36:22.0024572Z   Installing build dependencies: finished with status 'done'
2025-08-21T13:36:22.0031289Z   Getting requirements to build wheel: started
2025-08-21T13:36:22.3726192Z   Getting requirements to build wheel: finished with status 'done'
2025-08-21T13:36:22.3735037Z   Preparing metadata (pyproject.toml): started
2025-08-21T13:36:22.5483618Z   Preparing metadata (pyproject.toml): finished with status 'done'
2025-08-21T13:36:22.5920879Z Collecting transformers<5.0.0,>=4.41.0 (from sentence-transformers>=2.7.0->-r requirements.txt (line 6))
2025-08-21T13:36:22.5996466Z   Downloading transformers-4.55.3-py3-none-any.whl.metadata (41 kB)
2025-08-21T13:36:22.7841418Z Collecting tqdm (from sentence-transformers>=2.7.0->-r requirements.txt (line 6))
2025-08-21T13:36:22.7916361Z   Downloading tqdm-4.67.1-py3-none-any.whl.metadata (57 kB)
2025-08-21T13:36:22.8466639Z Collecting torch>=1.11.0 (from sentence-transformers>=2.7.0->-r requirements.txt (line 6))
2025-08-21T13:36:22.8544779Z   Downloading torch-2.8.0-cp311-cp311-manylinux_2_28_x86_64.whl.metadata (30 kB)
2025-08-21T13:36:22.9426728Z Collecting scikit-learn (from sentence-transformers>=2.7.0->-r requirements.txt (line 6))
2025-08-21T13:36:22.9502330Z   Downloading scikit_learn-1.7.1-cp311-cp311-manylinux2014_x86_64.manylinux_2_17_x86_64.whl.metadata (11 kB)
2025-08-21T13:36:23.0764061Z Collecting scipy (from sentence-transformers>=2.7.0->-r requirements.txt (line 6))
2025-08-21T13:36:23.0840597Z   Downloading scipy-1.16.1-cp311-cp311-manylinux2014_x86_64.manylinux_2_17_x86_64.whl.metadata (61 kB)
2025-08-21T13:36:23.1864043Z Collecting huggingface-hub>=0.20.0 (from sentence-transformers>=2.7.0->-r requirements.txt (line 6))
2025-08-21T13:36:23.1941898Z   Downloading huggingface_hub-0.34.4-py3-none-any.whl.metadata (14 kB)
2025-08-21T13:36:23.3925848Z Collecting Pillow (from sentence-transformers>=2.7.0->-r requirements.txt (line 6))
2025-08-21T13:36:23.4036323Z   Downloading pillow-11.3.0-cp311-cp311-manylinux_2_27_x86_64.manylinux_2_28_x86_64.whl.metadata (9.0 kB)
2025-08-21T13:36:23.4358621Z Collecting filelock (from transformers<5.0.0,>=4.41.0->sentence-transformers>=2.7.0->-r requirements.txt (line 6))
2025-08-21T13:36:23.4433473Z   Downloading filelock-3.19.1-py3-none-any.whl.metadata (2.1 kB)
2025-08-21T13:36:23.4788738Z Collecting packaging>=20.0 (from transformers<5.0.0,>=4.41.0->sentence-transformers>=2.7.0->-r requirements.txt (line 6))
2025-08-21T13:36:23.4861666Z   Downloading packaging-25.0-py3-none-any.whl.metadata (3.3 kB)
2025-08-21T13:36:23.5251372Z Collecting pyyaml>=5.1 (from transformers<5.0.0,>=4.41.0->sentence-transformers>=2.7.0->-r requirements.txt (line 6))
2025-08-21T13:36:23.5328221Z   Downloading PyYAML-6.0.2-cp311-cp311-manylinux_2_17_x86_64.manylinux2014_x86_64.whl.metadata (2.1 kB)
2025-08-21T13:36:23.9047645Z Collecting regex!=2019.12.17 (from transformers<5.0.0,>=4.41.0->sentence-transformers>=2.7.0->-r requirements.txt (line 6))
2025-08-21T13:36:23.9134521Z   Downloading regex-2025.7.34-cp311-cp311-manylinux2014_x86_64.manylinux_2_17_x86_64.manylinux_2_28_x86_64.whl.metadata (40 kB)
2025-08-21T13:36:23.9464619Z Collecting requests (from transformers<5.0.0,>=4.41.0->sentence-transformers>=2.7.0->-r requirements.txt (line 6))
2025-08-21T13:36:23.9542256Z   Downloading requests-2.32.5-py3-none-any.whl.metadata (4.9 kB)
2025-08-21T13:36:24.1140362Z Collecting tokenizers<0.22,>=0.21 (from transformers<5.0.0,>=4.41.0->sentence-transformers>=2.7.0->-r requirements.txt (line 6))
2025-08-21T13:36:24.1217606Z   Downloading tokenizers-0.21.4-cp39-abi3-manylinux_2_17_x86_64.manylinux2014_x86_64.whl.metadata (6.7 kB)
2025-08-21T13:36:24.2414868Z Collecting safetensors>=0.4.3 (from transformers<5.0.0,>=4.41.0->sentence-transformers>=2.7.0->-r requirements.txt (line 6))
2025-08-21T13:36:24.2494553Z   Downloading safetensors-0.6.2-cp38-abi3-manylinux_2_17_x86_64.manylinux2014_x86_64.whl.metadata (4.1 kB)
2025-08-21T13:36:24.2965102Z Collecting fsspec>=2023.5.0 (from huggingface-hub>=0.20.0->sentence-transformers>=2.7.0->-r requirements.txt (line 6))
2025-08-21T13:36:24.3037565Z   Downloading fsspec-2025.7.0-py3-none-any.whl.metadata (12 kB)
2025-08-21T13:36:24.3816989Z Collecting hf-xet<2.0.0,>=1.1.3 (from huggingface-hub>=0.20.0->sentence-transformers>=2.7.0->-r requirements.txt (line 6))
2025-08-21T13:36:24.3891282Z   Downloading hf_xet-1.1.8-cp37-abi3-manylinux_2_17_x86_64.manylinux2014_x86_64.whl.metadata (703 bytes)
2025-08-21T13:36:24.4241219Z Collecting certifi (from httpx>=0.27.0->-r requirements.txt (line 7))
2025-08-21T13:36:24.4346851Z   Downloading certifi-2025.8.3-py3-none-any.whl.metadata (2.4 kB)
2025-08-21T13:36:24.4578652Z Collecting httpcore==1.* (from httpx>=0.27.0->-r requirements.txt (line 7))
2025-08-21T13:36:24.4648772Z   Downloading httpcore-1.0.9-py3-none-any.whl.metadata (21 kB)
2025-08-21T13:36:24.5491594Z Collecting idna (from httpx>=0.27.0->-r requirements.txt (line 7))
2025-08-21T13:36:24.5587723Z   Downloading idna-3.10-py3-none-any.whl.metadata (10 kB)
2025-08-21T13:36:24.5752354Z Collecting h11>=0.16 (from httpcore==1.*->httpx>=0.27.0->-r requirements.txt (line 7))
2025-08-21T13:36:24.5823621Z   Downloading h11-0.16.0-py3-none-any.whl.metadata (8.3 kB)
2025-08-21T13:36:24.6001593Z Collecting sniffio>=1.1 (from anyio>=4.5->mcp>=1.0.0->-r requirements.txt (line 1))
2025-08-21T13:36:24.6074677Z   Downloading sniffio-1.3.1-py3-none-any.whl.metadata (3.9 kB)
2025-08-21T13:36:24.6302906Z Collecting attrs>=22.2.0 (from jsonschema>=4.20.0->mcp>=1.0.0->-r requirements.txt (line 1))
2025-08-21T13:36:24.6372616Z   Downloading attrs-25.3.0-py3-none-any.whl.metadata (10 kB)
2025-08-21T13:36:24.6608935Z Collecting jsonschema-specifications>=2023.03.6 (from jsonschema>=4.20.0->mcp>=1.0.0->-r requirements.txt (line 1))
2025-08-21T13:36:24.6680309Z   Downloading jsonschema_specifications-2025.4.1-py3-none-any.whl.metadata (2.9 kB)
2025-08-21T13:36:24.6966470Z Collecting referencing>=0.28.4 (from jsonschema>=4.20.0->mcp>=1.0.0->-r requirements.txt (line 1))
2025-08-21T13:36:24.7039161Z   Downloading referencing-0.36.2-py3-none-any.whl.metadata (2.8 kB)
2025-08-21T13:36:24.9563699Z Collecting rpds-py>=0.7.1 (from jsonschema>=4.20.0->mcp>=1.0.0->-r requirements.txt (line 1))
2025-08-21T13:36:24.9640542Z   Downloading rpds_py-0.27.0-cp311-cp311-manylinux_2_17_x86_64.manylinux2014_x86_64.whl.metadata (4.2 kB)
2025-08-21T13:36:25.1181679Z Collecting psycopg-binary==3.2.9 (from psycopg[binary]>=3.2.1->-r requirements.txt (line 2))
2025-08-21T13:36:25.1265684Z   Downloading psycopg_binary-3.2.9-cp311-cp311-manylinux_2_17_x86_64.manylinux2014_x86_64.whl.metadata (2.9 kB)
2025-08-21T13:36:25.1509677Z Collecting python-dotenv>=0.21.0 (from pydantic-settings>=2.5.2->mcp>=1.0.0->-r requirements.txt (line 1))
2025-08-21T13:36:25.1588571Z   Downloading python_dotenv-1.1.1-py3-none-any.whl.metadata (24 kB)
2025-08-21T13:36:25.2178495Z Collecting sympy>=1.13.3 (from torch>=1.11.0->sentence-transformers>=2.7.0->-r requirements.txt (line 6))
2025-08-21T13:36:25.2254017Z   Downloading sympy-1.14.0-py3-none-any.whl.metadata (12 kB)
2025-08-21T13:36:25.2532354Z Collecting networkx (from torch>=1.11.0->sentence-transformers>=2.7.0->-r requirements.txt (line 6))
2025-08-21T13:36:25.2609952Z   Downloading networkx-3.5-py3-none-any.whl.metadata (6.3 kB)
2025-08-21T13:36:25.2868655Z Collecting jinja2 (from torch>=1.11.0->sentence-transformers>=2.7.0->-r requirements.txt (line 6))
2025-08-21T13:36:25.2947076Z   Downloading jinja2-3.1.6-py3-none-any.whl.metadata (2.9 kB)
2025-08-21T13:36:25.3132956Z Collecting nvidia-cuda-nvrtc-cu12==12.8.93 (from torch>=1.11.0->sentence-transformers>=2.7.0->-r requirements.txt (line 6))
2025-08-21T13:36:25.3210059Z   Downloading nvidia_cuda_nvrtc_cu12-12.8.93-py3-none-manylinux2010_x86_64.manylinux_2_12_x86_64.whl.metadata (1.7 kB)
2025-08-21T13:36:25.3379706Z Collecting nvidia-cuda-runtime-cu12==12.8.90 (from torch>=1.11.0->sentence-transformers>=2.7.0->-r requirements.txt (line 6))
2025-08-21T13:36:25.3453517Z   Downloading nvidia_cuda_runtime_cu12-12.8.90-py3-none-manylinux2014_x86_64.manylinux_2_17_x86_64.whl.metadata (1.7 kB)
2025-08-21T13:36:25.3621893Z Collecting nvidia-cuda-cupti-cu12==12.8.90 (from torch>=1.11.0->sentence-transformers>=2.7.0->-r requirements.txt (line 6))
2025-08-21T13:36:25.3707680Z   Downloading nvidia_cuda_cupti_cu12-12.8.90-py3-none-manylinux2014_x86_64.manylinux_2_17_x86_64.whl.metadata (1.7 kB)
2025-08-21T13:36:25.3892719Z Collecting nvidia-cudnn-cu12==9.10.2.21 (from torch>=1.11.0->sentence-transformers>=2.7.0->-r requirements.txt (line 6))
2025-08-21T13:36:25.3968187Z   Downloading nvidia_cudnn_cu12-9.10.2.21-py3-none-manylinux_2_27_x86_64.whl.metadata (1.8 kB)
2025-08-21T13:36:25.4144610Z Collecting nvidia-cublas-cu12==12.8.4.1 (from torch>=1.11.0->sentence-transformers>=2.7.0->-r requirements.txt (line 6))
2025-08-21T13:36:25.4218074Z   Downloading nvidia_cublas_cu12-12.8.4.1-py3-none-manylinux_2_27_x86_64.whl.metadata (1.7 kB)
2025-08-21T13:36:25.4392667Z Collecting nvidia-cufft-cu12==11.3.3.83 (from torch>=1.11.0->sentence-transformers>=2.7.0->-r requirements.txt (line 6))
2025-08-21T13:36:25.4468844Z   Downloading nvidia_cufft_cu12-11.3.3.83-py3-none-manylinux2014_x86_64.manylinux_2_17_x86_64.whl.metadata (1.7 kB)
2025-08-21T13:36:25.4639137Z Collecting nvidia-curand-cu12==10.3.9.90 (from torch>=1.11.0->sentence-transformers>=2.7.0->-r requirements.txt (line 6))
2025-08-21T13:36:25.4711643Z   Downloading nvidia_curand_cu12-10.3.9.90-py3-none-manylinux_2_27_x86_64.whl.metadata (1.7 kB)
2025-08-21T13:36:25.4879730Z Collecting nvidia-cusolver-cu12==11.7.3.90 (from torch>=1.11.0->sentence-transformers>=2.7.0->-r requirements.txt (line 6))
2025-08-21T13:36:25.4955461Z   Downloading nvidia_cusolver_cu12-11.7.3.90-py3-none-manylinux_2_27_x86_64.whl.metadata (1.8 kB)
2025-08-21T13:36:25.5119381Z Collecting nvidia-cusparse-cu12==12.5.8.93 (from torch>=1.11.0->sentence-transformers>=2.7.0->-r requirements.txt (line 6))
2025-08-21T13:36:25.5191063Z   Downloading nvidia_cusparse_cu12-12.5.8.93-py3-none-manylinux2014_x86_64.manylinux_2_17_x86_64.whl.metadata (1.8 kB)
2025-08-21T13:36:25.5338174Z Collecting nvidia-cusparselt-cu12==0.7.1 (from torch>=1.11.0->sentence-transformers>=2.7.0->-r requirements.txt (line 6))
2025-08-21T13:36:25.5411514Z   Downloading nvidia_cusparselt_cu12-0.7.1-py3-none-manylinux2014_x86_64.whl.metadata (7.0 kB)
2025-08-21T13:36:25.5567078Z Collecting nvidia-nccl-cu12==2.27.3 (from torch>=1.11.0->sentence-transformers>=2.7.0->-r requirements.txt (line 6))
2025-08-21T13:36:25.5639096Z   Downloading nvidia_nccl_cu12-2.27.3-py3-none-manylinux2014_x86_64.manylinux_2_17_x86_64.whl.metadata (2.0 kB)
2025-08-21T13:36:25.5806923Z Collecting nvidia-nvtx-cu12==12.8.90 (from torch>=1.11.0->sentence-transformers>=2.7.0->-r requirements.txt (line 6))
2025-08-21T13:36:25.5878157Z   Downloading nvidia_nvtx_cu12-12.8.90-py3-none-manylinux2014_x86_64.manylinux_2_17_x86_64.whl.metadata (1.8 kB)
2025-08-21T13:36:25.6047034Z Collecting nvidia-nvjitlink-cu12==12.8.93 (from torch>=1.11.0->sentence-transformers>=2.7.0->-r requirements.txt (line 6))
2025-08-21T13:36:25.6122063Z   Downloading nvidia_nvjitlink_cu12-12.8.93-py3-none-manylinux2010_x86_64.manylinux_2_12_x86_64.whl.metadata (1.7 kB)
2025-08-21T13:36:25.6258393Z Collecting nvidia-cufile-cu12==1.13.1.3 (from torch>=1.11.0->sentence-transformers>=2.7.0->-r requirements.txt (line 6))
2025-08-21T13:36:25.6336434Z   Downloading nvidia_cufile_cu12-1.13.1.3-py3-none-manylinux2014_x86_64.manylinux_2_17_x86_64.whl.metadata (1.7 kB)
2025-08-21T13:36:25.6518483Z Collecting triton==3.4.0 (from torch>=1.11.0->sentence-transformers>=2.7.0->-r requirements.txt (line 6))
2025-08-21T13:36:25.6590019Z   Downloading triton-3.4.0-cp311-cp311-manylinux_2_27_x86_64.manylinux_2_28_x86_64.whl.metadata (1.7 kB)
2025-08-21T13:36:25.6822595Z Requirement already satisfied: setuptools>=40.8.0 in /opt/hostedtoolcache/Python/3.11.13/x64/lib/python3.11/site-packages (from triton==3.4.0->torch>=1.11.0->sentence-transformers>=2.7.0->-r requirements.txt (line 6)) (65.5.0)
2025-08-21T13:36:25.7025766Z Collecting mpmath<1.4,>=1.1.0 (from sympy>=1.13.3->torch>=1.11.0->sentence-transformers>=2.7.0->-r requirements.txt (line 6))
2025-08-21T13:36:25.7096014Z   Downloading mpmath-1.3.0-py3-none-any.whl.metadata (8.6 kB)
2025-08-21T13:36:25.7433479Z Collecting click>=7.0 (from uvicorn>=0.31.1->mcp>=1.0.0->-r requirements.txt (line 1))
2025-08-21T13:36:25.7510997Z   Downloading click-8.2.1-py3-none-any.whl.metadata (2.5 kB)
2025-08-21T13:36:25.8108283Z Collecting MarkupSafe>=2.0 (from jinja2->torch>=1.11.0->sentence-transformers>=2.7.0->-r requirements.txt (line 6))
2025-08-21T13:36:25.8188313Z   Downloading MarkupSafe-3.0.2-cp311-cp311-manylinux_2_17_x86_64.manylinux2014_x86_64.whl.metadata (4.0 kB)
2025-08-21T13:36:25.9875626Z Collecting charset_normalizer<4,>=2 (from requests->transformers<5.0.0,>=4.41.0->sentence-transformers>=2.7.0->-r requirements.txt (line 6))
2025-08-21T13:36:25.9954963Z   Downloading charset_normalizer-3.4.3-cp311-cp311-manylinux2014_x86_64.manylinux_2_17_x86_64.manylinux_2_28_x86_64.whl.metadata (36 kB)
2025-08-21T13:36:26.0332300Z Collecting urllib3<3,>=1.21.1 (from requests->transformers<5.0.0,>=4.41.0->sentence-transformers>=2.7.0->-r requirements.txt (line 6))
2025-08-21T13:36:26.0409270Z   Downloading urllib3-2.5.0-py3-none-any.whl.metadata (6.5 kB)
2025-08-21T13:36:26.0894144Z Collecting joblib>=1.2.0 (from scikit-learn->sentence-transformers>=2.7.0->-r requirements.txt (line 6))
2025-08-21T13:36:26.0971498Z   Downloading joblib-1.5.1-py3-none-any.whl.metadata (5.6 kB)
2025-08-21T13:36:26.1128117Z Collecting threadpoolctl>=3.1.0 (from scikit-learn->sentence-transformers>=2.7.0->-r requirements.txt (line 6))
2025-08-21T13:36:26.1201236Z   Downloading threadpoolctl-3.6.0-py3-none-any.whl.metadata (13 kB)
2025-08-21T13:36:26.1482398Z Downloading mcp-1.13.0-py3-none-any.whl (160 kB)
2025-08-21T13:36:26.1635744Z Downloading pydantic-2.11.7-py3-none-any.whl (444 kB)
2025-08-21T13:36:26.1790188Z Downloading pydantic_core-2.33.2-cp311-cp311-manylinux_2_17_x86_64.manylinux2014_x86_64.whl (2.0 MB)
2025-08-21T13:36:26.1942727Z    ━━━━━━━━━━━━━━━━━━━━━━━━━━━━━━━━━━━━━━━━ 2.0/2.0 MB 141.7 MB/s  0:00:00
2025-08-21T13:36:26.2016263Z Downloading psycopg-3.2.9-py3-none-any.whl (202 kB)
2025-08-21T13:36:26.2118848Z Downloading pgvector-0.4.1-py3-none-any.whl (27 kB)
2025-08-21T13:36:26.2214742Z Downloading feedparser-6.0.11-py3-none-any.whl (81 kB)
2025-08-21T13:36:26.2309743Z Downloading sentence_transformers-5.1.0-py3-none-any.whl (483 kB)
2025-08-21T13:36:26.2445700Z Downloading transformers-4.55.3-py3-none-any.whl (11.3 MB)
2025-08-21T13:36:26.3091054Z    ━━━━━━━━━━━━━━━━━━━━━━━━━━━━━━━━━━━━━━━━ 11.3/11.3 MB 178.9 MB/s  0:00:00
2025-08-21T13:36:26.3164821Z Downloading huggingface_hub-0.34.4-py3-none-any.whl (561 kB)
2025-08-21T13:36:26.3221365Z    ━━━━━━━━━━━━━━━━━━━━━━━━━━━━━━━━━━━━━━━━ 561.5/561.5 kB 93.0 MB/s  0:00:00
2025-08-21T13:36:26.3324553Z Downloading hf_xet-1.1.8-cp37-abi3-manylinux_2_17_x86_64.manylinux2014_x86_64.whl (3.2 MB)
2025-08-21T13:36:26.3485308Z    ━━━━━━━━━━━━━━━━━━━━━━━━━━━━━━━━━━━━━━━━ 3.2/3.2 MB 212.2 MB/s  0:00:00
2025-08-21T13:36:26.3562406Z Downloading tokenizers-0.21.4-cp39-abi3-manylinux_2_17_x86_64.manylinux2014_x86_64.whl (3.1 MB)
2025-08-21T13:36:26.3717555Z    ━━━━━━━━━━━━━━━━━━━━━━━━━━━━━━━━━━━━━━━━ 3.1/3.1 MB 220.8 MB/s  0:00:00
2025-08-21T13:36:26.3791124Z Downloading httpx-0.28.1-py3-none-any.whl (73 kB)
2025-08-21T13:36:26.3885996Z Downloading httpcore-1.0.9-py3-none-any.whl (78 kB)
2025-08-21T13:36:26.3979024Z Downloading annotated_types-0.7.0-py3-none-any.whl (13 kB)
2025-08-21T13:36:26.4069422Z Downloading anyio-4.10.0-py3-none-any.whl (107 kB)
2025-08-21T13:36:26.4161047Z Downloading fsspec-2025.7.0-py3-none-any.whl (199 kB)
2025-08-21T13:36:26.4268975Z Downloading h11-0.16.0-py3-none-any.whl (37 kB)
2025-08-21T13:36:26.4358419Z Downloading httpx_sse-0.4.1-py3-none-any.whl (8.1 kB)
2025-08-21T13:36:26.4449745Z Downloading idna-3.10-py3-none-any.whl (70 kB)
2025-08-21T13:36:26.4542222Z Downloading jsonschema-4.25.1-py3-none-any.whl (90 kB)
2025-08-21T13:36:26.4635986Z Downloading attrs-25.3.0-py3-none-any.whl (63 kB)
2025-08-21T13:36:26.4726426Z Downloading jsonschema_specifications-2025.4.1-py3-none-any.whl (18 kB)
2025-08-21T13:36:26.4814732Z Downloading numpy-2.3.2-cp311-cp311-manylinux_2_27_x86_64.manylinux_2_28_x86_64.whl (16.9 MB)
2025-08-21T13:36:26.5528180Z    ━━━━━━━━━━━━━━━━━━━━━━━━━━━━━━━━━━━━━━━━ 16.9/16.9 MB 242.7 MB/s  0:00:00
2025-08-21T13:36:26.5603428Z Downloading packaging-25.0-py3-none-any.whl (66 kB)
2025-08-21T13:36:26.5702976Z Downloading psycopg_binary-3.2.9-cp311-cp311-manylinux_2_17_x86_64.manylinux2014_x86_64.whl (4.5 MB)
2025-08-21T13:36:26.6161392Z    ━━━━━━━━━━━━━━━━━━━━━━━━━━━━━━━━━━━━━━━━ 4.5/4.5 MB 105.9 MB/s  0:00:00
2025-08-21T13:36:26.6234079Z Downloading pydantic_settings-2.10.1-py3-none-any.whl (45 kB)
2025-08-21T13:36:26.6323960Z Downloading python_dotenv-1.1.1-py3-none-any.whl (20 kB)
2025-08-21T13:36:26.6429373Z Downloading python_multipart-0.0.20-py3-none-any.whl (24 kB)
2025-08-21T13:36:26.6518980Z Downloading PyYAML-6.0.2-cp311-cp311-manylinux_2_17_x86_64.manylinux2014_x86_64.whl (762 kB)
2025-08-21T13:36:26.6581929Z    ━━━━━━━━━━━━━━━━━━━━━━━━━━━━━━━━━━━━━━━━ 763.0/763.0 kB 126.0 MB/s  0:00:00
2025-08-21T13:36:26.6652603Z Downloading referencing-0.36.2-py3-none-any.whl (26 kB)
2025-08-21T13:36:26.6742163Z Downloading regex-2025.7.34-cp311-cp311-manylinux2014_x86_64.manylinux_2_17_x86_64.manylinux_2_28_x86_64.whl (798 kB)
2025-08-21T13:36:26.6809587Z    ━━━━━━━━━━━━━━━━━━━━━━━━━━━━━━━━━━━━━━━━ 798.9/798.9 kB 123.0 MB/s  0:00:00
2025-08-21T13:36:26.6881470Z Downloading rpds_py-0.27.0-cp311-cp311-manylinux_2_17_x86_64.manylinux2014_x86_64.whl (383 kB)
2025-08-21T13:36:26.6992484Z Downloading safetensors-0.6.2-cp38-abi3-manylinux_2_17_x86_64.manylinux2014_x86_64.whl (485 kB)
2025-08-21T13:36:26.7102633Z Downloading sniffio-1.3.1-py3-none-any.whl (10 kB)
2025-08-21T13:36:26.7197643Z Downloading sse_starlette-3.0.2-py3-none-any.whl (11 kB)
2025-08-21T13:36:26.7286461Z Downloading starlette-0.47.2-py3-none-any.whl (72 kB)
2025-08-21T13:36:26.7381800Z Downloading torch-2.8.0-cp311-cp311-manylinux_2_28_x86_64.whl (888.1 MB)
2025-08-21T13:36:34.8723579Z    ━━━━━━━━━━━━━━━━━━━━━━━━━━━━━━━━━━━━━━━━ 888.1/888.1 MB 54.1 MB/s  0:00:08
2025-08-21T13:36:34.8799638Z Downloading nvidia_cublas_cu12-12.8.4.1-py3-none-manylinux_2_27_x86_64.whl (594.3 MB)
2025-08-21T13:36:40.5622977Z    ━━━━━━━━━━━━━━━━━━━━━━━━━━━━━━━━━━━━━━━━ 594.3/594.3 MB 59.4 MB/s  0:00:05
2025-08-21T13:36:40.5702604Z Downloading nvidia_cuda_cupti_cu12-12.8.90-py3-none-manylinux2014_x86_64.manylinux_2_17_x86_64.whl (10.2 MB)
2025-08-21T13:36:40.6202339Z    ━━━━━━━━━━━━━━━━━━━━━━━━━━━━━━━━━━━━━━━━ 10.2/10.2 MB 211.9 MB/s  0:00:00
2025-08-21T13:36:40.6290337Z Downloading nvidia_cuda_nvrtc_cu12-12.8.93-py3-none-manylinux2010_x86_64.manylinux_2_12_x86_64.whl (88.0 MB)
2025-08-21T13:36:41.0906286Z    ━━━━━━━━━━━━━━━━━━━━━━━━━━━━━━━━━━━━━━━━ 88.0/88.0 MB 191.3 MB/s  0:00:00
2025-08-21T13:36:41.0987286Z Downloading nvidia_cuda_runtime_cu12-12.8.90-py3-none-manylinux2014_x86_64.manylinux_2_17_x86_64.whl (954 kB)
2025-08-21T13:36:41.1210629Z    ━━━━━━━━━━━━━━━━━━━━━━━━━━━━━━━━━━━━━━━━ 954.8/954.8 kB 46.4 MB/s  0:00:00
2025-08-21T13:36:41.1283085Z Downloading nvidia_cudnn_cu12-9.10.2.21-py3-none-manylinux_2_27_x86_64.whl (706.8 MB)
2025-08-21T13:36:47.5346203Z    ━━━━━━━━━━━━━━━━━━━━━━━━━━━━━━━━━━━━━━━━ 706.8/706.8 MB 55.3 MB/s  0:00:06
2025-08-21T13:36:47.5427070Z Downloading nvidia_cufft_cu12-11.3.3.83-py3-none-manylinux2014_x86_64.manylinux_2_17_x86_64.whl (193.1 MB)
2025-08-21T13:36:48.8416993Z    ━━━━━━━━━━━━━━━━━━━━━━━━━━━━━━━━━━━━━━━━ 193.1/193.1 MB 148.8 MB/s  0:00:01
2025-08-21T13:36:48.8498186Z Downloading nvidia_cufile_cu12-1.13.1.3-py3-none-manylinux2014_x86_64.manylinux_2_17_x86_64.whl (1.2 MB)
2025-08-21T13:36:48.8605481Z    ━━━━━━━━━━━━━━━━━━━━━━━━━━━━━━━━━━━━━━━━ 1.2/1.2 MB 112.5 MB/s  0:00:00
2025-08-21T13:36:48.8679648Z Downloading nvidia_curand_cu12-10.3.9.90-py3-none-manylinux_2_27_x86_64.whl (63.6 MB)
2025-08-21T13:36:49.2524751Z    ━━━━━━━━━━━━━━━━━━━━━━━━━━━━━━━━━━━━━━━━ 63.6/63.6 MB 166.3 MB/s  0:00:00
2025-08-21T13:36:49.2601973Z Downloading nvidia_cusolver_cu12-11.7.3.90-py3-none-manylinux_2_27_x86_64.whl (267.5 MB)
2025-08-21T13:36:51.1406676Z    ━━━━━━━━━━━━━━━━━━━━━━━━━━━━━━━━━━━━━━━━ 267.5/267.5 MB 141.2 MB/s  0:00:01
2025-08-21T13:36:51.1488907Z Downloading nvidia_cusparse_cu12-12.5.8.93-py3-none-manylinux2014_x86_64.manylinux_2_17_x86_64.whl (288.2 MB)
2025-08-21T13:36:54.6037602Z    ━━━━━━━━━━━━━━━━━━━━━━━━━━━━━━━━━━━━━━━━ 288.2/288.2 MB 79.1 MB/s  0:00:03
2025-08-21T13:36:54.6115823Z Downloading nvidia_cusparselt_cu12-0.7.1-py3-none-manylinux2014_x86_64.whl (287.2 MB)
2025-08-21T13:36:56.8045558Z    ━━━━━━━━━━━━━━━━━━━━━━━━━━━━━━━━━━━━━━━━ 287.2/287.2 MB 128.2 MB/s  0:00:02
2025-08-21T13:36:56.8125393Z Downloading nvidia_nccl_cu12-2.27.3-py3-none-manylinux2014_x86_64.manylinux_2_17_x86_64.whl (322.4 MB)
2025-08-21T13:37:00.0598563Z    ━━━━━━━━━━━━━━━━━━━━━━━━━━━━━━━━━━━━━━━━ 322.4/322.4 MB 90.8 MB/s  0:00:03
2025-08-21T13:37:00.0677703Z Downloading nvidia_nvjitlink_cu12-12.8.93-py3-none-manylinux2010_x86_64.manylinux_2_12_x86_64.whl (39.3 MB)
2025-08-21T13:37:00.2778165Z    ━━━━━━━━━━━━━━━━━━━━━━━━━━━━━━━━━━━━━━━━ 39.3/39.3 MB 188.0 MB/s  0:00:00
2025-08-21T13:37:00.2853958Z Downloading nvidia_nvtx_cu12-12.8.90-py3-none-manylinux2014_x86_64.manylinux_2_17_x86_64.whl (89 kB)
2025-08-21T13:37:00.2960532Z Downloading triton-3.4.0-cp311-cp311-manylinux_2_27_x86_64.manylinux_2_28_x86_64.whl (155.5 MB)
2025-08-21T13:37:01.2175051Z    ━━━━━━━━━━━━━━━━━━━━━━━━━━━━━━━━━━━━━━━━ 155.5/155.5 MB 169.5 MB/s  0:00:00
2025-08-21T13:37:01.2252184Z Downloading sympy-1.14.0-py3-none-any.whl (6.3 MB)
2025-08-21T13:37:01.2607324Z    ━━━━━━━━━━━━━━━━━━━━━━━━━━━━━━━━━━━━━━━━ 6.3/6.3 MB 183.1 MB/s  0:00:00
2025-08-21T13:37:01.2682680Z Downloading mpmath-1.3.0-py3-none-any.whl (536 kB)
2025-08-21T13:37:01.2737486Z    ━━━━━━━━━━━━━━━━━━━━━━━━━━━━━━━━━━━━━━━━ 536.2/536.2 kB 85.0 MB/s  0:00:00
2025-08-21T13:37:01.2811531Z Downloading tqdm-4.67.1-py3-none-any.whl (78 kB)
2025-08-21T13:37:01.2904677Z Downloading typing_extensions-4.14.1-py3-none-any.whl (43 kB)
2025-08-21T13:37:01.2995346Z Downloading typing_inspection-0.4.1-py3-none-any.whl (14 kB)
2025-08-21T13:37:01.3091767Z Downloading uvicorn-0.35.0-py3-none-any.whl (66 kB)
2025-08-21T13:37:01.3184103Z Downloading click-8.2.1-py3-none-any.whl (102 kB)
2025-08-21T13:37:01.3281521Z Downloading certifi-2025.8.3-py3-none-any.whl (161 kB)
2025-08-21T13:37:01.3399437Z Downloading filelock-3.19.1-py3-none-any.whl (15 kB)
2025-08-21T13:37:01.3494840Z Downloading jinja2-3.1.6-py3-none-any.whl (134 kB)
2025-08-21T13:37:01.3591648Z Downloading MarkupSafe-3.0.2-cp311-cp311-manylinux_2_17_x86_64.manylinux2014_x86_64.whl (23 kB)
2025-08-21T13:37:01.3685053Z Downloading networkx-3.5-py3-none-any.whl (2.0 MB)
2025-08-21T13:37:01.3823515Z    ━━━━━━━━━━━━━━━━━━━━━━━━━━━━━━━━━━━━━━━━ 2.0/2.0 MB 155.5 MB/s  0:00:00
2025-08-21T13:37:01.3899704Z Downloading pillow-11.3.0-cp311-cp311-manylinux_2_27_x86_64.manylinux_2_28_x86_64.whl (6.6 MB)
2025-08-21T13:37:01.4274923Z    ━━━━━━━━━━━━━━━━━━━━━━━━━━━━━━━━━━━━━━━━ 6.6/6.6 MB 182.0 MB/s  0:00:00
2025-08-21T13:37:01.4349908Z Downloading requests-2.32.5-py3-none-any.whl (64 kB)
2025-08-21T13:37:01.4470509Z Downloading charset_normalizer-3.4.3-cp311-cp311-manylinux2014_x86_64.manylinux_2_17_x86_64.manylinux_2_28_x86_64.whl (150 kB)
2025-08-21T13:37:01.4571330Z Downloading urllib3-2.5.0-py3-none-any.whl (129 kB)
2025-08-21T13:37:01.4669300Z Downloading scikit_learn-1.7.1-cp311-cp311-manylinux2014_x86_64.manylinux_2_17_x86_64.whl (9.7 MB)
2025-08-21T13:37:01.5553034Z    ━━━━━━━━━━━━━━━━━━━━━━━━━━━━━━━━━━━━━━━━ 9.7/9.7 MB 111.1 MB/s  0:00:00
2025-08-21T13:37:01.5629397Z Downloading joblib-1.5.1-py3-none-any.whl (307 kB)
2025-08-21T13:37:01.5736876Z Downloading scipy-1.16.1-cp311-cp311-manylinux2014_x86_64.manylinux_2_17_x86_64.whl (35.4 MB)
2025-08-21T13:37:01.7706286Z    ━━━━━━━━━━━━━━━━━━━━━━━━━━━━━━━━━━━━━━━━ 35.4/35.4 MB 180.8 MB/s  0:00:00
2025-08-21T13:37:01.7780379Z Downloading threadpoolctl-3.6.0-py3-none-any.whl (18 kB)
2025-08-21T13:37:04.7625731Z Building wheels for collected packages: sgmllib3k
2025-08-21T13:37:04.7633506Z   Building wheel for sgmllib3k (pyproject.toml): started
2025-08-21T13:37:04.9652669Z   Building wheel for sgmllib3k (pyproject.toml): finished with status 'done'
2025-08-21T13:37:04.9659902Z   Created wheel for sgmllib3k: filename=sgmllib3k-1.0.0-py3-none-any.whl size=6089 sha256=8b98c48e127aae587e064793baa0ee02b97d4261a970d39388fdd73e8037a59a
2025-08-21T13:37:04.9661736Z   Stored in directory: /home/runner/.cache/pip/wheels/3b/25/2a/105d6a15df6914f4d15047691c6c28f9052cc1173e40285d03
2025-08-21T13:37:04.9676739Z Successfully built sgmllib3k
2025-08-21T13:37:05.1733855Z Installing collected packages: sgmllib3k, nvidia-cusparselt-cu12, mpmath, urllib3, typing-extensions, triton, tqdm, threadpoolctl, sympy, sniffio, safetensors, rpds-py, regex, pyyaml, python-multipart, python-dotenv, psycopg-binary, Pillow, packaging, nvidia-nvtx-cu12, nvidia-nvjitlink-cu12, nvidia-nccl-cu12, nvidia-curand-cu12, nvidia-cufile-cu12, nvidia-cuda-runtime-cu12, nvidia-cuda-nvrtc-cu12, nvidia-cuda-cupti-cu12, nvidia-cublas-cu12, numpy, networkx, MarkupSafe, joblib, idna, httpx-sse, hf-xet, h11, fsspec, filelock, feedparser, click, charset_normalizer, certifi, attrs, annotated-types, uvicorn, typing-inspection, scipy, requests, referencing, pydantic-core, psycopg, pgvector, nvidia-cusparse-cu12, nvidia-cufft-cu12, nvidia-cudnn-cu12, jinja2, httpcore, anyio, starlette, sse-starlette, scikit-learn, pydantic, nvidia-cusolver-cu12, jsonschema-specifications, huggingface-hub, httpx, torch, tokenizers, pydantic-settings, jsonschema, transformers, mcp, sentence-transformers
2025-08-21T13:38:11.4015870Z 
2025-08-21T13:38:11.4055146Z Successfully installed MarkupSafe-3.0.2 Pillow-11.3.0 annotated-types-0.7.0 anyio-4.10.0 attrs-25.3.0 certifi-2025.8.3 charset_normalizer-3.4.3 click-8.2.1 feedparser-6.0.11 filelock-3.19.1 fsspec-2025.7.0 h11-0.16.0 hf-xet-1.1.8 httpcore-1.0.9 httpx-0.28.1 httpx-sse-0.4.1 huggingface-hub-0.34.4 idna-3.10 jinja2-3.1.6 joblib-1.5.1 jsonschema-4.25.1 jsonschema-specifications-2025.4.1 mcp-1.13.0 mpmath-1.3.0 networkx-3.5 numpy-2.3.2 nvidia-cublas-cu12-12.8.4.1 nvidia-cuda-cupti-cu12-12.8.90 nvidia-cuda-nvrtc-cu12-12.8.93 nvidia-cuda-runtime-cu12-12.8.90 nvidia-cudnn-cu12-9.10.2.21 nvidia-cufft-cu12-11.3.3.83 nvidia-cufile-cu12-1.13.1.3 nvidia-curand-cu12-10.3.9.90 nvidia-cusolver-cu12-11.7.3.90 nvidia-cusparse-cu12-12.5.8.93 nvidia-cusparselt-cu12-0.7.1 nvidia-nccl-cu12-2.27.3 nvidia-nvjitlink-cu12-12.8.93 nvidia-nvtx-cu12-12.8.90 packaging-25.0 pgvector-0.4.1 psycopg-3.2.9 psycopg-binary-3.2.9 pydantic-2.11.7 pydantic-core-2.33.2 pydantic-settings-2.10.1 python-dotenv-1.1.1 python-multipart-0.0.20 pyyaml-6.0.2 referencing-0.36.2 regex-2025.7.34 requests-2.32.5 rpds-py-0.27.0 safetensors-0.6.2 scikit-learn-1.7.1 scipy-1.16.1 sentence-transformers-5.1.0 sgmllib3k-1.0.0 sniffio-1.3.1 sse-starlette-3.0.2 starlette-0.47.2 sympy-1.14.0 threadpoolctl-3.6.0 tokenizers-0.21.4 torch-2.8.0 tqdm-4.67.1 transformers-4.55.3 triton-3.4.0 typing-extensions-4.14.1 typing-inspection-0.4.1 urllib3-2.5.0 uvicorn-0.35.0
2025-08-21T13:38:13.1379574Z Requirement already satisfied: pgvector in /opt/hostedtoolcache/Python/3.11.13/x64/lib/python3.11/site-packages (0.4.1)
2025-08-21T13:38:13.1382769Z Requirement already satisfied: psycopg[binary] in /opt/hostedtoolcache/Python/3.11.13/x64/lib/python3.11/site-packages (3.2.9)
2025-08-21T13:38:13.1400529Z Requirement already satisfied: typing-extensions>=4.6 in /opt/hostedtoolcache/Python/3.11.13/x64/lib/python3.11/site-packages (from psycopg[binary]) (4.14.1)
2025-08-21T13:38:13.1411419Z Requirement already satisfied: psycopg-binary==3.2.9 in /opt/hostedtoolcache/Python/3.11.13/x64/lib/python3.11/site-packages (from psycopg[binary]) (3.2.9)
2025-08-21T13:38:13.1455983Z Requirement already satisfied: numpy in /opt/hostedtoolcache/Python/3.11.13/x64/lib/python3.11/site-packages (from pgvector) (2.3.2)
2025-08-21T13:38:13.8034954Z Collecting pytest
2025-08-21T13:38:13.8499841Z   Downloading pytest-8.4.1-py3-none-any.whl.metadata (7.7 kB)
2025-08-21T13:38:13.8667522Z Collecting iniconfig>=1 (from pytest)
2025-08-21T13:38:13.8745907Z   Downloading iniconfig-2.1.0-py3-none-any.whl.metadata (2.7 kB)
2025-08-21T13:38:13.8781175Z Requirement already satisfied: packaging>=20 in /opt/hostedtoolcache/Python/3.11.13/x64/lib/python3.11/site-packages (from pytest) (25.0)
2025-08-21T13:38:13.8943592Z Collecting pluggy<2,>=1.5 (from pytest)
2025-08-21T13:38:13.9016355Z   Downloading pluggy-1.6.0-py3-none-any.whl.metadata (4.8 kB)
2025-08-21T13:38:13.9267215Z Collecting pygments>=2.7.2 (from pytest)
2025-08-21T13:38:13.9347124Z   Downloading pygments-2.19.2-py3-none-any.whl.metadata (2.5 kB)
2025-08-21T13:38:13.9471957Z Downloading pytest-8.4.1-py3-none-any.whl (365 kB)
2025-08-21T13:38:13.9782999Z Downloading pluggy-1.6.0-py3-none-any.whl (20 kB)
2025-08-21T13:38:13.9875591Z Downloading iniconfig-2.1.0-py3-none-any.whl (6.0 kB)
2025-08-21T13:38:13.9966270Z Downloading pygments-2.19.2-py3-none-any.whl (1.2 MB)
2025-08-21T13:38:14.0124517Z    ━━━━━━━━━━━━━━━━━━━━━━━━━━━━━━━━━━━━━━━━ 1.2/1.2 MB 76.7 MB/s  0:00:00
2025-08-21T13:38:14.1732568Z Installing collected packages: pygments, pluggy, iniconfig, pytest
2025-08-21T13:38:15.0504706Z 
2025-08-21T13:38:15.0539752Z Successfully installed iniconfig-2.1.0 pluggy-1.6.0 pygments-2.19.2 pytest-8.4.1
2025-08-21T13:38:15.1224142Z ##[group]Run if [ -f db/schema_v2.sql ]; then
2025-08-21T13:38:15.1224707Z [36;1mif [ -f db/schema_v2.sql ]; then[0m
2025-08-21T13:38:15.1224985Z [36;1m  psql "$DATABASE_URL" -f db/schema_v2.sql[0m
2025-08-21T13:38:15.1225266Z [36;1melse[0m
2025-08-21T13:38:15.1225474Z [36;1m  echo "schema_v2.sql not found; skipping"[0m
2025-08-21T13:38:15.1225770Z [36;1mfi[0m
2025-08-21T13:38:15.1309804Z shell: /usr/bin/bash -e {0}
2025-08-21T13:38:15.1310035Z env:
2025-08-21T13:38:15.1310539Z   DATABASE_URL: ***localhost:5432/testdb
2025-08-21T13:38:15.1310852Z   EMBED_SPACE: bge-m3
2025-08-21T13:38:15.1311067Z   ENABLE_SERVER_EMBEDDING: 0
2025-08-21T13:38:15.1311443Z   pythonLocation: /opt/hostedtoolcache/Python/3.11.13/x64
2025-08-21T13:38:15.1311868Z   PKG_CONFIG_PATH: /opt/hostedtoolcache/Python/3.11.13/x64/lib/pkgconfig
2025-08-21T13:38:15.1312280Z   Python_ROOT_DIR: /opt/hostedtoolcache/Python/3.11.13/x64
2025-08-21T13:38:15.1312693Z   Python2_ROOT_DIR: /opt/hostedtoolcache/Python/3.11.13/x64
2025-08-21T13:38:15.1313188Z   Python3_ROOT_DIR: /opt/hostedtoolcache/Python/3.11.13/x64
2025-08-21T13:38:15.1313689Z   LD_LIBRARY_PATH: /opt/hostedtoolcache/Python/3.11.13/x64/lib
2025-08-21T13:38:15.1314000Z ##[endgroup]
2025-08-21T13:38:15.1847608Z psql:db/schema_v2.sql:4: NOTICE:  extension "vector" already exists, skipping
2025-08-21T13:38:15.1848038Z CREATE EXTENSION
2025-08-21T13:38:15.1930426Z CREATE TABLE
2025-08-21T13:38:15.1942594Z CREATE INDEX
2025-08-21T13:38:15.1952496Z CREATE INDEX
2025-08-21T13:38:15.1990451Z CREATE TABLE
2025-08-21T13:38:15.2016981Z DO
2025-08-21T13:38:15.2027154Z CREATE INDEX
2025-08-21T13:38:15.2054657Z CREATE TABLE
2025-08-21T13:38:15.2074048Z CREATE INDEX
2025-08-21T13:38:15.2079917Z CREATE INDEX
2025-08-21T13:38:15.2117068Z CREATE TABLE
2025-08-21T13:38:15.2146910Z CREATE TABLE
2025-08-21T13:38:15.2175587Z CREATE TABLE
2025-08-21T13:38:15.2205491Z CREATE TABLE
2025-08-21T13:38:15.2228596Z CREATE TABLE
2025-08-21T13:38:15.2263780Z CREATE TABLE
2025-08-21T13:38:15.2280236Z CREATE INDEX
2025-08-21T13:38:15.2287143Z CREATE INDEX
2025-08-21T13:38:15.2300081Z CREATE INDEX
2025-08-21T13:38:15.2301499Z psql:db/schema_v2.sql:120: NOTICE:  column "author" of relation "doc" already exists, skipping
2025-08-21T13:38:15.2303337Z DO
2025-08-21T13:38:15.2342910Z ##[group]Run python -m compileall -q .
2025-08-21T13:38:15.2343224Z [36;1mpython -m compileall -q .[0m
2025-08-21T13:38:15.2385523Z shell: /usr/bin/bash -e {0}
2025-08-21T13:38:15.2385745Z env:
2025-08-21T13:38:15.2386179Z   DATABASE_URL: ***localhost:5432/testdb
2025-08-21T13:38:15.2386418Z   EMBED_SPACE: bge-m3
2025-08-21T13:38:15.2386617Z   ENABLE_SERVER_EMBEDDING: 0
2025-08-21T13:38:15.2386878Z   pythonLocation: /opt/hostedtoolcache/Python/3.11.13/x64
2025-08-21T13:38:15.2387269Z   PKG_CONFIG_PATH: /opt/hostedtoolcache/Python/3.11.13/x64/lib/pkgconfig
2025-08-21T13:38:15.2387656Z   Python_ROOT_DIR: /opt/hostedtoolcache/Python/3.11.13/x64
2025-08-21T13:38:15.2387999Z   Python2_ROOT_DIR: /opt/hostedtoolcache/Python/3.11.13/x64
2025-08-21T13:38:15.2388340Z   Python3_ROOT_DIR: /opt/hostedtoolcache/Python/3.11.13/x64
2025-08-21T13:38:15.2388671Z   LD_LIBRARY_PATH: /opt/hostedtoolcache/Python/3.11.13/x64/lib
2025-08-21T13:38:15.2388950Z ##[endgroup]
2025-08-21T13:38:15.3067235Z ##[group]Run # Limit collection to repo tests to avoid duplicate names in docs/ci_pack
2025-08-21T13:38:15.3067789Z [36;1m# Limit collection to repo tests to avoid duplicate names in docs/ci_pack[0m
2025-08-21T13:38:15.3068169Z [36;1mPYTHONPATH=. pytest -q tests[0m
2025-08-21T13:38:15.3109906Z shell: /usr/bin/bash -e {0}
2025-08-21T13:38:15.3110128Z env:
2025-08-21T13:38:15.3110576Z   DATABASE_URL: ***localhost:5432/testdb
2025-08-21T13:38:15.3110823Z   EMBED_SPACE: bge-m3
2025-08-21T13:38:15.3111018Z   ENABLE_SERVER_EMBEDDING: 0
2025-08-21T13:38:15.3111281Z   pythonLocation: /opt/hostedtoolcache/Python/3.11.13/x64
2025-08-21T13:38:15.3111674Z   PKG_CONFIG_PATH: /opt/hostedtoolcache/Python/3.11.13/x64/lib/pkgconfig
2025-08-21T13:38:15.3112352Z   Python_ROOT_DIR: /opt/hostedtoolcache/Python/3.11.13/x64
2025-08-21T13:38:15.3112699Z   Python2_ROOT_DIR: /opt/hostedtoolcache/Python/3.11.13/x64
2025-08-21T13:38:15.3113045Z   Python3_ROOT_DIR: /opt/hostedtoolcache/Python/3.11.13/x64
2025-08-21T13:38:15.3113403Z   LD_LIBRARY_PATH: /opt/hostedtoolcache/Python/3.11.13/x64/lib
2025-08-21T13:38:15.3113678Z ##[endgroup]
2025-08-21T13:38:28.0517702Z ....F.                                                                   [100%]
2025-08-21T13:38:28.0518339Z =================================== FAILURES ===================================
2025-08-21T13:38:28.0518948Z ________________________ test_semantic_search_fallback _________________________
2025-08-21T13:38:28.0519437Z 
2025-08-21T13:38:28.0519642Z     def test_semantic_search_fallback():
2025-08-21T13:38:28.0520061Z         from mcp_news import server
2025-08-21T13:38:28.0520534Z >       res = server.semantic_search("anything", top_k=5)
2025-08-21T13:38:28.0521105Z               ^^^^^^^^^^^^^^^^^^^^^^^^^^^^^^^^^^^^^^^^^^^
2025-08-21T13:38:28.0521418Z 
2025-08-21T13:38:28.0521583Z tests/test_smoke.py:50: 
2025-08-21T13:38:28.0522016Z _ _ _ _ _ _ _ _ _ _ _ _ _ _ _ _ _ _ _ _ _ _ _ _ _ _ _ _ _ _ _ _ _ _ _ _ _ _ _ _ 
2025-08-21T13:38:28.0522570Z mcp_news/server.py:135: in semantic_search
2025-08-21T13:38:28.0523013Z     cur = conn.execute(
2025-08-21T13:38:28.0523377Z _ _ _ _ _ _ _ _ _ _ _ _ _ _ _ _ _ _ _ _ _ _ _ _ _ _ _ _ _ _ _ _ _ _ _ _ _ _ _ _ 
2025-08-21T13:38:28.0523700Z 
2025-08-21T13:38:28.0523881Z self = <psycopg.Connection [BAD] at 0x7f15b59ee490>
2025-08-21T13:38:28.0525343Z query = '\n            SELECT d.doc_id, d.title_raw, d.published_at,\n                   (SELECT val FROM hint WHERE doc_id=d....on\n            FROM doc d\n            \n            ORDER BY d.published_at DESC\n            LIMIT %s\n            '
2025-08-21T13:38:28.0526493Z params = (5,)
2025-08-21T13:38:28.0526656Z 
2025-08-21T13:38:28.0526760Z     def execute(
2025-08-21T13:38:28.0527086Z         self,
2025-08-21T13:38:28.0527382Z         query: Query,
2025-08-21T13:38:28.0527683Z         params: Params | None = None,
2025-08-21T13:38:28.0528020Z         *,
2025-08-21T13:38:28.0528294Z         prepare: bool | None = None,
2025-08-21T13:38:28.0528647Z         binary: bool = False,
2025-08-21T13:38:28.0529002Z     ) -> Cursor[Row]:
2025-08-21T13:38:28.0529388Z         """Execute a query and return a cursor to read its results."""
2025-08-21T13:38:28.0529838Z         try:
2025-08-21T13:38:28.0530103Z             cur = self.cursor()
2025-08-21T13:38:28.0530414Z             if binary:
2025-08-21T13:38:28.0530701Z                 cur.format = BINARY
2025-08-21T13:38:28.0531020Z     
2025-08-21T13:38:28.0531331Z             return cur.execute(query, params, prepare=prepare)
2025-08-21T13:38:28.0531801Z         except e._NO_TRACEBACK as ex:
2025-08-21T13:38:28.0532201Z >           raise ex.with_traceback(None)
2025-08-21T13:38:28.0533044Z E           psycopg.errors.InFailedSqlTransaction: current transaction is aborted, commands ignored until end of transaction block
2025-08-21T13:38:28.0533796Z 
2025-08-21T13:38:28.0534605Z /opt/hostedtoolcache/Python/3.11.13/x64/lib/python3.11/site-packages/psycopg/connection.py:257: InFailedSqlTransaction
2025-08-21T13:38:28.0535918Z =========================== short test summary info ============================
2025-08-21T13:38:28.0537362Z FAILED tests/test_smoke.py::test_semantic_search_fallback - psycopg.errors.InFailedSqlTransaction: current transaction is aborted, commands ignored until end of transaction block
2025-08-21T13:38:28.0538593Z 1 failed, 5 passed in 11.33s
2025-08-21T13:38:29.0528728Z ##[error]Process completed with exit code 1.
2025-08-21T13:38:29.0610347Z Post job cleanup.
2025-08-21T13:38:29.1597228Z [command]/usr/bin/git version
2025-08-21T13:38:29.1634425Z git version 2.51.0
2025-08-21T13:38:29.1679786Z Temporarily overriding HOME='/home/runner/work/_temp/51a56c4a-7220-4d03-889c-2a5a58c64e65' before making global git config changes
2025-08-21T13:38:29.1681414Z Adding repository directory to the temporary git global config as a safe directory
2025-08-21T13:38:29.1693644Z [command]/usr/bin/git config --global --add safe.directory /home/runner/work/newspaper/newspaper
2025-08-21T13:38:29.1730099Z [command]/usr/bin/git config --local --name-only --get-regexp core\.sshCommand
2025-08-21T13:38:29.1763611Z [command]/usr/bin/git submodule foreach --recursive sh -c "git config --local --name-only --get-regexp 'core\.sshCommand' && git config --local --unset-all 'core.sshCommand' || :"
2025-08-21T13:38:29.2016065Z [command]/usr/bin/git config --local --name-only --get-regexp http\.https\:\/\/github\.com\/\.extraheader
2025-08-21T13:38:29.2037660Z http.https://github.com/.extraheader
2025-08-21T13:38:29.2051050Z [command]/usr/bin/git config --local --unset-all http.https://github.com/.extraheader
2025-08-21T13:38:29.2082217Z [command]/usr/bin/git submodule foreach --recursive sh -c "git config --local --name-only --get-regexp 'http\.https\:\/\/github\.com\/\.extraheader' && git config --local --unset-all 'http.https://github.com/.extraheader' || :"
2025-08-21T13:38:29.2402488Z Print service container logs: 23622b888d4f430aa87e989cd605d3b1_pgvectorpgvectorpg16_7e25d6
2025-08-21T13:38:29.2407585Z ##[command]/usr/bin/docker logs --details 525f74c8f897b15e0dec441b1f85f461c2f5d8d8a938abbe986d0c5d5159e2cb
2025-08-21T13:38:29.2531678Z  The files belonging to this database system will be owned by user "postgres".
2025-08-21T13:38:29.2533972Z  initdb: warning: enabling "trust" authentication for local connections
2025-08-21T13:38:29.2535181Z  initdb: hint: You can change this by editing pg_hba.conf or using the option -A, or --auth-local and --auth-host, the next time you run initdb.
2025-08-21T13:38:29.2536081Z  This user must also own the server process.
2025-08-21T13:38:29.2536484Z  
2025-08-21T13:38:29.2536878Z  The database cluster will be initialized with locale "en_US.utf8".
2025-08-21T13:38:29.2537417Z  The default database encoding has accordingly been set to "UTF8".
2025-08-21T13:38:29.2537882Z  The default text search configuration will be set to "english".
2025-08-21T13:38:29.2538175Z  
2025-08-21T13:38:29.2538344Z  Data page checksums are disabled.
2025-08-21T13:38:29.2538557Z  
2025-08-21T13:38:29.2538808Z  fixing permissions on existing directory /var/lib/postgresql/data ... ok
2025-08-21T13:38:29.2539155Z  creating subdirectories ... ok
2025-08-21T13:38:29.2539437Z  selecting dynamic shared memory implementation ... posix
2025-08-21T13:38:29.2539756Z  selecting default max_connections ... 100
2025-08-21T13:38:29.2540016Z  selecting default shared_buffers ... 128MB
2025-08-21T13:38:29.2540344Z  selecting default time zone ... Etc/UTC
2025-08-21T13:38:29.2540588Z  creating configuration files ... ok
2025-08-21T13:38:29.2540819Z  running bootstrap script ... ok
2025-08-21T13:38:29.2541074Z  performing post-bootstrap initialization ... ok
2025-08-21T13:38:29.2541341Z  syncing data to disk ... ok
2025-08-21T13:38:29.2541526Z  
2025-08-21T13:38:29.2541660Z  
2025-08-21T13:38:29.2541864Z  Success. You can now start the database server using:
2025-08-21T13:38:29.2542123Z  
2025-08-21T13:38:29.2542317Z      pg_ctl -D /var/lib/postgresql/data -l logfile start
2025-08-21T13:38:29.2542561Z  
2025-08-21T13:38:29.2543124Z  waiting for server to start....2025-08-21 13:35:43.743 UTC [48] LOG:  starting PostgreSQL 16.10 (Debian 16.10-1.pgdg12+1) on x86_64-pc-linux-gnu, compiled by gcc (Debian 12.2.0-14+deb12u1) 12.2.0, 64-bit
2025-08-21T13:38:29.2543886Z  2025-08-21 13:35:43.744 UTC [48] LOG:  listening on Unix socket "/var/run/postgresql/.s.PGSQL.5432"
2025-08-21T13:38:29.2544708Z  2025-08-21 13:35:43.747 UTC [51] LOG:  database system was shut down at 2025-08-21 13:35:43 UTC
2025-08-21T13:38:29.2545247Z  2025-08-21 13:35:43.751 UTC [48] LOG:  database system is ready to accept connections
2025-08-21T13:38:29.2545616Z   done
2025-08-21T13:38:29.2546022Z  server started
2025-08-21T13:38:29.2546253Z  CREATE DATABASE
2025-08-21T13:38:29.2546490Z  
2025-08-21T13:38:29.2547925Z  2025-08-21 13:35:44.053 UTC [1] LOG:  starting PostgreSQL 16.10 (Debian 16.10-1.pgdg12+1) on x86_64-pc-linux-gnu, compiled by gcc (Debian 12.2.0-14+deb12u1) 12.2.0, 64-bit
2025-08-21T13:38:29.2549175Z  2025-08-21 13:35:44.054 UTC [1] LOG:  listening on IPv4 address "0.0.0.0", port 5432
2025-08-21T13:38:29.2549692Z  2025-08-21 13:35:44.054 UTC [1] LOG:  listening on IPv6 address "::", port 5432
2025-08-21T13:38:29.2550237Z  2025-08-21 13:35:44.055 UTC [1] LOG:  listening on Unix socket "/var/run/postgresql/.s.PGSQL.5432"
2025-08-21T13:38:29.2550849Z  2025-08-21 13:35:44.058 UTC [64] LOG:  database system was shut down at 2025-08-21 13:35:43 UTC
2025-08-21T13:38:29.2603061Z  2025-08-21 13:35:44.062 UTC [1] LOG:  database system is ready to accept connections
2025-08-21T13:38:29.2603602Z  2025-08-21 13:38:27.234 UTC [214] ERROR:  operator does not exist: vector <=> double precision[] at character 455
2025-08-21T13:38:29.2604467Z  2025-08-21 13:38:27.234 UTC [214] HINT:  No operator matches the given name and argument types. You might need to add explicit type casts.
2025-08-21T13:38:29.2605316Z  2025-08-21 13:38:27.234 UTC [214] STATEMENT:  
2025-08-21T13:38:29.2605625Z  	                    SELECT d.doc_id, d.title_raw, d.published_at,
2025-08-21T13:38:29.2606023Z  	                           (SELECT val FROM hint WHERE doc_id=d.doc_id AND key='genre_hint') AS genre_hint,
2025-08-21T13:38:29.2606368Z  	                           d.url_canon
2025-08-21T13:38:29.2606589Z  	                    FROM chunk_vec v
2025-08-21T13:38:29.2606838Z  	                    JOIN chunk c ON c.chunk_id = v.chunk_id
2025-08-21T13:38:29.2607108Z  	                    JOIN doc d   ON d.doc_id   = c.doc_id
2025-08-21T13:38:29.2607367Z  	                    WHERE v.embedding_space = $1 
2025-08-21T13:38:29.2607615Z  	                    ORDER BY v.emb <=> $2
2025-08-21T13:38:29.2607841Z  	                    LIMIT $3
2025-08-21T13:38:29.2608030Z  	                    
2025-08-21T13:38:29.2608413Z  2025-08-21 13:38:27.283 UTC [214] ERROR:  current transaction is aborted, commands ignored until end of transaction block
2025-08-21T13:38:29.2608862Z  2025-08-21 13:38:27.283 UTC [214] STATEMENT:  
2025-08-21T13:38:29.2609146Z  	            SELECT d.doc_id, d.title_raw, d.published_at,
2025-08-21T13:38:29.2609527Z  	                   (SELECT val FROM hint WHERE doc_id=d.doc_id AND key='genre_hint') AS genre_hint,
2025-08-21T13:38:29.2609871Z  	                   d.url_canon
2025-08-21T13:38:29.2610071Z  	            FROM doc d
2025-08-21T13:38:29.2610249Z  	            
2025-08-21T13:38:29.2610426Z  	            ORDER BY d.published_at DESC
2025-08-21T13:38:29.2610652Z  	            LIMIT $1
2025-08-21T13:38:29.2610814Z  	            
2025-08-21T13:38:29.2610976Z  
2025-08-21T13:38:29.2611272Z  /usr/local/bin/docker-entrypoint.sh: ignoring /docker-entrypoint-initdb.d/*
2025-08-21T13:38:29.2611619Z  
2025-08-21T13:38:29.2611928Z  waiting for server to shut down...2025-08-21 13:35:43.932 UTC [48] LOG:  received fast shutdown request
2025-08-21T13:38:29.2612378Z  .2025-08-21 13:35:43.933 UTC [48] LOG:  aborting any active transactions
2025-08-21T13:38:29.2612874Z  2025-08-21 13:35:43.934 UTC [48] LOG:  background worker "logical replication launcher" (PID 54) exited with exit code 1
2025-08-21T13:38:29.2613340Z  2025-08-21 13:35:43.935 UTC [49] LOG:  shutting down
2025-08-21T13:38:29.2613670Z  2025-08-21 13:35:43.935 UTC [49] LOG:  checkpoint starting: shutdown immediate
2025-08-21T13:38:29.2614682Z  2025-08-21 13:35:43.952 UTC [49] LOG:  checkpoint complete: wrote 922 buffers (5.6%); 0 WAL file(s) added, 0 removed, 0 recycled; write=0.014 s, sync=0.002 s, total=0.018 s; sync files=301, longest=0.001 s, average=0.001 s; distance=4255 kB, estimate=4255 kB; lsn=0/1912100, redo lsn=0/1912100
2025-08-21T13:38:29.2615565Z  2025-08-21 13:35:43.959 UTC [48] LOG:  database system is shut down
2025-08-21T13:38:29.2615835Z   done
2025-08-21T13:38:29.2615990Z  server stopped
2025-08-21T13:38:29.2616159Z  
2025-08-21T13:38:29.2616354Z  PostgreSQL init process complete; ready for start up.
2025-08-21T13:38:29.2616771Z  
2025-08-21T13:38:29.2621858Z Stop and remove container: 23622b888d4f430aa87e989cd605d3b1_pgvectorpgvectorpg16_7e25d6
2025-08-21T13:38:29.2627353Z ##[command]/usr/bin/docker rm --force 525f74c8f897b15e0dec441b1f85f461c2f5d8d8a938abbe986d0c5d5159e2cb
2025-08-21T13:38:31.5019569Z 525f74c8f897b15e0dec441b1f85f461c2f5d8d8a938abbe986d0c5d5159e2cb
2025-08-21T13:38:31.5046879Z Remove container network: github_network_2783030898a4413488f7057f5c58ad8f
2025-08-21T13:38:31.5051430Z ##[command]/usr/bin/docker network rm github_network_2783030898a4413488f7057f5c58ad8f
2025-08-21T13:38:31.6393511Z github_network_2783030898a4413488f7057f5c58ad8f
2025-08-21T13:38:31.6450558Z Cleaning up orphan processes
