2025-08-21T13:26:13.6084499Z Current runner version: '2.328.0'
2025-08-21T13:26:13.6106571Z ##[group]Runner Image Provisioner
2025-08-21T13:26:13.6107383Z Hosted Compute Agent
2025-08-21T13:26:13.6107893Z Version: 20250818.377
2025-08-21T13:26:13.6108703Z Commit: 3c593e9f75fe0b87e893bca80d6e12ba089c61fc
2025-08-21T13:26:13.6109420Z Build Date: 2025-08-18T14:52:18Z
2025-08-21T13:26:13.6110021Z ##[endgroup]
2025-08-21T13:26:13.6110496Z ##[group]Operating System
2025-08-21T13:26:13.6111130Z Ubuntu
2025-08-21T13:26:13.6111574Z 24.04.2
2025-08-21T13:26:13.6112026Z LTS
2025-08-21T13:26:13.6112581Z ##[endgroup]
2025-08-21T13:26:13.6113033Z ##[group]Runner Image
2025-08-21T13:26:13.6113561Z Image: ubuntu-24.04
2025-08-21T13:26:13.6114095Z Version: 20250818.1.0
2025-08-21T13:26:13.6115071Z Included Software: https://github.com/actions/runner-images/blob/ubuntu24/20250818.1/images/ubuntu/Ubuntu2404-Readme.md
2025-08-21T13:26:13.6116619Z Image Release: https://github.com/actions/runner-images/releases/tag/ubuntu24%2F20250818.1
2025-08-21T13:26:13.6117596Z ##[endgroup]
2025-08-21T13:26:13.6118796Z ##[group]GITHUB_TOKEN Permissions
2025-08-21T13:26:13.6120650Z Contents: read
2025-08-21T13:26:13.6121195Z Metadata: read
2025-08-21T13:26:13.6121729Z Packages: read
2025-08-21T13:26:13.6122281Z ##[endgroup]
2025-08-21T13:26:13.6124270Z Secret source: Actions
2025-08-21T13:26:13.6125094Z Prepare workflow directory
2025-08-21T13:26:13.6539555Z Prepare all required actions
2025-08-21T13:26:13.6577862Z Getting action download info
2025-08-21T13:26:14.1190743Z Download action repository 'actions/checkout@v4' (SHA:08eba0b27e820071cde6df949e0beb9ba4906955)
2025-08-21T13:26:14.1887281Z Download action repository 'actions/setup-python@v5' (SHA:a26af69be951a213d495a4c3e4e4022e16d87065)
2025-08-21T13:26:14.3804580Z Complete job name: test
2025-08-21T13:26:14.4346460Z ##[group]Checking docker version
2025-08-21T13:26:14.4359353Z ##[command]/usr/bin/docker version --format '{{.Server.APIVersion}}'
2025-08-21T13:26:15.1339390Z '1.48'
2025-08-21T13:26:15.1352346Z Docker daemon API version: '1.48'
2025-08-21T13:26:15.1353074Z ##[command]/usr/bin/docker version --format '{{.Client.APIVersion}}'
2025-08-21T13:26:15.1503304Z '1.48'
2025-08-21T13:26:15.1515924Z Docker client API version: '1.48'
2025-08-21T13:26:15.1520982Z ##[endgroup]
2025-08-21T13:26:15.1523919Z ##[group]Clean up resources from previous jobs
2025-08-21T13:26:15.1529285Z ##[command]/usr/bin/docker ps --all --quiet --no-trunc --filter "label=4fcf3d"
2025-08-21T13:26:15.1662659Z ##[command]/usr/bin/docker network prune --force --filter "label=4fcf3d"
2025-08-21T13:26:15.1822839Z ##[endgroup]
2025-08-21T13:26:15.1823303Z ##[group]Create local container network
2025-08-21T13:26:15.1832946Z ##[command]/usr/bin/docker network create --label 4fcf3d github_network_556be9ce50c64af5bc02eebd6d219a56
2025-08-21T13:26:15.2330890Z 78a22a83346ac71a5645c0af2b6837fcc7cd0756f47c6e55bc202607996d2b5f
2025-08-21T13:26:15.2349206Z ##[endgroup]
2025-08-21T13:26:15.2373189Z ##[group]Starting postgres service container
2025-08-21T13:26:15.2392158Z ##[command]/usr/bin/docker pull pgvector/pgvector:pg16
2025-08-21T13:26:16.2820649Z pg16: Pulling from pgvector/pgvector
2025-08-21T13:26:16.5491977Z b1badc6e5066: Pulling fs layer
2025-08-21T13:26:16.5493246Z c9cbfca11d34: Pulling fs layer
2025-08-21T13:26:16.5493960Z a759c99e5d9c: Pulling fs layer
2025-08-21T13:26:16.5494859Z f40999643f83: Pulling fs layer
2025-08-21T13:26:16.5495884Z 2c9c8f27f94c: Pulling fs layer
2025-08-21T13:26:16.5496653Z 6019da469dd7: Pulling fs layer
2025-08-21T13:26:16.5497361Z 7960bd43e7e7: Pulling fs layer
2025-08-21T13:26:16.5498026Z f035bce43052: Pulling fs layer
2025-08-21T13:26:16.5498867Z b9daad206a85: Pulling fs layer
2025-08-21T13:26:16.5499540Z 84e9830491e9: Pulling fs layer
2025-08-21T13:26:16.5500246Z 659157e68c9d: Pulling fs layer
2025-08-21T13:26:16.5500914Z 374299179ba1: Pulling fs layer
2025-08-21T13:26:16.5501598Z 712cf9c20649: Pulling fs layer
2025-08-21T13:26:16.5502310Z b1f04bf0c6c5: Pulling fs layer
2025-08-21T13:26:16.5503026Z e75b76a6edac: Pulling fs layer
2025-08-21T13:26:16.5504034Z c658e1e5e610: Pulling fs layer
2025-08-21T13:26:16.5504726Z f035bce43052: Waiting
2025-08-21T13:26:16.5505355Z b9daad206a85: Waiting
2025-08-21T13:26:16.5505979Z 84e9830491e9: Waiting
2025-08-21T13:26:16.5506656Z 659157e68c9d: Waiting
2025-08-21T13:26:16.5507303Z 374299179ba1: Waiting
2025-08-21T13:26:16.5507947Z 712cf9c20649: Waiting
2025-08-21T13:26:16.5508739Z b1f04bf0c6c5: Waiting
2025-08-21T13:26:16.5509398Z e75b76a6edac: Waiting
2025-08-21T13:26:16.5510061Z c658e1e5e610: Waiting
2025-08-21T13:26:16.5510703Z 2c9c8f27f94c: Waiting
2025-08-21T13:26:16.5511493Z 6019da469dd7: Waiting
2025-08-21T13:26:16.5512313Z 7960bd43e7e7: Waiting
2025-08-21T13:26:16.5513199Z f40999643f83: Waiting
2025-08-21T13:26:16.8299738Z c9cbfca11d34: Verifying Checksum
2025-08-21T13:26:16.8301168Z c9cbfca11d34: Download complete
2025-08-21T13:26:16.8621712Z a759c99e5d9c: Verifying Checksum
2025-08-21T13:26:16.8622346Z a759c99e5d9c: Download complete
2025-08-21T13:26:17.0110527Z b1badc6e5066: Verifying Checksum
2025-08-21T13:26:17.0111246Z b1badc6e5066: Download complete
2025-08-21T13:26:17.1205730Z f40999643f83: Verifying Checksum
2025-08-21T13:26:17.1207600Z f40999643f83: Download complete
2025-08-21T13:26:17.2368330Z 2c9c8f27f94c: Verifying Checksum
2025-08-21T13:26:17.2370430Z 2c9c8f27f94c: Download complete
2025-08-21T13:26:17.3590891Z 6019da469dd7: Verifying Checksum
2025-08-21T13:26:17.3591459Z 6019da469dd7: Download complete
2025-08-21T13:26:17.4074194Z 7960bd43e7e7: Verifying Checksum
2025-08-21T13:26:17.4076182Z 7960bd43e7e7: Download complete
2025-08-21T13:26:17.5059223Z f035bce43052: Verifying Checksum
2025-08-21T13:26:17.5059990Z f035bce43052: Download complete
2025-08-21T13:26:17.6641861Z 84e9830491e9: Verifying Checksum
2025-08-21T13:26:17.6643587Z 84e9830491e9: Download complete
2025-08-21T13:26:17.7831707Z 659157e68c9d: Verifying Checksum
2025-08-21T13:26:17.7832337Z 659157e68c9d: Download complete
2025-08-21T13:26:17.9313290Z 374299179ba1: Verifying Checksum
2025-08-21T13:26:17.9313906Z 374299179ba1: Download complete
2025-08-21T13:26:18.0957353Z b1badc6e5066: Pull complete
2025-08-21T13:26:18.1130679Z 712cf9c20649: Verifying Checksum
2025-08-21T13:26:18.1131236Z 712cf9c20649: Download complete
2025-08-21T13:26:18.2225281Z b1f04bf0c6c5: Verifying Checksum
2025-08-21T13:26:18.2226490Z b1f04bf0c6c5: Download complete
2025-08-21T13:26:18.3894786Z e75b76a6edac: Verifying Checksum
2025-08-21T13:26:18.3895359Z e75b76a6edac: Download complete
2025-08-21T13:26:18.5027047Z c658e1e5e610: Download complete
2025-08-21T13:26:18.5321257Z c9cbfca11d34: Pull complete
2025-08-21T13:26:18.6807479Z a759c99e5d9c: Pull complete
2025-08-21T13:26:18.7248389Z f40999643f83: Pull complete
2025-08-21T13:26:19.0321532Z 2c9c8f27f94c: Pull complete
2025-08-21T13:26:19.1290313Z 6019da469dd7: Pull complete
2025-08-21T13:26:19.1401138Z 7960bd43e7e7: Pull complete
2025-08-21T13:26:19.1516510Z f035bce43052: Pull complete
2025-08-21T13:26:19.6675518Z b9daad206a85: Verifying Checksum
2025-08-21T13:26:19.6676139Z b9daad206a85: Download complete
2025-08-21T13:26:22.5228063Z b9daad206a85: Pull complete
2025-08-21T13:26:22.5375136Z 84e9830491e9: Pull complete
2025-08-21T13:26:22.5478436Z 659157e68c9d: Pull complete
2025-08-21T13:26:22.5579764Z 374299179ba1: Pull complete
2025-08-21T13:26:22.5699426Z 712cf9c20649: Pull complete
2025-08-21T13:26:22.5797803Z b1f04bf0c6c5: Pull complete
2025-08-21T13:26:22.6282146Z e75b76a6edac: Pull complete
2025-08-21T13:26:22.7014036Z c658e1e5e610: Pull complete
2025-08-21T13:26:22.7056605Z Digest: sha256:a132765ec351c65111b5b675928a3a0515a466a40f97277329db8b8209ad8bc9
2025-08-21T13:26:22.7070316Z Status: Downloaded newer image for pgvector/pgvector:pg16
2025-08-21T13:26:22.7081982Z docker.io/pgvector/pgvector:pg16
2025-08-21T13:26:22.7141582Z ##[command]/usr/bin/docker create --name 8ecc55e3bec04916ac813eb09acf1b53_pgvectorpgvectorpg16_30a311 --label 4fcf3d --network github_network_556be9ce50c64af5bc02eebd6d219a56 --network-alias postgres -p 5432:5432 --health-cmd="pg_isready -U postgres" --health-interval=10s --health-timeout=5s --health-retries=5 -e "POSTGRES_USER=postgres" -e "POSTGRES_PASSWORD=postgres" -e "POSTGRES_DB=testdb" -e GITHUB_ACTIONS=true -e CI=true pgvector/pgvector:pg16
2025-08-21T13:26:22.7407598Z fb5531f10f80c4db6db8cc930fa9fbe87ce3c841b615a1c1952d7c307b9d0f3e
2025-08-21T13:26:22.7431641Z ##[command]/usr/bin/docker start fb5531f10f80c4db6db8cc930fa9fbe87ce3c841b615a1c1952d7c307b9d0f3e
2025-08-21T13:26:23.0045482Z fb5531f10f80c4db6db8cc930fa9fbe87ce3c841b615a1c1952d7c307b9d0f3e
2025-08-21T13:26:23.0067547Z ##[command]/usr/bin/docker ps --all --filter id=fb5531f10f80c4db6db8cc930fa9fbe87ce3c841b615a1c1952d7c307b9d0f3e --filter status=running --no-trunc --format "{{.ID}} {{.Status}}"
2025-08-21T13:26:23.0197309Z fb5531f10f80c4db6db8cc930fa9fbe87ce3c841b615a1c1952d7c307b9d0f3e Up Less than a second (health: starting)
2025-08-21T13:26:23.0217578Z ##[command]/usr/bin/docker port fb5531f10f80c4db6db8cc930fa9fbe87ce3c841b615a1c1952d7c307b9d0f3e
2025-08-21T13:26:23.0344923Z 5432/tcp -> 0.0.0.0:5432
2025-08-21T13:26:23.0345424Z 5432/tcp -> [::]:5432
2025-08-21T13:26:23.0392491Z ##[endgroup]
2025-08-21T13:26:23.0400991Z ##[group]Waiting for all services to be ready
2025-08-21T13:26:23.0414086Z ##[command]/usr/bin/docker inspect --format="{{if .Config.Healthcheck}}{{print .State.Health.Status}}{{end}}" fb5531f10f80c4db6db8cc930fa9fbe87ce3c841b615a1c1952d7c307b9d0f3e
2025-08-21T13:26:23.0584135Z starting
2025-08-21T13:26:23.0609490Z postgres service is starting, waiting 2 seconds before checking again.
2025-08-21T13:26:25.0610074Z ##[command]/usr/bin/docker inspect --format="{{if .Config.Healthcheck}}{{print .State.Health.Status}}{{end}}" fb5531f10f80c4db6db8cc930fa9fbe87ce3c841b615a1c1952d7c307b9d0f3e
2025-08-21T13:26:25.0727784Z starting
2025-08-21T13:26:25.0746507Z postgres service is starting, waiting 4 seconds before checking again.
2025-08-21T13:26:29.1426624Z ##[command]/usr/bin/docker inspect --format="{{if .Config.Healthcheck}}{{print .State.Health.Status}}{{end}}" fb5531f10f80c4db6db8cc930fa9fbe87ce3c841b615a1c1952d7c307b9d0f3e
2025-08-21T13:26:29.1544777Z starting
2025-08-21T13:26:29.1558064Z postgres service is starting, waiting 7 seconds before checking again.
2025-08-21T13:26:36.6295177Z ##[command]/usr/bin/docker inspect --format="{{if .Config.Healthcheck}}{{print .State.Health.Status}}{{end}}" fb5531f10f80c4db6db8cc930fa9fbe87ce3c841b615a1c1952d7c307b9d0f3e
2025-08-21T13:26:36.6417522Z healthy
2025-08-21T13:26:36.6434631Z postgres service is healthy.
2025-08-21T13:26:36.6435332Z ##[endgroup]
2025-08-21T13:26:36.6672556Z ##[group]Run actions/checkout@v4
2025-08-21T13:26:36.6673090Z with:
2025-08-21T13:26:36.6673282Z   repository: yangnana7/newspaper
2025-08-21T13:26:36.6673665Z   token: ***
2025-08-21T13:26:36.6673854Z   ssh-strict: true
2025-08-21T13:26:36.6674030Z   ssh-user: git
2025-08-21T13:26:36.6674223Z   persist-credentials: true
2025-08-21T13:26:36.6674431Z   clean: true
2025-08-21T13:26:36.6674626Z   sparse-checkout-cone-mode: true
2025-08-21T13:26:36.6674860Z   fetch-depth: 1
2025-08-21T13:26:36.6675062Z   fetch-tags: false
2025-08-21T13:26:36.6675244Z   show-progress: true
2025-08-21T13:26:36.6675432Z   lfs: false
2025-08-21T13:26:36.6675593Z   submodules: false
2025-08-21T13:26:36.6675780Z   set-safe-directory: true
2025-08-21T13:26:36.6676163Z env:
2025-08-21T13:26:36.6676549Z   DATABASE_URL: ***localhost:5432/testdb
2025-08-21T13:26:36.6676793Z   EMBED_SPACE: bge-m3
2025-08-21T13:26:36.6676993Z   ENABLE_SERVER_EMBEDDING: 0
2025-08-21T13:26:36.6677199Z ##[endgroup]
2025-08-21T13:26:36.7718286Z Syncing repository: yangnana7/newspaper
2025-08-21T13:26:36.7719981Z ##[group]Getting Git version info
2025-08-21T13:26:36.7720364Z Working directory is '/home/runner/work/newspaper/newspaper'
2025-08-21T13:26:36.7720900Z [command]/usr/bin/git version
2025-08-21T13:26:36.7754575Z git version 2.51.0
2025-08-21T13:26:36.7779636Z ##[endgroup]
2025-08-21T13:26:36.7791929Z Temporarily overriding HOME='/home/runner/work/_temp/a872716b-93f4-4894-aee8-bc2656c05828' before making global git config changes
2025-08-21T13:26:36.7857649Z Adding repository directory to the temporary git global config as a safe directory
2025-08-21T13:26:36.7858759Z [command]/usr/bin/git config --global --add safe.directory /home/runner/work/newspaper/newspaper
2025-08-21T13:26:36.7860599Z Deleting the contents of '/home/runner/work/newspaper/newspaper'
2025-08-21T13:26:36.7861689Z ##[group]Initializing the repository
2025-08-21T13:26:36.7862266Z [command]/usr/bin/git init /home/runner/work/newspaper/newspaper
2025-08-21T13:26:36.7900012Z hint: Using 'master' as the name for the initial branch. This default branch name
2025-08-21T13:26:36.7900882Z hint: is subject to change. To configure the initial branch name to use in all
2025-08-21T13:26:36.7901668Z hint: of your new repositories, which will suppress this warning, call:
2025-08-21T13:26:36.7902246Z hint:
2025-08-21T13:26:36.7902672Z hint: 	git config --global init.defaultBranch <name>
2025-08-21T13:26:36.7903129Z hint:
2025-08-21T13:26:36.7903574Z hint: Names commonly chosen instead of 'master' are 'main', 'trunk' and
2025-08-21T13:26:36.7904348Z hint: 'development'. The just-created branch can be renamed via this command:
2025-08-21T13:26:36.7904784Z hint:
2025-08-21T13:26:36.7904962Z hint: 	git branch -m <name>
2025-08-21T13:26:36.7905159Z hint:
2025-08-21T13:26:36.7905436Z hint: Disable this message with "git config set advice.defaultBranchName false"
2025-08-21T13:26:36.7905912Z Initialized empty Git repository in /home/runner/work/newspaper/newspaper/.git/
2025-08-21T13:26:36.7913791Z [command]/usr/bin/git remote add origin https://github.com/yangnana7/newspaper
2025-08-21T13:26:36.7945494Z ##[endgroup]
2025-08-21T13:26:36.7945867Z ##[group]Disabling automatic garbage collection
2025-08-21T13:26:36.7949648Z [command]/usr/bin/git config --local gc.auto 0
2025-08-21T13:26:36.7976712Z ##[endgroup]
2025-08-21T13:26:36.7977111Z ##[group]Setting up auth
2025-08-21T13:26:36.7983475Z [command]/usr/bin/git config --local --name-only --get-regexp core\.sshCommand
2025-08-21T13:26:36.8011709Z [command]/usr/bin/git submodule foreach --recursive sh -c "git config --local --name-only --get-regexp 'core\.sshCommand' && git config --local --unset-all 'core.sshCommand' || :"
2025-08-21T13:26:36.8270558Z [command]/usr/bin/git config --local --name-only --get-regexp http\.https\:\/\/github\.com\/\.extraheader
2025-08-21T13:26:36.8298184Z [command]/usr/bin/git submodule foreach --recursive sh -c "git config --local --name-only --get-regexp 'http\.https\:\/\/github\.com\/\.extraheader' && git config --local --unset-all 'http.https://github.com/.extraheader' || :"
2025-08-21T13:26:36.8514875Z [command]/usr/bin/git config --local http.https://github.com/.extraheader AUTHORIZATION: basic ***
2025-08-21T13:26:36.8555926Z ##[endgroup]
2025-08-21T13:26:36.8556423Z ##[group]Fetching the repository
2025-08-21T13:26:36.8564125Z [command]/usr/bin/git -c protocol.version=2 fetch --no-tags --prune --no-recurse-submodules --depth=1 origin +7a79035803dbb6d325cffc28176030de3e5d9c3a:refs/remotes/pull/1/merge
2025-08-21T13:26:37.2931171Z From https://github.com/yangnana7/newspaper
2025-08-21T13:26:37.2932014Z  * [new ref]         7a79035803dbb6d325cffc28176030de3e5d9c3a -> pull/1/merge
2025-08-21T13:26:37.3003543Z ##[endgroup]
2025-08-21T13:26:37.3004134Z ##[group]Determining the checkout info
2025-08-21T13:26:37.3006186Z ##[endgroup]
2025-08-21T13:26:37.3011621Z [command]/usr/bin/git sparse-checkout disable
2025-08-21T13:26:37.3049699Z [command]/usr/bin/git config --local --unset-all extensions.worktreeConfig
2025-08-21T13:26:37.3076162Z ##[group]Checking out the ref
2025-08-21T13:26:37.3080544Z [command]/usr/bin/git checkout --progress --force refs/remotes/pull/1/merge
2025-08-21T13:26:37.3174073Z Note: switching to 'refs/remotes/pull/1/merge'.
2025-08-21T13:26:37.3174443Z 
2025-08-21T13:26:37.3174764Z You are in 'detached HEAD' state. You can look around, make experimental
2025-08-21T13:26:37.3175329Z changes and commit them, and you can discard any commits you make in this
2025-08-21T13:26:37.3175780Z state without impacting any branches by switching back to a branch.
2025-08-21T13:26:37.3176257Z 
2025-08-21T13:26:37.3176434Z If you want to create a new branch to retain commits you create, you may
2025-08-21T13:26:37.3176825Z do so (now or later) by using -c with the switch command. Example:
2025-08-21T13:26:37.3177041Z 
2025-08-21T13:26:37.3177143Z   git switch -c <new-branch-name>
2025-08-21T13:26:37.3177295Z 
2025-08-21T13:26:37.3177382Z Or undo this operation with:
2025-08-21T13:26:37.3177527Z 
2025-08-21T13:26:37.3177606Z   git switch -
2025-08-21T13:26:37.3177725Z 
2025-08-21T13:26:37.3177922Z Turn off this advice by setting config variable advice.detachedHead to false
2025-08-21T13:26:37.3178372Z 
2025-08-21T13:26:37.3179157Z HEAD is now at 7a79035 Merge f3a411cb84491b34727bf983587f7cb05992bed0 into 134f5f7c6feb77bd120b503088bf5aac11ef1ca2
2025-08-21T13:26:37.3182634Z ##[endgroup]
2025-08-21T13:26:37.3216166Z [command]/usr/bin/git log -1 --format=%H
2025-08-21T13:26:37.3237084Z 7a79035803dbb6d325cffc28176030de3e5d9c3a
2025-08-21T13:26:37.3444763Z ##[group]Run actions/setup-python@v5
2025-08-21T13:26:37.3445029Z with:
2025-08-21T13:26:37.3445194Z   python-version: 3.11
2025-08-21T13:26:37.3445394Z   check-latest: false
2025-08-21T13:26:37.3445691Z   token: ***
2025-08-21T13:26:37.3445877Z   update-environment: true
2025-08-21T13:26:37.3446095Z   allow-prereleases: false
2025-08-21T13:26:37.3446288Z   freethreaded: false
2025-08-21T13:26:37.3446462Z env:
2025-08-21T13:26:37.3446816Z   DATABASE_URL: ***localhost:5432/testdb
2025-08-21T13:26:37.3447051Z   EMBED_SPACE: bge-m3
2025-08-21T13:26:37.3447242Z   ENABLE_SERVER_EMBEDDING: 0
2025-08-21T13:26:37.3447437Z ##[endgroup]
2025-08-21T13:26:37.5083832Z ##[group]Installed versions
2025-08-21T13:26:37.5526562Z Successfully set up CPython (3.11.13)
2025-08-21T13:26:37.5527237Z ##[endgroup]
2025-08-21T13:26:37.5632717Z ##[group]Run sudo apt-get update
2025-08-21T13:26:37.5633030Z [36;1msudo apt-get update[0m
2025-08-21T13:26:37.5633298Z [36;1msudo apt-get install -y postgresql-client[0m
2025-08-21T13:26:37.5853830Z shell: /usr/bin/bash -e {0}
2025-08-21T13:26:37.5854054Z env:
2025-08-21T13:26:37.5854489Z   DATABASE_URL: ***localhost:5432/testdb
2025-08-21T13:26:37.5854735Z   EMBED_SPACE: bge-m3
2025-08-21T13:26:37.5854928Z   ENABLE_SERVER_EMBEDDING: 0
2025-08-21T13:26:37.5855201Z   pythonLocation: /opt/hostedtoolcache/Python/3.11.13/x64
2025-08-21T13:26:37.5855591Z   PKG_CONFIG_PATH: /opt/hostedtoolcache/Python/3.11.13/x64/lib/pkgconfig
2025-08-21T13:26:37.5855974Z   Python_ROOT_DIR: /opt/hostedtoolcache/Python/3.11.13/x64
2025-08-21T13:26:37.5856312Z   Python2_ROOT_DIR: /opt/hostedtoolcache/Python/3.11.13/x64
2025-08-21T13:26:37.5856644Z   Python3_ROOT_DIR: /opt/hostedtoolcache/Python/3.11.13/x64
2025-08-21T13:26:37.5856978Z   LD_LIBRARY_PATH: /opt/hostedtoolcache/Python/3.11.13/x64/lib
2025-08-21T13:26:37.5857298Z ##[endgroup]
2025-08-21T13:26:37.6851253Z Get:1 file:/etc/apt/apt-mirrors.txt Mirrorlist [144 B]
2025-08-21T13:26:37.7240918Z Hit:2 http://azure.archive.ubuntu.com/ubuntu noble InRelease
2025-08-21T13:26:37.7243076Z Hit:6 https://packages.microsoft.com/repos/azure-cli noble InRelease
2025-08-21T13:26:37.7245055Z Get:7 https://packages.microsoft.com/ubuntu/24.04/prod noble InRelease [3600 B]
2025-08-21T13:26:37.7276714Z Get:3 http://azure.archive.ubuntu.com/ubuntu noble-updates InRelease [126 kB]
2025-08-21T13:26:37.7366815Z Get:4 http://azure.archive.ubuntu.com/ubuntu noble-backports InRelease [126 kB]
2025-08-21T13:26:37.7412995Z Get:5 http://azure.archive.ubuntu.com/ubuntu noble-security InRelease [126 kB]
2025-08-21T13:26:37.9262933Z Get:8 https://packages.microsoft.com/ubuntu/24.04/prod noble/main arm64 Packages [33.2 kB]
2025-08-21T13:26:37.9366130Z Get:9 https://packages.microsoft.com/ubuntu/24.04/prod noble/main amd64 Packages [48.6 kB]
2025-08-21T13:26:37.9410965Z Get:10 https://packages.microsoft.com/ubuntu/24.04/prod noble/main armhf Packages [9870 B]
2025-08-21T13:26:37.9768399Z Get:11 http://azure.archive.ubuntu.com/ubuntu noble-updates/main amd64 Packages [1350 kB]
2025-08-21T13:26:37.9872520Z Get:12 http://azure.archive.ubuntu.com/ubuntu noble-updates/main Translation-en [268 kB]
2025-08-21T13:26:37.9900241Z Get:13 http://azure.archive.ubuntu.com/ubuntu noble-updates/main amd64 Components [175 kB]
2025-08-21T13:26:37.9915532Z Get:14 http://azure.archive.ubuntu.com/ubuntu noble-updates/universe amd64 Packages [1124 kB]
2025-08-21T13:26:37.9995317Z Get:15 http://azure.archive.ubuntu.com/ubuntu noble-updates/universe Translation-en [288 kB]
2025-08-21T13:26:38.0027389Z Get:16 http://azure.archive.ubuntu.com/ubuntu noble-updates/universe amd64 Components [377 kB]
2025-08-21T13:26:38.0088791Z Get:17 http://azure.archive.ubuntu.com/ubuntu noble-updates/restricted amd64 Packages [1728 kB]
2025-08-21T13:26:38.0203854Z Get:18 http://azure.archive.ubuntu.com/ubuntu noble-updates/restricted Translation-en [382 kB]
2025-08-21T13:26:38.0245093Z Get:19 http://azure.archive.ubuntu.com/ubuntu noble-updates/restricted amd64 Components [212 B]
2025-08-21T13:26:38.0258077Z Get:20 http://azure.archive.ubuntu.com/ubuntu noble-updates/multiverse amd64 Components [940 B]
2025-08-21T13:26:38.0944013Z Get:21 http://azure.archive.ubuntu.com/ubuntu noble-backports/main amd64 Components [7068 B]
2025-08-21T13:26:38.0968163Z Get:22 http://azure.archive.ubuntu.com/ubuntu noble-backports/universe amd64 Components [19.2 kB]
2025-08-21T13:26:38.0988897Z Get:23 http://azure.archive.ubuntu.com/ubuntu noble-backports/restricted amd64 Components [216 B]
2025-08-21T13:26:38.1019318Z Get:24 http://azure.archive.ubuntu.com/ubuntu noble-backports/multiverse amd64 Components [212 B]
2025-08-21T13:26:38.1133282Z Get:25 http://azure.archive.ubuntu.com/ubuntu noble-security/main amd64 Packages [1083 kB]
2025-08-21T13:26:38.1205391Z Get:26 http://azure.archive.ubuntu.com/ubuntu noble-security/main Translation-en [187 kB]
2025-08-21T13:26:38.1233828Z Get:27 http://azure.archive.ubuntu.com/ubuntu noble-security/main amd64 Components [21.6 kB]
2025-08-21T13:26:38.1247357Z Get:28 http://azure.archive.ubuntu.com/ubuntu noble-security/universe amd64 Packages [881 kB]
2025-08-21T13:26:38.1310474Z Get:29 http://azure.archive.ubuntu.com/ubuntu noble-security/universe Translation-en [195 kB]
2025-08-21T13:26:38.1335033Z Get:30 http://azure.archive.ubuntu.com/ubuntu noble-security/universe amd64 Components [52.2 kB]
2025-08-21T13:26:38.1349190Z Get:31 http://azure.archive.ubuntu.com/ubuntu noble-security/restricted amd64 Packages [1631 kB]
2025-08-21T13:26:38.1450138Z Get:32 http://azure.archive.ubuntu.com/ubuntu noble-security/restricted Translation-en [361 kB]
2025-08-21T13:26:38.1481828Z Get:33 http://azure.archive.ubuntu.com/ubuntu noble-security/restricted amd64 Components [212 B]
2025-08-21T13:26:38.1496387Z Get:34 http://azure.archive.ubuntu.com/ubuntu noble-security/multiverse amd64 Components [212 B]
2025-08-21T13:26:46.6884742Z Fetched 10.6 MB in 1s (7711 kB/s)
2025-08-21T13:26:47.3694609Z Reading package lists...
2025-08-21T13:26:47.4009019Z Reading package lists...
2025-08-21T13:26:47.5527717Z Building dependency tree...
2025-08-21T13:26:47.5538917Z Reading state information...
2025-08-21T13:26:47.7125669Z The following NEW packages will be installed:
2025-08-21T13:26:47.7126330Z   postgresql-client
2025-08-21T13:26:47.7298391Z 0 upgraded, 1 newly installed, 0 to remove and 21 not upgraded.
2025-08-21T13:26:47.7299228Z Need to get 11.6 kB of archives.
2025-08-21T13:26:47.7299922Z After this operation, 17.4 kB of additional disk space will be used.
2025-08-21T13:26:47.7300644Z Get:1 file:/etc/apt/apt-mirrors.txt Mirrorlist [144 B]
2025-08-21T13:26:47.8257437Z Get:2 http://azure.archive.ubuntu.com/ubuntu noble-updates/main amd64 postgresql-client all 16+257build1.1 [11.6 kB]
2025-08-21T13:26:48.0680640Z Fetched 11.6 kB in 0s (109 kB/s)
2025-08-21T13:26:48.0968946Z Selecting previously unselected package postgresql-client.
2025-08-21T13:26:48.1453617Z (Reading database ... 
2025-08-21T13:26:48.1454131Z (Reading database ... 5%
2025-08-21T13:26:48.1454507Z (Reading database ... 10%
2025-08-21T13:26:48.1454953Z (Reading database ... 15%
2025-08-21T13:26:48.1455755Z (Reading database ... 20%
2025-08-21T13:26:48.1456168Z (Reading database ... 25%
2025-08-21T13:26:48.1456562Z (Reading database ... 30%
2025-08-21T13:26:48.1456962Z (Reading database ... 35%
2025-08-21T13:26:48.1457268Z (Reading database ... 40%
2025-08-21T13:26:48.1457501Z (Reading database ... 45%
2025-08-21T13:26:48.1457746Z (Reading database ... 50%
2025-08-21T13:26:48.2136803Z (Reading database ... 55%
2025-08-21T13:26:48.5079732Z (Reading database ... 60%
2025-08-21T13:26:48.6533975Z (Reading database ... 65%
2025-08-21T13:26:48.8223812Z (Reading database ... 70%
2025-08-21T13:26:48.9611930Z (Reading database ... 75%
2025-08-21T13:26:49.2219956Z (Reading database ... 80%
2025-08-21T13:26:49.7012383Z (Reading database ... 85%
2025-08-21T13:26:50.1722164Z (Reading database ... 90%
2025-08-21T13:26:50.5756399Z (Reading database ... 95%
2025-08-21T13:26:50.5756803Z (Reading database ... 100%
2025-08-21T13:26:50.5757292Z (Reading database ... 219830 files and directories currently installed.)
2025-08-21T13:26:50.5802256Z Preparing to unpack .../postgresql-client_16+257build1.1_all.deb ...
2025-08-21T13:26:50.5825547Z Unpacking postgresql-client (16+257build1.1) ...
2025-08-21T13:26:50.6189253Z Setting up postgresql-client (16+257build1.1) ...
2025-08-21T13:26:51.5961301Z 
2025-08-21T13:26:51.5961795Z Running kernel seems to be up-to-date.
2025-08-21T13:26:51.5962210Z 
2025-08-21T13:26:51.6030184Z Restarting services...
2025-08-21T13:26:51.6030423Z 
2025-08-21T13:26:51.6030543Z Service restarts being deferred:
2025-08-21T13:26:51.6031400Z  systemctl restart hosted-compute-agent.service
2025-08-21T13:26:51.6031774Z 
2025-08-21T13:26:51.6032044Z No containers need to be restarted.
2025-08-21T13:26:51.6032324Z 
2025-08-21T13:26:51.6032824Z No user sessions are running outdated binaries.
2025-08-21T13:26:51.6033155Z 
2025-08-21T13:26:51.6033463Z No VM guests are running outdated hypervisor (qemu) binaries on this host.
2025-08-21T13:26:52.3727454Z ##[group]Run until psql "$DATABASE_URL" -c "SELECT 1" >/dev/null 2>&1; do
2025-08-21T13:26:52.3728209Z [36;1muntil psql "$DATABASE_URL" -c "SELECT 1" >/dev/null 2>&1; do[0m
2025-08-21T13:26:52.3729027Z [36;1m  echo 'waiting for postgres...'; sleep 2; done[0m
2025-08-21T13:26:52.3729640Z [36;1mpsql "$DATABASE_URL" -c 'CREATE EXTENSION IF NOT EXISTS vector;'[0m
2025-08-21T13:26:52.3773364Z shell: /usr/bin/bash -e {0}
2025-08-21T13:26:52.3773599Z env:
2025-08-21T13:26:52.3774056Z   DATABASE_URL: ***localhost:5432/testdb
2025-08-21T13:26:52.3774308Z   EMBED_SPACE: bge-m3
2025-08-21T13:26:52.3774503Z   ENABLE_SERVER_EMBEDDING: 0
2025-08-21T13:26:52.3774793Z   pythonLocation: /opt/hostedtoolcache/Python/3.11.13/x64
2025-08-21T13:26:52.3775177Z   PKG_CONFIG_PATH: /opt/hostedtoolcache/Python/3.11.13/x64/lib/pkgconfig
2025-08-21T13:26:52.3775565Z   Python_ROOT_DIR: /opt/hostedtoolcache/Python/3.11.13/x64
2025-08-21T13:26:52.3776003Z   Python2_ROOT_DIR: /opt/hostedtoolcache/Python/3.11.13/x64
2025-08-21T13:26:52.3776355Z   Python3_ROOT_DIR: /opt/hostedtoolcache/Python/3.11.13/x64
2025-08-21T13:26:52.3776697Z   LD_LIBRARY_PATH: /opt/hostedtoolcache/Python/3.11.13/x64/lib
2025-08-21T13:26:52.3776992Z ##[endgroup]
2025-08-21T13:26:52.5305880Z CREATE EXTENSION
2025-08-21T13:26:52.5341493Z ##[group]Run python -m pip install --upgrade pip
2025-08-21T13:26:52.5341848Z [36;1mpython -m pip install --upgrade pip[0m
2025-08-21T13:26:52.5342215Z [36;1mif [ -f requirements.txt ]; then pip install -r requirements.txt; fi[0m
2025-08-21T13:26:52.5342678Z [36;1m# Hardening: ensure critical deps even if requirements.txt changes[0m
2025-08-21T13:26:52.5343040Z [36;1mpip install psycopg[binary] pgvector[0m
2025-08-21T13:26:52.5343296Z [36;1mpip install pytest[0m
2025-08-21T13:26:52.5384395Z shell: /usr/bin/bash -e {0}
2025-08-21T13:26:52.5384607Z env:
2025-08-21T13:26:52.5385009Z   DATABASE_URL: ***localhost:5432/testdb
2025-08-21T13:26:52.5385252Z   EMBED_SPACE: bge-m3
2025-08-21T13:26:52.5385444Z   ENABLE_SERVER_EMBEDDING: 0
2025-08-21T13:26:52.5385880Z   pythonLocation: /opt/hostedtoolcache/Python/3.11.13/x64
2025-08-21T13:26:52.5386261Z   PKG_CONFIG_PATH: /opt/hostedtoolcache/Python/3.11.13/x64/lib/pkgconfig
2025-08-21T13:26:52.5386676Z   Python_ROOT_DIR: /opt/hostedtoolcache/Python/3.11.13/x64
2025-08-21T13:26:52.5387044Z   Python2_ROOT_DIR: /opt/hostedtoolcache/Python/3.11.13/x64
2025-08-21T13:26:52.5387386Z   Python3_ROOT_DIR: /opt/hostedtoolcache/Python/3.11.13/x64
2025-08-21T13:26:52.5387726Z   LD_LIBRARY_PATH: /opt/hostedtoolcache/Python/3.11.13/x64/lib
2025-08-21T13:26:52.5388012Z ##[endgroup]
2025-08-21T13:26:54.6867334Z Requirement already satisfied: pip in /opt/hostedtoolcache/Python/3.11.13/x64/lib/python3.11/site-packages (25.2)
2025-08-21T13:26:55.7028177Z Collecting mcp>=1.0.0 (from -r requirements.txt (line 1))
2025-08-21T13:26:55.7345692Z   Downloading mcp-1.13.0-py3-none-any.whl.metadata (68 kB)
2025-08-21T13:26:55.7637124Z Collecting psycopg>=3.2.1 (from psycopg[binary]>=3.2.1->-r requirements.txt (line 2))
2025-08-21T13:26:55.7667026Z   Downloading psycopg-3.2.9-py3-none-any.whl.metadata (4.5 kB)
2025-08-21T13:26:55.7837105Z Collecting pgvector>=0.2.5 (from -r requirements.txt (line 3))
2025-08-21T13:26:55.7868718Z   Downloading pgvector-0.4.1-py3-none-any.whl.metadata (18 kB)
2025-08-21T13:26:55.8009153Z Collecting feedparser>=6.0.11 (from -r requirements.txt (line 4))
2025-08-21T13:26:55.8048994Z   Downloading feedparser-6.0.11-py3-none-any.whl.metadata (2.4 kB)
2025-08-21T13:26:55.9244452Z Collecting pydantic>=2.7.0 (from -r requirements.txt (line 5))
2025-08-21T13:26:55.9274924Z   Downloading pydantic-2.11.7-py3-none-any.whl.metadata (67 kB)
2025-08-21T13:26:55.9475975Z Collecting sentence-transformers>=2.7.0 (from -r requirements.txt (line 6))
2025-08-21T13:26:55.9504375Z   Downloading sentence_transformers-5.1.0-py3-none-any.whl.metadata (16 kB)
2025-08-21T13:26:55.9716718Z Collecting httpx>=0.27.0 (from -r requirements.txt (line 7))
2025-08-21T13:26:55.9746934Z   Downloading httpx-0.28.1-py3-none-any.whl.metadata (7.1 kB)
2025-08-21T13:26:55.9940163Z Collecting anyio>=4.5 (from mcp>=1.0.0->-r requirements.txt (line 1))
2025-08-21T13:26:55.9972947Z   Downloading anyio-4.10.0-py3-none-any.whl.metadata (4.0 kB)
2025-08-21T13:26:56.0080752Z Collecting httpx-sse>=0.4 (from mcp>=1.0.0->-r requirements.txt (line 1))
2025-08-21T13:26:56.0112566Z   Downloading httpx_sse-0.4.1-py3-none-any.whl.metadata (9.4 kB)
2025-08-21T13:26:56.0368847Z Collecting jsonschema>=4.20.0 (from mcp>=1.0.0->-r requirements.txt (line 1))
2025-08-21T13:26:56.0397018Z   Downloading jsonschema-4.25.1-py3-none-any.whl.metadata (7.6 kB)
2025-08-21T13:26:56.0566355Z Collecting pydantic-settings>=2.5.2 (from mcp>=1.0.0->-r requirements.txt (line 1))
2025-08-21T13:26:56.0596240Z   Downloading pydantic_settings-2.10.1-py3-none-any.whl.metadata (3.4 kB)
2025-08-21T13:26:56.0828422Z Collecting python-multipart>=0.0.9 (from mcp>=1.0.0->-r requirements.txt (line 1))
2025-08-21T13:26:56.0856799Z   Downloading python_multipart-0.0.20-py3-none-any.whl.metadata (1.8 kB)
2025-08-21T13:26:56.1027997Z Collecting sse-starlette>=1.6.1 (from mcp>=1.0.0->-r requirements.txt (line 1))
2025-08-21T13:26:56.1056284Z   Downloading sse_starlette-3.0.2-py3-none-any.whl.metadata (11 kB)
2025-08-21T13:26:56.1355264Z Collecting starlette>=0.27 (from mcp>=1.0.0->-r requirements.txt (line 1))
2025-08-21T13:26:56.1385078Z   Downloading starlette-0.47.2-py3-none-any.whl.metadata (6.2 kB)
2025-08-21T13:26:56.1636803Z Collecting uvicorn>=0.31.1 (from mcp>=1.0.0->-r requirements.txt (line 1))
2025-08-21T13:26:56.1667411Z   Downloading uvicorn-0.35.0-py3-none-any.whl.metadata (6.5 kB)
2025-08-21T13:26:56.1789985Z Collecting annotated-types>=0.6.0 (from pydantic>=2.7.0->-r requirements.txt (line 5))
2025-08-21T13:26:56.1817885Z   Downloading annotated_types-0.7.0-py3-none-any.whl.metadata (15 kB)
2025-08-21T13:26:56.7811428Z Collecting pydantic-core==2.33.2 (from pydantic>=2.7.0->-r requirements.txt (line 5))
2025-08-21T13:26:56.7845307Z   Downloading pydantic_core-2.33.2-cp311-cp311-manylinux_2_17_x86_64.manylinux2014_x86_64.whl.metadata (6.8 kB)
2025-08-21T13:26:56.8050881Z Collecting typing-extensions>=4.12.2 (from pydantic>=2.7.0->-r requirements.txt (line 5))
2025-08-21T13:26:56.8079403Z   Downloading typing_extensions-4.14.1-py3-none-any.whl.metadata (3.0 kB)
2025-08-21T13:26:56.8173521Z Collecting typing-inspection>=0.4.0 (from pydantic>=2.7.0->-r requirements.txt (line 5))
2025-08-21T13:26:56.8202115Z   Downloading typing_inspection-0.4.1-py3-none-any.whl.metadata (2.6 kB)
2025-08-21T13:26:57.0051729Z Collecting numpy (from pgvector>=0.2.5->-r requirements.txt (line 3))
2025-08-21T13:26:57.0084510Z   Downloading numpy-2.3.2-cp311-cp311-manylinux_2_27_x86_64.manylinux_2_28_x86_64.whl.metadata (62 kB)
2025-08-21T13:26:57.0285626Z Collecting sgmllib3k (from feedparser>=6.0.11->-r requirements.txt (line 4))
2025-08-21T13:26:57.0316167Z   Downloading sgmllib3k-1.0.0.tar.gz (5.8 kB)
2025-08-21T13:26:57.0412259Z   Installing build dependencies: started
2025-08-21T13:26:58.0865517Z   Installing build dependencies: finished with status 'done'
2025-08-21T13:26:58.0871503Z   Getting requirements to build wheel: started
2025-08-21T13:26:58.4376614Z   Getting requirements to build wheel: finished with status 'done'
2025-08-21T13:26:58.4384354Z   Preparing metadata (pyproject.toml): started
2025-08-21T13:26:58.6036540Z   Preparing metadata (pyproject.toml): finished with status 'done'
2025-08-21T13:26:58.6449625Z Collecting transformers<5.0.0,>=4.41.0 (from sentence-transformers>=2.7.0->-r requirements.txt (line 6))
2025-08-21T13:26:58.6481313Z   Downloading transformers-4.55.3-py3-none-any.whl.metadata (41 kB)
2025-08-21T13:26:58.8231816Z Collecting tqdm (from sentence-transformers>=2.7.0->-r requirements.txt (line 6))
2025-08-21T13:26:58.8264114Z   Downloading tqdm-4.67.1-py3-none-any.whl.metadata (57 kB)
2025-08-21T13:26:58.8722806Z Collecting torch>=1.11.0 (from sentence-transformers>=2.7.0->-r requirements.txt (line 6))
2025-08-21T13:26:58.8755223Z   Downloading torch-2.8.0-cp311-cp311-manylinux_2_28_x86_64.whl.metadata (30 kB)
2025-08-21T13:26:58.9539935Z Collecting scikit-learn (from sentence-transformers>=2.7.0->-r requirements.txt (line 6))
2025-08-21T13:26:58.9571026Z   Downloading scikit_learn-1.7.1-cp311-cp311-manylinux2014_x86_64.manylinux_2_17_x86_64.whl.metadata (11 kB)
2025-08-21T13:26:59.0677843Z Collecting scipy (from sentence-transformers>=2.7.0->-r requirements.txt (line 6))
2025-08-21T13:26:59.0711188Z   Downloading scipy-1.16.1-cp311-cp311-manylinux2014_x86_64.manylinux_2_17_x86_64.whl.metadata (61 kB)
2025-08-21T13:26:59.1537487Z Collecting huggingface-hub>=0.20.0 (from sentence-transformers>=2.7.0->-r requirements.txt (line 6))
2025-08-21T13:26:59.1571495Z   Downloading huggingface_hub-0.34.4-py3-none-any.whl.metadata (14 kB)
2025-08-21T13:26:59.3229370Z Collecting Pillow (from sentence-transformers>=2.7.0->-r requirements.txt (line 6))
2025-08-21T13:26:59.3261236Z   Downloading pillow-11.3.0-cp311-cp311-manylinux_2_27_x86_64.manylinux_2_28_x86_64.whl.metadata (9.0 kB)
2025-08-21T13:26:59.3543315Z Collecting filelock (from transformers<5.0.0,>=4.41.0->sentence-transformers>=2.7.0->-r requirements.txt (line 6))
2025-08-21T13:26:59.3573115Z   Downloading filelock-3.19.1-py3-none-any.whl.metadata (2.1 kB)
2025-08-21T13:26:59.3869797Z Collecting packaging>=20.0 (from transformers<5.0.0,>=4.41.0->sentence-transformers>=2.7.0->-r requirements.txt (line 6))
2025-08-21T13:26:59.3900430Z   Downloading packaging-25.0-py3-none-any.whl.metadata (3.3 kB)
2025-08-21T13:26:59.4242121Z Collecting pyyaml>=5.1 (from transformers<5.0.0,>=4.41.0->sentence-transformers>=2.7.0->-r requirements.txt (line 6))
2025-08-21T13:26:59.4276720Z   Downloading PyYAML-6.0.2-cp311-cp311-manylinux_2_17_x86_64.manylinux2014_x86_64.whl.metadata (2.1 kB)
2025-08-21T13:26:59.7725004Z Collecting regex!=2019.12.17 (from transformers<5.0.0,>=4.41.0->sentence-transformers>=2.7.0->-r requirements.txt (line 6))
2025-08-21T13:26:59.7758427Z   Downloading regex-2025.7.34-cp311-cp311-manylinux2014_x86_64.manylinux_2_17_x86_64.manylinux_2_28_x86_64.whl.metadata (40 kB)
2025-08-21T13:26:59.8026099Z Collecting requests (from transformers<5.0.0,>=4.41.0->sentence-transformers>=2.7.0->-r requirements.txt (line 6))
2025-08-21T13:26:59.8056623Z   Downloading requests-2.32.5-py3-none-any.whl.metadata (4.9 kB)
2025-08-21T13:26:59.9527061Z Collecting tokenizers<0.22,>=0.21 (from transformers<5.0.0,>=4.41.0->sentence-transformers>=2.7.0->-r requirements.txt (line 6))
2025-08-21T13:26:59.9559476Z   Downloading tokenizers-0.21.4-cp39-abi3-manylinux_2_17_x86_64.manylinux2014_x86_64.whl.metadata (6.7 kB)
2025-08-21T13:27:00.0665235Z Collecting safetensors>=0.4.3 (from transformers<5.0.0,>=4.41.0->sentence-transformers>=2.7.0->-r requirements.txt (line 6))
2025-08-21T13:27:00.0699964Z   Downloading safetensors-0.6.2-cp38-abi3-manylinux_2_17_x86_64.manylinux2014_x86_64.whl.metadata (4.1 kB)
2025-08-21T13:27:00.1133817Z Collecting fsspec>=2023.5.0 (from huggingface-hub>=0.20.0->sentence-transformers>=2.7.0->-r requirements.txt (line 6))
2025-08-21T13:27:00.1167452Z   Downloading fsspec-2025.7.0-py3-none-any.whl.metadata (12 kB)
2025-08-21T13:27:00.1929823Z Collecting hf-xet<2.0.0,>=1.1.3 (from huggingface-hub>=0.20.0->sentence-transformers>=2.7.0->-r requirements.txt (line 6))
2025-08-21T13:27:00.1961418Z   Downloading hf_xet-1.1.8-cp37-abi3-manylinux_2_17_x86_64.manylinux2014_x86_64.whl.metadata (703 bytes)
2025-08-21T13:27:00.2285916Z Collecting certifi (from httpx>=0.27.0->-r requirements.txt (line 7))
2025-08-21T13:27:00.2315585Z   Downloading certifi-2025.8.3-py3-none-any.whl.metadata (2.4 kB)
2025-08-21T13:27:00.3044719Z Collecting httpcore==1.* (from httpx>=0.27.0->-r requirements.txt (line 7))
2025-08-21T13:27:00.3075995Z   Downloading httpcore-1.0.9-py3-none-any.whl.metadata (21 kB)
2025-08-21T13:27:00.3220239Z Collecting idna (from httpx>=0.27.0->-r requirements.txt (line 7))
2025-08-21T13:27:00.3249772Z   Downloading idna-3.10-py3-none-any.whl.metadata (10 kB)
2025-08-21T13:27:00.3369827Z Collecting h11>=0.16 (from httpcore==1.*->httpx>=0.27.0->-r requirements.txt (line 7))
2025-08-21T13:27:00.3401067Z   Downloading h11-0.16.0-py3-none-any.whl.metadata (8.3 kB)
2025-08-21T13:27:00.3536598Z Collecting sniffio>=1.1 (from anyio>=4.5->mcp>=1.0.0->-r requirements.txt (line 1))
2025-08-21T13:27:00.3566700Z   Downloading sniffio-1.3.1-py3-none-any.whl.metadata (3.9 kB)
2025-08-21T13:27:00.3747077Z Collecting attrs>=22.2.0 (from jsonschema>=4.20.0->mcp>=1.0.0->-r requirements.txt (line 1))
2025-08-21T13:27:00.3775619Z   Downloading attrs-25.3.0-py3-none-any.whl.metadata (10 kB)
2025-08-21T13:27:00.3965827Z Collecting jsonschema-specifications>=2023.03.6 (from jsonschema>=4.20.0->mcp>=1.0.0->-r requirements.txt (line 1))
2025-08-21T13:27:00.3995289Z   Downloading jsonschema_specifications-2025.4.1-py3-none-any.whl.metadata (2.9 kB)
2025-08-21T13:27:00.4236032Z Collecting referencing>=0.28.4 (from jsonschema>=4.20.0->mcp>=1.0.0->-r requirements.txt (line 1))
2025-08-21T13:27:00.4264441Z   Downloading referencing-0.36.2-py3-none-any.whl.metadata (2.8 kB)
2025-08-21T13:27:00.6624295Z Collecting rpds-py>=0.7.1 (from jsonschema>=4.20.0->mcp>=1.0.0->-r requirements.txt (line 1))
2025-08-21T13:27:00.6660146Z   Downloading rpds_py-0.27.0-cp311-cp311-manylinux_2_17_x86_64.manylinux2014_x86_64.whl.metadata (4.2 kB)
2025-08-21T13:27:00.8125408Z Collecting psycopg-binary==3.2.9 (from psycopg[binary]>=3.2.1->-r requirements.txt (line 2))
2025-08-21T13:27:00.8161102Z   Downloading psycopg_binary-3.2.9-cp311-cp311-manylinux_2_17_x86_64.manylinux2014_x86_64.whl.metadata (2.9 kB)
2025-08-21T13:27:00.8338244Z Collecting python-dotenv>=0.21.0 (from pydantic-settings>=2.5.2->mcp>=1.0.0->-r requirements.txt (line 1))
2025-08-21T13:27:00.8368196Z   Downloading python_dotenv-1.1.1-py3-none-any.whl.metadata (24 kB)
2025-08-21T13:27:00.8919180Z Collecting sympy>=1.13.3 (from torch>=1.11.0->sentence-transformers>=2.7.0->-r requirements.txt (line 6))
2025-08-21T13:27:00.8947105Z   Downloading sympy-1.14.0-py3-none-any.whl.metadata (12 kB)
2025-08-21T13:27:00.9169888Z Collecting networkx (from torch>=1.11.0->sentence-transformers>=2.7.0->-r requirements.txt (line 6))
2025-08-21T13:27:00.9199335Z   Downloading networkx-3.5-py3-none-any.whl.metadata (6.3 kB)
2025-08-21T13:27:00.9387804Z Collecting jinja2 (from torch>=1.11.0->sentence-transformers>=2.7.0->-r requirements.txt (line 6))
2025-08-21T13:27:00.9416320Z   Downloading jinja2-3.1.6-py3-none-any.whl.metadata (2.9 kB)
2025-08-21T13:27:00.9556664Z Collecting nvidia-cuda-nvrtc-cu12==12.8.93 (from torch>=1.11.0->sentence-transformers>=2.7.0->-r requirements.txt (line 6))
2025-08-21T13:27:00.9589824Z   Downloading nvidia_cuda_nvrtc_cu12-12.8.93-py3-none-manylinux2010_x86_64.manylinux_2_12_x86_64.whl.metadata (1.7 kB)
2025-08-21T13:27:00.9737411Z Collecting nvidia-cuda-runtime-cu12==12.8.90 (from torch>=1.11.0->sentence-transformers>=2.7.0->-r requirements.txt (line 6))
2025-08-21T13:27:00.9774188Z   Downloading nvidia_cuda_runtime_cu12-12.8.90-py3-none-manylinux2014_x86_64.manylinux_2_17_x86_64.whl.metadata (1.7 kB)
2025-08-21T13:27:00.9908064Z Collecting nvidia-cuda-cupti-cu12==12.8.90 (from torch>=1.11.0->sentence-transformers>=2.7.0->-r requirements.txt (line 6))
2025-08-21T13:27:00.9937894Z   Downloading nvidia_cuda_cupti_cu12-12.8.90-py3-none-manylinux2014_x86_64.manylinux_2_17_x86_64.whl.metadata (1.7 kB)
2025-08-21T13:27:01.0073131Z Collecting nvidia-cudnn-cu12==9.10.2.21 (from torch>=1.11.0->sentence-transformers>=2.7.0->-r requirements.txt (line 6))
2025-08-21T13:27:01.0104540Z   Downloading nvidia_cudnn_cu12-9.10.2.21-py3-none-manylinux_2_27_x86_64.whl.metadata (1.8 kB)
2025-08-21T13:27:01.0232546Z Collecting nvidia-cublas-cu12==12.8.4.1 (from torch>=1.11.0->sentence-transformers>=2.7.0->-r requirements.txt (line 6))
2025-08-21T13:27:01.0263950Z   Downloading nvidia_cublas_cu12-12.8.4.1-py3-none-manylinux_2_27_x86_64.whl.metadata (1.7 kB)
2025-08-21T13:27:01.0407708Z Collecting nvidia-cufft-cu12==11.3.3.83 (from torch>=1.11.0->sentence-transformers>=2.7.0->-r requirements.txt (line 6))
2025-08-21T13:27:01.0437569Z   Downloading nvidia_cufft_cu12-11.3.3.83-py3-none-manylinux2014_x86_64.manylinux_2_17_x86_64.whl.metadata (1.7 kB)
2025-08-21T13:27:01.0568028Z Collecting nvidia-curand-cu12==10.3.9.90 (from torch>=1.11.0->sentence-transformers>=2.7.0->-r requirements.txt (line 6))
2025-08-21T13:27:01.0596981Z   Downloading nvidia_curand_cu12-10.3.9.90-py3-none-manylinux_2_27_x86_64.whl.metadata (1.7 kB)
2025-08-21T13:27:01.0720352Z Collecting nvidia-cusolver-cu12==11.7.3.90 (from torch>=1.11.0->sentence-transformers>=2.7.0->-r requirements.txt (line 6))
2025-08-21T13:27:01.0750950Z   Downloading nvidia_cusolver_cu12-11.7.3.90-py3-none-manylinux_2_27_x86_64.whl.metadata (1.8 kB)
2025-08-21T13:27:01.0883545Z Collecting nvidia-cusparse-cu12==12.5.8.93 (from torch>=1.11.0->sentence-transformers>=2.7.0->-r requirements.txt (line 6))
2025-08-21T13:27:01.0914459Z   Downloading nvidia_cusparse_cu12-12.5.8.93-py3-none-manylinux2014_x86_64.manylinux_2_17_x86_64.whl.metadata (1.8 kB)
2025-08-21T13:27:01.1021710Z Collecting nvidia-cusparselt-cu12==0.7.1 (from torch>=1.11.0->sentence-transformers>=2.7.0->-r requirements.txt (line 6))
2025-08-21T13:27:01.1052868Z   Downloading nvidia_cusparselt_cu12-0.7.1-py3-none-manylinux2014_x86_64.whl.metadata (7.0 kB)
2025-08-21T13:27:01.1179419Z Collecting nvidia-nccl-cu12==2.27.3 (from torch>=1.11.0->sentence-transformers>=2.7.0->-r requirements.txt (line 6))
2025-08-21T13:27:01.1210140Z   Downloading nvidia_nccl_cu12-2.27.3-py3-none-manylinux2014_x86_64.manylinux_2_17_x86_64.whl.metadata (2.0 kB)
2025-08-21T13:27:01.1347917Z Collecting nvidia-nvtx-cu12==12.8.90 (from torch>=1.11.0->sentence-transformers>=2.7.0->-r requirements.txt (line 6))
2025-08-21T13:27:01.1376952Z   Downloading nvidia_nvtx_cu12-12.8.90-py3-none-manylinux2014_x86_64.manylinux_2_17_x86_64.whl.metadata (1.8 kB)
2025-08-21T13:27:01.1509749Z Collecting nvidia-nvjitlink-cu12==12.8.93 (from torch>=1.11.0->sentence-transformers>=2.7.0->-r requirements.txt (line 6))
2025-08-21T13:27:01.1541478Z   Downloading nvidia_nvjitlink_cu12-12.8.93-py3-none-manylinux2010_x86_64.manylinux_2_12_x86_64.whl.metadata (1.7 kB)
2025-08-21T13:27:01.1637173Z Collecting nvidia-cufile-cu12==1.13.1.3 (from torch>=1.11.0->sentence-transformers>=2.7.0->-r requirements.txt (line 6))
2025-08-21T13:27:01.1667671Z   Downloading nvidia_cufile_cu12-1.13.1.3-py3-none-manylinux2014_x86_64.manylinux_2_17_x86_64.whl.metadata (1.7 kB)
2025-08-21T13:27:01.1817685Z Collecting triton==3.4.0 (from torch>=1.11.0->sentence-transformers>=2.7.0->-r requirements.txt (line 6))
2025-08-21T13:27:01.1848803Z   Downloading triton-3.4.0-cp311-cp311-manylinux_2_27_x86_64.manylinux_2_28_x86_64.whl.metadata (1.7 kB)
2025-08-21T13:27:01.2069976Z Requirement already satisfied: setuptools>=40.8.0 in /opt/hostedtoolcache/Python/3.11.13/x64/lib/python3.11/site-packages (from triton==3.4.0->torch>=1.11.0->sentence-transformers>=2.7.0->-r requirements.txt (line 6)) (65.5.0)
2025-08-21T13:27:01.2237081Z Collecting mpmath<1.4,>=1.1.0 (from sympy>=1.13.3->torch>=1.11.0->sentence-transformers>=2.7.0->-r requirements.txt (line 6))
2025-08-21T13:27:01.2267200Z   Downloading mpmath-1.3.0-py3-none-any.whl.metadata (8.6 kB)
2025-08-21T13:27:01.2573767Z Collecting click>=7.0 (from uvicorn>=0.31.1->mcp>=1.0.0->-r requirements.txt (line 1))
2025-08-21T13:27:01.2603744Z   Downloading click-8.2.1-py3-none-any.whl.metadata (2.5 kB)
2025-08-21T13:27:01.3147419Z Collecting MarkupSafe>=2.0 (from jinja2->torch>=1.11.0->sentence-transformers>=2.7.0->-r requirements.txt (line 6))
2025-08-21T13:27:01.3180439Z   Downloading MarkupSafe-3.0.2-cp311-cp311-manylinux_2_17_x86_64.manylinux2014_x86_64.whl.metadata (4.0 kB)
2025-08-21T13:27:01.4824825Z Collecting charset_normalizer<4,>=2 (from requests->transformers<5.0.0,>=4.41.0->sentence-transformers>=2.7.0->-r requirements.txt (line 6))
2025-08-21T13:27:01.4859176Z   Downloading charset_normalizer-3.4.3-cp311-cp311-manylinux2014_x86_64.manylinux_2_17_x86_64.manylinux_2_28_x86_64.whl.metadata (36 kB)
2025-08-21T13:27:01.5179971Z Collecting urllib3<3,>=1.21.1 (from requests->transformers<5.0.0,>=4.41.0->sentence-transformers>=2.7.0->-r requirements.txt (line 6))
2025-08-21T13:27:01.5211596Z   Downloading urllib3-2.5.0-py3-none-any.whl.metadata (6.5 kB)
2025-08-21T13:27:01.5654338Z Collecting joblib>=1.2.0 (from scikit-learn->sentence-transformers>=2.7.0->-r requirements.txt (line 6))
2025-08-21T13:27:01.5685553Z   Downloading joblib-1.5.1-py3-none-any.whl.metadata (5.6 kB)
2025-08-21T13:27:01.6133203Z Collecting threadpoolctl>=3.1.0 (from scikit-learn->sentence-transformers>=2.7.0->-r requirements.txt (line 6))
2025-08-21T13:27:01.6165747Z   Downloading threadpoolctl-3.6.0-py3-none-any.whl.metadata (13 kB)
2025-08-21T13:27:01.6386646Z Downloading mcp-1.13.0-py3-none-any.whl (160 kB)
2025-08-21T13:27:01.6446377Z Downloading pydantic-2.11.7-py3-none-any.whl (444 kB)
2025-08-21T13:27:01.6516890Z Downloading pydantic_core-2.33.2-cp311-cp311-manylinux_2_17_x86_64.manylinux2014_x86_64.whl (2.0 MB)
2025-08-21T13:27:01.6646413Z    ━━━━━━━━━━━━━━━━━━━━━━━━━━━━━━━━━━━━━━━━ 2.0/2.0 MB 180.5 MB/s  0:00:00
2025-08-21T13:27:01.6681843Z Downloading psycopg-3.2.9-py3-none-any.whl (202 kB)
2025-08-21T13:27:01.6741830Z Downloading pgvector-0.4.1-py3-none-any.whl (27 kB)
2025-08-21T13:27:01.6791947Z Downloading feedparser-6.0.11-py3-none-any.whl (81 kB)
2025-08-21T13:27:01.6863516Z Downloading sentence_transformers-5.1.0-py3-none-any.whl (483 kB)
2025-08-21T13:27:01.6938379Z Downloading transformers-4.55.3-py3-none-any.whl (11.3 MB)
2025-08-21T13:27:01.7469942Z    ━━━━━━━━━━━━━━━━━━━━━━━━━━━━━━━━━━━━━━━━ 11.3/11.3 MB 219.0 MB/s  0:00:00
2025-08-21T13:27:01.7506629Z Downloading huggingface_hub-0.34.4-py3-none-any.whl (561 kB)
2025-08-21T13:27:01.7580150Z    ━━━━━━━━━━━━━━━━━━━━━━━━━━━━━━━━━━━━━━━━ 561.5/561.5 kB 61.9 MB/s  0:00:00
2025-08-21T13:27:01.7617506Z Downloading hf_xet-1.1.8-cp37-abi3-manylinux_2_17_x86_64.manylinux2014_x86_64.whl (3.2 MB)
2025-08-21T13:27:01.7773862Z    ━━━━━━━━━━━━━━━━━━━━━━━━━━━━━━━━━━━━━━━━ 3.2/3.2 MB 220.8 MB/s  0:00:00
2025-08-21T13:27:01.7807853Z Downloading tokenizers-0.21.4-cp39-abi3-manylinux_2_17_x86_64.manylinux2014_x86_64.whl (3.1 MB)
2025-08-21T13:27:01.7966529Z    ━━━━━━━━━━━━━━━━━━━━━━━━━━━━━━━━━━━━━━━━ 3.1/3.1 MB 220.1 MB/s  0:00:00
2025-08-21T13:27:01.7999275Z Downloading httpx-0.28.1-py3-none-any.whl (73 kB)
2025-08-21T13:27:01.8051305Z Downloading httpcore-1.0.9-py3-none-any.whl (78 kB)
2025-08-21T13:27:01.8100867Z Downloading annotated_types-0.7.0-py3-none-any.whl (13 kB)
2025-08-21T13:27:01.8152805Z Downloading anyio-4.10.0-py3-none-any.whl (107 kB)
2025-08-21T13:27:01.8205220Z Downloading fsspec-2025.7.0-py3-none-any.whl (199 kB)
2025-08-21T13:27:01.8259356Z Downloading h11-0.16.0-py3-none-any.whl (37 kB)
2025-08-21T13:27:01.8306326Z Downloading httpx_sse-0.4.1-py3-none-any.whl (8.1 kB)
2025-08-21T13:27:01.8354348Z Downloading idna-3.10-py3-none-any.whl (70 kB)
2025-08-21T13:27:01.8402344Z Downloading jsonschema-4.25.1-py3-none-any.whl (90 kB)
2025-08-21T13:27:01.8454789Z Downloading attrs-25.3.0-py3-none-any.whl (63 kB)
2025-08-21T13:27:01.8503965Z Downloading jsonschema_specifications-2025.4.1-py3-none-any.whl (18 kB)
2025-08-21T13:27:01.8559363Z Downloading numpy-2.3.2-cp311-cp311-manylinux_2_27_x86_64.manylinux_2_28_x86_64.whl (16.9 MB)
2025-08-21T13:27:01.9257037Z    ━━━━━━━━━━━━━━━━━━━━━━━━━━━━━━━━━━━━━━━━ 16.9/16.9 MB 248.2 MB/s  0:00:00
2025-08-21T13:27:01.9290343Z Downloading packaging-25.0-py3-none-any.whl (66 kB)
2025-08-21T13:27:01.9345146Z Downloading psycopg_binary-3.2.9-cp311-cp311-manylinux_2_17_x86_64.manylinux2014_x86_64.whl (4.5 MB)
2025-08-21T13:27:01.9648862Z    ━━━━━━━━━━━━━━━━━━━━━━━━━━━━━━━━━━━━━━━━ 4.5/4.5 MB 169.8 MB/s  0:00:00
2025-08-21T13:27:01.9682721Z Downloading pydantic_settings-2.10.1-py3-none-any.whl (45 kB)
2025-08-21T13:27:01.9741881Z Downloading python_dotenv-1.1.1-py3-none-any.whl (20 kB)
2025-08-21T13:27:01.9792632Z Downloading python_multipart-0.0.20-py3-none-any.whl (24 kB)
2025-08-21T13:27:01.9854927Z Downloading PyYAML-6.0.2-cp311-cp311-manylinux_2_17_x86_64.manylinux2014_x86_64.whl (762 kB)
2025-08-21T13:27:01.9924441Z    ━━━━━━━━━━━━━━━━━━━━━━━━━━━━━━━━━━━━━━━━ 763.0/763.0 kB 122.7 MB/s  0:00:00
2025-08-21T13:27:01.9955631Z Downloading referencing-0.36.2-py3-none-any.whl (26 kB)
2025-08-21T13:27:02.0006405Z Downloading regex-2025.7.34-cp311-cp311-manylinux2014_x86_64.manylinux_2_17_x86_64.manylinux_2_28_x86_64.whl (798 kB)
2025-08-21T13:27:02.0074275Z    ━━━━━━━━━━━━━━━━━━━━━━━━━━━━━━━━━━━━━━━━ 798.9/798.9 kB 135.8 MB/s  0:00:00
2025-08-21T13:27:02.0106079Z Downloading rpds_py-0.27.0-cp311-cp311-manylinux_2_17_x86_64.manylinux2014_x86_64.whl (383 kB)
2025-08-21T13:27:02.0174283Z Downloading safetensors-0.6.2-cp38-abi3-manylinux_2_17_x86_64.manylinux2014_x86_64.whl (485 kB)
2025-08-21T13:27:02.0251730Z Downloading sniffio-1.3.1-py3-none-any.whl (10 kB)
2025-08-21T13:27:02.0301231Z Downloading sse_starlette-3.0.2-py3-none-any.whl (11 kB)
2025-08-21T13:27:02.0350423Z Downloading starlette-0.47.2-py3-none-any.whl (72 kB)
2025-08-21T13:27:02.0405900Z Downloading torch-2.8.0-cp311-cp311-manylinux_2_28_x86_64.whl (888.1 MB)
2025-08-21T13:27:08.4043165Z    ━━━━━━━━━━━━━━━━━━━━━━━━━━━━━━━━━━━━━━━━ 888.1/888.1 MB 57.3 MB/s  0:00:06
2025-08-21T13:27:08.4075342Z Downloading nvidia_cublas_cu12-12.8.4.1-py3-none-manylinux_2_27_x86_64.whl (594.3 MB)
2025-08-21T13:27:12.5490334Z    ━━━━━━━━━━━━━━━━━━━━━━━━━━━━━━━━━━━━━━━━ 594.3/594.3 MB 80.6 MB/s  0:00:04
2025-08-21T13:27:12.5527704Z Downloading nvidia_cuda_cupti_cu12-12.8.90-py3-none-manylinux2014_x86_64.manylinux_2_17_x86_64.whl (10.2 MB)
2025-08-21T13:27:12.6006387Z    ━━━━━━━━━━━━━━━━━━━━━━━━━━━━━━━━━━━━━━━━ 10.2/10.2 MB 219.9 MB/s  0:00:00
2025-08-21T13:27:12.6037437Z Downloading nvidia_cuda_nvrtc_cu12-12.8.93-py3-none-manylinux2010_x86_64.manylinux_2_12_x86_64.whl (88.0 MB)
2025-08-21T13:27:12.9600976Z    ━━━━━━━━━━━━━━━━━━━━━━━━━━━━━━━━━━━━━━━━ 88.0/88.0 MB 248.2 MB/s  0:00:00
2025-08-21T13:27:12.9637411Z Downloading nvidia_cuda_runtime_cu12-12.8.90-py3-none-manylinux2014_x86_64.manylinux_2_17_x86_64.whl (954 kB)
2025-08-21T13:27:12.9706122Z    ━━━━━━━━━━━━━━━━━━━━━━━━━━━━━━━━━━━━━━━━ 954.8/954.8 kB 144.9 MB/s  0:00:00
2025-08-21T13:27:12.9737808Z Downloading nvidia_cudnn_cu12-9.10.2.21-py3-none-manylinux_2_27_x86_64.whl (706.8 MB)
2025-08-21T13:27:18.9159778Z    ━━━━━━━━━━━━━━━━━━━━━━━━━━━━━━━━━━━━━━━━ 706.8/706.8 MB 55.7 MB/s  0:00:05
2025-08-21T13:27:18.9198425Z Downloading nvidia_cufft_cu12-11.3.3.83-py3-none-manylinux2014_x86_64.manylinux_2_17_x86_64.whl (193.1 MB)
2025-08-21T13:27:19.8181816Z    ━━━━━━━━━━━━━━━━━━━━━━━━━━━━━━━━━━━━━━━━ 193.1/193.1 MB 215.4 MB/s  0:00:00
2025-08-21T13:27:19.8216783Z Downloading nvidia_cufile_cu12-1.13.1.3-py3-none-manylinux2014_x86_64.manylinux_2_17_x86_64.whl (1.2 MB)
2025-08-21T13:27:19.8316959Z    ━━━━━━━━━━━━━━━━━━━━━━━━━━━━━━━━━━━━━━━━ 1.2/1.2 MB 132.6 MB/s  0:00:00
2025-08-21T13:27:19.8346864Z Downloading nvidia_curand_cu12-10.3.9.90-py3-none-manylinux_2_27_x86_64.whl (63.6 MB)
2025-08-21T13:27:20.0799402Z    ━━━━━━━━━━━━━━━━━━━━━━━━━━━━━━━━━━━━━━━━ 63.6/63.6 MB 261.7 MB/s  0:00:00
2025-08-21T13:27:20.0831618Z Downloading nvidia_cusolver_cu12-11.7.3.90-py3-none-manylinux_2_27_x86_64.whl (267.5 MB)
2025-08-21T13:27:21.4204499Z    ━━━━━━━━━━━━━━━━━━━━━━━━━━━━━━━━━━━━━━━━ 267.5/267.5 MB 198.4 MB/s  0:00:01
2025-08-21T13:27:21.4240769Z Downloading nvidia_cusparse_cu12-12.5.8.93-py3-none-manylinux2014_x86_64.manylinux_2_17_x86_64.whl (288.2 MB)
2025-08-21T13:27:23.5908997Z    ━━━━━━━━━━━━━━━━━━━━━━━━━━━━━━━━━━━━━━━━ 288.2/288.2 MB 125.1 MB/s  0:00:02
2025-08-21T13:27:23.5942053Z Downloading nvidia_cusparselt_cu12-0.7.1-py3-none-manylinux2014_x86_64.whl (287.2 MB)
2025-08-21T13:27:25.7388801Z    ━━━━━━━━━━━━━━━━━━━━━━━━━━━━━━━━━━━━━━━━ 287.2/287.2 MB 126.2 MB/s  0:00:02
2025-08-21T13:27:25.7429134Z Downloading nvidia_nccl_cu12-2.27.3-py3-none-manylinux2014_x86_64.manylinux_2_17_x86_64.whl (322.4 MB)
2025-08-21T13:27:28.3498086Z    ━━━━━━━━━━━━━━━━━━━━━━━━━━━━━━━━━━━━━━━━ 322.4/322.4 MB 107.9 MB/s  0:00:02
2025-08-21T13:27:28.3531038Z Downloading nvidia_nvjitlink_cu12-12.8.93-py3-none-manylinux2010_x86_64.manylinux_2_12_x86_64.whl (39.3 MB)
2025-08-21T13:27:28.5096818Z    ━━━━━━━━━━━━━━━━━━━━━━━━━━━━━━━━━━━━━━━━ 39.3/39.3 MB 253.0 MB/s  0:00:00
2025-08-21T13:27:28.5132806Z Downloading nvidia_nvtx_cu12-12.8.90-py3-none-manylinux2014_x86_64.manylinux_2_17_x86_64.whl (89 kB)
2025-08-21T13:27:28.5187267Z Downloading triton-3.4.0-cp311-cp311-manylinux_2_27_x86_64.manylinux_2_28_x86_64.whl (155.5 MB)
2025-08-21T13:27:29.1544142Z    ━━━━━━━━━━━━━━━━━━━━━━━━━━━━━━━━━━━━━━━━ 155.5/155.5 MB 245.2 MB/s  0:00:00
2025-08-21T13:27:29.1582844Z Downloading sympy-1.14.0-py3-none-any.whl (6.3 MB)
2025-08-21T13:27:29.1877603Z    ━━━━━━━━━━━━━━━━━━━━━━━━━━━━━━━━━━━━━━━━ 6.3/6.3 MB 225.0 MB/s  0:00:00
2025-08-21T13:27:29.1910606Z Downloading mpmath-1.3.0-py3-none-any.whl (536 kB)
2025-08-21T13:27:29.1967493Z    ━━━━━━━━━━━━━━━━━━━━━━━━━━━━━━━━━━━━━━━━ 536.2/536.2 kB 82.0 MB/s  0:00:00
2025-08-21T13:27:29.1999842Z Downloading tqdm-4.67.1-py3-none-any.whl (78 kB)
2025-08-21T13:27:29.2051992Z Downloading typing_extensions-4.14.1-py3-none-any.whl (43 kB)
2025-08-21T13:27:29.2102056Z Downloading typing_inspection-0.4.1-py3-none-any.whl (14 kB)
2025-08-21T13:27:29.2152111Z Downloading uvicorn-0.35.0-py3-none-any.whl (66 kB)
2025-08-21T13:27:29.2206091Z Downloading click-8.2.1-py3-none-any.whl (102 kB)
2025-08-21T13:27:29.2264011Z Downloading certifi-2025.8.3-py3-none-any.whl (161 kB)
2025-08-21T13:27:29.2316505Z Downloading filelock-3.19.1-py3-none-any.whl (15 kB)
2025-08-21T13:27:29.2363175Z Downloading jinja2-3.1.6-py3-none-any.whl (134 kB)
2025-08-21T13:27:29.2416425Z Downloading MarkupSafe-3.0.2-cp311-cp311-manylinux_2_17_x86_64.manylinux2014_x86_64.whl (23 kB)
2025-08-21T13:27:29.2465929Z Downloading networkx-3.5-py3-none-any.whl (2.0 MB)
2025-08-21T13:27:29.2575616Z    ━━━━━━━━━━━━━━━━━━━━━━━━━━━━━━━━━━━━━━━━ 2.0/2.0 MB 202.0 MB/s  0:00:00
2025-08-21T13:27:29.2605304Z Downloading pillow-11.3.0-cp311-cp311-manylinux_2_27_x86_64.manylinux_2_28_x86_64.whl (6.6 MB)
2025-08-21T13:27:29.2908062Z    ━━━━━━━━━━━━━━━━━━━━━━━━━━━━━━━━━━━━━━━━ 6.6/6.6 MB 231.5 MB/s  0:00:00
2025-08-21T13:27:29.2940204Z Downloading requests-2.32.5-py3-none-any.whl (64 kB)
2025-08-21T13:27:29.2996040Z Downloading charset_normalizer-3.4.3-cp311-cp311-manylinux2014_x86_64.manylinux_2_17_x86_64.manylinux_2_28_x86_64.whl (150 kB)
2025-08-21T13:27:29.3050044Z Downloading urllib3-2.5.0-py3-none-any.whl (129 kB)
2025-08-21T13:27:29.3104532Z Downloading scikit_learn-1.7.1-cp311-cp311-manylinux2014_x86_64.manylinux_2_17_x86_64.whl (9.7 MB)
2025-08-21T13:27:29.3526346Z    ━━━━━━━━━━━━━━━━━━━━━━━━━━━━━━━━━━━━━━━━ 9.7/9.7 MB 240.6 MB/s  0:00:00
2025-08-21T13:27:29.3562025Z Downloading joblib-1.5.1-py3-none-any.whl (307 kB)
2025-08-21T13:27:29.3626607Z Downloading scipy-1.16.1-cp311-cp311-manylinux2014_x86_64.manylinux_2_17_x86_64.whl (35.4 MB)
2025-08-21T13:27:29.5047640Z    ━━━━━━━━━━━━━━━━━━━━━━━━━━━━━━━━━━━━━━━━ 35.4/35.4 MB 251.6 MB/s  0:00:00
2025-08-21T13:27:29.5083246Z Downloading threadpoolctl-3.6.0-py3-none-any.whl (18 kB)
2025-08-21T13:27:32.4665665Z Building wheels for collected packages: sgmllib3k
2025-08-21T13:27:32.4673910Z   Building wheel for sgmllib3k (pyproject.toml): started
2025-08-21T13:27:32.6602316Z   Building wheel for sgmllib3k (pyproject.toml): finished with status 'done'
2025-08-21T13:27:32.6609273Z   Created wheel for sgmllib3k: filename=sgmllib3k-1.0.0-py3-none-any.whl size=6089 sha256=3498b822f87b8108f24c036d6757e96ea2fc1c68a7eead81baa1e544e57434c2
2025-08-21T13:27:32.6610859Z   Stored in directory: /home/runner/.cache/pip/wheels/3b/25/2a/105d6a15df6914f4d15047691c6c28f9052cc1173e40285d03
2025-08-21T13:27:32.6625726Z Successfully built sgmllib3k
2025-08-21T13:27:32.8748334Z Installing collected packages: sgmllib3k, nvidia-cusparselt-cu12, mpmath, urllib3, typing-extensions, triton, tqdm, threadpoolctl, sympy, sniffio, safetensors, rpds-py, regex, pyyaml, python-multipart, python-dotenv, psycopg-binary, Pillow, packaging, nvidia-nvtx-cu12, nvidia-nvjitlink-cu12, nvidia-nccl-cu12, nvidia-curand-cu12, nvidia-cufile-cu12, nvidia-cuda-runtime-cu12, nvidia-cuda-nvrtc-cu12, nvidia-cuda-cupti-cu12, nvidia-cublas-cu12, numpy, networkx, MarkupSafe, joblib, idna, httpx-sse, hf-xet, h11, fsspec, filelock, feedparser, click, charset_normalizer, certifi, attrs, annotated-types, uvicorn, typing-inspection, scipy, requests, referencing, pydantic-core, psycopg, pgvector, nvidia-cusparse-cu12, nvidia-cufft-cu12, nvidia-cudnn-cu12, jinja2, httpcore, anyio, starlette, sse-starlette, scikit-learn, pydantic, nvidia-cusolver-cu12, jsonschema-specifications, huggingface-hub, httpx, torch, tokenizers, pydantic-settings, jsonschema, transformers, mcp, sentence-transformers
2025-08-21T13:28:39.5486006Z 
2025-08-21T13:28:39.5526946Z Successfully installed MarkupSafe-3.0.2 Pillow-11.3.0 annotated-types-0.7.0 anyio-4.10.0 attrs-25.3.0 certifi-2025.8.3 charset_normalizer-3.4.3 click-8.2.1 feedparser-6.0.11 filelock-3.19.1 fsspec-2025.7.0 h11-0.16.0 hf-xet-1.1.8 httpcore-1.0.9 httpx-0.28.1 httpx-sse-0.4.1 huggingface-hub-0.34.4 idna-3.10 jinja2-3.1.6 joblib-1.5.1 jsonschema-4.25.1 jsonschema-specifications-2025.4.1 mcp-1.13.0 mpmath-1.3.0 networkx-3.5 numpy-2.3.2 nvidia-cublas-cu12-12.8.4.1 nvidia-cuda-cupti-cu12-12.8.90 nvidia-cuda-nvrtc-cu12-12.8.93 nvidia-cuda-runtime-cu12-12.8.90 nvidia-cudnn-cu12-9.10.2.21 nvidia-cufft-cu12-11.3.3.83 nvidia-cufile-cu12-1.13.1.3 nvidia-curand-cu12-10.3.9.90 nvidia-cusolver-cu12-11.7.3.90 nvidia-cusparse-cu12-12.5.8.93 nvidia-cusparselt-cu12-0.7.1 nvidia-nccl-cu12-2.27.3 nvidia-nvjitlink-cu12-12.8.93 nvidia-nvtx-cu12-12.8.90 packaging-25.0 pgvector-0.4.1 psycopg-3.2.9 psycopg-binary-3.2.9 pydantic-2.11.7 pydantic-core-2.33.2 pydantic-settings-2.10.1 python-dotenv-1.1.1 python-multipart-0.0.20 pyyaml-6.0.2 referencing-0.36.2 regex-2025.7.34 requests-2.32.5 rpds-py-0.27.0 safetensors-0.6.2 scikit-learn-1.7.1 scipy-1.16.1 sentence-transformers-5.1.0 sgmllib3k-1.0.0 sniffio-1.3.1 sse-starlette-3.0.2 starlette-0.47.2 sympy-1.14.0 threadpoolctl-3.6.0 tokenizers-0.21.4 torch-2.8.0 tqdm-4.67.1 transformers-4.55.3 triton-3.4.0 typing-extensions-4.14.1 typing-inspection-0.4.1 urllib3-2.5.0 uvicorn-0.35.0
2025-08-21T13:28:41.0594307Z Requirement already satisfied: pgvector in /opt/hostedtoolcache/Python/3.11.13/x64/lib/python3.11/site-packages (0.4.1)
2025-08-21T13:28:41.0597455Z Requirement already satisfied: psycopg[binary] in /opt/hostedtoolcache/Python/3.11.13/x64/lib/python3.11/site-packages (3.2.9)
2025-08-21T13:28:41.0615189Z Requirement already satisfied: typing-extensions>=4.6 in /opt/hostedtoolcache/Python/3.11.13/x64/lib/python3.11/site-packages (from psycopg[binary]) (4.14.1)
2025-08-21T13:28:41.0625531Z Requirement already satisfied: psycopg-binary==3.2.9 in /opt/hostedtoolcache/Python/3.11.13/x64/lib/python3.11/site-packages (from psycopg[binary]) (3.2.9)
2025-08-21T13:28:41.0669180Z Requirement already satisfied: numpy in /opt/hostedtoolcache/Python/3.11.13/x64/lib/python3.11/site-packages (from pgvector) (2.3.2)
2025-08-21T13:28:41.6917887Z Collecting pytest
2025-08-21T13:28:41.7258128Z   Downloading pytest-8.4.1-py3-none-any.whl.metadata (7.7 kB)
2025-08-21T13:28:41.7375402Z Collecting iniconfig>=1 (from pytest)
2025-08-21T13:28:41.7410250Z   Downloading iniconfig-2.1.0-py3-none-any.whl.metadata (2.7 kB)
2025-08-21T13:28:41.7441807Z Requirement already satisfied: packaging>=20 in /opt/hostedtoolcache/Python/3.11.13/x64/lib/python3.11/site-packages (from pytest) (25.0)
2025-08-21T13:28:41.7536547Z Collecting pluggy<2,>=1.5 (from pytest)
2025-08-21T13:28:41.7570525Z   Downloading pluggy-1.6.0-py3-none-any.whl.metadata (4.8 kB)
2025-08-21T13:28:41.7770095Z Collecting pygments>=2.7.2 (from pytest)
2025-08-21T13:28:41.7804653Z   Downloading pygments-2.19.2-py3-none-any.whl.metadata (2.5 kB)
2025-08-21T13:28:41.7885237Z Downloading pytest-8.4.1-py3-none-any.whl (365 kB)
2025-08-21T13:28:41.8078321Z Downloading pluggy-1.6.0-py3-none-any.whl (20 kB)
2025-08-21T13:28:41.8129848Z Downloading iniconfig-2.1.0-py3-none-any.whl (6.0 kB)
2025-08-21T13:28:41.8183094Z Downloading pygments-2.19.2-py3-none-any.whl (1.2 MB)
2025-08-21T13:28:41.8376479Z    ━━━━━━━━━━━━━━━━━━━━━━━━━━━━━━━━━━━━━━━━ 1.2/1.2 MB 65.3 MB/s  0:00:00
2025-08-21T13:28:41.9907266Z Installing collected packages: pygments, pluggy, iniconfig, pytest
2025-08-21T13:28:42.8624660Z 
2025-08-21T13:28:42.8659873Z Successfully installed iniconfig-2.1.0 pluggy-1.6.0 pygments-2.19.2 pytest-8.4.1
2025-08-21T13:28:42.9383166Z ##[group]Run if [ -f db/schema_v2.sql ]; then
2025-08-21T13:28:42.9383497Z [36;1mif [ -f db/schema_v2.sql ]; then[0m
2025-08-21T13:28:42.9383769Z [36;1m  psql "$DATABASE_URL" -f db/schema_v2.sql[0m
2025-08-21T13:28:42.9384022Z [36;1melse[0m
2025-08-21T13:28:42.9384217Z [36;1m  echo "schema_v2.sql not found; skipping"[0m
2025-08-21T13:28:42.9384457Z [36;1mfi[0m
2025-08-21T13:28:42.9457379Z shell: /usr/bin/bash -e {0}
2025-08-21T13:28:42.9457602Z env:
2025-08-21T13:28:42.9458106Z   DATABASE_URL: ***localhost:5432/testdb
2025-08-21T13:28:42.9458351Z   EMBED_SPACE: bge-m3
2025-08-21T13:28:42.9458767Z   ENABLE_SERVER_EMBEDDING: 0
2025-08-21T13:28:42.9459054Z   pythonLocation: /opt/hostedtoolcache/Python/3.11.13/x64
2025-08-21T13:28:42.9459445Z   PKG_CONFIG_PATH: /opt/hostedtoolcache/Python/3.11.13/x64/lib/pkgconfig
2025-08-21T13:28:42.9459835Z   Python_ROOT_DIR: /opt/hostedtoolcache/Python/3.11.13/x64
2025-08-21T13:28:42.9460196Z   Python2_ROOT_DIR: /opt/hostedtoolcache/Python/3.11.13/x64
2025-08-21T13:28:42.9460534Z   Python3_ROOT_DIR: /opt/hostedtoolcache/Python/3.11.13/x64
2025-08-21T13:28:42.9460872Z   LD_LIBRARY_PATH: /opt/hostedtoolcache/Python/3.11.13/x64/lib
2025-08-21T13:28:42.9461150Z ##[endgroup]
2025-08-21T13:28:42.9930085Z psql:db/schema_v2.sql:4: NOTICE:  extension "vector" already exists, skipping
2025-08-21T13:28:42.9930720Z CREATE EXTENSION
2025-08-21T13:28:42.9986816Z CREATE TABLE
2025-08-21T13:28:42.9998498Z CREATE INDEX
2025-08-21T13:28:43.0007870Z CREATE INDEX
2025-08-21T13:28:43.0037909Z CREATE TABLE
2025-08-21T13:28:43.0054377Z DO
2025-08-21T13:28:43.0063270Z CREATE INDEX
2025-08-21T13:28:43.0086076Z CREATE TABLE
2025-08-21T13:28:43.0095246Z CREATE INDEX
2025-08-21T13:28:43.0102114Z CREATE INDEX
2025-08-21T13:28:43.0129281Z CREATE TABLE
2025-08-21T13:28:43.0153536Z CREATE TABLE
2025-08-21T13:28:43.0176384Z CREATE TABLE
2025-08-21T13:28:43.0200582Z CREATE TABLE
2025-08-21T13:28:43.0220008Z CREATE TABLE
2025-08-21T13:28:43.0244823Z CREATE TABLE
2025-08-21T13:28:43.0254889Z CREATE INDEX
2025-08-21T13:28:43.0265718Z CREATE INDEX
2025-08-21T13:28:43.0279746Z CREATE INDEX
2025-08-21T13:28:43.0281784Z psql:db/schema_v2.sql:120: NOTICE:  column "author" of relation "doc" already exists, skipping
2025-08-21T13:28:43.0283569Z DO
2025-08-21T13:28:43.0327417Z ##[group]Run python -m compileall -q .
2025-08-21T13:28:43.0327739Z [36;1mpython -m compileall -q .[0m
2025-08-21T13:28:43.0368825Z shell: /usr/bin/bash -e {0}
2025-08-21T13:28:43.0369045Z env:
2025-08-21T13:28:43.0369504Z   DATABASE_URL: ***localhost:5432/testdb
2025-08-21T13:28:43.0369751Z   EMBED_SPACE: bge-m3
2025-08-21T13:28:43.0369945Z   ENABLE_SERVER_EMBEDDING: 0
2025-08-21T13:28:43.0370226Z   pythonLocation: /opt/hostedtoolcache/Python/3.11.13/x64
2025-08-21T13:28:43.0370616Z   PKG_CONFIG_PATH: /opt/hostedtoolcache/Python/3.11.13/x64/lib/pkgconfig
2025-08-21T13:28:43.0371009Z   Python_ROOT_DIR: /opt/hostedtoolcache/Python/3.11.13/x64
2025-08-21T13:28:43.0371344Z   Python2_ROOT_DIR: /opt/hostedtoolcache/Python/3.11.13/x64
2025-08-21T13:28:43.0371674Z   Python3_ROOT_DIR: /opt/hostedtoolcache/Python/3.11.13/x64
2025-08-21T13:28:43.0372007Z   LD_LIBRARY_PATH: /opt/hostedtoolcache/Python/3.11.13/x64/lib
2025-08-21T13:28:43.0372283Z ##[endgroup]
2025-08-21T13:28:43.1043895Z ##[group]Run # Limit collection to repo tests to avoid duplicate names in docs/ci_pack
2025-08-21T13:28:43.1044422Z [36;1m# Limit collection to repo tests to avoid duplicate names in docs/ci_pack[0m
2025-08-21T13:28:43.1044784Z [36;1mPYTHONPATH=. pytest -q tests[0m
2025-08-21T13:28:43.1085243Z shell: /usr/bin/bash -e {0}
2025-08-21T13:28:43.1085455Z env:
2025-08-21T13:28:43.1085863Z   DATABASE_URL: ***localhost:5432/testdb
2025-08-21T13:28:43.1086106Z   EMBED_SPACE: bge-m3
2025-08-21T13:28:43.1086300Z   ENABLE_SERVER_EMBEDDING: 0
2025-08-21T13:28:43.1086571Z   pythonLocation: /opt/hostedtoolcache/Python/3.11.13/x64
2025-08-21T13:28:43.1087144Z   PKG_CONFIG_PATH: /opt/hostedtoolcache/Python/3.11.13/x64/lib/pkgconfig
2025-08-21T13:28:43.1087584Z   Python_ROOT_DIR: /opt/hostedtoolcache/Python/3.11.13/x64
2025-08-21T13:28:43.1087918Z   Python2_ROOT_DIR: /opt/hostedtoolcache/Python/3.11.13/x64
2025-08-21T13:28:43.1088249Z   Python3_ROOT_DIR: /opt/hostedtoolcache/Python/3.11.13/x64
2025-08-21T13:28:43.1088870Z   LD_LIBRARY_PATH: /opt/hostedtoolcache/Python/3.11.13/x64/lib
2025-08-21T13:28:43.1089157Z ##[endgroup]
2025-08-21T13:28:58.7953554Z ...FF.                                                                   [100%]
2025-08-21T13:28:58.7954108Z =================================== FAILURES ===================================
2025-08-21T13:28:58.7954642Z ___________________________ test_insert_and_doc_head ___________________________
2025-08-21T13:28:58.7955006Z 
2025-08-21T13:28:58.7955140Z     def test_insert_and_doc_head():
2025-08-21T13:28:58.7955500Z >       from mcp_news import server
2025-08-21T13:28:58.7955769Z 
2025-08-21T13:28:58.7955897Z tests/test_smoke.py:22: 
2025-08-21T13:28:58.7956252Z _ _ _ _ _ _ _ _ _ _ _ _ _ _ _ _ _ _ _ _ _ _ _ _ _ _ _ _ _ _ _ _ _ _ _ _ _ _ _ _ 
2025-08-21T13:28:58.7956674Z mcp_news/server.py:78: in <module>
2025-08-21T13:28:58.7957029Z     @mcp.tool()
2025-08-21T13:28:58.7957305Z      ^^^^^^^^^^
2025-08-21T13:28:58.7958074Z /opt/hostedtoolcache/Python/3.11.13/x64/lib/python3.11/site-packages/mcp/server/fastmcp/server.py:421: in decorator
2025-08-21T13:28:58.7959249Z     self.add_tool(
2025-08-21T13:28:58.7960067Z /opt/hostedtoolcache/Python/3.11.13/x64/lib/python3.11/site-packages/mcp/server/fastmcp/server.py:366: in add_tool
2025-08-21T13:28:58.7960969Z     self._tool_manager.add_tool(
2025-08-21T13:28:58.7961906Z /opt/hostedtoolcache/Python/3.11.13/x64/lib/python3.11/site-packages/mcp/server/fastmcp/tools/tool_manager.py:55: in add_tool
2025-08-21T13:28:58.7962761Z     tool = Tool.from_function(
2025-08-21T13:28:58.7963304Z /opt/hostedtoolcache/Python/3.11.13/x64/lib/python3.11/site-packages/mcp/server/fastmcp/tools/base.py:71: in from_function
2025-08-21T13:28:58.7963874Z     func_arg_metadata = func_metadata(
2025-08-21T13:28:58.7964478Z /opt/hostedtoolcache/Python/3.11.13/x64/lib/python3.11/site-packages/mcp/server/fastmcp/utilities/func_metadata.py:271: in func_metadata
2025-08-21T13:28:58.7965275Z     output_model, output_schema, wrap_output = _try_create_model_and_schema(annotation, func.__name__, output_info)
2025-08-21T13:28:58.7965732Z                                                ^^^^^^^^^^^^^^^^^^^^^^^^^^^^^^^^^^^^^^^^^^^^^^^^^^^^^^^^^^^^^^^^^^^^
2025-08-21T13:28:58.7966370Z /opt/hostedtoolcache/Python/3.11.13/x64/lib/python3.11/site-packages/mcp/server/fastmcp/utilities/func_metadata.py:352: in _try_create_model_and_schema
2025-08-21T13:28:58.7967055Z     model = _create_wrapped_model(func_name, annotation, field_info)
2025-08-21T13:28:58.7967366Z             ^^^^^^^^^^^^^^^^^^^^^^^^^^^^^^^^^^^^^^^^^^^^^^^^^^^^^^^^
2025-08-21T13:28:58.7967955Z /opt/hostedtoolcache/Python/3.11.13/x64/lib/python3.11/site-packages/mcp/server/fastmcp/utilities/func_metadata.py:436: in _create_wrapped_model
2025-08-21T13:28:58.7968846Z     return create_model(model_name, result=(annotation, field_info), __base__=BaseModel)
2025-08-21T13:28:58.7969221Z            ^^^^^^^^^^^^^^^^^^^^^^^^^^^^^^^^^^^^^^^^^^^^^^^^^^^^^^^^^^^^^^^^^^^^^^^^^^^^^
2025-08-21T13:28:58.7969982Z /opt/hostedtoolcache/Python/3.11.13/x64/lib/python3.11/site-packages/pydantic/main.py:1763: in create_model
2025-08-21T13:28:58.7970457Z     return meta(
2025-08-21T13:28:58.7970919Z /opt/hostedtoolcache/Python/3.11.13/x64/lib/python3.11/site-packages/pydantic/_internal/_model_construction.py:237: in __new__
2025-08-21T13:28:58.7971438Z     complete_model_class(
2025-08-21T13:28:58.7971965Z /opt/hostedtoolcache/Python/3.11.13/x64/lib/python3.11/site-packages/pydantic/_internal/_model_construction.py:597: in complete_model_class
2025-08-21T13:28:58.7972528Z     schema = gen_schema.generate_schema(cls)
2025-08-21T13:28:58.7973289Z              ^^^^^^^^^^^^^^^^^^^^^^^^^^^^^^^
2025-08-21T13:28:58.7974259Z /opt/hostedtoolcache/Python/3.11.13/x64/lib/python3.11/site-packages/pydantic/_internal/_generate_schema.py:711: in generate_schema
2025-08-21T13:28:58.7975291Z     schema = self._generate_schema_inner(obj)
2025-08-21T13:28:58.7975742Z              ^^^^^^^^^^^^^^^^^^^^^^^^^^^^^^^^
2025-08-21T13:28:58.7976563Z /opt/hostedtoolcache/Python/3.11.13/x64/lib/python3.11/site-packages/pydantic/_internal/_generate_schema.py:1004: in _generate_schema_inner
2025-08-21T13:28:58.7977139Z     return self._model_schema(obj)
2025-08-21T13:28:58.7977354Z            ^^^^^^^^^^^^^^^^^^^^^^^
2025-08-21T13:28:58.7977856Z /opt/hostedtoolcache/Python/3.11.13/x64/lib/python3.11/site-packages/pydantic/_internal/_generate_schema.py:837: in _model_schema
2025-08-21T13:28:58.7978488Z     {k: self._generate_md_field_schema(k, v, decorators) for k, v in fields.items()},
2025-08-21T13:28:58.7978998Z     ^^^^^^^^^^^^^^^^^^^^^^^^^^^^^^^^^^^^^^^^^^^^^^^^^^^^^^^^^^^^^^^^^^^^^^^^^^^^^^^^
2025-08-21T13:28:58.7979545Z /opt/hostedtoolcache/Python/3.11.13/x64/lib/python3.11/site-packages/pydantic/_internal/_generate_schema.py:837: in <dictcomp>
2025-08-21T13:28:58.7980170Z     {k: self._generate_md_field_schema(k, v, decorators) for k, v in fields.items()},
2025-08-21T13:28:58.7980518Z         ^^^^^^^^^^^^^^^^^^^^^^^^^^^^^^^^^^^^^^^^^^^^^^^^
2025-08-21T13:28:58.7981084Z /opt/hostedtoolcache/Python/3.11.13/x64/lib/python3.11/site-packages/pydantic/_internal/_generate_schema.py:1206: in _generate_md_field_schema
2025-08-21T13:28:58.7981732Z     common_field = self._common_field_schema(name, field_info, decorators)
2025-08-21T13:28:58.7982063Z                    ^^^^^^^^^^^^^^^^^^^^^^^^^^^^^^^^^^^^^^^^^^^^^^^^^^^^^^^
2025-08-21T13:28:58.7982616Z /opt/hostedtoolcache/Python/3.11.13/x64/lib/python3.11/site-packages/pydantic/_internal/_generate_schema.py:1372: in _common_field_schema
2025-08-21T13:28:58.7983192Z     schema = self._apply_annotations(
2025-08-21T13:28:58.7983748Z /opt/hostedtoolcache/Python/3.11.13/x64/lib/python3.11/site-packages/pydantic/_internal/_generate_schema.py:2297: in _apply_annotations
2025-08-21T13:28:58.7984296Z     schema = get_inner_schema(source_type)
2025-08-21T13:28:58.7984531Z              ^^^^^^^^^^^^^^^^^^^^^^^^^^^^^
2025-08-21T13:28:58.7985041Z /opt/hostedtoolcache/Python/3.11.13/x64/lib/python3.11/site-packages/pydantic/_internal/_schema_generation_shared.py:83: in __call__
2025-08-21T13:28:58.7985576Z     schema = self._handler(source_type)
2025-08-21T13:28:58.7985802Z              ^^^^^^^^^^^^^^^^^^^^^^^^^^
2025-08-21T13:28:58.7986298Z /opt/hostedtoolcache/Python/3.11.13/x64/lib/python3.11/site-packages/pydantic/_internal/_generate_schema.py:2279: in inner_handler
2025-08-21T13:28:58.7986832Z     schema = self._generate_schema_inner(obj)
2025-08-21T13:28:58.7987070Z              ^^^^^^^^^^^^^^^^^^^^^^^^^^^^^^^^
2025-08-21T13:28:58.7987609Z /opt/hostedtoolcache/Python/3.11.13/x64/lib/python3.11/site-packages/pydantic/_internal/_generate_schema.py:1009: in _generate_schema_inner
2025-08-21T13:28:58.7988165Z     return self.match_type(obj)
2025-08-21T13:28:58.7988373Z            ^^^^^^^^^^^^^^^^^^^^
2025-08-21T13:28:58.7989015Z /opt/hostedtoolcache/Python/3.11.13/x64/lib/python3.11/site-packages/pydantic/_internal/_generate_schema.py:1123: in match_type
2025-08-21T13:28:58.7989806Z     return self._match_generic_type(obj, origin)
2025-08-21T13:28:58.7990142Z            ^^^^^^^^^^^^^^^^^^^^^^^^^^^^^^^^^^^^^
2025-08-21T13:28:58.7990676Z /opt/hostedtoolcache/Python/3.11.13/x64/lib/python3.11/site-packages/pydantic/_internal/_generate_schema.py:1150: in _match_generic_type
2025-08-21T13:28:58.7991269Z     return self._list_schema(self._get_first_arg_or_any(obj))
2025-08-21T13:28:58.7991561Z            ^^^^^^^^^^^^^^^^^^^^^^^^^^^^^^^^^^^^^^^^^^^^^^^^^^
2025-08-21T13:28:58.7992071Z /opt/hostedtoolcache/Python/3.11.13/x64/lib/python3.11/site-packages/pydantic/_internal/_generate_schema.py:372: in _list_schema
2025-08-21T13:28:58.7992805Z     return core_schema.list_schema(self.generate_schema(items_type))
2025-08-21T13:28:58.7993120Z                                    ^^^^^^^^^^^^^^^^^^^^^^^^^^^^^^^^
2025-08-21T13:28:58.7993660Z /opt/hostedtoolcache/Python/3.11.13/x64/lib/python3.11/site-packages/pydantic/_internal/_generate_schema.py:711: in generate_schema
2025-08-21T13:28:58.7994200Z     schema = self._generate_schema_inner(obj)
2025-08-21T13:28:58.7994445Z              ^^^^^^^^^^^^^^^^^^^^^^^^^^^^^^^^
2025-08-21T13:28:58.7994980Z /opt/hostedtoolcache/Python/3.11.13/x64/lib/python3.11/site-packages/pydantic/_internal/_generate_schema.py:1009: in _generate_schema_inner
2025-08-21T13:28:58.7995530Z     return self.match_type(obj)
2025-08-21T13:28:58.7995729Z            ^^^^^^^^^^^^^^^^^^^^
2025-08-21T13:28:58.7996198Z /opt/hostedtoolcache/Python/3.11.13/x64/lib/python3.11/site-packages/pydantic/_internal/_generate_schema.py:1091: in match_type
2025-08-21T13:28:58.7996721Z     return self._typed_dict_schema(obj, None)
2025-08-21T13:28:58.7996954Z            ^^^^^^^^^^^^^^^^^^^^^^^^^^^^^^^^^^
2025-08-21T13:28:58.7997204Z _ _ _ _ _ _ _ _ _ _ _ _ _ _ _ _ _ _ _ _ _ _ _ _ _ _ _ _ _ _ _ _ _ _ _ _ _ _ _ _ 
2025-08-21T13:28:58.7997397Z 
2025-08-21T13:28:58.7997609Z self = <pydantic._internal._generate_schema.GenerateSchema object at 0x7f5b69eec4f0>
2025-08-21T13:28:58.7998038Z typed_dict_cls = <class 'mcp_news.server.Bundle'>, origin = None
2025-08-21T13:28:58.7998273Z 
2025-08-21T13:28:58.7998496Z     def _typed_dict_schema(self, typed_dict_cls: Any, origin: Any) -> core_schema.CoreSchema:
2025-08-21T13:28:58.7999070Z         """Generate a core schema for a `TypedDict` class.
2025-08-21T13:28:58.7999325Z     
2025-08-21T13:28:58.7999641Z         To be able to build a `DecoratorInfos` instance for the `TypedDict` class (which will include
2025-08-21T13:28:58.8000162Z         validators, serializers, etc.), we need to have access to the original bases of the class
2025-08-21T13:28:58.8000675Z         (see https://docs.python.org/3/library/types.html#types.get_original_bases).
2025-08-21T13:28:58.8001225Z         However, the `__orig_bases__` attribute was only added in 3.12 (https://github.com/python/cpython/pull/103698).
2025-08-21T13:28:58.8001630Z     
2025-08-21T13:28:58.8001910Z         For this reason, we require Python 3.12 (or using the `typing_extensions` backport).
2025-08-21T13:28:58.8002253Z         """
2025-08-21T13:28:58.8002442Z         FieldInfo = import_cached_field_info()
2025-08-21T13:28:58.8002668Z     
2025-08-21T13:28:58.8002846Z         with (
2025-08-21T13:28:58.8003040Z             self.model_type_stack.push(typed_dict_cls),
2025-08-21T13:28:58.8003339Z             self.defs.get_schema_or_ref(typed_dict_cls) as (
2025-08-21T13:28:58.8003607Z                 typed_dict_ref,
2025-08-21T13:28:58.8003813Z                 maybe_schema,
2025-08-21T13:28:58.8003994Z             ),
2025-08-21T13:28:58.8004145Z         ):
2025-08-21T13:28:58.8004310Z             if maybe_schema is not None:
2025-08-21T13:28:58.8004541Z                 return maybe_schema
2025-08-21T13:28:58.8004748Z     
2025-08-21T13:28:58.8004954Z             typevars_map = get_standard_typevars_map(typed_dict_cls)
2025-08-21T13:28:58.8005241Z             if origin is not None:
2025-08-21T13:28:58.8005456Z                 typed_dict_cls = origin
2025-08-21T13:28:58.8005669Z     
2025-08-21T13:28:58.8006045Z             if not _SUPPORTS_TYPEDDICT and type(typed_dict_cls).__module__ == 'typing':
2025-08-21T13:28:58.8006396Z >               raise PydanticUserError(
2025-08-21T13:28:58.8006799Z                     'Please use `typing_extensions.TypedDict` instead of `typing.TypedDict` on Python < 3.12.',
2025-08-21T13:28:58.8007206Z                     code='typed-dict-version',
2025-08-21T13:28:58.8007433Z                 )
2025-08-21T13:28:58.8007889Z E               pydantic.errors.PydanticUserError: Please use `typing_extensions.TypedDict` instead of `typing.TypedDict` on Python < 3.12.
2025-08-21T13:28:58.8008396Z E               
2025-08-21T13:28:58.8008918Z E               For further information visit https://errors.pydantic.dev/2.11/u/typed-dict-version
2025-08-21T13:28:58.8009349Z 
2025-08-21T13:28:58.8009729Z /opt/hostedtoolcache/Python/3.11.13/x64/lib/python3.11/site-packages/pydantic/_internal/_generate_schema.py:1511: PydanticUserError
2025-08-21T13:28:58.8010341Z ________________________ test_semantic_search_fallback _________________________
2025-08-21T13:28:58.8010579Z 
2025-08-21T13:28:58.8010668Z     def test_semantic_search_fallback():
2025-08-21T13:28:58.8010901Z >       from mcp_news import server
2025-08-21T13:28:58.8011048Z 
2025-08-21T13:28:58.8011130Z tests/test_smoke.py:49: 
2025-08-21T13:28:58.8011357Z _ _ _ _ _ _ _ _ _ _ _ _ _ _ _ _ _ _ _ _ _ _ _ _ _ _ _ _ _ _ _ _ _ _ _ _ _ _ _ _ 
2025-08-21T13:28:58.8011627Z mcp_news/server.py:78: in <module>
2025-08-21T13:28:58.8011833Z     @mcp.tool()
2025-08-21T13:28:58.8011993Z      ^^^^^^^^^^
2025-08-21T13:28:58.8012408Z /opt/hostedtoolcache/Python/3.11.13/x64/lib/python3.11/site-packages/mcp/server/fastmcp/server.py:421: in decorator
2025-08-21T13:28:58.8012881Z     self.add_tool(
2025-08-21T13:28:58.8013323Z /opt/hostedtoolcache/Python/3.11.13/x64/lib/python3.11/site-packages/mcp/server/fastmcp/server.py:366: in add_tool
2025-08-21T13:28:58.8013807Z     self._tool_manager.add_tool(
2025-08-21T13:28:58.8014308Z /opt/hostedtoolcache/Python/3.11.13/x64/lib/python3.11/site-packages/mcp/server/fastmcp/tools/tool_manager.py:55: in add_tool
2025-08-21T13:28:58.8014829Z     tool = Tool.from_function(
2025-08-21T13:28:58.8015792Z /opt/hostedtoolcache/Python/3.11.13/x64/lib/python3.11/site-packages/mcp/server/fastmcp/tools/base.py:71: in from_function
2025-08-21T13:28:58.8016754Z     func_arg_metadata = func_metadata(
2025-08-21T13:28:58.8017544Z /opt/hostedtoolcache/Python/3.11.13/x64/lib/python3.11/site-packages/mcp/server/fastmcp/utilities/func_metadata.py:271: in func_metadata
2025-08-21T13:28:58.8018313Z     output_model, output_schema, wrap_output = _try_create_model_and_schema(annotation, func.__name__, output_info)
2025-08-21T13:28:58.8018914Z                                                ^^^^^^^^^^^^^^^^^^^^^^^^^^^^^^^^^^^^^^^^^^^^^^^^^^^^^^^^^^^^^^^^^^^^
2025-08-21T13:28:58.8019551Z /opt/hostedtoolcache/Python/3.11.13/x64/lib/python3.11/site-packages/mcp/server/fastmcp/utilities/func_metadata.py:352: in _try_create_model_and_schema
2025-08-21T13:28:58.8020248Z     model = _create_wrapped_model(func_name, annotation, field_info)
2025-08-21T13:28:58.8020559Z             ^^^^^^^^^^^^^^^^^^^^^^^^^^^^^^^^^^^^^^^^^^^^^^^^^^^^^^^^
2025-08-21T13:28:58.8021156Z /opt/hostedtoolcache/Python/3.11.13/x64/lib/python3.11/site-packages/mcp/server/fastmcp/utilities/func_metadata.py:436: in _create_wrapped_model
2025-08-21T13:28:58.8021874Z     return create_model(model_name, result=(annotation, field_info), __base__=BaseModel)
2025-08-21T13:28:58.8022249Z            ^^^^^^^^^^^^^^^^^^^^^^^^^^^^^^^^^^^^^^^^^^^^^^^^^^^^^^^^^^^^^^^^^^^^^^^^^^^^^
2025-08-21T13:28:58.8022711Z /opt/hostedtoolcache/Python/3.11.13/x64/lib/python3.11/site-packages/pydantic/main.py:1763: in create_model
2025-08-21T13:28:58.8023152Z     return meta(
2025-08-21T13:28:58.8023607Z /opt/hostedtoolcache/Python/3.11.13/x64/lib/python3.11/site-packages/pydantic/_internal/_model_construction.py:237: in __new__
2025-08-21T13:28:58.8024130Z     complete_model_class(
2025-08-21T13:28:58.8024809Z /opt/hostedtoolcache/Python/3.11.13/x64/lib/python3.11/site-packages/pydantic/_internal/_model_construction.py:597: in complete_model_class
2025-08-21T13:28:58.8025392Z     schema = gen_schema.generate_schema(cls)
2025-08-21T13:28:58.8025633Z              ^^^^^^^^^^^^^^^^^^^^^^^^^^^^^^^
2025-08-21T13:28:58.8026148Z /opt/hostedtoolcache/Python/3.11.13/x64/lib/python3.11/site-packages/pydantic/_internal/_generate_schema.py:711: in generate_schema
2025-08-21T13:28:58.8026688Z     schema = self._generate_schema_inner(obj)
2025-08-21T13:28:58.8026922Z              ^^^^^^^^^^^^^^^^^^^^^^^^^^^^^^^^
2025-08-21T13:28:58.8027462Z /opt/hostedtoolcache/Python/3.11.13/x64/lib/python3.11/site-packages/pydantic/_internal/_generate_schema.py:1004: in _generate_schema_inner
2025-08-21T13:28:58.8028145Z     return self._model_schema(obj)
2025-08-21T13:28:58.8028356Z            ^^^^^^^^^^^^^^^^^^^^^^^
2025-08-21T13:28:58.8028960Z /opt/hostedtoolcache/Python/3.11.13/x64/lib/python3.11/site-packages/pydantic/_internal/_generate_schema.py:837: in _model_schema
2025-08-21T13:28:58.8029612Z     {k: self._generate_md_field_schema(k, v, decorators) for k, v in fields.items()},
2025-08-21T13:28:58.8029968Z     ^^^^^^^^^^^^^^^^^^^^^^^^^^^^^^^^^^^^^^^^^^^^^^^^^^^^^^^^^^^^^^^^^^^^^^^^^^^^^^^^
2025-08-21T13:28:58.8030499Z /opt/hostedtoolcache/Python/3.11.13/x64/lib/python3.11/site-packages/pydantic/_internal/_generate_schema.py:837: in <dictcomp>
2025-08-21T13:28:58.8031101Z     {k: self._generate_md_field_schema(k, v, decorators) for k, v in fields.items()},
2025-08-21T13:28:58.8031443Z         ^^^^^^^^^^^^^^^^^^^^^^^^^^^^^^^^^^^^^^^^^^^^^^^^
2025-08-21T13:28:58.8032006Z /opt/hostedtoolcache/Python/3.11.13/x64/lib/python3.11/site-packages/pydantic/_internal/_generate_schema.py:1206: in _generate_md_field_schema
2025-08-21T13:28:58.8032662Z     common_field = self._common_field_schema(name, field_info, decorators)
2025-08-21T13:28:58.8032985Z                    ^^^^^^^^^^^^^^^^^^^^^^^^^^^^^^^^^^^^^^^^^^^^^^^^^^^^^^^
2025-08-21T13:28:58.8033546Z /opt/hostedtoolcache/Python/3.11.13/x64/lib/python3.11/site-packages/pydantic/_internal/_generate_schema.py:1372: in _common_field_schema
2025-08-21T13:28:58.8034102Z     schema = self._apply_annotations(
2025-08-21T13:28:58.8034635Z /opt/hostedtoolcache/Python/3.11.13/x64/lib/python3.11/site-packages/pydantic/_internal/_generate_schema.py:2297: in _apply_annotations
2025-08-21T13:28:58.8035190Z     schema = get_inner_schema(source_type)
2025-08-21T13:28:58.8035412Z              ^^^^^^^^^^^^^^^^^^^^^^^^^^^^^
2025-08-21T13:28:58.8035928Z /opt/hostedtoolcache/Python/3.11.13/x64/lib/python3.11/site-packages/pydantic/_internal/_schema_generation_shared.py:83: in __call__
2025-08-21T13:28:58.8036471Z     schema = self._handler(source_type)
2025-08-21T13:28:58.8036694Z              ^^^^^^^^^^^^^^^^^^^^^^^^^^
2025-08-21T13:28:58.8037202Z /opt/hostedtoolcache/Python/3.11.13/x64/lib/python3.11/site-packages/pydantic/_internal/_generate_schema.py:2279: in inner_handler
2025-08-21T13:28:58.8037737Z     schema = self._generate_schema_inner(obj)
2025-08-21T13:28:58.8037980Z              ^^^^^^^^^^^^^^^^^^^^^^^^^^^^^^^^
2025-08-21T13:28:58.8038611Z /opt/hostedtoolcache/Python/3.11.13/x64/lib/python3.11/site-packages/pydantic/_internal/_generate_schema.py:1009: in _generate_schema_inner
2025-08-21T13:28:58.8039173Z     return self.match_type(obj)
2025-08-21T13:28:58.8039379Z            ^^^^^^^^^^^^^^^^^^^^
2025-08-21T13:28:58.8039851Z /opt/hostedtoolcache/Python/3.11.13/x64/lib/python3.11/site-packages/pydantic/_internal/_generate_schema.py:1123: in match_type
2025-08-21T13:28:58.8040387Z     return self._match_generic_type(obj, origin)
2025-08-21T13:28:58.8040633Z            ^^^^^^^^^^^^^^^^^^^^^^^^^^^^^^^^^^^^^
2025-08-21T13:28:58.8041175Z /opt/hostedtoolcache/Python/3.11.13/x64/lib/python3.11/site-packages/pydantic/_internal/_generate_schema.py:1150: in _match_generic_type
2025-08-21T13:28:58.8041772Z     return self._list_schema(self._get_first_arg_or_any(obj))
2025-08-21T13:28:58.8042061Z            ^^^^^^^^^^^^^^^^^^^^^^^^^^^^^^^^^^^^^^^^^^^^^^^^^^
2025-08-21T13:28:58.8042699Z /opt/hostedtoolcache/Python/3.11.13/x64/lib/python3.11/site-packages/pydantic/_internal/_generate_schema.py:372: in _list_schema
2025-08-21T13:28:58.8043294Z     return core_schema.list_schema(self.generate_schema(items_type))
2025-08-21T13:28:58.8043617Z                                    ^^^^^^^^^^^^^^^^^^^^^^^^^^^^^^^^
2025-08-21T13:28:58.8044145Z /opt/hostedtoolcache/Python/3.11.13/x64/lib/python3.11/site-packages/pydantic/_internal/_generate_schema.py:711: in generate_schema
2025-08-21T13:28:58.8044691Z     schema = self._generate_schema_inner(obj)
2025-08-21T13:28:58.8044929Z              ^^^^^^^^^^^^^^^^^^^^^^^^^^^^^^^^
2025-08-21T13:28:58.8045586Z /opt/hostedtoolcache/Python/3.11.13/x64/lib/python3.11/site-packages/pydantic/_internal/_generate_schema.py:1009: in _generate_schema_inner
2025-08-21T13:28:58.8046147Z     return self.match_type(obj)
2025-08-21T13:28:58.8046344Z            ^^^^^^^^^^^^^^^^^^^^
2025-08-21T13:28:58.8046830Z /opt/hostedtoolcache/Python/3.11.13/x64/lib/python3.11/site-packages/pydantic/_internal/_generate_schema.py:1091: in match_type
2025-08-21T13:28:58.8047361Z     return self._typed_dict_schema(obj, None)
2025-08-21T13:28:58.8047598Z            ^^^^^^^^^^^^^^^^^^^^^^^^^^^^^^^^^^
2025-08-21T13:28:58.8047852Z _ _ _ _ _ _ _ _ _ _ _ _ _ _ _ _ _ _ _ _ _ _ _ _ _ _ _ _ _ _ _ _ _ _ _ _ _ _ _ _ 
2025-08-21T13:28:58.8048047Z 
2025-08-21T13:28:58.8048258Z self = <pydantic._internal._generate_schema.GenerateSchema object at 0x7f5be36518a0>
2025-08-21T13:28:58.8048841Z typed_dict_cls = <class 'mcp_news.server.Bundle'>, origin = None
2025-08-21T13:28:58.8049069Z 
2025-08-21T13:28:58.8049287Z     def _typed_dict_schema(self, typed_dict_cls: Any, origin: Any) -> core_schema.CoreSchema:
2025-08-21T13:28:58.8049701Z         """Generate a core schema for a `TypedDict` class.
2025-08-21T13:28:58.8049959Z     
2025-08-21T13:28:58.8050259Z         To be able to build a `DecoratorInfos` instance for the `TypedDict` class (which will include
2025-08-21T13:28:58.8050780Z         validators, serializers, etc.), we need to have access to the original bases of the class
2025-08-21T13:28:58.8051274Z         (see https://docs.python.org/3/library/types.html#types.get_original_bases).
2025-08-21T13:28:58.8051822Z         However, the `__orig_bases__` attribute was only added in 3.12 (https://github.com/python/cpython/pull/103698).
2025-08-21T13:28:58.8052232Z     
2025-08-21T13:28:58.8052502Z         For this reason, we require Python 3.12 (or using the `typing_extensions` backport).
2025-08-21T13:28:58.8052842Z         """
2025-08-21T13:28:58.8053019Z         FieldInfo = import_cached_field_info()
2025-08-21T13:28:58.8053248Z     
2025-08-21T13:28:58.8053387Z         with (
2025-08-21T13:28:58.8053587Z             self.model_type_stack.push(typed_dict_cls),
2025-08-21T13:28:58.8053881Z             self.defs.get_schema_or_ref(typed_dict_cls) as (
2025-08-21T13:28:58.8054150Z                 typed_dict_ref,
2025-08-21T13:28:58.8054355Z                 maybe_schema,
2025-08-21T13:28:58.8054538Z             ),
2025-08-21T13:28:58.8054694Z         ):
2025-08-21T13:28:58.8054855Z             if maybe_schema is not None:
2025-08-21T13:28:58.8055089Z                 return maybe_schema
2025-08-21T13:28:58.8055287Z     
2025-08-21T13:28:58.8055497Z             typevars_map = get_standard_typevars_map(typed_dict_cls)
2025-08-21T13:28:58.8055779Z             if origin is not None:
2025-08-21T13:28:58.8055995Z                 typed_dict_cls = origin
2025-08-21T13:28:58.8056206Z     
2025-08-21T13:28:58.8056453Z             if not _SUPPORTS_TYPEDDICT and type(typed_dict_cls).__module__ == 'typing':
2025-08-21T13:28:58.8056802Z >               raise PydanticUserError(
2025-08-21T13:28:58.8057200Z                     'Please use `typing_extensions.TypedDict` instead of `typing.TypedDict` on Python < 3.12.',
2025-08-21T13:28:58.8057609Z                     code='typed-dict-version',
2025-08-21T13:28:58.8057827Z                 )
2025-08-21T13:28:58.8058408Z E               pydantic.errors.PydanticUserError: Please use `typing_extensions.TypedDict` instead of `typing.TypedDict` on Python < 3.12.
2025-08-21T13:28:58.8059048Z E               
2025-08-21T13:28:59.7305056Z E               For further information visit https://errors.pydantic.dev/2.11/u/typed-dict-version
2025-08-21T13:28:59.7305820Z 
2025-08-21T13:28:59.7306681Z /opt/hostedtoolcache/Python/3.11.13/x64/lib/python3.11/site-packages/pydantic/_internal/_generate_schema.py:1511: PydanticUserError
2025-08-21T13:28:59.7307947Z =========================== short test summary info ============================
2025-08-21T13:28:59.7309484Z FAILED tests/test_smoke.py::test_insert_and_doc_head - pydantic.errors.PydanticUserError: Please use `typing_extensions.TypedDict` instead of `typing.TypedDict` on Python < 3.12.
2025-08-21T13:28:59.7310705Z 
2025-08-21T13:28:59.7311017Z For further information visit https://errors.pydantic.dev/2.11/u/typed-dict-version
2025-08-21T13:28:59.7311985Z FAILED tests/test_smoke.py::test_semantic_search_fallback - pydantic.errors.PydanticUserError: Please use `typing_extensions.TypedDict` instead of `typing.TypedDict` on Python < 3.12.
2025-08-21T13:28:59.7312748Z 
2025-08-21T13:28:59.7313012Z For further information visit https://errors.pydantic.dev/2.11/u/typed-dict-version
2025-08-21T13:28:59.7313585Z 2 failed, 4 passed in 15.12s
2025-08-21T13:29:00.5550625Z ##[error]Process completed with exit code 1.
2025-08-21T13:29:00.5640755Z Post job cleanup.
2025-08-21T13:29:00.6594252Z [command]/usr/bin/git version
2025-08-21T13:29:00.6630390Z git version 2.51.0
2025-08-21T13:29:00.6680931Z Temporarily overriding HOME='/home/runner/work/_temp/7b680e38-800d-4728-baed-90d83518beea' before making global git config changes
2025-08-21T13:29:00.6682254Z Adding repository directory to the temporary git global config as a safe directory
2025-08-21T13:29:00.6686922Z [command]/usr/bin/git config --global --add safe.directory /home/runner/work/newspaper/newspaper
2025-08-21T13:29:00.6721187Z [command]/usr/bin/git config --local --name-only --get-regexp core\.sshCommand
2025-08-21T13:29:00.6753053Z [command]/usr/bin/git submodule foreach --recursive sh -c "git config --local --name-only --get-regexp 'core\.sshCommand' && git config --local --unset-all 'core.sshCommand' || :"
2025-08-21T13:29:00.6991083Z [command]/usr/bin/git config --local --name-only --get-regexp http\.https\:\/\/github\.com\/\.extraheader
2025-08-21T13:29:00.7011866Z http.https://github.com/.extraheader
2025-08-21T13:29:00.7025098Z [command]/usr/bin/git config --local --unset-all http.https://github.com/.extraheader
2025-08-21T13:29:00.7056285Z [command]/usr/bin/git submodule foreach --recursive sh -c "git config --local --name-only --get-regexp 'http\.https\:\/\/github\.com\/\.extraheader' && git config --local --unset-all 'http.https://github.com/.extraheader' || :"
2025-08-21T13:29:00.7376100Z Print service container logs: 8ecc55e3bec04916ac813eb09acf1b53_pgvectorpgvectorpg16_30a311
2025-08-21T13:29:00.7380864Z ##[command]/usr/bin/docker logs --details fb5531f10f80c4db6db8cc930fa9fbe87ce3c841b615a1c1952d7c307b9d0f3e
2025-08-21T13:29:00.7502399Z  initdb: warning: enabling "trust" authentication for local connections
2025-08-21T13:29:00.7503222Z  The files belonging to this database system will be owned by user "postgres".
2025-08-21T13:29:00.7504339Z  initdb: hint: You can change this by editing pg_hba.conf or using the option -A, or --auth-local and --auth-host, the next time you run initdb.
2025-08-21T13:29:00.7505791Z  2025-08-21 13:26:23.945 UTC [1] LOG:  starting PostgreSQL 16.10 (Debian 16.10-1.pgdg12+1) on x86_64-pc-linux-gnu, compiled by gcc (Debian 12.2.0-14+deb12u1) 12.2.0, 64-bit
2025-08-21T13:29:00.7506893Z  2025-08-21 13:26:23.945 UTC [1] LOG:  listening on IPv4 address "0.0.0.0", port 5432
2025-08-21T13:29:00.7507675Z  2025-08-21 13:26:23.945 UTC [1] LOG:  listening on IPv6 address "::", port 5432
2025-08-21T13:29:00.7508439Z  2025-08-21 13:26:23.946 UTC [1] LOG:  listening on Unix socket "/var/run/postgresql/.s.PGSQL.5432"
2025-08-21T13:29:00.7509470Z  2025-08-21 13:26:23.949 UTC [64] LOG:  database system was shut down at 2025-08-21 13:26:23 UTC
2025-08-21T13:29:00.7510243Z  2025-08-21 13:26:23.953 UTC [1] LOG:  database system is ready to accept connections
2025-08-21T13:29:00.7510843Z  This user must also own the server process.
2025-08-21T13:29:00.7511250Z  
2025-08-21T13:29:00.7511653Z  The database cluster will be initialized with locale "en_US.utf8".
2025-08-21T13:29:00.7512332Z  The default database encoding has accordingly been set to "UTF8".
2025-08-21T13:29:00.7512973Z  The default text search configuration will be set to "english".
2025-08-21T13:29:00.7513461Z  
2025-08-21T13:29:00.7513731Z  Data page checksums are disabled.
2025-08-21T13:29:00.7514414Z  
2025-08-21T13:29:00.7514850Z  fixing permissions on existing directory /var/lib/postgresql/data ... ok
2025-08-21T13:29:00.7515452Z  creating subdirectories ... ok
2025-08-21T13:29:00.7515918Z  selecting dynamic shared memory implementation ... posix
2025-08-21T13:29:00.7516444Z  selecting default max_connections ... 100
2025-08-21T13:29:00.7516894Z  selecting default shared_buffers ... 128MB
2025-08-21T13:29:00.7517329Z  selecting default time zone ... Etc/UTC
2025-08-21T13:29:00.7517763Z  creating configuration files ... ok
2025-08-21T13:29:00.7518149Z  running bootstrap script ... ok
2025-08-21T13:29:00.7518713Z  performing post-bootstrap initialization ... ok
2025-08-21T13:29:00.7519181Z  syncing data to disk ... ok
2025-08-21T13:29:00.7519508Z  
2025-08-21T13:29:00.7519740Z  
2025-08-21T13:29:00.7520063Z  Success. You can now start the database server using:
2025-08-21T13:29:00.7520522Z  
2025-08-21T13:29:00.7520832Z      pg_ctl -D /var/lib/postgresql/data -l logfile start
2025-08-21T13:29:00.7521462Z  
2025-08-21T13:29:00.7522420Z  waiting for server to start....2025-08-21 13:26:23.638 UTC [48] LOG:  starting PostgreSQL 16.10 (Debian 16.10-1.pgdg12+1) on x86_64-pc-linux-gnu, compiled by gcc (Debian 12.2.0-14+deb12u1) 12.2.0, 64-bit
2025-08-21T13:29:00.7523634Z  2025-08-21 13:26:23.638 UTC [48] LOG:  listening on Unix socket "/var/run/postgresql/.s.PGSQL.5432"
2025-08-21T13:29:00.7524136Z  2025-08-21 13:26:23.641 UTC [51] LOG:  database system was shut down at 2025-08-21 13:26:23 UTC
2025-08-21T13:29:00.7524585Z  2025-08-21 13:26:23.645 UTC [48] LOG:  database system is ready to accept connections
2025-08-21T13:29:00.7524898Z   done
2025-08-21T13:29:00.7525045Z  server started
2025-08-21T13:29:00.7525213Z  CREATE DATABASE
2025-08-21T13:29:00.7525371Z  
2025-08-21T13:29:00.7525502Z  
2025-08-21T13:29:00.7525787Z  /usr/local/bin/docker-entrypoint.sh: ignoring /docker-entrypoint-initdb.d/*
2025-08-21T13:29:00.7526130Z  
2025-08-21T13:29:00.7526345Z  2025-08-21 13:26:23.824 UTC [48] LOG:  received fast shutdown request
2025-08-21T13:29:00.7527013Z  waiting for server to shut down....2025-08-21 13:26:23.824 UTC [48] LOG:  aborting any active transactions
2025-08-21T13:29:00.7527602Z  2025-08-21 13:26:23.826 UTC [48] LOG:  background worker "logical replication launcher" (PID 54) exited with exit code 1
2025-08-21T13:29:00.7528061Z  2025-08-21 13:26:23.826 UTC [49] LOG:  shutting down
2025-08-21T13:29:00.7528395Z  2025-08-21 13:26:23.827 UTC [49] LOG:  checkpoint starting: shutdown immediate
2025-08-21T13:29:00.7529524Z  2025-08-21 13:26:23.844 UTC [49] LOG:  checkpoint complete: wrote 922 buffers (5.6%); 0 WAL file(s) added, 0 removed, 0 recycled; write=0.015 s, sync=0.002 s, total=0.018 s; sync files=301, longest=0.001 s, average=0.001 s; distance=4255 kB, estimate=4255 kB; lsn=0/1912100, redo lsn=0/1912100
2025-08-21T13:29:00.7530395Z  2025-08-21 13:26:23.851 UTC [48] LOG:  database system is shut down
2025-08-21T13:29:00.7530670Z   done
2025-08-21T13:29:00.7530820Z  server stopped
2025-08-21T13:29:00.7530986Z  
2025-08-21T13:29:00.7531180Z  PostgreSQL init process complete; ready for start up.
2025-08-21T13:29:00.7531444Z  
2025-08-21T13:29:00.7536787Z Stop and remove container: 8ecc55e3bec04916ac813eb09acf1b53_pgvectorpgvectorpg16_30a311
2025-08-21T13:29:00.7541935Z ##[command]/usr/bin/docker rm --force fb5531f10f80c4db6db8cc930fa9fbe87ce3c841b615a1c1952d7c307b9d0f3e
2025-08-21T13:29:02.4745474Z fb5531f10f80c4db6db8cc930fa9fbe87ce3c841b615a1c1952d7c307b9d0f3e
2025-08-21T13:29:02.4773487Z Remove container network: github_network_556be9ce50c64af5bc02eebd6d219a56
2025-08-21T13:29:02.4778206Z ##[command]/usr/bin/docker network rm github_network_556be9ce50c64af5bc02eebd6d219a56
2025-08-21T13:29:02.5789279Z github_network_556be9ce50c64af5bc02eebd6d219a56
2025-08-21T13:29:02.5846237Z Cleaning up orphan processes
